States
25
Policy
[east, east, obstacle, east, south, south, east, east, north, south, obstacle, east, north, obstacle, south, north, east, north, east, south, obstacle, east, obstacle, east, null]
Alpha value
0.1
Max number of actions
4
32.001,32.001,33.031,33.031,31.018,31.159,32.905,0.000,30.000,0.000,0.000,0.000,8.119,11.002,31.000,0.000,6.915,6.005,7.457,0.000,31.159,31.018,32.905,33.028,13.519,16.134,32.001,0.000,11.948,14.906,31.018,0.000,31.000,31.000,10.128,0.000,5.565,4.623,8.119,0.000,30.000,0.000,0.000,0.000,30.935,33.180,31.159,0.000,31.005,31.046,13.519,0.000,30.000,0.000,0.000,0.000,4.291,3.322,31.000,0.000,33.170,32.665,32.028,31.904,18.653,32.254,31.023,0.000,31.000,31.000,30.935,0.000,3.111,3.111,31.005,0.000,3.000,2.111,4.301,0.000,30.000,0.000,0.000,0.000,31.139,32.250,33.170,0.000,30.000,0.000,0.000,0.000,2.111,3.000,31.000,0.000,0.000,0.000,0.000,0.000,
