States
25
Policy
[east, south, obstacle, east, south, east, east, east, north, south, obstacle, east, north, obstacle, south, east, east, east, east, south, obstacle, north, obstacle, east, null]
Alpha value
0.5
Max number of actions
4
16.718,16.718,17.717,17.717,31.001,15.718,16.839,0.000,30.000,0.000,0.000,0.000,6.389,8.703,12.250,0.000,5.812,4.889,6.139,0.000,15.718,31.001,16.839,17.627,10.687,12.819,16.718,0.000,9.334,11.541,31.001,0.000,10.000,31.000,7.887,0.000,4.606,3.667,6.389,0.000,30.000,0.000,0.000,0.000,12.028,12.150,15.718,0.000,31.020,14.620,10.687,0.000,30.000,0.000,0.000,0.000,3.402,2.444,10.000,0.000,16.273,31.048,21.145,31.083,10.747,16.666,13.671,0.000,8.800,31.000,12.028,0.000,2.222,2.222,31.020,0.000,2.200,1.222,3.422,0.000,30.000,0.000,0.000,0.000,31.083,21.145,16.273,0.000,30.000,0.000,0.000,0.000,1.222,2.200,8.800,0.000,0.000,0.000,0.000,0.000,
