States
32
Policy
[east, east, east, east, south, south, west, west, south, south, obstacle, obstacle, south, south, west, west, south, south, obstacle, obstacle, south, south, south, south, east, east, null, null, west, west, west, west]
Alpha value
0.2
Max number of actions
4
17.954,18.264,19.327,19.327,17.954,24.224,19.327,23.327,16.611,19.174,0.000,0.000,16.611,19.174,0.000,0.000,17.712,15.328,17.712,18.411,17.712,15.328,17.712,18.411,17.802,16.611,16.611,19.802,17.802,16.611,16.611,19.802,32.002,15.705,16.858,19.461,32.005,19.485,20.647,23.115,30.000,0.000,0.000,0.000,30.000,0.000,0.000,0.000,13.753,11.242,32.000,18.196,13.753,11.242,32.000,18.196,13.856,12.786,12.786,19.641,13.856,12.786,12.786,19.641,32.000,9.184,10.392,15.735,32.000,12.022,13.121,23.241,30.000,0.000,0.000,0.000,30.000,0.000,0.000,0.000,9.739,6.967,32.000,14.300,9.739,6.967,32.000,14.300,9.864,8.745,8.745,15.683,9.864,8.745,8.745,15.683,2.292,4.154,4.154,9.005,2.292,8.154,4.154,16.123,0.000,0.000,0.000,0.000,0.000,0.000,0.000,0.000,5.670,6.154,2.292,10.395,5.670,6.154,2.292,10.395,5.839,7.839,4.322,11.679,5.839,7.839,4.322,11.679,
