States
32
Policy
[south, east, west, east, south, south, west, west, south, south, obstacle, obstacle, south, south, west, west, south, south, obstacle, obstacle, south, south, south, south, east, east, null, null, west, west, west, west]
Alpha value
1.0
Max number of actions
4
11.708,9.708,10.708,11.506,13.333,17.176,14.333,17.536,12.082,10.819,0.000,0.000,12.222,14.222,0.000,0.000,13.111,11.111,11.848,14.111,13.111,11.111,13.111,14.111,13.222,12.222,12.222,15.222,13.222,12.222,12.222,15.222,28.706,7.065,8.065,11.125,29.280,12.805,13.805,16.901,30.000,0.000,0.000,0.000,30.000,0.000,0.000,0.000,9.778,7.778,28.778,13.778,9.778,7.778,28.778,13.778,9.889,8.889,8.889,14.889,9.889,8.889,8.889,14.889,28.374,3.737,4.737,7.786,28.731,7.309,8.309,15.260,30.000,0.000,0.000,0.000,30.000,0.000,0.000,0.000,6.444,4.444,28.444,10.444,6.444,4.444,28.444,10.444,6.556,5.556,5.556,11.556,6.556,5.556,5.556,11.556,1.111,2.111,2.111,3.897,1.111,6.111,2.111,10.325,0.000,0.000,0.000,0.000,0.000,0.000,0.000,0.000,3.111,4.111,1.111,7.111,3.111,4.111,1.111,7.111,3.222,5.222,2.222,8.222,3.222,5.222,2.222,8.222,
