States
25
Policy
[east, east, obstacle, south, south, south, east, east, south, south, obstacle, east, east, obstacle, south, south, east, east, east, south, obstacle, east, obstacle, east, null]
Alpha value
0.05
Max number of actions
4
34.360,34.360,35.000,35.000,34.182,35.000,34.684,0.000,30.000,0.000,0.000,0.000,32.000,32.000,33.000,0.000,7.346,6.382,33.000,0.000,35.000,34.182,34.684,35.000,33.075,33.514,34.360,0.000,32.020,32.180,34.182,0.000,31.000,31.000,33.002,0.000,6.130,5.201,32.000,0.000,30.000,0.000,0.000,0.000,32.580,33.188,35.000,0.000,31.200,32.000,33.075,0.000,30.000,0.000,0.000,0.000,4.582,3.644,31.000,0.000,33.188,31.780,32.687,32.076,32.220,33.188,33.551,0.000,31.000,31.000,32.580,0.000,3.222,3.222,31.200,0.000,3.200,2.222,4.602,0.000,30.000,0.000,0.000,0.000,32.220,33.188,33.188,0.000,30.000,0.000,0.000,0.000,2.222,3.200,31.000,0.000,0.000,0.000,0.000,0.000,
