States
890
Policy
[south, south, west, west, west, west, west, south, south, south, south, south, south, west, south, south, south, south, south, west, west, west, west, west, south, south, south, south, south, south, south, south, south, west, west, west, south, south, south, south, south, south, south, south, south, south, south, south, south, south, south, west, south, south, south, south, south, south, south, south, south, south, south, west, west, west, south, south, south, south, south, south, south, south, south, south, south, south, south, south, south, south, south, south, south, south, south, south, south, south, south, south, west, west, west, west, west, south, south, south, south, south, south, south, south, south, south, south, south, south, south, south, south, south, south, south, south, south, south, south, south, south, west, west, west, west, west, south, south, south, south, south, south, south, south, south, south, south, south, south, south, south, south, south, south, south, south, south, south, south, south, west, west, west, west, west, west, south, south, south, south, south, south, west, west, south, south, south, south, south, south, south, south, south, south, south, south, south, south, south, south, south, obstacle, south, south, south, south, east, east, south, east, obstacle, west, west, west, south, south, south, south, south, west, west, west, south, south, south, south, south, south, south, south, west, west, obstacle, obstacle, south, south, east, east, obstacle, south, south, west, west, west, south, south, south, south, west, west, west, west, west, south, south, south, south, south, south, south, west, obstacle, obstacle, south, west, east, east, obstacle, obstacle, west, west, east, east, south, south, west, west, west, west, west, west, south, south, south, south, south, south, south, south, obstacle, obstacle, west, west, south, north, north, west, west, east, east, obstacle, obstacle, west, west, west, west, west, west, south, south, south, south, south, south, south, south, west, obstacle, obstacle, west, west, south, south, south, south, west, west, east, east, north, north, west, south, west, west, south, south, south, east, east, south, south, south, south, west, west, obstacle, obstacle, south, south, south, south, obstacle, west, south, south, west, west, north, north, north, south, south, south, south, south, south, east, east, east, east, south, south, south, west, obstacle, obstacle, obstacle, south, east, south, obstacle, south, obstacle, west, west, west, south, east, south, south, south, west, west, south, south, east, east, east, east, obstacle, west, south, south, obstacle, obstacle, south, obstacle, obstacle, obstacle, south, south, south, west, south, west, south, south, east, south, east, obstacle, west, west, south, south, west, east, east, east, north, north, south, south, west, west, west, west, west, west, west, south, south, west, obstacle, west, south, south, east, obstacle, west, north, west, south, south, south, west, west, north, north, north, north, south, west, west, west, west, obstacle, north, west, east, south, south, west, south, south, south, south, west, north, north, north, south, south, south, south, west, west, west, north, north, north, south, west, obstacle, obstacle, north, west, west, obstacle, south, south, south, obstacle, south, south, south, obstacle, west, west, east, east, south, east, obstacle, west, west, west, west, north, north, north, south, west, obstacle, obstacle, north, north, east, east, south, south, south, west, south, south, west, west, west, east, east, obstacle, west, south, west, west, west, west, west, north, north, south, west, obstacle, obstacle, east, north, obstacle, east, east, south, south, south, obstacle, south, south, south, west, west, west, east, north, east, obstacle, west, west, west, west, west, west, north, south, south, obstacle, obstacle, obstacle, obstacle, obstacle, south, south, south, south, south, south, south, west, west, west, west, north, north, north, north, west, west, west, west, west, north, south, south, south, obstacle, south, obstacle, obstacle, south, south, south, south, south, south, south, south, south, west, west, west, west, west, north, north, north, west, west, west, west, west, north, south, south, west, obstacle, south, obstacle, east, south, south, south, south, south, south, south, south, south, west, west, west, west, west, west, north, north, west, west, west, west, west, west, south, south, west, west, south, obstacle, east, south, west, south, south, south, south, south, south, south, west, west, west, west, west, west, west, west, west, west, west, west, west, west, south, south, south, obstacle, south, west, obstacle, south, west, south, south, south, south, south, west, west, west, west, west, west, west, west, west, west, west, west, west, west, west, south, south, south, south, south, south, obstacle, south, south, obstacle, south, south, south, south, west, west, west, west, west, west, west, west, west, west, west, west, west, west, west, west, south, south, south, south, south, south, south, south, south, south, south, south, west, west, west, west, west, west, west, west, west, west, west, west, west, west, west, west, west, west, south, south, south, south, west, west, west, west, west, west, west, west, west, west, west, west, west, west, west, west, west, west, west, west, west, west, west, west, west, west, west, south, south, west, west, west, west, west, west, west, west, west, west, west, west, west, west, west, west, west, west, west, west, west, west, west, west, west, west, west, west, south, south, west, west, west, west, west, west, west, west, west, west, west, west, west, west, west, west, west, west, west, west, west, west, west, west, west, west, west, west, null, west, west, west, west, west, west, west, west, west, west, west, west, west, west, west, west, west, west, west, west, west, west, west, west, west, west, west, west, west]
Alpha value
1.0
Max number of actions
5
34.163,32.313,33.309,33.309,0.000,35.233,33.299,33.413,34.267,0.000,36.344,34.438,34.413,35.378,0.000,37.462,35.587,35.528,36.494,0.000,38.580,36.735,36.644,37.612,0.000,39.682,37.880,37.761,38.729,0.000,40.347,38.969,38.860,39.813,0.000,39.699,39.477,39.861,40.396,0.000,38.811,38.673,40.329,39.633,0.000,38.461,37.724,39.532,38.710,0.000,37.853,37.437,38.640,38.391,0.000,38.585,36.817,38.367,37.829,0.000,39.625,37.689,37.905,38.661,0.000,40.698,38.809,38.801,39.765,0.000,41.342,39.878,39.893,40.827,0.000,40.922,40.472,40.885,41.400,0.000,40.944,39.921,41.382,40.904,0.000,41.748,39.966,40.919,40.958,0.000,42.813,40.877,41.059,41.848,0.000,43.920,41.997,41.990,42.955,0.000,45.037,43.146,43.105,44.070,0.000,46.152,44.294,44.220,45.186,0.000,47.247,45.435,45.335,46.301,0.000,47.865,46.472,46.428,47.374,0.000,47.323,46.996,47.425,47.916,0.000,46.340,46.309,47.853,47.259,0.000,45.297,45.248,47.130,46.211,0.000,44.568,44.192,46.082,45.168,0.000,44.740,43.500,45.095,44.495,0.000,44.737,43.782,44.492,44.737,0.000,33.121,31.206,32.240,33.199,0.000,34.220,32.223,32.346,34.160,0.000,35.366,33.369,33.375,35.273,0.000,36.515,34.522,34.520,36.391,0.000,37.662,35.675,35.670,37.511,0.000,38.770,36.826,36.818,38.630,0.000,39.362,37.923,37.942,39.712,0.000,38.674,38.456,38.948,40.295,0.000,37.755,37.607,39.339,39.526,0.000,37.435,36.629,38.500,38.603,0.000,36.769,36.378,37.581,38.282,0.000,37.540,35.692,37.340,37.720,0.000,38.596,36.609,36.822,38.553,0.000,39.678,37.740,37.758,39.658,0.000,40.344,38.824,38.869,40.722,0.000,39.869,39.442,39.865,41.294,0.000,39.881,38.828,40.382,40.796,0.000,40.704,38.864,39.862,40.849,0.000,41.782,39.799,39.995,41.740,0.000,42.924,40.926,40.950,42.849,0.000,44.073,42.077,42.078,43.966,0.000,45.216,43.230,43.228,45.084,0.000,46.276,44.372,44.373,46.199,0.000,46.878,45.425,45.493,47.273,0.000,46.304,45.970,46.454,47.813,0.000,45.308,45.252,46.862,47.154,0.000,44.250,44.177,46.108,46.104,0.000,43.501,43.108,45.046,45.059,0.000,43.711,42.394,44.047,44.387,0.000,43.710,42.720,43.426,44.629,0.000,32.042,30.099,31.134,32.094,0.000,33.147,31.147,31.242,33.083,0.000,34.297,32.297,32.300,34.226,0.000,35.451,33.451,33.451,35.378,0.000,36.603,34.605,34.604,36.528,0.000,37.722,35.757,35.757,37.675,0.000,38.341,36.872,36.887,38.764,0.000,37.611,37.434,37.899,39.272,0.000,36.663,36.540,38.311,38.461,0.000,36.376,35.532,37.432,37.510,0.000,35.647,35.322,36.486,37.219,0.000,36.459,34.564,36.278,36.599,0.000,37.524,35.530,35.698,37.471,0.000,38.621,36.670,36.681,38.596,0.000,39.313,37.769,37.801,39.668,0.000,38.780,38.414,38.811,40.261,0.000,38.780,37.733,39.347,39.705,0.000,39.623,37.761,38.768,39.748,0.000,40.708,38.720,38.894,40.661,0.000,41.853,39.854,39.872,41.784,0.000,43.005,41.006,41.007,42.934,0.000,44.151,42.159,42.159,44.085,0.000,45.226,43.304,43.309,45.226,0.000,45.851,44.372,44.430,46.266,0.000,45.249,44.945,45.404,46.788,0.000,44.239,44.193,45.832,46.098,0.000,43.168,43.106,45.048,45.034,0.000,42.395,42.024,43.973,43.974,0.000,42.648,41.285,42.962,43.283,0.000,42.648,41.661,42.323,43.567,0.000,30.963,28.990,30.026,30.987,0.000,32.074,30.072,30.137,32.006,0.000,33.226,31.226,31.226,33.154,0.000,34.380,32.384,32.380,34.308,0.000,35.534,33.542,33.534,35.462,0.000,36.669,34.699,34.687,36.614,0.000,37.318,35.821,35.820,37.714,0.000,36.547,36.415,36.848,38.247,0.000,35.568,35.472,37.286,37.394,0.000,35.321,34.432,36.363,36.415,0.000,34.520,34.270,35.388,36.159,0.000,35.378,33.431,35.220,35.475,0.000,36.451,34.453,34.571,36.391,0.000,37.564,35.600,35.605,37.526,0.000,38.286,36.714,36.734,38.614,0.000,37.689,37.390,37.757,39.230,0.000,37.679,36.636,38.315,38.613,0.000,38.543,36.656,37.671,38.645,0.000,39.635,37.643,37.792,39.582,0.000,40.781,38.782,38.795,40.711,0.000,41.934,39.935,39.935,41.863,0.000,43.082,41.088,41.088,43.016,0.000,44.172,42.236,42.239,44.159,0.000,44.824,43.318,43.364,45.215,0.000,44.193,43.921,44.352,45.761,0.000,43.170,43.134,44.805,45.042,0.000,42.086,42.034,43.988,43.963,0.000,41.287,40.940,42.899,42.890,0.000,41.585,40.174,41.878,42.177,0.000,41.588,40.603,41.217,42.505,0.000,29.886,27.880,28.917,29.879,0.000,31.001,28.998,29.030,30.930,0.000,32.160,30.217,30.154,32.085,0.000,33.321,31.428,31.313,33.241,0.000,34.479,32.600,32.471,34.396,0.000,35.621,33.765,33.630,35.550,0.000,36.302,34.889,34.769,36.667,0.000,35.483,35.398,35.799,37.225,0.000,34.470,34.404,36.263,36.327,0.000,34.269,33.329,35.293,35.317,0.000,33.390,33.223,34.288,35.103,0.000,34.299,32.293,34.166,34.346,0.000,35.378,33.377,33.440,35.312,0.000,36.507,34.530,34.530,36.456,0.000,37.261,35.658,35.666,37.559,0.000,36.597,36.370,36.702,38.203,0.000,36.576,35.537,37.287,37.518,0.000,37.464,35.550,36.572,37.542,0.000,38.562,36.566,36.690,38.503,0.000,39.710,37.710,37.719,39.639,0.000,40.863,38.863,38.864,40.792,0.000,42.013,40.017,40.017,41.945,0.000,43.116,41.167,41.168,43.091,0.000,43.799,42.264,42.297,44.162,0.000,43.135,42.899,43.300,44.736,0.000,42.101,42.074,43.779,43.983,0.000,41.004,40.962,42.926,42.891,0.000,40.176,39.857,41.825,41.806,0.000,40.524,39.060,40.793,41.068,0.000,40.530,39.547,40.108,41.446,0.000,28.809,26.768,27.807,28.770,0.000,29.989,27.926,27.925,29.857,0.000,31.264,30.943,29.150,31.082,0.000,32.433,31.991,30.364,32.239,0.000,33.565,32.134,31.537,33.363,0.000,34.703,33.178,32.704,34.517,0.000,35.301,34.183,33.844,35.633,0.000,34.423,34.385,34.863,36.210,0.000,33.370,33.336,35.243,35.260,0.000,33.222,32.223,34.223,34.217,0.000,32.254,32.181,33.185,34.051,0.000,33.222,31.149,33.116,33.213,0.000,34.305,32.303,32.303,34.234,0.000,35.451,33.521,33.459,35.389,0.000,36.244,34.701,34.602,36.508,0.000,35.503,35.354,35.647,37.179,0.000,35.472,34.436,36.262,36.421,0.000,36.385,34.443,35.471,36.437,0.000,37.488,35.490,35.586,37.426,0.000,38.638,36.638,36.643,38.567,0.000,39.792,37.792,37.792,39.720,0.000,40.943,38.945,38.945,40.874,0.000,42.060,40.097,40.098,42.023,0.000,42.775,41.209,41.231,43.109,0.000,42.077,41.880,42.248,43.712,0.000,41.032,41.013,42.755,42.924,0.000,39.923,39.891,41.863,41.820,0.000,39.063,38.774,40.751,40.722,0.000,39.465,37.942,39.709,39.957,0.000,39.474,38.493,38.997,40.388,0.000,27.733,25.656,26.696,27.660,0.000,30.643,26.853,26.878,28.845,0.000,30.000,0.000,0.000,0.000,0.000,32.007,31.037,31.049,31.365,0.000,33.013,31.106,32.056,32.489,0.000,34.004,32.141,32.226,33.611,0.000,34.303,33.158,33.238,34.714,0.000,33.370,33.384,34.142,35.206,0.000,32.267,32.296,34.222,34.193,0.000,32.180,31.114,33.152,33.115,0.000,31.144,32.005,32.110,33.034,0.000,30.000,0.000,0.000,0.000,0.000,33.359,33.124,31.232,33.227,0.000,34.551,34.220,32.455,34.385,0.000,35.286,35.233,33.650,35.511,0.000,34.409,34.342,34.686,36.162,0.000,34.367,33.331,35.241,35.322,0.000,35.307,33.334,34.367,35.331,0.000,36.415,34.415,34.480,36.349,0.000,37.566,35.566,35.568,37.495,0.000,38.720,36.720,36.720,38.649,0.000,39.873,37.875,37.874,39.803,0.000,41.003,39.028,39.027,40.953,0.000,41.755,40.154,40.163,42.055,0.000,41.018,40.863,41.194,42.690,0.000,39.963,39.951,41.734,41.864,0.000,38.843,38.819,40.800,40.748,0.000,37.946,37.693,39.678,39.639,0.000,38.408,36.822,38.626,38.843,0.000,38.420,37.441,37.884,39.332,0.000,26.594,24.542,25.581,26.546,0.000,27.964,25.803,25.711,27.714,0.000,30.857,30.857,27.140,30.857,0.000,30.000,0.000,0.000,0.000,0.000,30.000,0.000,0.000,0.000,0.000,32.975,31.070,31.142,32.998,0.000,33.301,32.115,32.183,33.992,0.000,32.360,33.126,33.129,34.217,0.000,31.228,33.152,33.274,33.193,0.000,30.000,0.000,0.000,0.000,0.000,32.035,31.037,31.075,32.067,0.000,33.004,31.107,32.006,31.107,0.000,34.067,32.296,32.188,32.296,0.000,35.099,33.497,33.276,33.507,0.000,34.340,34.342,34.292,34.617,0.000,33.365,33.331,35.157,35.200,0.000,33.261,32.224,34.220,34.220,0.000,34.229,32.224,33.261,34.223,0.000,35.342,33.341,33.374,35.273,0.000,36.495,34.497,34.495,36.424,0.000,37.650,35.657,35.649,37.578,0.000,38.804,36.818,36.803,38.732,0.000,39.945,37.979,37.958,39.885,0.000,40.737,39.115,39.097,41.001,0.000,39.958,39.850,40.140,41.671,0.000,38.894,38.887,40.715,40.803,0.000,37.764,37.748,39.735,39.676,0.000,36.826,36.612,38.604,38.556,0.000,37.352,35.697,37.544,37.725,0.000,37.368,36.391,36.766,38.278,0.000,25.599,23.428,24.472,25.436,0.000,30.425,24.809,24.729,26.708,0.000,30.000,0.000,0.000,0.000,0.000,30.000,0.000,0.000,0.000,0.000,33.013,31.072,31.142,32.975,0.000,33.155,32.251,32.158,33.275,0.000,32.222,33.267,33.099,32.293,0.000,31.147,33.106,33.072,31.147,0.000,30.000,0.000,0.000,0.000,0.000,30.000,0.000,0.000,0.000,0.000,33.350,33.262,31.232,33.129,0.000,34.274,34.335,32.443,34.214,0.000,33.345,33.447,33.499,35.102,0.000,32.265,32.302,34.200,34.188,0.000,32.151,31.113,33.150,33.114,0.000,33.153,31.113,32.151,33.114,0.000,34.273,32.304,32.268,34.199,0.000,35.435,33.525,33.426,35.356,0.000,36.598,34.740,34.586,36.513,0.000,37.761,35.948,35.748,37.669,0.000,38.913,37.147,36.910,38.825,0.000,39.731,38.304,38.059,39.955,0.000,38.898,38.839,39.103,40.655,0.000,37.824,37.822,39.699,39.741,0.000,36.685,36.676,38.669,38.605,0.000,35.703,35.533,37.530,37.474,0.000,36.299,34.568,36.462,36.604,0.000,36.319,35.345,35.646,37.226,0.000,24.472,22.310,23.353,24.322,0.000,30.313,23.601,23.649,25.745,0.000,30.000,0.000,0.000,0.000,0.000,30.000,0.000,0.000,0.000,0.000,33.225,33.129,31.222,33.093,0.000,33.139,32.921,32.311,33.178,0.000,32.219,32.177,33.196,32.186,0.000,32.217,33.121,33.071,31.184,0.000,33.217,33.189,32.217,31.191,0.000,34.260,34.229,32.337,32.372,0.000,33.511,35.181,33.410,33.502,0.000,32.454,34.411,34.338,34.282,0.000,31.236,33.276,33.362,33.199,0.000,30.000,0.000,0.000,0.000,0.000,30.000,0.000,0.000,0.000,0.000,33.368,33.262,31.236,33.201,0.000,34.579,34.305,32.461,34.359,0.000,35.785,35.397,33.679,35.521,0.000,36.982,36.493,34.890,36.683,0.000,38.149,37.545,36.093,37.843,0.000,38.770,38.453,37.263,38.967,0.000,37.844,37.832,38.284,39.650,0.000,36.755,36.755,38.686,38.677,0.000,35.608,35.604,37.602,37.533,0.000,34.575,34.455,36.456,36.394,0.000,35.248,33.434,35.382,35.480,0.000,35.272,34.301,34.521,36.177,0.000,23.232,21.193,22.232,23.200,0.000,24.691,22.347,22.365,24.452,0.000,30.509,24.148,23.877,30.509,0.000,30.000,0.000,0.000,0.000,0.000,30.000,0.000,0.000,0.000,0.000,33.047,32.999,31.142,31.142,0.000,32.887,32.933,32.199,32.268,0.000,32.202,31.936,33.123,33.221,0.000,33.074,31.136,32.887,33.096,0.000,33.112,32.152,32.173,32.215,0.000,34.114,32.220,33.123,32.291,0.000,35.105,33.329,33.295,33.396,0.000,34.477,34.405,34.309,34.409,0.000,33.489,35.343,35.185,33.577,0.000,32.351,34.407,34.337,32.384,0.000,32.234,33.341,33.236,31.198,0.000,33.220,33.298,32.234,31.196,0.000,34.216,34.132,32.336,32.370,0.000,35.240,33.365,33.409,33.517,0.000,36.330,34.449,34.449,34.720,0.000,37.382,35.586,35.537,35.920,0.000,38.310,36.578,36.619,37.102,0.000,37.815,37.488,37.606,38.199,0.000,36.820,36.820,38.382,38.680,0.000,35.686,35.691,37.668,37.612,0.000,34.533,34.534,36.532,36.462,0.000,33.442,33.379,35.382,35.314,0.000,34.200,32.296,34.303,34.351,0.000,34.229,33.261,33.392,35.130,0.000,22.144,20.080,21.120,22.084,0.000,23.734,21.494,21.262,23.227,0.000,30.505,30.709,22.932,25.198,0.000,30.000,0.000,0.000,0.000,0.000,30.000,0.000,0.000,0.000,0.000,32.857,31.069,31.069,31.069,0.000,32.873,32.063,32.100,32.163,0.000,31.969,31.962,32.990,33.108,0.000,31.123,30.884,32.823,32.802,0.000,30.000,0.000,0.000,0.000,0.000,32.078,31.187,31.114,32.979,0.000,33.147,31.113,32.152,33.110,0.000,34.252,32.262,32.264,34.156,0.000,35.272,33.440,33.406,35.180,0.000,34.482,34.526,34.415,34.487,0.000,33.509,35.148,35.272,33.483,0.000,33.368,34.269,34.362,32.382,0.000,34.067,33.260,33.364,32.336,0.000,33.291,33.193,33.329,33.329,0.000,34.296,32.292,34.137,34.286,0.000,35.369,33.377,33.438,35.307,0.000,36.373,34.519,34.523,36.394,0.000,37.343,35.512,35.650,37.435,0.000,36.804,36.473,36.584,38.297,0.000,35.765,35.929,37.369,37.670,0.000,34.621,34.759,36.616,36.548,0.000,33.462,33.538,35.469,35.393,0.000,32.305,32.310,34.308,34.236,0.000,33.155,31.151,33.225,33.217,0.000,33.188,32.224,32.258,34.087,0.000,21.276,18.967,20.015,20.980,0.000,29.984,20.628,20.421,22.411,0.000,30.000,0.000,0.000,0.000,0.000,30.000,0.000,0.000,0.000,0.000,30.000,0.000,0.000,0.000,0.000,31.901,31.031,31.100,32.888,0.000,30.925,31.028,31.987,32.793,0.000,31.017,29.806,31.818,31.783,0.000,30.000,0.000,0.000,0.000,0.000,31.007,30.160,31.007,31.973,0.000,30.000,0.000,0.000,0.000,0.000,33.250,32.087,31.191,33.151,0.000,34.406,33.207,32.376,34.296,0.000,35.114,34.208,33.532,35.300,0.000,34.305,34.201,34.511,34.468,0.000,33.294,33.322,35.010,33.433,0.000,33.191,32.222,34.153,33.322,0.000,32.253,32.184,33.183,34.024,0.000,33.222,31.150,33.119,33.212,0.000,34.300,32.306,32.303,34.234,0.000,35.306,33.507,33.453,35.374,0.000,36.326,34.441,34.586,36.370,0.000,35.908,35.461,35.524,37.284,0.000,34.885,36.412,36.412,36.676,0.000,33.698,35.617,35.789,35.560,0.000,32.472,34.476,34.603,34.399,0.000,31.239,33.316,33.381,33.237,0.000,30.000,0.000,0.000,0.000,0.000,32.222,33.190,31.191,33.118,0.000,20.137,17.843,18.891,19.865,0.000,29.871,19.281,19.336,21.570,0.000,30.000,0.000,0.000,0.000,0.000,30.000,0.000,0.000,0.000,0.000,30.736,23.598,30.736,30.736,0.000,30.000,0.000,0.000,0.000,0.000,30.000,0.000,0.000,0.000,0.000,30.000,0.000,0.000,0.000,0.000,29.722,28.687,30.868,30.700,0.000,30.066,28.678,29.708,30.846,0.000,31.073,29.100,29.755,31.040,0.000,31.913,30.212,30.198,30.978,0.000,33.023,31.080,31.291,32.151,0.000,34.035,32.218,32.196,33.320,0.000,34.131,33.202,33.273,34.431,0.000,33.351,33.186,34.169,35.035,0.000,32.259,32.280,34.055,34.149,0.000,32.183,31.114,33.145,33.113,0.000,31.148,32.114,32.113,33.041,0.000,30.000,0.000,0.000,0.000,0.000,33.354,33.221,31.235,33.231,0.000,34.294,34.130,32.445,34.368,0.000,35.308,33.369,33.573,35.303,0.000,36.331,34.446,34.509,36.322,0.000,35.677,35.524,35.471,35.851,0.000,34.684,36.467,36.350,34.813,0.000,33.548,35.607,35.533,33.617,0.000,32.393,34.472,34.394,32.393,0.000,33.235,33.462,33.313,31.239,0.000,33.268,34.311,32.346,32.304,0.000,18.763,16.720,17.759,18.732,0.000,20.220,17.878,17.898,20.117,0.000,21.986,19.491,19.400,29.906,0.000,23.176,21.046,20.862,30.049,0.000,24.528,22.557,22.070,24.441,0.000,26.315,30.572,23.699,30.572,0.000,27.443,27.274,25.088,30.549,0.000,28.566,28.445,26.416,30.673,0.000,28.588,28.539,27.569,29.538,0.000,28.963,27.591,28.585,29.546,0.000,30.021,28.005,28.670,29.978,0.000,30.879,29.220,29.150,31.050,0.000,30.000,0.000,0.000,0.000,0.000,33.030,31.252,31.152,33.055,0.000,33.115,32.167,32.253,34.030,0.000,32.311,32.147,33.134,34.017,0.000,31.217,33.049,33.078,33.175,0.000,30.000,0.000,0.000,0.000,0.000,32.186,33.152,31.153,32.149,0.000,33.178,33.257,32.191,31.191,0.000,34.024,33.188,32.293,32.330,0.000,33.293,33.189,33.294,33.426,0.000,34.296,32.292,34.133,34.289,0.000,35.370,33.377,33.438,35.306,0.000,36.392,34.525,34.521,36.337,0.000,35.676,35.607,35.535,35.676,0.000,34.684,36.550,36.405,34.684,0.000,33.616,35.622,35.534,33.549,0.000,34.362,34.681,34.472,32.471,0.000,34.390,35.436,33.566,33.421,0.000,17.675,15.608,16.647,17.612,0.000,19.238,17.166,16.794,18.762,0.000,21.204,30.226,18.428,20.687,0.000,22.665,30.331,19.997,22.107,0.000,30.175,24.296,21.506,23.302,0.000,30.000,0.000,0.000,0.000,0.000,28.472,27.098,30.617,26.360,0.000,28.579,30.798,27.524,27.572,0.000,27.577,27.600,28.460,28.499,0.000,27.901,26.505,28.482,28.494,0.000,29.025,26.907,27.587,28.887,0.000,30.227,30.873,28.164,30.108,0.000,31.053,29.287,29.295,30.886,0.000,32.005,30.193,30.405,32.021,0.000,32.079,31.133,31.286,32.997,0.000,33.016,31.108,32.162,33.041,0.000,32.218,32.188,32.119,32.213,0.000,33.184,33.291,33.059,31.223,0.000,33.252,34.137,32.323,32.263,0.000,33.158,33.226,33.224,32.295,0.000,33.154,32.188,33.252,33.250,0.000,32.252,32.182,33.152,34.020,0.000,33.222,31.149,33.117,33.212,0.000,34.305,32.303,32.303,34.234,0.000,35.456,33.522,33.459,35.381,0.000,36.482,34.730,34.607,36.406,0.000,35.699,35.853,35.622,35.688,0.000,34.824,36.697,36.493,34.697,0.000,35.491,35.891,35.624,33.695,0.000,35.514,36.564,34.780,34.542,0.000,16.944,14.494,15.547,16.512,0.000,29.544,16.511,16.105,18.099,0.000,30.000,0.000,0.000,0.000,0.000,30.000,0.000,0.000,0.000,0.000,25.844,30.820,30.536,23.175,0.000,26.954,26.846,24.585,30.501,0.000,30.601,28.085,25.908,27.446,0.000,30.000,0.000,0.000,0.000,0.000,26.610,26.570,30.613,28.513,0.000,26.802,25.381,27.465,27.409,0.000,30.563,25.805,26.560,27.882,0.000,30.000,0.000,0.000,0.000,0.000,30.086,28.223,30.849,30.231,0.000,30.968,29.120,29.345,31.052,0.000,30.977,30.096,30.215,31.959,0.000,30.000,0.000,0.000,0.000,0.000,33.182,32.272,31.190,33.026,0.000,34.071,33.347,32.298,32.326,0.000,33.235,33.369,33.297,33.267,0.000,32.227,32.292,34.066,33.251,0.000,32.179,31.112,33.115,33.081,0.000,31.147,32.076,32.111,33.038,0.000,30.000,0.000,0.000,0.000,0.000,33.360,33.127,31.232,33.228,0.000,34.570,34.226,32.456,34.386,0.000,35.762,35.333,33.672,35.537,0.000,36.686,36.436,34.867,36.557,0.000,35.956,37.427,35.919,35.771,0.000,36.620,37.079,36.709,34.910,0.000,36.642,37.694,35.986,35.667,0.000,15.863,13.365,14.420,15.399,0.000,29.447,15.448,15.030,17.405,0.000,30.000,0.000,0.000,0.000,0.000,30.000,0.000,0.000,0.000,0.000,28.092,28.380,30.632,25.939,0.000,27.708,30.753,27.097,27.070,0.000,26.644,26.981,28.076,30.615,0.000,25.419,25.588,27.492,27.427,0.000,25.603,24.252,26.314,26.281,0.000,26.632,24.599,25.329,26.675,0.000,27.993,25.756,25.864,30.544,0.000,29.041,30.793,27.056,29.194,0.000,29.928,28.046,28.189,29.978,0.000,31.024,29.062,29.183,30.959,0.000,32.093,30.206,30.170,30.983,0.000,33.176,31.353,31.281,32.165,0.000,33.306,32.459,32.356,33.238,0.000,32.376,33.449,33.353,34.114,0.000,31.230,33.210,33.289,33.159,0.000,30.000,0.000,0.000,0.000,0.000,32.076,32.113,31.114,32.108,0.000,33.009,31.110,32.075,31.110,0.000,34.073,32.299,32.191,32.296,0.000,35.180,33.516,33.282,33.511,0.000,36.292,34.728,34.381,34.720,0.000,37.355,35.932,35.487,35.908,0.000,37.073,37.078,36.537,36.783,0.000,37.738,38.191,37.514,36.105,0.000,37.772,38.823,37.174,36.795,0.000,14.762,12.234,13.291,14.271,0.000,29.329,14.169,13.932,16.355,0.000,30.000,0.000,0.000,0.000,0.000,30.000,0.000,0.000,0.000,0.000,28.568,30.910,30.910,30.910,0.000,30.817,30.952,29.576,27.297,0.000,30.000,0.000,0.000,0.000,0.000,25.962,30.818,30.706,27.798,0.000,24.527,30.636,26.984,26.513,0.000,24.508,23.127,25.399,25.161,0.000,25.549,23.499,24.203,25.479,0.000,30.424,24.680,24.789,26.746,0.000,30.000,0.000,0.000,0.000,0.000,28.982,26.973,30.726,29.033,0.000,29.988,27.988,28.113,29.924,0.000,31.133,29.137,29.140,31.031,0.000,32.278,30.290,30.288,32.146,0.000,33.347,31.440,31.433,33.226,0.000,33.232,32.542,32.496,33.313,0.000,32.283,33.526,33.413,32.315,0.000,32.191,33.283,33.170,31.192,0.000,31.152,33.155,32.185,32.118,0.000,30.000,0.000,0.000,0.000,0.000,33.368,33.312,31.235,33.133,0.000,34.582,34.473,32.461,34.235,0.000,35.790,35.635,33.681,35.345,0.000,36.990,36.798,34.895,36.459,0.000,38.121,37.960,36.098,37.522,0.000,38.809,39.095,37.228,37.234,0.000,38.898,39.944,38.298,37.922,0.000,13.452,11.102,12.152,13.133,0.000,29.200,12.601,12.822,15.274,0.000,30.000,0.000,0.000,0.000,0.000,30.000,0.000,0.000,0.000,0.000,30.000,0.000,0.000,0.000,0.000,30.000,0.000,0.000,0.000,0.000,30.000,0.000,0.000,0.000,0.000,23.617,21.992,30.205,24.248,0.000,24.341,22.398,23.068,24.374,0.000,25.460,23.460,23.547,25.525,0.000,26.748,24.605,24.757,30.425,0.000,27.762,25.758,25.763,27.816,0.000,28.912,26.911,26.912,28.844,0.000,30.065,28.065,28.065,29.994,0.000,31.218,29.219,29.219,31.145,0.000,32.366,30.373,30.372,32.291,0.000,33.428,31.523,31.519,33.359,0.000,33.271,32.624,32.574,33.236,0.000,33.254,33.669,33.522,32.324,0.000,32.339,34.203,33.281,32.266,0.000,33.307,33.451,33.201,31.237,0.000,34.391,34.466,32.391,32.389,0.000,35.551,35.616,33.545,33.608,0.000,36.712,36.764,34.703,34.821,0.000,37.874,37.912,35.863,36.029,0.000,39.025,39.057,37.024,37.227,0.000,39.922,40.185,38.173,38.350,0.000,40.013,41.055,39.259,39.042,0.000,11.864,9.977,11.010,11.985,0.000,13.982,10.962,11.168,13.443,0.000,29.753,13.224,13.254,29.753,0.000,30.000,0.000,0.000,0.000,0.000,30.536,18.019,30.536,30.536,0.000,30.000,0.000,0.000,0.000,0.000,30.000,0.000,0.000,0.000,0.000,21.689,19.478,30.270,30.270,0.000,21.842,20.098,20.852,29.971,0.000,22.228,20.620,21.183,22.825,0.000,23.255,21.303,21.725,23.266,0.000,24.382,22.386,22.450,24.319,0.000,25.533,23.533,23.539,25.462,0.000,26.686,24.686,24.687,26.615,0.000,27.840,25.840,25.840,27.769,0.000,28.994,26.994,26.994,28.922,0.000,30.148,28.148,28.148,30.076,0.000,31.301,29.302,29.302,31.229,0.000,32.449,30.455,30.455,32.377,0.000,33.537,31.606,31.603,33.439,0.000,34.161,32.739,32.686,33.311,0.000,33.473,33.791,33.669,33.304,0.000,34.458,34.550,34.252,32.460,0.000,35.539,35.562,33.605,33.543,0.000,36.683,36.657,34.692,34.694,0.000,37.829,37.757,35.840,35.850,0.000,38.973,38.860,36.987,37.007,0.000,40.108,39.965,38.132,38.164,0.000,41.023,41.062,39.267,39.303,0.000,41.125,42.088,40.353,40.158,0.000,10.748,8.870,9.903,10.862,0.000,12.423,9.845,10.028,11.841,0.000,29.102,11.650,11.634,14.563,0.000,30.000,0.000,0.000,0.000,0.000,30.068,16.091,30.068,19.684,0.000,30.000,0.000,0.000,0.000,0.000,19.834,20.159,30.227,30.227,0.000,19.999,18.008,20.696,20.386,0.000,20.458,19.030,19.128,20.939,0.000,21.133,19.543,20.104,21.482,0.000,22.180,20.218,20.647,22.173,0.000,23.310,21.312,21.365,23.245,0.000,24.461,22.461,22.466,24.390,0.000,25.615,23.615,23.615,25.543,0.000,26.769,24.769,24.769,26.697,0.000,27.922,25.922,25.922,27.851,0.000,29.076,27.076,27.076,29.005,0.000,30.230,28.230,28.230,30.159,0.000,31.384,29.384,29.384,31.312,0.000,32.534,30.538,30.537,32.460,0.000,33.654,31.690,31.687,33.550,0.000,34.429,32.829,32.807,34.208,0.000,35.442,33.964,33.859,33.559,0.000,36.525,35.086,34.647,34.633,0.000,37.624,36.218,35.726,35.778,0.000,38.726,37.350,36.823,36.922,0.000,39.831,38.482,37.923,38.065,0.000,40.936,39.613,39.025,39.206,0.000,42.001,40.740,40.128,40.338,0.000,42.104,41.791,41.186,41.213,0.000,9.647,7.764,8.797,9.756,0.000,10.832,8.745,8.904,10.708,0.000,13.206,10.527,9.988,12.493,0.000,15.957,29.800,12.457,29.800,0.000,29.366,14.026,14.162,17.312,0.000,30.000,0.000,0.000,0.000,0.000,18.813,30.561,30.222,21.412,0.000,18.928,16.835,19.653,18.955,0.000,19.390,18.291,17.977,19.879,0.000,20.048,18.466,19.048,20.405,0.000,21.106,19.131,19.569,21.088,0.000,22.238,20.239,20.280,22.171,0.000,23.390,21.390,21.392,23.318,0.000,24.543,22.543,22.543,24.472,0.000,25.697,23.697,23.697,25.626,0.000,26.851,24.851,24.851,26.780,0.000,28.005,26.005,26.005,27.933,0.000,29.159,27.159,27.159,29.087,0.000,30.313,28.313,28.313,30.241,0.000,31.466,29.466,29.466,31.395,0.000,32.618,30.620,30.620,32.545,0.000,33.757,31.773,31.772,33.667,0.000,34.882,32.926,32.910,34.459,0.000,36.016,34.078,34.047,35.540,0.000,37.149,35.228,35.182,36.638,0.000,38.283,36.379,36.317,37.739,0.000,39.415,37.528,37.451,38.842,0.000,40.546,38.677,38.584,39.948,0.000,41.636,39.820,39.715,41.053,0.000,41.743,40.820,40.802,42.077,0.000,8.563,6.658,7.691,8.650,0.000,10.237,7.664,7.817,9.626,0.000,28.845,9.450,9.487,11.502,0.000,30.000,0.000,0.000,0.000,0.000,16.499,12.441,29.329,15.485,0.000,30.415,30.415,15.197,30.415,0.000,30.000,0.000,0.000,0.000,0.000,18.567,15.652,29.604,18.194,0.000,18.770,30.101,17.266,19.281,0.000,18.974,17.388,18.300,19.340,0.000,20.032,18.044,18.491,20.002,0.000,21.166,19.166,19.195,21.097,0.000,22.318,20.318,20.320,22.247,0.000,23.472,21.472,21.472,23.401,0.000,24.626,22.626,22.626,24.554,0.000,25.780,23.780,23.780,25.708,0.000,26.933,24.933,24.933,26.862,0.000,28.087,26.087,26.087,28.016,0.000,29.241,27.241,27.241,29.170,0.000,30.395,28.395,28.395,30.324,0.000,31.549,29.549,29.549,31.477,0.000,32.702,30.703,30.703,32.629,0.000,33.854,31.857,31.856,33.769,0.000,35.006,33.010,33.008,34.907,0.000,36.157,34.164,34.160,36.044,0.000,37.307,35.317,35.312,37.181,0.000,38.457,36.471,36.463,38.316,0.000,39.602,37.624,37.613,39.451,0.000,40.644,38.769,38.758,40.579,0.000,40.754,39.790,39.860,41.630,0.000,7.463,5.550,6.584,7.544,0.000,8.561,6.564,6.691,8.522,0.000,9.749,7.709,7.740,10.241,0.000,12.096,8.882,9.552,28.871,0.000,29.009,10.644,10.707,13.791,0.000,30.000,0.000,0.000,0.000,0.000,15.985,12.968,29.842,29.842,0.000,29.368,14.011,14.607,16.933,0.000,30.000,0.000,0.000,0.000,0.000,18.330,16.298,29.635,18.705,0.000,18.958,16.956,17.401,18.915,0.000,20.093,18.093,18.108,20.023,0.000,21.247,19.247,19.247,21.175,0.000,22.401,20.401,20.401,22.329,0.000,23.554,21.554,21.554,23.483,0.000,24.708,22.708,22.708,24.637,0.000,25.862,23.862,23.862,25.791,0.000,27.016,25.016,25.016,26.944,0.000,28.170,26.170,26.170,28.098,0.000,29.324,27.324,27.324,29.252,0.000,30.478,28.478,28.477,30.406,0.000,31.631,29.632,29.631,31.560,0.000,32.785,30.786,30.785,32.713,0.000,33.939,31.940,31.939,33.866,0.000,35.093,33.094,33.093,35.018,0.000,36.246,34.248,34.246,36.170,0.000,37.399,35.402,35.400,37.321,0.000,38.549,36.556,36.553,38.471,0.000,39.611,37.704,37.703,39.613,0.000,39.720,38.756,38.808,40.616,0.000,6.384,4.443,5.477,6.437,0.000,7.487,5.488,5.586,7.424,0.000,8.636,6.636,6.642,8.566,0.000,9.791,7.790,7.791,9.737,0.000,10.965,8.944,8.965,11.438,0.000,12.725,10.098,10.725,28.974,0.000,13.273,11.252,11.273,13.761,0.000,14.423,12.405,12.423,14.814,0.000,16.072,13.559,14.072,29.320,0.000,16.731,14.713,14.730,17.104,0.000,17.868,15.867,15.868,17.811,0.000,19.021,17.022,17.021,18.950,0.000,20.175,18.176,18.175,20.104,0.000,21.329,19.330,19.329,21.258,0.000,22.483,20.484,20.483,22.412,0.000,23.637,21.638,21.637,23.565,0.000,24.791,22.793,22.791,24.719,0.000,25.945,23.947,23.945,25.873,0.000,27.099,25.102,25.099,27.027,0.000,28.253,26.256,26.253,28.181,0.000,29.407,27.411,27.407,29.335,0.000,30.561,28.566,28.561,30.489,0.000,31.715,29.720,29.715,31.643,0.000,32.869,30.875,30.869,32.797,0.000,34.023,32.030,32.023,33.950,0.000,35.177,33.185,33.177,35.104,0.000,36.331,34.341,34.331,36.258,0.000,37.483,35.496,35.485,37.411,0.000,38.576,36.647,36.637,38.558,0.000,38.686,37.723,37.745,39.582,0.000,5.305,3.334,4.370,5.331,0.000,6.414,4.413,4.480,6.347,0.000,7.565,5.565,5.567,7.493,0.000,8.719,6.719,6.719,8.647,0.000,9.872,7.873,7.872,9.801,0.000,11.026,9.027,9.026,10.955,0.000,12.180,10.181,10.180,12.109,0.000,13.334,11.336,11.334,13.263,0.000,14.488,12.491,12.488,14.417,0.000,15.642,13.646,13.642,15.571,0.000,16.796,14.801,14.796,16.725,0.000,17.951,15.956,15.950,17.879,0.000,19.105,17.112,17.104,19.033,0.000,20.259,18.268,18.258,20.187,0.000,21.414,19.424,19.413,21.341,0.000,22.568,20.580,20.567,22.495,0.000,23.722,21.737,21.721,23.649,0.000,24.877,22.893,22.876,24.803,0.000,26.032,24.050,24.030,25.957,0.000,27.187,25.207,25.185,27.111,0.000,28.341,26.365,26.340,28.265,0.000,29.496,27.522,27.495,29.419,0.000,30.651,28.680,28.649,30.574,0.000,31.806,29.838,29.804,31.728,0.000,32.962,30.996,30.959,32.882,0.000,34.117,32.154,32.115,34.036,0.000,35.272,33.313,33.270,35.191,0.000,36.426,34.471,34.425,36.345,0.000,37.542,35.627,35.579,37.495,0.000,37.654,36.707,36.690,38.548,0.000,4.228,2.224,3.261,4.223,0.000,5.341,3.339,3.374,5.271,0.000,6.493,4.493,4.493,6.422,0.000,7.647,5.650,5.647,7.576,0.000,8.802,6.807,6.801,8.730,0.000,9.956,7.966,7.955,9.884,0.000,11.111,9.125,9.110,11.038,0.000,12.266,10.285,10.265,12.192,0.000,13.421,11.446,11.419,13.346,0.000,14.577,12.607,12.574,14.501,0.000,15.732,13.769,13.730,15.655,0.000,16.888,14.932,14.885,16.810,0.000,18.044,16.095,16.041,17.964,0.000,19.201,17.258,17.197,19.119,0.000,20.357,18.422,18.353,20.274,0.000,21.514,19.586,19.510,21.428,0.000,22.671,20.750,20.666,22.583,0.000,23.829,21.914,21.823,23.738,0.000,24.986,23.079,22.980,24.893,0.000,26.144,24.244,24.138,26.048,0.000,27.302,25.409,25.295,27.204,0.000,28.460,26.575,26.453,28.359,0.000,29.618,27.740,27.611,29.514,0.000,30.776,28.906,28.769,30.670,0.000,31.935,30.071,29.927,31.826,0.000,33.094,31.237,31.086,32.981,0.000,34.253,32.403,32.244,34.137,0.000,35.410,33.569,33.403,35.293,0.000,36.530,34.732,34.560,36.446,0.000,36.644,35.819,35.676,37.522,0.000,3.151,1.113,2.151,3.114,0.000,4.268,2.266,2.267,4.196,0.000,5.426,3.457,3.422,5.352,0.000,6.584,4.647,4.578,6.507,0.000,7.744,5.836,5.736,7.663,0.000,8.904,7.024,6.895,8.818,0.000,10.065,8.210,8.055,9.974,0.000,11.227,9.396,9.215,11.130,0.000,12.390,10.581,10.376,12.287,0.000,13.553,11.765,11.538,13.443,0.000,14.716,12.948,12.701,14.600,0.000,15.880,14.131,13.864,15.757,0.000,17.044,15.313,15.027,16.914,0.000,18.209,16.494,16.191,18.071,0.000,19.373,17.675,17.355,19.229,0.000,20.538,18.855,18.520,20.387,0.000,21.704,20.034,19.684,21.545,0.000,22.869,21.214,20.850,22.703,0.000,24.035,22.392,22.015,23.862,0.000,25.201,23.570,23.180,25.020,0.000,26.367,24.748,24.346,26.179,0.000,27.533,25.925,25.512,27.338,0.000,28.699,27.102,26.678,28.497,0.000,29.865,28.278,27.844,29.656,0.000,31.032,29.454,29.010,30.816,0.000,32.198,30.630,30.177,31.975,0.000,33.365,31.805,31.343,33.135,0.000,34.530,32.980,32.509,34.295,0.000,35.657,34.152,33.674,35.452,0.000,35.771,35.247,34.797,36.533,0.000,0.000,0.000,0.000,0.000,0.000,3.265,2.195,1.195,3.159,0.000,4.456,3.388,2.389,4.318,0.000,5.646,4.581,3.581,5.479,0.000,6.835,5.772,4.772,6.640,0.000,8.023,6.961,5.961,7.802,0.000,9.209,8.150,7.150,8.964,0.000,10.395,9.337,8.337,10.127,0.000,11.580,10.524,9.524,11.291,0.000,12.764,11.710,10.710,12.455,0.000,13.948,12.895,11.895,13.620,0.000,15.130,14.079,13.079,14.785,0.000,16.312,15.262,14.262,15.950,0.000,17.493,16.444,15.444,17.116,0.000,18.674,17.626,16.626,18.282,0.000,19.854,18.807,17.807,19.448,0.000,21.034,19.988,18.988,20.615,0.000,22.213,21.168,20.168,21.781,0.000,23.392,22.348,21.348,22.948,0.000,24.570,23.527,22.527,24.115,0.000,25.747,24.705,23.705,25.282,0.000,26.925,25.883,24.883,26.449,0.000,28.101,27.061,26.061,27.616,0.000,29.278,28.238,27.238,28.783,0.000,30.454,29.414,28.415,29.951,0.000,31.630,30.591,29.591,31.118,0.000,32.805,31.767,30.767,32.285,0.000,33.978,32.942,31.942,33.452,0.000,35.114,34.115,33.116,34.617,0.000,35.228,35.210,34.248,35.705,0.000,
