States
894
Policy
[south, south, west, west, west, south, south, south, south, south, south, south, south, south, south, south, south, south, south, south, south, south, west, west, west, west, west, west, west, west, south, south, south, south, south, south, south, south, south, south, south, south, south, south, south, south, south, south, south, south, south, south, south, west, west, west, west, west, west, south, south, south, south, south, south, south, south, south, south, south, south, south, south, south, south, south, south, south, south, south, south, south, south, south, west, west, west, west, west, south, south, south, south, south, south, south, south, south, south, south, south, south, south, south, south, south, south, south, south, south, south, south, south, west, west, west, west, west, west, south, south, south, south, west, south, south, south, south, south, south, south, south, south, south, south, south, south, south, south, south, south, south, west, west, west, west, west, west, west, west, south, south, west, west, west, south, south, south, south, south, south, south, south, south, south, south, south, south, east, east, south, west, west, west, west, west, west, west, west, west, south, south, west, west, west, south, south, west, east, east, obstacle, obstacle, west, west, south, south, south, west, east, east, obstacle, west, west, west, west, west, west, west, west, west, south, west, west, obstacle, south, obstacle, obstacle, west, east, east, obstacle, obstacle, west, west, east, obstacle, west, west, east, north, north, north, west, west, west, west, west, west, west, west, south, west, obstacle, obstacle, south, obstacle, west, west, west, east, east, obstacle, west, west, east, south, south, west, west, north, north, north, north, west, west, west, west, west, west, west, south, west, obstacle, obstacle, south, obstacle, south, west, west, south, north, north, north, east, east, obstacle, south, west, west, west, north, north, north, west, west, west, west, west, west, north, south, south, obstacle, south, west, west, west, west, west, south, south, south, south, south, south, east, obstacle, west, west, west, west, north, north, west, west, west, west, west, west, north, south, south, west, west, west, obstacle, north, west, east, obstacle, west, south, south, south, south, north, north, west, west, west, west, west, west, west, west, west, west, west, west, west, south, south, west, obstacle, obstacle, obstacle, west, west, south, north, east, obstacle, west, east, obstacle, west, west, west, south, south, west, west, west, west, west, west, west, west, west, west, south, west, west, west, obstacle, west, west, south, south, south, south, north, south, south, north, west, west, south, south, south, west, west, west, west, west, west, west, west, west, west, south, west, obstacle, north, obstacle, south, east, east, south, south, south, obstacle, south, south, west, west, south, south, south, west, west, west, west, west, west, west, west, west, west, west, south, west, west, obstacle, obstacle, south, obstacle, south, south, south, south, south, south, south, south, east, south, obstacle, west, west, west, west, west, west, west, west, west, west, west, south, west, obstacle, obstacle, south, south, south, south, south, south, south, south, south, east, obstacle, west, west, west, west, west, west, west, west, west, west, west, west, south, south, obstacle, obstacle, obstacle, obstacle, obstacle, south, west, south, west, south, south, south, south, west, west, north, south, west, west, west, west, west, west, west, west, west, west, west, south, south, south, west, west, west, west, west, obstacle, south, west, south, south, south, south, west, west, west, south, west, west, west, west, west, west, west, west, west, west, west, south, south, west, west, obstacle, obstacle, south, obstacle, south, south, obstacle, south, south, south, south, west, west, west, obstacle, west, west, west, west, west, west, west, west, west, west, west, south, west, west, west, west, obstacle, south, south, west, west, west, south, south, south, south, south, south, obstacle, south, west, west, west, west, west, west, west, west, west, west, west, south, west, west, obstacle, north, obstacle, south, south, west, west, obstacle, south, south, south, south, south, south, south, south, west, west, west, west, west, west, west, west, west, west, south, south, west, obstacle, obstacle, obstacle, south, south, obstacle, east, south, south, south, south, south, south, west, west, west, west, west, west, west, west, west, west, west, west, west, south, south, south, obstacle, obstacle, obstacle, south, west, south, obstacle, south, south, south, south, south, west, west, west, west, west, west, west, west, west, west, west, west, west, south, south, south, south, south, south, obstacle, south, south, obstacle, south, south, south, south, south, west, west, west, west, west, west, west, west, west, west, west, west, west, west, west, west, south, south, south, south, south, south, south, south, south, south, south, west, west, west, west, west, west, west, west, west, west, west, west, west, west, west, west, west, west, west, south, south, south, south, west, west, west, west, west, west, west, west, west, west, west, west, west, west, west, west, west, west, west, west, west, west, west, west, west, west, west, south, south, west, west, west, west, west, west, west, west, west, west, west, west, west, west, west, west, west, west, west, west, west, west, west, west, west, west, west, west, south, south, west, west, west, west, west, west, west, west, west, west, west, west, west, west, west, west, west, west, west, west, west, west, west, west, west, west, west, west, null, west, west, west, west, west, west, west, west, west, west, west, west, west, west, west, west, west, west, west, west, west, west, west, west, west, west, west, west, west]
Alpha value
1.0
Max number of actions
5
34.132,32.325,33.319,33.319,0.000,35.197,33.262,33.420,34.232,0.000,36.306,34.391,34.376,35.341,0.000,37.410,35.536,35.490,36.455,0.000,38.216,36.623,36.591,37.546,0.000,38.592,37.364,37.644,38.314,0.000,39.350,37.685,38.386,38.664,0.000,39.465,38.476,38.731,39.416,0.000,38.668,38.532,39.416,39.465,0.000,37.745,37.612,39.373,38.575,0.000,37.649,36.654,38.480,37.649,0.000,38.479,36.654,37.649,37.649,0.000,39.377,37.612,37.745,38.575,0.000,39.463,38.537,38.669,39.472,0.000,38.967,38.528,39.482,39.473,0.000,39.622,37.943,39.458,38.951,0.000,40.314,38.717,39.009,39.680,0.000,39.766,39.449,39.733,40.368,0.000,38.785,38.755,40.309,39.707,0.000,37.936,37.691,39.584,38.663,0.000,38.603,36.852,38.598,37.871,0.000,39.635,37.698,37.938,38.670,0.000,40.741,38.822,38.811,39.775,0.000,41.858,39.972,39.925,40.891,0.000,42.976,41.120,41.041,42.008,0.000,44.095,42.267,42.158,43.126,0.000,45.215,43.414,43.277,44.245,0.000,46.332,44.558,44.395,45.365,0.000,47.409,45.697,45.513,46.480,0.000,47.517,46.695,46.587,47.517,0.000,33.088,31.220,32.252,33.210,0.000,34.175,32.185,32.354,34.124,0.000,35.315,33.321,33.336,35.235,0.000,36.416,34.468,34.470,36.350,0.000,37.196,35.566,35.602,37.442,0.000,37.543,36.308,36.650,38.208,0.000,38.337,36.597,37.365,38.558,0.000,38.461,37.430,37.682,39.311,0.000,37.635,37.496,38.405,39.360,0.000,36.679,36.542,38.367,38.468,0.000,36.581,35.548,37.443,37.540,0.000,37.442,35.548,36.581,37.539,0.000,38.371,36.541,36.679,38.468,0.000,38.447,37.499,37.637,39.366,0.000,37.890,37.477,38.475,39.367,0.000,38.586,36.823,38.439,38.843,0.000,39.323,37.647,37.932,39.573,0.000,38.744,38.429,38.701,40.263,0.000,37.745,37.696,39.319,39.602,0.000,36.846,36.612,38.558,38.554,0.000,37.557,35.721,37.552,37.761,0.000,38.608,36.617,36.848,38.561,0.000,39.750,37.751,37.768,39.670,0.000,40.899,38.904,38.903,40.787,0.000,42.048,40.058,40.054,41.907,0.000,43.195,41.211,41.204,43.027,0.000,44.341,42.364,42.352,44.148,0.000,45.483,43.516,43.500,45.270,0.000,46.523,44.660,44.641,46.385,0.000,46.631,45.674,45.739,47.423,0.000,32.008,30.114,31.147,32.106,0.000,33.102,31.107,31.252,33.046,0.000,34.246,32.249,32.260,34.178,0.000,35.358,33.399,33.401,35.324,0.000,36.142,34.507,34.534,36.412,0.000,36.456,35.253,35.590,37.151,0.000,37.290,35.506,36.308,37.472,0.000,37.424,36.386,36.596,38.264,0.000,36.569,36.461,37.361,38.322,0.000,35.577,35.472,37.327,37.398,0.000,35.476,34.441,36.369,36.435,0.000,36.368,34.441,35.476,36.435,0.000,37.330,35.471,35.577,37.398,0.000,37.398,36.463,36.569,38.327,0.000,36.773,36.428,37.435,38.314,0.000,37.514,35.699,37.384,37.727,0.000,38.299,36.577,36.815,38.503,0.000,37.687,37.411,37.635,39.239,0.000,36.670,36.638,38.297,38.544,0.000,35.717,35.534,37.496,37.473,0.000,36.473,34.585,36.470,36.632,0.000,37.533,35.537,35.719,37.479,0.000,38.679,36.679,36.689,38.609,0.000,39.833,37.833,37.833,39.761,0.000,40.986,38.987,38.987,40.912,0.000,42.139,40.141,40.140,42.062,0.000,43.292,41.294,41.293,43.210,0.000,44.440,42.448,42.446,44.358,0.000,45.496,43.595,43.595,45.497,0.000,45.604,44.641,44.699,46.497,0.000,30.928,29.007,30.041,31.001,0.000,32.028,30.030,30.148,31.968,0.000,33.175,31.177,31.183,33.106,0.000,34.298,32.329,32.330,34.255,0.000,35.087,33.448,33.466,35.354,0.000,35.366,34.199,34.531,36.095,0.000,36.243,34.412,35.252,36.384,0.000,36.388,35.344,35.508,37.219,0.000,35.502,35.427,36.318,37.286,0.000,34.474,34.402,36.289,36.328,0.000,34.369,33.333,35.295,35.329,0.000,35.294,33.333,34.369,35.329,0.000,36.290,34.401,34.474,36.327,0.000,36.352,35.428,35.502,37.289,0.000,35.653,35.381,36.397,37.263,0.000,36.440,34.570,36.331,36.607,0.000,37.277,35.507,35.694,37.433,0.000,36.630,36.397,36.569,38.219,0.000,35.596,35.578,37.278,37.486,0.000,34.585,34.457,36.432,36.394,0.000,35.391,33.446,35.389,35.501,0.000,36.459,34.458,34.586,36.398,0.000,37.608,35.608,35.612,37.537,0.000,38.761,36.761,36.761,38.690,0.000,39.915,37.916,37.915,39.844,0.000,41.069,39.070,39.069,40.997,0.000,42.223,40.225,40.223,42.151,0.000,43.374,41.380,41.377,43.303,0.000,44.460,42.532,42.528,44.450,0.000,44.571,43.608,43.635,45.466,0.000,29.849,27.899,28.934,29.895,0.000,30.955,28.955,29.043,30.890,0.000,32.105,30.105,30.108,32.034,0.000,33.239,31.260,31.259,33.185,0.000,34.034,32.390,32.397,34.295,0.000,34.273,33.147,33.472,35.040,0.000,35.198,33.315,34.197,35.293,0.000,35.353,34.303,34.417,36.175,0.000,34.436,34.395,35.277,36.251,0.000,33.370,33.333,35.252,35.258,0.000,33.260,32.224,34.222,34.222,0.000,34.220,32.223,33.260,34.222,0.000,35.252,33.331,33.370,35.257,0.000,35.307,34.395,34.436,36.253,0.000,34.529,34.337,35.360,36.214,0.000,35.367,33.437,35.280,35.482,0.000,36.259,34.438,34.568,36.363,0.000,35.573,35.387,35.504,37.202,0.000,34.524,34.517,36.262,36.428,0.000,33.448,33.381,35.368,35.315,0.000,34.310,32.302,34.309,34.365,0.000,35.385,33.382,33.449,35.317,0.000,36.536,34.536,34.536,36.465,0.000,37.691,35.695,35.690,37.619,0.000,38.845,36.856,36.844,38.773,0.000,40.001,38.019,37.999,39.927,0.000,41.156,39.183,39.154,41.081,0.000,42.310,40.349,40.309,42.236,0.000,43.427,41.512,41.463,43.386,0.000,43.539,42.600,42.575,44.433,0.000,28.771,26.790,27.826,28.788,0.000,29.882,27.880,27.938,29.813,0.000,31.036,29.040,29.034,30.963,0.000,32.182,30.256,30.190,32.118,0.000,32.985,31.402,31.332,33.239,0.000,33.177,32.097,32.413,33.986,0.000,34.154,32.214,33.143,34.199,0.000,34.320,33.263,33.322,35.133,0.000,33.370,33.365,34.237,35.218,0.000,32.264,32.263,34.216,34.188,0.000,32.151,31.113,33.148,33.114,0.000,33.146,31.112,32.151,33.114,0.000,34.215,32.261,32.264,34.187,0.000,34.266,33.364,33.369,35.219,0.000,33.399,33.296,34.324,35.167,0.000,34.294,32.297,34.231,34.353,0.000,35.243,33.368,33.438,35.293,0.000,34.514,34.380,34.439,36.188,0.000,33.455,33.517,35.252,35.370,0.000,32.308,32.310,34.302,34.238,0.000,33.231,31.154,33.231,33.226,0.000,34.311,32.310,32.308,34.239,0.000,35.472,33.539,33.465,35.396,0.000,36.636,34.762,34.624,36.553,0.000,37.801,35.981,35.786,37.710,0.000,38.967,37.196,36.949,38.867,0.000,40.134,38.408,38.114,40.025,0.000,41.301,39.617,39.280,41.183,0.000,42.430,40.819,40.446,42.338,0.000,42.545,41.942,41.570,43.416,0.000,27.693,25.680,26.717,27.680,0.000,28.815,26.806,26.831,28.738,0.000,30.036,28.153,27.969,29.900,0.000,31.253,30.944,29.190,31.115,0.000,31.960,30.970,30.349,32.206,0.000,32.080,31.049,31.421,32.936,0.000,33.112,31.109,32.092,33.102,0.000,33.289,32.256,32.226,34.093,0.000,32.337,33.258,33.232,34.219,0.000,31.193,32.190,33.218,33.154,0.000,30.000,0.000,0.000,0.000,0.000,30.000,0.000,0.000,0.000,0.000,33.215,32.155,31.192,33.152,0.000,33.258,33.200,32.334,34.217,0.000,32.265,32.257,33.290,34.123,0.000,33.221,31.152,33.185,33.219,0.000,34.232,32.299,32.303,34.223,0.000,33.516,33.438,33.378,35.182,0.000,32.458,34.378,34.312,34.379,0.000,31.238,33.311,33.368,33.238,0.000,30.000,0.000,0.000,0.000,0.000,33.382,33.316,31.239,33.239,0.000,34.606,34.478,32.472,34.401,0.000,35.825,35.642,33.700,35.565,0.000,37.040,36.808,34.924,36.731,0.000,38.252,37.974,36.143,37.898,0.000,39.461,39.143,37.358,39.066,0.000,40.665,40.311,38.569,40.235,0.000,41.828,41.478,39.776,41.402,0.000,41.943,42.568,40.937,42.492,0.000,26.617,24.568,25.607,26.570,0.000,27.921,25.828,25.733,27.673,0.000,30.790,30.858,27.092,29.030,0.000,30.000,0.000,0.000,0.000,0.000,30.974,29.960,30.974,31.277,0.000,30.000,0.000,0.000,0.000,0.000,30.000,0.000,0.000,0.000,0.000,33.213,33.093,31.223,33.152,0.000,32.297,34.045,32.324,33.289,0.000,31.191,33.179,33.182,32.225,0.000,30.000,0.000,0.000,0.000,0.000,30.000,0.000,0.000,0.000,0.000,33.090,32.187,31.154,32.187,0.000,32.293,33.225,32.234,33.257,0.000,31.223,33.117,33.159,33.179,0.000,30.000,0.000,0.000,0.000,0.000,33.346,33.087,31.230,33.222,0.000,34.371,34.172,32.442,34.304,0.000,33.455,35.131,33.501,33.515,0.000,32.392,34.443,34.309,32.389,0.000,33.316,33.471,33.312,31.242,0.000,34.396,34.473,32.396,32.393,0.000,35.557,35.627,33.550,33.619,0.000,36.721,36.782,34.709,34.840,0.000,37.885,37.936,35.871,36.056,0.000,39.052,39.091,37.034,37.270,0.000,40.219,40.247,38.199,38.479,0.000,41.385,41.402,39.365,39.686,0.000,42.515,42.555,40.530,40.887,0.000,42.629,43.631,41.655,42.008,0.000,25.626,23.455,24.498,25.463,0.000,30.429,24.882,24.757,26.731,0.000,30.000,0.000,0.000,0.000,0.000,30.000,0.000,0.000,0.000,0.000,30.923,28.885,30.923,30.888,0.000,30.000,0.000,0.000,0.000,0.000,32.950,31.228,31.078,31.078,0.000,33.979,32.367,32.160,32.286,0.000,33.257,33.394,33.176,33.294,0.000,32.253,33.197,34.010,32.290,0.000,31.149,33.148,33.102,31.149,0.000,30.000,0.000,0.000,0.000,0.000,33.184,33.223,31.192,32.192,0.000,33.163,33.320,32.299,33.202,0.000,32.188,32.259,33.189,32.256,0.000,33.007,31.145,33.041,31.145,0.000,34.023,32.149,32.215,32.288,0.000,35.055,33.293,33.231,33.486,0.000,34.504,34.376,34.253,34.447,0.000,33.597,35.332,35.137,33.521,0.000,34.477,34.683,34.451,32.477,0.000,35.553,35.634,33.622,33.550,0.000,36.704,36.781,34.704,34.704,0.000,37.859,37.934,35.858,35.863,0.000,39.013,39.087,37.012,37.023,0.000,40.168,40.240,38.167,38.186,0.000,41.323,41.392,39.322,39.349,0.000,42.477,42.544,40.477,40.514,0.000,43.593,43.692,41.630,41.677,0.000,43.705,44.740,42.742,42.763,0.000,24.545,22.337,23.382,24.351,0.000,30.320,23.756,23.679,25.776,0.000,30.000,0.000,0.000,0.000,0.000,30.000,0.000,0.000,0.000,0.000,30.846,27.734,30.846,29.880,0.000,30.000,0.000,0.000,0.000,0.000,32.186,30.167,31.048,31.982,0.000,33.254,31.357,31.313,33.040,0.000,33.176,32.439,32.408,34.023,0.000,33.192,32.200,33.353,33.219,0.000,32.286,33.150,33.131,32.221,0.000,33.218,33.220,33.150,31.225,0.000,33.316,34.128,32.328,32.300,0.000,32.365,34.150,33.295,33.295,0.000,31.226,33.147,33.275,33.122,0.000,30.000,0.000,0.000,0.000,0.000,33.077,31.074,31.146,33.008,0.000,34.223,32.302,32.228,34.098,0.000,35.260,33.520,33.376,35.131,0.000,34.676,34.668,34.402,34.527,0.000,35.628,35.802,35.362,33.693,0.000,36.709,36.787,34.833,34.709,0.000,37.857,37.927,35.862,35.858,0.000,39.010,39.073,37.011,37.011,0.000,40.162,40.217,38.164,38.165,0.000,41.314,41.361,39.317,39.319,0.000,42.466,42.505,40.469,40.473,0.000,43.615,43.647,41.621,41.627,0.000,44.703,44.784,42.770,42.778,0.000,44.814,45.838,43.877,43.853,0.000,23.383,21.218,22.261,23.231,0.000,30.204,22.512,22.593,24.726,0.000,30.000,0.000,0.000,0.000,0.000,27.653,25.332,30.685,30.685,0.000,28.658,26.600,26.501,28.584,0.000,30.038,30.852,27.820,30.852,0.000,31.202,31.159,29.061,31.096,0.000,32.332,32.261,30.290,32.242,0.000,32.136,32.109,31.417,33.252,0.000,33.084,31.120,32.421,33.100,0.000,33.145,32.182,32.194,33.148,0.000,34.052,32.217,33.149,32.319,0.000,34.148,33.223,33.253,33.325,0.000,33.254,33.249,34.128,33.383,0.000,32.218,32.216,34.042,32.288,0.000,31.146,33.082,33.066,31.146,0.000,30.000,0.000,0.000,0.000,0.000,33.371,33.303,31.236,33.167,0.000,34.580,34.421,32.464,34.319,0.000,35.720,35.539,33.678,35.358,0.000,36.710,36.653,34.819,34.832,0.000,37.848,37.767,35.955,35.860,0.000,38.989,38.878,37.005,37.004,0.000,40.132,39.995,38.149,38.155,0.000,41.275,41.112,39.293,39.306,0.000,42.418,42.231,40.436,40.457,0.000,43.559,43.350,41.579,41.607,0.000,44.698,44.471,42.721,42.757,0.000,45.790,45.588,43.861,43.903,0.000,45.900,46.630,44.957,44.950,0.000,22.108,20.100,21.138,22.106,0.000,23.448,21.219,21.266,23.356,0.000,25.073,22.637,22.618,30.228,0.000,26.575,30.605,24.052,26.403,0.000,30.685,30.802,25.530,27.653,0.000,30.000,0.000,0.000,0.000,0.000,32.208,32.119,31.052,30.238,0.000,32.114,33.075,31.334,31.380,0.000,31.138,32.333,32.294,32.366,0.000,30.000,0.000,0.000,0.000,0.000,32.110,32.076,31.147,33.038,0.000,33.080,31.111,32.179,33.107,0.000,33.177,32.187,32.220,34.050,0.000,32.252,32.216,33.154,34.075,0.000,33.084,31.146,33.140,33.140,0.000,32.225,32.227,32.151,32.151,0.000,33.292,33.369,33.095,31.230,0.000,34.338,34.366,32.379,32.384,0.000,35.417,34.407,33.490,33.563,0.000,36.532,35.460,34.603,34.765,0.000,37.645,36.579,35.716,35.904,0.000,38.755,37.699,36.828,36.952,0.000,39.871,38.820,37.941,38.093,0.000,40.988,39.941,39.055,39.235,0.000,42.106,41.064,40.171,40.377,0.000,43.225,42.187,41.288,41.518,0.000,44.344,43.310,42.406,42.658,0.000,45.463,44.434,43.525,43.798,0.000,46.544,45.555,44.643,44.933,0.000,46.653,46.602,45.721,45.986,0.000,21.023,18.989,20.027,20.990,0.000,22.384,20.138,20.151,22.085,0.000,30.112,21.912,21.565,23.715,0.000,30.000,0.000,0.000,0.000,0.000,30.000,0.000,0.000,0.000,0.000,30.000,0.000,0.000,0.000,0.000,33.035,33.060,31.151,31.357,0.000,32.372,32.403,32.174,32.332,0.000,32.105,31.380,33.041,32.143,0.000,32.059,31.410,32.291,31.095,0.000,31.113,32.109,32.062,32.107,0.000,30.000,0.000,0.000,0.000,0.000,32.179,32.178,31.153,33.048,0.000,31.184,33.033,32.183,33.104,0.000,30.000,0.000,0.000,0.000,0.000,33.289,33.286,31.230,33.094,0.000,34.290,34.349,32.376,32.377,0.000,34.326,34.174,33.438,33.440,0.000,35.313,33.401,34.435,34.481,0.000,36.392,34.450,34.513,35.554,0.000,37.511,35.598,35.570,36.667,0.000,38.633,36.748,36.690,37.780,0.000,39.755,37.897,37.811,38.895,0.000,40.879,39.046,38.933,40.011,0.000,42.003,40.194,40.056,41.128,0.000,43.127,41.341,41.180,42.247,0.000,44.252,42.489,42.304,43.366,0.000,45.376,43.636,43.428,44.486,0.000,46.462,44.779,44.552,45.604,0.000,46.572,45.847,45.635,46.646,0.000,19.939,17.876,18.916,19.880,0.000,21.430,19.348,19.057,21.017,0.000,23.476,30.380,20.615,22.789,0.000,30.491,25.201,22.358,30.491,0.000,30.000,0.000,0.000,0.000,0.000,32.951,32.050,31.106,31.106,0.000,32.395,32.446,32.129,32.169,0.000,31.417,31.412,33.010,33.049,0.000,31.381,30.291,32.301,32.274,0.000,32.056,30.351,31.312,32.008,0.000,32.024,31.150,31.392,32.053,0.000,32.137,31.079,32.075,31.079,0.000,33.002,31.220,32.085,32.149,0.000,32.219,32.137,32.216,32.184,0.000,33.273,33.210,33.076,31.224,0.000,34.269,34.186,32.365,32.370,0.000,34.140,34.192,33.421,33.431,0.000,33.362,33.194,34.342,34.356,0.000,34.297,32.291,34.139,34.318,0.000,35.378,33.376,33.438,35.309,0.000,36.526,34.531,34.529,36.430,0.000,37.677,35.689,35.681,37.554,0.000,38.826,36.850,36.832,38.678,0.000,39.976,38.011,37.982,39.803,0.000,41.125,39.174,39.132,40.929,0.000,42.274,40.338,40.282,42.056,0.000,43.422,41.502,41.431,43.183,0.000,44.568,42.667,42.579,44.310,0.000,45.677,43.829,43.726,45.435,0.000,45.788,44.915,44.831,46.484,0.000,19.131,16.763,17.813,18.778,0.000,29.756,18.294,18.284,20.272,0.000,30.000,0.000,0.000,0.000,0.000,30.745,31.000,30.745,24.122,0.000,30.000,0.000,0.000,0.000,0.000,32.350,31.049,31.085,32.044,0.000,31.459,31.980,32.060,32.997,0.000,30.355,31.021,32.333,32.292,0.000,30.284,29.177,31.240,31.184,0.000,31.021,29.253,30.213,31.230,0.000,30.982,30.109,30.335,31.979,0.000,30.000,0.000,0.000,0.000,0.000,32.026,30.121,31.046,32.103,0.000,33.063,31.131,31.256,33.003,0.000,34.041,32.260,32.207,32.287,0.000,34.127,33.293,33.248,33.384,0.000,33.228,33.221,34.181,34.332,0.000,32.283,32.147,34.079,34.056,0.000,33.220,31.148,33.085,33.210,0.000,34.305,32.307,32.303,34.233,0.000,35.466,33.532,33.459,35.389,0.000,36.629,34.752,34.618,36.544,0.000,37.793,35.967,35.779,37.698,0.000,38.958,37.179,36.942,38.851,0.000,40.124,38.387,38.106,40.004,0.000,41.290,39.591,39.270,41.156,0.000,42.457,40.793,40.436,42.308,0.000,43.622,41.991,41.602,43.460,0.000,44.749,43.183,42.767,44.607,0.000,44.863,44.296,43.890,45.678,0.000,17.738,15.637,16.678,17.654,0.000,19.925,17.214,16.860,19.153,0.000,30.562,30.562,19.174,30.562,0.000,30.000,0.000,0.000,0.000,0.000,30.000,0.000,0.000,0.000,0.000,31.049,31.000,31.049,32.313,0.000,30.000,0.000,0.000,0.000,0.000,29.208,28.061,30.808,30.095,0.000,29.977,28.153,29.101,30.134,0.000,29.575,29.072,29.229,30.924,0.000,30.000,28.553,30.047,30.851,0.000,30.938,29.018,29.635,30.994,0.000,32.045,30.057,30.160,31.991,0.000,33.117,31.194,31.205,33.068,0.000,33.157,32.263,32.297,34.077,0.000,32.187,32.190,33.219,34.049,0.000,31.144,31.073,33.040,33.005,0.000,30.000,0.000,0.000,0.000,0.000,33.372,33.229,31.236,33.231,0.000,34.592,34.385,32.465,34.393,0.000,35.808,35.541,33.690,35.556,0.000,37.020,36.697,34.909,36.720,0.000,38.227,37.853,36.125,37.886,0.000,39.432,39.009,37.336,39.053,0.000,40.633,40.165,38.543,40.220,0.000,41.831,41.321,39.747,41.387,0.000,43.024,42.477,40.947,42.555,0.000,44.177,43.629,42.143,43.720,0.000,44.291,44.705,43.294,44.807,0.000,16.968,14.522,15.575,16.541,0.000,29.543,16.398,16.129,18.155,0.000,30.000,0.000,0.000,0.000,0.000,30.000,0.000,0.000,0.000,0.000,28.045,25.834,30.716,30.716,0.000,28.006,26.917,26.950,28.881,0.000,28.948,27.052,27.964,29.035,0.000,28.474,28.052,28.132,29.883,0.000,28.898,27.447,29.008,29.442,0.000,29.861,27.926,28.530,29.892,0.000,30.975,28.982,29.070,30.917,0.000,32.084,30.125,30.133,32.050,0.000,32.127,31.233,31.233,33.087,0.000,31.156,32.226,32.225,33.052,0.000,30.000,0.000,0.000,0.000,0.000,33.143,33.124,31.150,31.150,0.000,34.294,34.207,32.300,32.374,0.000,35.446,35.295,33.451,33.594,0.000,36.598,36.387,34.602,34.809,0.000,37.750,37.484,35.753,36.020,0.000,38.902,38.584,36.905,37.227,0.000,40.054,39.688,38.057,38.430,0.000,41.207,40.795,39.210,39.631,0.000,42.360,41.906,40.362,40.828,0.000,43.511,43.019,41.515,42.022,0.000,44.625,44.131,42.666,43.211,0.000,44.737,45.171,43.776,44.320,0.000,15.757,13.393,14.444,15.422,0.000,29.429,14.908,15.037,17.407,0.000,30.000,0.000,0.000,0.000,0.000,30.000,0.000,0.000,0.000,0.000,30.000,0.000,0.000,0.000,0.000,30.000,0.000,0.000,0.000,0.000,30.000,0.000,0.000,0.000,0.000,26.928,24.575,30.499,26.888,0.000,27.072,30.684,25.880,27.910,0.000,27.927,25.950,26.923,27.939,0.000,27.373,27.103,27.038,28.860,0.000,27.808,26.337,27.984,28.339,0.000,28.784,26.834,27.422,28.800,0.000,29.904,27.908,27.980,29.841,0.000,31.051,29.055,29.061,30.982,0.000,32.124,30.205,30.204,32.092,0.000,32.099,31.310,31.270,32.096,0.000,33.061,32.369,32.261,31.160,0.000,34.059,32.194,32.229,32.220,0.000,35.145,33.339,33.272,33.364,0.000,36.237,34.485,34.355,34.510,0.000,37.333,35.631,35.443,35.657,0.000,38.433,36.777,36.536,36.805,0.000,39.537,37.923,37.633,37.953,0.000,40.644,39.068,38.733,39.101,0.000,41.754,40.214,39.837,40.250,0.000,42.866,41.359,40.945,41.400,0.000,43.980,42.503,42.055,42.549,0.000,45.059,43.645,43.166,43.696,0.000,45.170,44.711,44.240,44.768,0.000,14.244,12.268,13.304,14.280,0.000,15.401,13.352,13.432,15.720,0.000,17.472,14.540,15.005,29.433,0.000,19.414,16.206,16.198,29.597,0.000,21.671,30.211,18.250,30.211,0.000,23.052,30.328,20.145,30.328,0.000,24.306,21.995,21.604,30.145,0.000,30.539,30.720,23.263,25.837,0.000,30.000,0.000,0.000,0.000,0.000,27.140,24.842,30.520,27.010,0.000,26.430,30.669,26.100,28.003,0.000,26.719,25.222,27.029,27.234,0.000,27.707,25.742,26.311,27.708,0.000,28.832,26.834,26.890,28.767,0.000,29.983,27.983,27.987,29.912,0.000,31.131,29.137,29.137,31.061,0.000,32.196,30.287,30.284,32.133,0.000,32.068,31.366,31.343,32.102,0.000,33.163,31.120,32.357,33.095,0.000,34.267,32.280,32.272,34.136,0.000,35.417,33.479,33.423,35.228,0.000,36.566,34.674,34.573,36.324,0.000,37.715,35.864,35.723,37.424,0.000,38.863,37.050,36.872,38.527,0.000,40.011,38.233,38.021,39.634,0.000,41.159,39.412,39.169,40.743,0.000,42.306,40.588,40.317,41.856,0.000,43.451,41.761,41.464,42.970,0.000,44.557,42.928,42.609,44.084,0.000,44.669,44.016,43.713,45.126,0.000,13.165,11.157,12.195,13.157,0.000,14.297,12.277,12.309,14.210,0.000,15.917,13.509,13.452,15.414,0.000,29.463,15.733,15.121,17.501,0.000,30.000,0.000,0.000,0.000,0.000,30.000,0.000,0.000,0.000,0.000,30.361,20.944,30.361,23.085,0.000,30.000,0.000,0.000,0.000,0.000,24.890,22.461,30.487,30.487,0.000,30.319,23.542,23.786,25.849,0.000,30.000,0.000,0.000,0.000,0.000,25.786,24.101,30.422,26.282,0.000,26.631,24.650,25.193,26.615,0.000,27.759,25.760,25.800,27.692,0.000,28.912,26.911,26.914,28.840,0.000,30.065,28.066,28.065,29.994,0.000,31.191,29.240,29.219,31.141,0.000,31.019,30.974,30.342,32.183,0.000,30.000,0.000,0.000,0.000,0.000,33.299,32.553,31.209,33.178,0.000,34.492,33.664,32.412,34.330,0.000,35.682,34.780,33.609,35.483,0.000,36.867,35.900,34.803,36.634,0.000,38.049,37.023,35.991,37.785,0.000,39.227,38.149,37.176,38.935,0.000,40.403,39.277,38.358,40.085,0.000,41.576,40.408,39.536,41.234,0.000,42.744,41.539,40.711,42.382,0.000,43.871,42.669,41.882,43.527,0.000,43.983,43.719,43.008,44.594,0.000,12.088,10.046,11.085,12.048,0.000,13.264,11.226,11.203,13.137,0.000,15.051,13.563,12.424,14.373,0.000,17.711,29.962,14.234,16.571,0.000,30.101,20.015,16.437,30.101,0.000,30.000,0.000,0.000,0.000,0.000,21.202,19.226,29.953,22.104,0.000,22.242,19.902,20.633,29.971,0.000,23.141,21.409,21.082,23.300,0.000,24.643,22.824,22.278,24.410,0.000,24.262,30.503,23.810,30.503,0.000,24.522,22.799,24.740,24.992,0.000,25.549,23.559,23.913,25.517,0.000,26.687,24.687,24.710,26.618,0.000,27.841,25.840,25.841,27.769,0.000,29.015,26.994,26.995,28.923,0.000,30.776,28.171,28.172,30.099,0.000,30.000,0.000,0.000,0.000,0.000,32.399,30.477,31.032,31.032,0.000,33.488,31.606,31.577,32.211,0.000,34.603,32.754,32.683,33.406,0.000,35.721,33.901,33.793,34.596,0.000,36.842,35.047,34.907,35.782,0.000,37.967,36.193,36.026,36.965,0.000,39.094,37.338,37.147,38.145,0.000,40.223,38.483,38.272,39.321,0.000,41.353,39.627,39.399,40.495,0.000,42.484,40.770,40.528,41.666,0.000,43.574,41.906,41.657,42.830,0.000,43.682,42.878,42.743,43.914,0.000,11.032,8.933,9.974,10.938,0.000,13.290,10.726,10.154,12.121,0.000,29.753,30.338,12.552,14.520,0.000,30.000,0.000,0.000,0.000,0.000,30.548,31.000,30.548,18.793,0.000,30.000,0.000,0.000,0.000,0.000,20.112,17.745,29.808,20.470,0.000,21.170,18.813,18.904,20.773,0.000,22.931,30.353,20.360,22.327,0.000,30.134,22.626,21.779,23.442,0.000,30.000,0.000,0.000,0.000,0.000,23.662,21.665,30.185,23.944,0.000,24.474,22.474,22.784,24.425,0.000,25.615,23.615,23.627,25.545,0.000,26.768,24.768,24.769,26.697,0.000,27.922,25.922,25.922,27.852,0.000,29.077,27.076,27.077,29.026,0.000,30.253,28.230,28.253,30.787,0.000,31.383,29.384,29.385,31.332,0.000,32.533,30.537,30.536,32.437,0.000,33.681,31.691,31.687,33.547,0.000,34.829,32.844,32.837,34.662,0.000,35.976,33.997,33.986,35.780,0.000,37.122,35.150,35.133,36.901,0.000,38.267,36.303,36.280,38.026,0.000,39.412,37.455,37.426,39.152,0.000,40.556,38.607,38.572,40.281,0.000,41.694,39.757,39.717,41.411,0.000,42.710,40.898,40.856,42.536,0.000,42.817,41.858,41.949,43.583,0.000,10.469,7.818,8.879,9.845,0.000,28.877,10.054,9.653,11.677,0.000,30.000,0.000,0.000,0.000,0.000,30.000,0.000,0.000,0.000,0.000,30.000,0.000,0.000,0.000,0.000,19.029,16.198,29.668,19.047,0.000,29.709,17.724,17.748,20.014,0.000,30.000,0.000,0.000,0.000,0.000,21.373,30.654,30.380,23.255,0.000,21.567,19.607,22.526,30.003,0.000,22.267,20.267,20.721,22.504,0.000,23.391,21.391,21.418,23.331,0.000,24.543,22.543,22.545,24.472,0.000,25.697,23.697,23.697,25.626,0.000,26.851,24.851,24.851,26.779,0.000,28.005,26.005,26.005,27.933,0.000,29.159,27.159,27.159,29.087,0.000,30.312,28.312,28.312,30.241,0.000,31.466,29.466,29.466,31.394,0.000,32.620,30.620,30.620,32.545,0.000,33.773,31.774,31.773,33.695,0.000,34.926,32.928,32.927,34.844,0.000,36.079,34.081,34.080,35.992,0.000,37.231,35.235,35.233,37.140,0.000,38.383,36.389,36.386,38.286,0.000,39.534,37.542,37.538,39.432,0.000,40.680,38.695,38.690,40.577,0.000,41.684,39.835,39.835,41.711,0.000,41.790,40.825,40.933,42.684,0.000,9.184,6.681,7.737,8.723,0.000,28.763,8.350,8.554,11.130,0.000,30.000,0.000,0.000,0.000,0.000,30.000,0.000,0.000,0.000,0.000,30.000,0.000,0.000,0.000,0.000,17.612,14.579,29.512,17.550,0.000,18.118,30.043,16.269,18.995,0.000,30.048,16.712,18.148,30.048,0.000,30.000,0.000,0.000,0.000,0.000,20.479,18.449,29.858,20.851,0.000,21.180,19.179,19.560,21.135,0.000,22.318,20.318,20.331,22.248,0.000,23.472,21.472,21.472,23.400,0.000,24.626,22.626,22.626,24.554,0.000,25.779,23.779,23.779,25.708,0.000,26.933,24.933,24.933,26.862,0.000,28.087,26.087,26.087,28.016,0.000,29.241,27.241,27.241,29.170,0.000,30.395,28.395,28.395,30.323,0.000,31.549,29.549,29.549,31.477,0.000,32.702,30.703,30.702,32.631,0.000,33.856,31.856,31.856,33.784,0.000,35.010,33.010,33.010,34.937,0.000,36.164,34.164,34.164,36.090,0.000,37.317,35.318,35.318,37.243,0.000,38.470,36.472,36.471,38.395,0.000,39.616,37.625,37.624,39.547,0.000,40.649,38.770,38.773,40.688,0.000,40.755,39.790,39.872,41.651,0.000,7.464,5.550,6.585,7.565,0.000,8.604,6.565,6.714,9.141,0.000,11.016,7.730,8.447,28.758,0.000,29.517,9.528,10.217,29.517,0.000,30.000,0.000,0.000,0.000,0.000,14.944,11.854,29.766,29.766,0.000,29.256,12.897,13.530,15.891,0.000,30.000,0.000,0.000,0.000,0.000,17.232,15.182,29.536,18.020,0.000,18.242,15.803,16.719,29.561,0.000,18.954,16.939,16.970,19.263,0.000,20.093,18.093,18.094,20.034,0.000,21.246,19.246,19.246,21.175,0.000,22.400,20.400,20.400,22.329,0.000,23.554,21.554,21.554,23.483,0.000,24.708,22.708,22.708,24.637,0.000,25.862,23.862,23.862,25.790,0.000,27.016,25.016,25.016,26.944,0.000,28.170,26.170,26.170,28.098,0.000,29.323,27.324,27.323,29.252,0.000,30.477,28.478,28.477,30.406,0.000,31.631,29.632,29.631,31.560,0.000,32.785,30.786,30.785,32.713,0.000,33.939,31.940,31.939,33.867,0.000,35.093,33.094,33.093,35.021,0.000,36.247,34.248,34.247,36.175,0.000,37.400,35.402,35.400,37.328,0.000,38.550,36.556,36.554,38.481,0.000,39.612,37.704,37.704,39.624,0.000,39.720,38.756,38.809,40.616,0.000,6.384,4.443,5.477,6.437,0.000,7.487,5.488,5.586,7.425,0.000,8.637,6.636,6.642,8.585,0.000,9.812,7.790,7.812,10.319,0.000,11.610,8.944,9.610,28.859,0.000,12.121,10.098,10.120,12.643,0.000,13.271,11.252,11.271,13.696,0.000,14.956,12.405,12.956,29.205,0.000,15.578,13.559,13.578,15.984,0.000,16.714,14.713,14.714,16.659,0.000,17.867,15.867,15.867,17.796,0.000,19.021,17.022,17.021,18.950,0.000,20.175,18.176,18.175,20.104,0.000,21.329,19.330,19.329,21.257,0.000,22.483,20.484,20.483,22.411,0.000,23.637,21.638,21.637,23.565,0.000,24.791,22.793,22.791,24.719,0.000,25.945,23.947,23.945,25.873,0.000,27.099,25.102,25.099,27.027,0.000,28.253,26.256,26.253,28.181,0.000,29.407,27.411,27.407,29.335,0.000,30.561,28.566,28.561,30.489,0.000,31.715,29.720,29.715,31.643,0.000,32.869,30.875,30.869,32.796,0.000,34.023,32.030,32.023,33.950,0.000,35.177,33.185,33.177,35.104,0.000,36.331,34.340,34.331,36.258,0.000,37.483,35.496,35.485,37.412,0.000,38.576,36.647,36.637,38.559,0.000,38.686,37.723,37.745,39.582,0.000,5.305,3.334,4.370,5.331,0.000,6.414,4.413,4.480,6.347,0.000,7.565,5.565,5.567,7.493,0.000,8.719,6.719,6.719,8.647,0.000,9.872,7.873,7.872,9.801,0.000,11.026,9.027,9.026,10.955,0.000,12.180,10.181,10.180,12.109,0.000,13.334,11.336,11.334,13.263,0.000,14.488,12.491,12.488,14.417,0.000,15.642,13.646,13.642,15.571,0.000,16.796,14.801,14.796,16.725,0.000,17.951,15.956,15.950,17.879,0.000,19.105,17.112,17.104,19.033,0.000,20.259,18.268,18.258,20.186,0.000,21.413,19.424,19.413,21.340,0.000,22.568,20.580,20.567,22.495,0.000,23.722,21.737,21.721,23.649,0.000,24.877,22.893,22.876,24.803,0.000,26.032,24.050,24.030,25.957,0.000,27.186,25.207,25.185,27.111,0.000,28.341,26.365,26.340,28.265,0.000,29.496,27.522,27.495,29.419,0.000,30.651,28.680,28.649,30.573,0.000,31.806,29.838,29.804,31.728,0.000,32.962,30.996,30.959,32.882,0.000,34.117,32.154,32.115,34.036,0.000,35.272,33.313,33.270,35.191,0.000,36.426,34.471,34.425,36.345,0.000,37.542,35.627,35.579,37.495,0.000,37.654,36.707,36.690,38.548,0.000,4.228,2.224,3.261,4.223,0.000,5.341,3.339,3.374,5.271,0.000,6.493,4.493,4.493,6.422,0.000,7.647,5.650,5.647,7.576,0.000,8.802,6.807,6.801,8.730,0.000,9.956,7.966,7.955,9.884,0.000,11.111,9.125,9.110,11.038,0.000,12.266,10.285,10.265,12.192,0.000,13.421,11.446,11.419,13.346,0.000,14.577,12.607,12.574,14.501,0.000,15.732,13.769,13.730,15.655,0.000,16.888,14.932,14.885,16.810,0.000,18.044,16.095,16.041,17.964,0.000,19.201,17.258,17.197,19.119,0.000,20.357,18.422,18.353,20.273,0.000,21.514,19.586,19.510,21.428,0.000,22.671,20.750,20.666,22.583,0.000,23.829,21.914,21.823,23.738,0.000,24.986,23.079,22.980,24.893,0.000,26.144,24.244,24.138,26.048,0.000,27.302,25.409,25.295,27.204,0.000,28.460,26.575,26.453,28.359,0.000,29.618,27.740,27.611,29.514,0.000,30.776,28.906,28.769,30.670,0.000,31.935,30.071,29.927,31.826,0.000,33.094,31.237,31.086,32.981,0.000,34.253,32.403,32.244,34.137,0.000,35.410,33.569,33.403,35.293,0.000,36.530,34.732,34.560,36.446,0.000,36.644,35.819,35.676,37.522,0.000,3.151,1.113,2.151,3.114,0.000,4.268,2.266,2.267,4.196,0.000,5.426,3.457,3.422,5.352,0.000,6.584,4.647,4.578,6.507,0.000,7.744,5.836,5.736,7.663,0.000,8.904,7.024,6.895,8.818,0.000,10.065,8.210,8.055,9.974,0.000,11.227,9.396,9.215,11.130,0.000,12.390,10.581,10.376,12.287,0.000,13.553,11.765,11.538,13.443,0.000,14.716,12.948,12.701,14.600,0.000,15.880,14.131,13.864,15.757,0.000,17.044,15.313,15.027,16.914,0.000,18.209,16.494,16.191,18.071,0.000,19.373,17.675,17.355,19.229,0.000,20.538,18.855,18.520,20.387,0.000,21.704,20.034,19.684,21.545,0.000,22.869,21.214,20.850,22.703,0.000,24.035,22.392,22.015,23.862,0.000,25.201,23.570,23.180,25.020,0.000,26.367,24.748,24.346,26.179,0.000,27.533,25.925,25.512,27.338,0.000,28.699,27.102,26.678,28.497,0.000,29.865,28.278,27.844,29.656,0.000,31.032,29.454,29.010,30.816,0.000,32.198,30.630,30.177,31.975,0.000,33.365,31.805,31.343,33.135,0.000,34.530,32.980,32.509,34.295,0.000,35.657,34.152,33.674,35.452,0.000,35.771,35.247,34.797,36.533,0.000,0.000,0.000,0.000,0.000,0.000,3.265,2.195,1.195,3.159,0.000,4.456,3.388,2.389,4.318,0.000,5.646,4.581,3.581,5.479,0.000,6.835,5.772,4.772,6.640,0.000,8.023,6.961,5.961,7.802,0.000,9.209,8.150,7.150,8.964,0.000,10.395,9.337,8.337,10.127,0.000,11.580,10.524,9.524,11.291,0.000,12.764,11.710,10.710,12.455,0.000,13.948,12.895,11.895,13.620,0.000,15.130,14.079,13.079,14.785,0.000,16.312,15.262,14.262,15.950,0.000,17.493,16.444,15.444,17.116,0.000,18.674,17.626,16.626,18.282,0.000,19.854,18.807,17.807,19.448,0.000,21.034,19.988,18.988,20.615,0.000,22.213,21.168,20.168,21.781,0.000,23.392,22.348,21.348,22.948,0.000,24.570,23.527,22.527,24.115,0.000,25.747,24.705,23.705,25.282,0.000,26.925,25.883,24.883,26.449,0.000,28.101,27.061,26.061,27.616,0.000,29.278,28.238,27.238,28.783,0.000,30.454,29.414,28.415,29.951,0.000,31.630,30.591,29.591,31.118,0.000,32.805,31.767,30.767,32.285,0.000,33.978,32.942,31.942,33.452,0.000,35.114,34.115,33.116,34.617,0.000,35.228,35.210,34.248,35.705,0.000,
