States
882
Policy
[south, south, west, west, west, west, west, west, west, east, east, east, east, east, east, south, south, south, south, south, south, south, south, south, south, south, west, west, south, south, south, south, south, west, west, west, west, west, west, east, east, east, east, south, south, south, south, south, south, south, south, south, south, south, south, south, south, south, south, south, south, south, west, west, west, west, west, west, west, east, east, east, east, south, south, south, south, south, south, south, south, south, south, south, south, south, south, south, south, south, south, west, west, west, west, west, west, west, west, east, east, east, east, south, south, south, south, south, south, south, south, south, south, south, south, south, south, south, south, south, south, west, west, west, west, west, west, west, west, east, east, east, east, south, south, south, south, south, south, south, south, south, south, south, south, south, south, south, south, south, south, west, west, west, north, north, north, west, west, east, east, east, east, east, south, south, south, south, south, south, west, south, south, south, south, south, south, south, south, south, south, obstacle, north, obstacle, obstacle, obstacle, north, north, east, south, obstacle, east, east, east, south, south, south, south, south, west, west, south, south, south, south, south, south, south, south, south, south, obstacle, north, west, west, obstacle, north, north, obstacle, south, obstacle, east, east, east, south, south, south, south, south, west, west, east, south, south, south, south, west, south, south, south, south, obstacle, obstacle, north, obstacle, obstacle, north, obstacle, east, east, south, east, east, east, east, south, south, south, south, south, obstacle, east, south, south, south, west, west, west, south, south, south, south, obstacle, north, obstacle, east, east, east, north, obstacle, south, east, east, east, east, south, south, south, south, south, south, obstacle, south, south, south, west, west, west, south, south, south, south, south, obstacle, obstacle, north, obstacle, obstacle, east, south, obstacle, obstacle, east, east, south, south, south, south, south, south, south, south, south, west, west, west, south, south, south, south, west, west, obstacle, obstacle, south, obstacle, east, south, obstacle, south, obstacle, south, obstacle, south, east, south, south, south, south, west, south, south, south, south, south, obstacle, south, south, south, south, west, west, west, obstacle, south, south, obstacle, south, south, south, west, east, south, south, east, south, south, south, south, west, south, south, south, south, south, south, south, south, south, south, west, obstacle, north, east, east, east, east, south, west, south, obstacle, obstacle, south, south, obstacle, south, south, south, south, obstacle, south, south, south, south, south, south, south, south, south, south, obstacle, obstacle, east, north, north, obstacle, south, west, south, west, east, east, east, south, south, south, south, south, south, south, south, south, west, west, west, south, south, south, south, obstacle, obstacle, north, north, obstacle, south, south, obstacle, south, west, obstacle, east, east, south, south, west, south, south, south, south, south, south, west, west, west, west, south, south, south, west, obstacle, obstacle, obstacle, east, east, south, south, south, obstacle, south, obstacle, obstacle, south, south, west, east, south, south, south, south, west, west, west, west, west, south, south, south, obstacle, obstacle, obstacle, south, south, west, west, west, south, south, south, west, west, east, south, south, south, west, west, west, west, west, south, south, south, south, obstacle, obstacle, south, south, west, west, west, west, east, east, south, south, obstacle, east, south, south, south, west, west, west, south, south, south, south, south, south, west, obstacle, obstacle, east, south, west, west, west, obstacle, south, obstacle, south, south, south, south, obstacle, south, south, south, west, west, obstacle, south, south, south, south, south, south, obstacle, obstacle, obstacle, south, south, obstacle, north, obstacle, east, south, south, south, east, south, south, south, west, west, west, west, south, south, west, west, west, south, south, obstacle, obstacle, obstacle, south, south, south, south, obstacle, obstacle, obstacle, east, south, east, south, east, south, south, west, west, south, south, obstacle, south, south, west, west, west, south, south, south, obstacle, east, south, east, east, south, west, south, west, west, obstacle, south, east, south, obstacle, south, south, south, obstacle, south, south, south, west, west, west, west, south, south, south, west, south, obstacle, south, obstacle, east, south, west, south, west, obstacle, obstacle, south, obstacle, south, south, south, south, south, south, south, west, west, west, south, obstacle, east, south, south, south, obstacle, south, obstacle, south, obstacle, obstacle, south, obstacle, south, obstacle, south, south, south, south, south, south, south, west, west, west, west, west, south, obstacle, south, south, obstacle, south, south, south, south, south, south, south, south, south, south, south, south, south, south, south, west, west, west, west, west, west, west, west, west, west, south, south, south, south, south, south, south, south, south, south, west, west, west, west, west, west, west, west, west, west, west, west, west, west, west, west, west, west, west, west, west, west, west, west, west, west, west, south, south, west, west, west, west, west, west, west, west, west, west, west, west, west, west, west, west, west, west, west, west, west, west, west, west, west, west, west, west, south, south, west, west, west, west, west, west, west, west, west, west, west, west, west, west, west, west, west, west, west, west, west, west, west, west, west, west, west, west, null, west, west, west, west, west, west, west, west, west, west, west, west, west, west, west, west, west, west, west, west, west, west, west, west, west, west, west, west, west]
Alpha value
0.7
Max number of actions
5
58.389,56.455,57.456,57.456,0.000,59.470,57.513,57.569,58.484,0.000,60.568,58.673,58.632,59.594,0.000,61.654,59.827,59.745,60.695,0.000,62.721,60.965,60.847,61.782,0.000,63.771,62.086,61.934,62.849,0.000,64.807,63.185,63.001,63.899,0.000,66.015,64.278,64.058,64.943,0.000,67.530,65.700,65.299,66.344,0.000,65.957,66.288,66.743,67.034,0.000,64.737,64.890,66.705,65.640,0.000,63.683,63.801,65.505,64.591,0.000,62.621,62.706,64.462,63.542,0.000,61.542,61.592,63.413,62.480,0.000,60.448,60.461,62.351,61.401,0.000,59.495,59.344,61.273,60.311,0.000,59.075,58.401,60.199,59.385,0.000,59.234,58.037,59.343,59.029,0.000,60.139,58.263,59.070,59.261,0.000,61.181,59.274,59.381,60.243,0.000,61.759,60.361,60.382,61.306,0.000,61.223,60.838,61.362,61.778,0.000,61.162,60.215,61.749,61.201,0.000,61.916,60.159,61.203,61.164,0.000,62.974,61.008,61.249,61.992,0.000,64.077,62.119,62.123,63.093,0.000,65.185,63.270,63.236,64.207,0.000,66.148,64.385,64.346,65.311,0.000,66.657,65.295,65.421,66.245,0.000,66.702,65.749,66.299,66.702,0.000,57.343,55.336,56.380,57.362,0.000,58.474,56.433,56.502,58.397,0.000,59.625,57.603,57.604,59.508,0.000,60.763,58.772,58.768,60.611,0.000,61.885,59.932,59.924,61.699,0.000,62.984,61.078,61.063,62.769,0.000,64.071,62.208,62.186,63.821,0.000,65.319,63.330,63.292,64.867,0.000,66.732,64.787,64.569,66.257,0.000,65.154,65.328,66.046,66.974,0.000,63.896,63.913,65.920,65.558,0.000,62.796,62.803,64.691,64.506,0.000,61.681,61.684,63.605,63.454,0.000,60.548,60.548,62.509,62.390,0.000,59.424,59.402,61.395,61.309,0.000,58.441,58.270,60.265,60.214,0.000,58.011,57.302,59.163,59.276,0.000,58.161,56.935,58.287,58.925,0.000,59.091,57.152,58.015,59.154,0.000,60.156,58.189,58.319,60.134,0.000,60.761,59.297,59.348,61.195,0.000,60.172,59.810,60.348,61.697,0.000,60.093,59.119,60.747,61.098,0.000,60.866,59.054,60.149,61.068,0.000,61.932,59.925,60.186,61.897,0.000,63.071,61.048,61.085,63.000,0.000,64.189,62.201,62.207,64.113,0.000,65.129,63.323,63.352,65.216,0.000,65.640,64.241,64.436,66.153,0.000,65.690,64.698,65.289,66.619,0.000,56.261,54.216,55.262,56.249,0.000,57.402,55.350,55.386,57.322,0.000,58.566,56.526,56.525,58.483,0.000,59.724,57.705,57.699,59.638,0.000,60.868,58.883,58.869,60.778,0.000,61.998,60.055,60.030,61.901,0.000,63.113,61.216,61.176,63.002,0.000,64.391,62.376,62.314,64.099,0.000,65.771,63.863,63.626,65.523,0.000,64.175,64.338,65.122,66.158,0.000,62.897,62.902,64.953,64.712,0.000,61.773,61.774,63.706,63.619,0.000,60.637,60.638,62.601,62.521,0.000,59.491,59.489,61.482,61.405,0.000,58.351,58.334,60.347,60.273,0.000,57.344,57.192,59.204,59.149,0.000,56.911,56.199,58.088,58.183,0.000,57.052,55.831,57.186,57.828,0.000,58.005,56.037,56.913,58.048,0.000,59.090,57.101,57.209,59.053,0.000,59.731,58.230,58.266,60.139,0.000,59.081,58.782,59.284,60.665,0.000,58.992,58.021,59.716,60.008,0.000,59.784,57.946,59.050,59.966,0.000,60.860,58.843,59.082,60.819,0.000,62.002,59.973,60.003,61.930,0.000,63.128,61.131,61.136,63.079,0.000,64.076,62.257,62.284,64.191,0.000,64.590,63.186,63.373,65.103,0.000,64.640,63.645,64.234,65.572,0.000,55.172,53.080,54.135,55.120,0.000,56.326,54.273,54.268,56.243,0.000,57.501,55.496,55.446,57.414,0.000,58.678,56.756,56.627,58.582,0.000,59.851,58.050,57.811,59.744,0.000,61.012,59.332,58.994,60.892,0.000,62.166,60.576,60.170,62.025,0.000,63.473,61.811,61.340,63.150,0.000,64.791,63.320,62.686,64.604,0.000,63.170,63.388,64.194,65.191,0.000,61.869,61.900,63.960,63.724,0.000,60.728,60.730,62.693,62.611,0.000,59.579,59.579,61.569,61.492,0.000,58.423,58.422,60.435,60.358,0.000,57.274,57.262,59.289,59.213,0.000,56.243,56.113,58.136,58.077,0.000,55.810,55.096,57.010,57.085,0.000,55.939,54.726,56.082,56.728,0.000,56.917,54.920,55.808,56.938,0.000,58.021,56.013,56.097,57.969,0.000,58.701,57.160,57.182,59.076,0.000,57.988,57.757,58.217,59.634,0.000,57.887,56.920,58.684,58.913,0.000,58.702,56.837,57.950,58.864,0.000,59.785,57.760,57.975,59.738,0.000,60.933,58.898,58.922,60.859,0.000,62.063,60.058,60.061,62.010,0.000,63.021,61.192,61.213,63.129,0.000,63.537,62.129,62.308,64.050,0.000,63.587,62.592,63.179,64.522,0.000,54.074,51.936,52.993,53.982,0.000,55.333,54.339,53.187,55.195,0.000,56.593,55.679,54.418,56.386,0.000,57.916,57.947,55.685,57.603,0.000,59.213,59.974,56.989,58.804,0.000,60.456,61.185,58.286,59.982,0.000,61.661,61.658,59.544,61.123,0.000,63.008,62.810,60.793,62.286,0.000,63.875,64.176,62.164,63.748,0.000,62.206,63.191,63.653,64.234,0.000,60.853,61.536,63.027,62.736,0.000,59.673,59.721,61.690,61.583,0.000,58.512,58.515,60.525,60.445,0.000,57.350,57.350,59.377,59.299,0.000,56.196,56.187,58.222,58.146,0.000,55.142,55.033,57.065,57.001,0.000,54.708,53.993,55.930,55.985,0.000,54.825,53.622,54.978,55.626,0.000,55.829,53.802,54.703,55.825,0.000,56.948,54.924,54.982,56.883,0.000,57.675,56.088,56.097,58.011,0.000,56.893,56.733,57.147,58.605,0.000,56.782,55.818,57.655,57.817,0.000,57.619,55.726,56.846,57.758,0.000,58.711,56.677,56.867,58.658,0.000,59.861,57.821,57.839,59.786,0.000,60.999,58.984,58.986,60.941,0.000,61.965,60.123,60.140,62.065,0.000,62.485,61.071,61.243,62.996,0.000,62.534,61.537,62.122,63.470,0.000,54.087,50.792,51.890,52.882,0.000,56.642,71.360,53.328,55.344,0.000,57.871,58.960,54.687,55.611,0.000,60.805,71.451,57.026,57.839,0.000,61.991,71.482,59.204,59.112,0.000,62.436,71.554,61.049,60.331,0.000,62.786,63.640,61.450,60.766,0.000,63.969,64.018,61.919,61.933,0.000,63.669,65.592,63.148,63.358,0.000,62.040,63.992,64.306,63.537,0.000,60.523,71.239,63.405,62.376,0.000,58.657,59.331,61.322,60.586,0.000,57.443,57.467,59.514,59.390,0.000,56.275,56.276,58.313,58.233,0.000,55.117,55.111,57.151,57.075,0.000,54.041,53.954,55.991,55.924,0.000,53.606,52.890,54.851,54.884,0.000,53.710,52.518,53.874,54.523,0.000,54.740,52.683,53.598,54.711,0.000,55.873,53.836,53.865,55.796,0.000,56.654,55.035,55.013,56.942,0.000,55.797,55.713,56.075,57.580,0.000,55.675,54.713,56.628,56.719,0.000,56.538,54.614,55.741,56.651,0.000,57.635,55.594,55.757,57.576,0.000,58.789,56.745,56.757,58.713,0.000,59.931,57.908,57.910,59.870,0.000,60.909,59.055,59.067,61.001,0.000,61.431,60.014,60.175,61.940,0.000,61.480,60.482,61.065,62.416,0.000,71.450,49.603,51.904,52.929,0.000,70.000,0.000,0.000,0.000,0.000,71.404,64.016,71.404,58.140,0.000,70.000,0.000,0.000,0.000,0.000,70.000,0.000,0.000,0.000,0.000,70.000,0.000,0.000,0.000,0.000,64.772,66.261,71.926,62.781,0.000,65.522,66.365,63.876,63.127,0.000,64.630,71.493,64.778,64.792,0.000,71.482,62.915,66.175,63.888,0.000,70.000,0.000,0.000,0.000,0.000,58.282,58.987,71.309,60.228,0.000,56.392,56.419,59.077,58.349,0.000,55.200,55.201,57.264,57.163,0.000,54.038,54.035,56.079,56.002,0.000,52.941,52.876,54.917,54.847,0.000,52.505,51.788,53.772,53.784,0.000,52.593,51.414,52.771,53.421,0.000,53.651,51.562,52.493,53.594,0.000,54.818,52.760,52.748,54.710,0.000,55.668,54.835,53.960,55.902,0.000,54.698,54.696,55.023,56.559,0.000,54.568,53.606,55.604,55.618,0.000,55.456,53.501,54.633,55.543,0.000,56.560,54.513,54.647,56.496,0.000,57.715,55.668,55.676,57.638,0.000,58.864,56.833,56.833,58.798,0.000,59.851,57.984,57.992,59.934,0.000,60.377,58.956,59.107,60.885,0.000,60.426,59.427,60.007,61.357,0.000,71.414,47.078,49.520,51.704,0.000,70.000,0.000,0.000,0.000,0.000,65.909,71.224,71.425,61.294,0.000,68.276,67.136,63.535,71.667,0.000,71.224,71.224,66.834,71.224,0.000,70.000,0.000,0.000,0.000,0.000,67.053,68.526,71.917,64.714,0.000,71.628,71.308,66.910,65.537,0.000,70.000,0.000,0.000,0.000,0.000,71.322,60.981,71.322,65.168,0.000,70.000,0.000,0.000,0.000,0.000,57.266,57.449,71.296,59.824,0.000,55.319,55.364,58.060,57.303,0.000,54.124,54.129,56.193,56.090,0.000,52.960,52.959,55.005,54.928,0.000,51.841,51.799,53.843,53.771,0.000,51.404,50.687,52.694,52.684,0.000,51.475,50.311,51.668,52.320,0.000,52.574,50.440,51.389,52.477,0.000,54.607,52.061,51.674,53.677,0.000,55.514,71.060,53.821,55.748,0.000,53.684,55.287,54.849,55.630,0.000,53.451,52.497,54.583,54.516,0.000,54.370,52.387,53.523,54.423,0.000,55.484,53.433,53.536,55.416,0.000,56.641,54.592,54.595,56.564,0.000,57.795,55.757,55.756,57.724,0.000,58.795,56.914,56.916,58.868,0.000,59.316,57.899,58.037,59.828,0.000,59.367,58.373,58.950,60.297,0.000,71.386,44.450,46.993,49.271,0.000,70.000,0.000,0.000,0.000,0.000,70.000,0.000,0.000,0.000,0.000,71.459,71.295,71.459,66.273,0.000,70.000,0.000,0.000,0.000,0.000,70.000,0.000,0.000,0.000,0.000,71.516,69.707,71.516,67.079,0.000,70.000,0.000,0.000,0.000,0.000,61.192,65.411,71.319,71.319,0.000,58.164,71.296,62.803,62.620,0.000,57.836,55.776,60.002,71.370,0.000,55.640,57.463,57.235,58.296,0.000,54.263,55.303,56.527,56.250,0.000,53.052,53.159,55.141,55.021,0.000,51.884,51.890,53.935,53.854,0.000,50.741,50.722,52.766,52.683,0.000,50.300,49.587,51.606,51.585,0.000,50.356,49.209,50.566,51.219,0.000,51.830,49.315,50.288,51.370,0.000,71.108,50.970,51.467,53.502,0.000,70.000,0.000,0.000,0.000,0.000,54.361,71.012,71.030,56.317,0.000,52.375,51.380,55.081,53.465,0.000,53.276,51.262,52.411,53.290,0.000,54.409,52.355,52.424,54.332,0.000,55.567,53.517,53.516,55.490,0.000,56.727,54.714,54.681,56.652,0.000,57.740,55.893,55.843,57.801,0.000,58.256,56.842,56.967,58.773,0.000,58.307,57.318,57.893,59.238,0.000,45.280,41.712,42.868,45.255,0.000,71.240,44.478,46.003,71.240,0.000,70.000,0.000,0.000,0.000,0.000,71.233,71.000,71.233,69.225,0.000,70.000,0.000,0.000,0.000,0.000,70.213,71.208,71.208,71.208,0.000,67.659,71.078,70.985,68.247,0.000,66.372,71.377,69.592,71.377,0.000,71.339,71.181,68.337,63.923,0.000,70.000,0.000,0.000,0.000,0.000,58.422,54.440,71.341,57.814,0.000,56.407,71.206,56.833,57.587,0.000,54.297,71.170,58.018,56.160,0.000,52.089,54.061,55.133,54.055,0.000,50.816,50.911,52.966,52.785,0.000,49.643,49.634,51.683,51.587,0.000,49.177,48.481,50.508,50.487,0.000,49.232,48.099,49.464,50.106,0.000,49.815,48.187,49.152,50.217,0.000,51.720,48.864,49.358,51.800,0.000,71.060,50.886,52.043,71.060,0.000,70.000,0.000,0.000,0.000,0.000,52.117,50.167,71.028,53.204,0.000,52.175,50.125,51.235,52.154,0.000,53.329,51.277,51.311,53.240,0.000,54.527,52.500,52.442,54.419,0.000,55.736,54.557,53.640,55.611,0.000,56.710,55.573,54.826,56.759,0.000,57.198,55.786,55.945,57.719,0.000,57.246,56.259,56.837,58.178,0.000,42.743,40.522,41.580,42.629,0.000,46.749,41.844,41.879,45.315,0.000,71.238,46.133,46.180,71.238,0.000,70.000,0.000,0.000,0.000,0.000,70.000,0.000,0.000,0.000,0.000,71.208,71.000,71.208,70.213,0.000,70.000,0.000,0.000,0.000,0.000,70.000,0.000,0.000,0.000,0.000,56.450,71.113,71.113,71.113,0.000,71.343,51.976,58.158,56.416,0.000,70.000,0.000,0.000,0.000,0.000,70.000,0.000,0.000,0.000,0.000,53.092,71.068,71.147,55.000,0.000,49.828,50.242,53.804,51.803,0.000,48.543,48.540,50.663,50.495,0.000,48.051,47.348,49.411,49.363,0.000,48.141,46.970,48.362,48.981,0.000,48.666,47.094,48.049,49.092,0.000,49.667,47.720,48.195,49.738,0.000,49.165,48.786,48.863,51.611,0.000,50.075,48.093,50.800,71.049,0.000,49.934,47.955,49.187,50.954,0.000,51.044,48.990,49.138,50.986,0.000,52.297,50.207,50.192,52.146,0.000,54.366,52.277,51.428,53.405,0.000,56.244,71.020,53.547,55.449,0.000,55.687,54.557,54.637,55.770,0.000,56.163,54.729,55.597,56.688,0.000,56.186,55.198,55.779,57.119,0.000,41.555,39.384,40.438,41.445,0.000,44.325,40.777,40.648,42.792,0.000,71.342,45.350,43.613,48.358,0.000,70.000,0.000,0.000,0.000,0.000,70.000,0.000,0.000,0.000,0.000,71.125,55.341,71.125,71.125,0.000,70.000,0.000,0.000,0.000,0.000,52.936,71.096,71.096,71.096,0.000,71.189,47.929,56.003,71.189,0.000,70.000,0.000,0.000,0.000,0.000,71.208,49.475,71.208,55.098,0.000,70.000,0.000,0.000,0.000,0.000,71.069,53.826,71.069,71.069,0.000,70.000,0.000,0.000,0.000,0.000,49.747,49.091,71.179,51.788,0.000,47.446,48.562,49.939,49.454,0.000,46.923,46.210,48.314,48.229,0.000,47.052,45.840,47.234,47.855,0.000,47.548,46.003,46.942,48.000,0.000,48.631,46.599,47.105,48.593,0.000,48.063,48.817,47.764,49.630,0.000,47.869,46.983,48.701,48.971,0.000,48.799,46.822,48.038,48.854,0.000,49.963,47.891,48.007,49.855,0.000,51.998,49.113,49.122,51.082,0.000,71.023,51.230,51.262,53.258,0.000,70.000,0.000,0.000,0.000,0.000,55.453,53.511,71.028,56.245,0.000,55.104,53.644,54.548,55.632,0.000,55.126,54.139,54.697,56.059,0.000,40.523,38.237,39.307,40.304,0.000,43.594,42.843,39.636,41.729,0.000,49.447,71.211,42.801,46.206,0.000,71.232,53.561,47.352,71.232,0.000,70.000,0.000,0.000,0.000,0.000,53.129,51.998,71.359,57.063,0.000,71.225,50.772,55.229,71.225,0.000,70.000,0.000,0.000,0.000,0.000,47.391,45.219,71.271,50.004,0.000,48.032,44.914,47.636,71.269,0.000,50.425,45.683,46.232,50.198,0.000,53.806,71.164,49.737,71.164,0.000,50.598,71.161,52.237,55.614,0.000,49.199,48.041,52.471,71.177,0.000,48.561,46.777,48.982,49.892,0.000,47.555,71.101,49.035,49.574,0.000,45.832,45.071,48.299,47.133,0.000,45.964,44.709,46.097,46.729,0.000,46.426,44.914,45.817,46.910,0.000,48.618,45.474,46.053,47.513,0.000,48.156,71.029,47.874,49.798,0.000,46.777,45.870,48.692,47.900,0.000,47.700,45.687,46.924,47.724,0.000,48.841,46.794,46.874,48.757,0.000,50.034,47.988,47.993,49.970,0.000,51.263,49.186,49.219,52.010,0.000,53.329,50.354,51.314,71.023,0.000,53.486,51.505,51.543,54.313,0.000,54.014,52.557,52.635,54.522,0.000,54.066,53.080,53.613,55.000,0.000,42.448,37.069,38.258,39.254,0.000,71.168,71.072,41.920,44.060,0.000,70.000,0.000,0.000,0.000,0.000,55.539,71.127,71.242,51.533,0.000,52.243,54.469,54.034,71.380,0.000,49.699,52.060,53.077,52.864,0.000,48.312,52.827,50.734,51.663,0.000,46.877,71.177,51.785,71.177,0.000,44.882,42.590,47.553,46.116,0.000,45.452,44.995,43.795,45.826,0.000,71.260,44.483,46.290,47.924,0.000,70.000,0.000,0.000,0.000,0.000,70.000,0.000,0.000,0.000,0.000,47.986,46.906,71.157,50.067,0.000,71.151,45.596,49.047,48.936,0.000,70.000,0.000,0.000,0.000,0.000,45.938,43.887,71.124,47.234,0.000,44.877,43.575,44.921,45.600,0.000,45.264,43.826,44.686,45.820,0.000,71.052,44.303,46.150,47.577,0.000,70.000,0.000,0.000,0.000,0.000,46.802,44.715,71.020,47.946,0.000,46.602,44.550,45.772,46.591,0.000,47.748,45.700,45.741,47.660,0.000,48.942,46.896,46.897,48.850,0.000,50.139,48.095,48.095,50.046,0.000,51.323,49.280,49.280,51.243,0.000,52.399,50.433,50.436,52.402,0.000,52.957,51.502,51.563,53.439,0.000,53.010,52.024,52.557,53.943,0.000,71.182,35.778,38.660,39.765,0.000,70.000,0.000,0.000,0.000,0.000,70.000,0.000,0.000,0.000,0.000,53.549,58.599,71.403,54.536,0.000,53.155,55.593,54.426,51.104,0.000,71.230,71.129,54.425,52.065,0.000,70.000,0.000,0.000,0.000,0.000,46.302,41.303,71.211,45.063,0.000,44.484,71.143,44.020,46.155,0.000,45.691,41.867,44.964,45.386,0.000,50.504,46.075,44.834,71.206,0.000,48.331,71.132,48.775,71.132,0.000,44.505,48.261,49.083,47.847,0.000,43.022,44.444,45.426,46.372,0.000,43.837,41.709,45.320,71.111,0.000,43.405,41.311,42.785,44.658,0.000,43.750,42.441,42.492,44.425,0.000,42.901,42.742,43.511,44.689,0.000,42.436,41.797,43.685,45.038,0.000,44.554,41.301,44.198,71.022,0.000,44.328,42.239,42.513,45.457,0.000,45.465,43.412,43.432,45.416,0.000,46.656,44.607,44.608,46.566,0.000,47.851,45.804,45.804,47.759,0.000,49.047,47.002,47.002,48.954,0.000,50.241,48.199,48.199,50.151,0.000,51.345,49.362,49.363,51.331,0.000,51.901,50.448,50.492,52.385,0.000,51.953,50.967,51.503,52.887,0.000,71.152,32.612,35.673,38.406,0.000,70.000,0.000,0.000,0.000,0.000,70.000,0.000,0.000,0.000,0.000,57.807,71.137,71.276,56.799,0.000,71.276,71.147,59.581,54.712,0.000,70.000,0.000,0.000,0.000,0.000,42.829,41.409,71.116,71.116,0.000,71.183,38.397,43.825,43.733,0.000,70.000,0.000,0.000,0.000,0.000,47.093,40.603,71.212,44.404,0.000,71.151,71.068,44.970,48.591,0.000,70.000,0.000,0.000,0.000,0.000,47.357,71.038,71.086,48.204,0.000,43.450,71.077,49.279,45.522,0.000,41.313,40.572,44.157,42.648,0.000,42.269,40.169,41.601,42.230,0.000,42.712,41.357,41.356,43.298,0.000,41.790,41.710,42.428,43.609,0.000,41.257,40.679,42.599,42.674,0.000,42.080,40.161,41.690,42.218,0.000,43.191,41.141,41.330,43.119,0.000,44.374,42.322,42.333,44.284,0.000,45.566,43.516,43.516,45.475,0.000,46.760,44.714,44.712,46.668,0.000,47.957,45.915,45.910,47.864,0.000,49.152,47.117,47.109,49.060,0.000,50.286,48.298,48.290,50.252,0.000,50.845,49.395,49.422,51.332,0.000,50.898,49.912,50.450,51.832,0.000,37.168,29.318,30.667,33.513,0.000,71.042,71.042,36.829,71.042,0.000,70.000,0.000,0.000,0.000,0.000,70.000,0.000,0.000,0.000,0.000,70.000,0.000,0.000,0.000,0.000,44.819,71.059,71.059,71.059,0.000,38.720,71.116,46.897,43.942,0.000,35.972,35.364,39.451,39.172,0.000,40.189,34.705,38.207,71.161,0.000,71.178,37.629,37.745,42.872,0.000,70.000,0.000,0.000,0.000,0.000,71.068,43.532,71.068,71.068,0.000,70.000,0.000,0.000,0.000,0.000,70.000,0.000,0.000,0.000,0.000,41.597,39.381,71.084,42.938,0.000,41.179,39.024,40.416,41.090,0.000,41.728,41.704,40.271,42.265,0.000,40.681,40.737,41.347,42.579,0.000,40.123,39.559,41.562,41.560,0.000,40.983,39.020,40.569,41.083,0.000,42.101,40.045,40.193,42.022,0.000,43.285,41.232,41.237,43.195,0.000,44.479,42.431,42.426,44.386,0.000,45.677,43.679,43.623,45.581,0.000,46.877,44.921,44.824,46.777,0.000,48.074,46.117,46.025,47.973,0.000,49.227,47.280,47.221,49.166,0.000,49.790,48.343,48.359,50.273,0.000,49.842,48.856,49.397,50.778,0.000,71.101,27.932,31.115,32.310,0.000,70.000,0.000,0.000,0.000,0.000,70.000,0.000,0.000,0.000,0.000,70.000,0.000,0.000,0.000,0.000,36.402,34.188,71.138,38.016,0.000,35.751,33.501,35.170,35.668,0.000,38.619,34.873,34.801,38.421,0.000,41.699,37.934,37.857,71.180,0.000,41.795,39.426,39.223,44.145,0.000,40.630,40.613,41.922,71.123,0.000,39.433,37.825,42.910,71.080,0.000,38.860,36.587,38.812,40.161,0.000,41.437,38.788,37.880,39.968,0.000,42.246,71.036,40.719,42.730,0.000,39.717,42.537,41.744,41.694,0.000,38.989,38.437,40.583,40.446,0.000,39.887,37.877,39.445,39.947,0.000,41.011,38.952,39.054,40.927,0.000,42.201,40.144,40.142,42.107,0.000,43.447,41.439,41.341,43.303,0.000,44.732,44.050,42.593,44.547,0.000,45.922,45.134,43.836,45.742,0.000,47.046,45.086,45.031,46.897,0.000,48.160,46.197,46.222,48.088,0.000,48.738,47.291,47.345,49.216,0.000,48.788,47.802,48.345,49.724,0.000,71.078,24.440,27.821,30.844,0.000,70.000,0.000,0.000,0.000,0.000,70.000,0.000,0.000,0.000,0.000,36.041,31.792,71.063,71.063,0.000,33.339,31.068,32.883,34.925,0.000,34.686,34.263,32.355,34.468,0.000,37.738,37.463,33.739,35.901,0.000,40.860,71.112,36.921,40.474,0.000,40.782,41.832,38.302,40.276,0.000,39.631,71.084,41.126,43.052,0.000,36.688,37.811,40.368,38.803,0.000,38.601,35.399,37.659,37.572,0.000,71.054,37.712,38.241,40.356,0.000,70.000,0.000,0.000,0.000,0.000,41.670,71.005,71.015,43.697,0.000,37.946,37.311,42.226,39.424,0.000,38.793,36.732,38.318,38.808,0.000,39.924,37.860,37.914,39.834,0.000,41.208,39.104,39.055,41.024,0.000,43.814,41.790,40.355,42.320,0.000,46.286,71.011,43.064,44.948,0.000,44.941,44.137,44.158,44.800,0.000,46.004,43.999,45.194,45.939,0.000,47.093,45.107,45.186,47.058,0.000,47.680,46.232,46.270,48.148,0.000,47.733,46.747,47.293,48.670,0.000,29.563,20.808,22.204,25.352,0.000,71.020,71.020,29.298,71.020,0.000,70.000,0.000,0.000,0.000,0.000,70.000,0.000,0.000,0.000,0.000,35.957,71.026,71.026,71.026,0.000,31.073,28.540,36.328,32.718,0.000,34.008,31.199,29.894,32.039,0.000,39.056,71.078,33.320,35.389,0.000,71.142,45.262,36.587,36.940,0.000,70.000,0.000,0.000,0.000,0.000,71.087,40.951,71.087,42.639,0.000,70.000,0.000,0.000,0.000,0.000,37.047,36.749,71.054,39.246,0.000,36.043,34.149,37.544,36.373,0.000,36.600,34.943,35.362,38.482,0.000,71.014,35.612,39.366,71.014,0.000,70.000,0.000,0.000,0.000,0.000,38.270,36.076,71.009,39.766,0.000,37.698,35.585,37.092,37.665,0.000,38.879,36.770,36.773,38.744,0.000,41.461,38.111,38.016,39.990,0.000,71.012,42.342,40.752,42.753,0.000,70.000,0.000,0.000,0.000,0.000,45.195,43.089,71.014,46.299,0.000,44.914,42.863,44.141,44.902,0.000,46.020,44.014,44.055,45.968,0.000,46.618,45.167,45.185,47.078,0.000,46.679,45.693,46.233,47.611,0.000,71.043,19.387,22.892,24.127,0.000,70.000,0.000,0.000,0.000,0.000,70.000,0.000,0.000,0.000,0.000,70.000,0.000,0.000,0.000,0.000,32.939,27.094,71.066,31.573,0.000,71.071,30.116,30.411,32.795,0.000,70.000,0.000,0.000,0.000,0.000,71.046,71.000,71.046,42.986,0.000,70.000,0.000,0.000,0.000,0.000,36.427,39.564,71.072,43.194,0.000,36.842,33.147,38.983,71.054,0.000,34.074,33.925,34.297,37.474,0.000,34.901,32.912,34.888,35.082,0.000,33.858,35.485,34.082,35.882,0.000,33.140,32.684,34.797,36.317,0.000,35.925,31.947,35.492,71.007,0.000,35.371,33.185,33.196,36.788,0.000,36.610,36.145,34.440,36.527,0.000,37.880,36.997,35.681,37.702,0.000,40.616,38.171,36.976,38.995,0.000,43.039,71.007,39.886,43.110,0.000,42.957,40.670,42.433,71.010,0.000,42.669,40.525,41.778,43.853,0.000,43.775,41.730,41.723,43.724,0.000,44.950,42.979,42.921,44.877,0.000,45.558,44.164,44.098,46.011,0.000,45.626,44.640,45.174,46.550,0.000,71.029,15.544,19.269,22.606,0.000,70.000,0.000,0.000,0.000,0.000,70.000,0.000,0.000,0.000,0.000,70.000,0.000,0.000,0.000,0.000,30.556,30.454,71.039,71.039,0.000,27.109,24.928,33.091,71.056,0.000,27.697,23.510,25.987,27.864,0.000,71.055,26.901,27.096,32.783,0.000,70.000,0.000,0.000,0.000,0.000,70.000,0.000,0.000,0.000,0.000,70.000,0.000,0.000,0.000,0.000,36.931,71.013,71.038,40.823,0.000,34.072,31.890,37.491,34.211,0.000,32.894,34.465,33.051,34.881,0.000,35.444,31.726,33.903,33.919,0.000,34.585,71.012,34.756,36.584,0.000,31.992,31.578,35.278,33.631,0.000,33.037,30.794,32.562,32.904,0.000,35.921,33.602,32.100,34.190,0.000,38.529,71.004,35.182,37.174,0.000,37.954,36.003,36.280,36.715,0.000,71.006,37.111,38.683,39.510,0.000,70.000,0.000,0.000,0.000,0.000,41.876,39.614,71.008,42.988,0.000,41.537,39.387,40.667,41.438,0.000,42.788,42.059,40.640,42.640,0.000,43.995,43.365,41.893,43.841,0.000,44.532,44.061,43.099,44.977,0.000,44.576,43.584,44.175,45.492,0.000,18.783,11.548,12.907,16.380,0.000,71.013,18.316,18.349,71.013,0.000,70.000,0.000,0.000,0.000,0.000,32.210,71.016,71.016,71.016,0.000,30.713,24.091,34.891,71.054,0.000,27.342,71.031,27.801,33.216,0.000,23.681,27.866,28.101,26.009,0.000,24.500,22.205,24.597,24.448,0.000,25.347,25.570,23.570,27.605,0.000,31.002,24.295,27.068,71.038,0.000,37.915,30.072,28.152,71.049,0.000,71.016,71.016,35.608,71.016,0.000,70.000,0.000,0.000,0.000,0.000,36.250,30.562,71.027,34.767,0.000,33.557,71.013,33.674,35.697,0.000,71.020,30.465,36.167,34.580,0.000,70.000,0.000,0.000,0.000,0.000,32.607,30.409,71.004,34.289,0.000,33.338,29.637,31.445,31.805,0.000,71.001,32.562,32.687,34.826,0.000,70.000,0.000,0.000,0.000,0.000,37.049,34.907,71.003,38.518,0.000,36.539,34.308,35.971,37.882,0.000,39.374,35.561,37.161,71.001,0.000,39.197,38.485,36.882,40.384,0.000,41.857,41.007,38.244,40.398,0.000,44.599,71.008,41.070,43.090,0.000,44.060,46.620,42.380,43.042,0.000,43.522,43.067,43.434,44.024,0.000,43.547,42.520,44.026,44.463,0.000,15.292,10.189,11.389,12.581,0.000,21.173,71.012,14.676,21.675,0.000,71.011,17.737,21.140,71.011,0.000,70.000,0.000,0.000,0.000,0.000,71.019,22.495,71.019,29.602,0.000,70.000,0.000,0.000,0.000,0.000,26.987,71.007,71.022,29.265,0.000,25.478,20.971,27.518,23.374,0.000,26.392,71.014,24.634,26.815,0.000,29.458,23.081,25.727,25.399,0.000,71.024,71.007,28.978,33.298,0.000,70.000,0.000,0.000,0.000,0.000,70.000,0.000,0.000,0.000,0.000,71.008,27.156,71.008,35.296,0.000,70.000,0.000,0.000,0.000,0.000,29.372,27.147,71.005,33.106,0.000,30.298,26.157,30.184,71.002,0.000,29.392,27.254,27.388,31.112,0.000,30.496,28.424,28.431,30.528,0.000,31.728,29.600,29.662,33.273,0.000,34.701,30.778,32.653,71.000,0.000,34.094,31.962,32.023,35.612,0.000,35.335,33.206,33.155,35.193,0.000,38.243,36.047,34.471,36.554,0.000,42.309,71.005,37.510,39.552,0.000,71.006,40.062,40.174,40.783,0.000,70.000,0.000,0.000,0.000,0.000,45.856,71.003,71.009,46.181,0.000,42.605,42.020,46.461,44.033,0.000,42.450,41.420,42.984,43.399,0.000,71.005,8.911,12.812,13.937,0.000,70.000,0.000,0.000,0.000,0.000,71.008,13.944,71.008,23.674,0.000,70.000,0.000,0.000,0.000,0.000,71.009,16.163,71.009,27.972,0.000,70.000,0.000,0.000,0.000,0.000,70.000,0.000,0.000,0.000,0.000,71.007,19.493,71.007,26.625,0.000,70.000,0.000,0.000,0.000,0.000,71.007,21.713,71.007,28.541,0.000,70.000,0.000,0.000,0.000,0.000,26.052,21.520,71.000,71.000,0.000,24.733,20.295,24.852,71.002,0.000,23.654,21.433,21.660,27.560,0.000,26.968,22.650,24.908,71.000,0.000,25.989,23.841,23.917,27.845,0.000,27.079,25.005,25.007,27.065,0.000,28.242,26.172,26.172,28.165,0.000,29.411,27.343,27.343,29.330,0.000,30.584,28.518,28.518,30.501,0.000,31.761,29.695,29.695,31.676,0.000,32.993,30.878,30.877,32.857,0.000,35.710,32.120,32.119,34.102,0.000,71.000,35.011,35.061,37.086,0.000,70.000,0.000,0.000,0.000,0.000,40.991,37.431,71.007,42.362,0.000,71.002,38.480,41.632,71.002,0.000,70.000,0.000,0.000,0.000,0.000,42.781,40.793,71.004,44.257,0.000,41.345,40.318,41.772,42.297,0.000,6.770,4.632,5.825,9.555,0.000,10.872,5.698,8.857,71.000,0.000,9.257,6.909,7.114,14.296,0.000,13.180,8.128,11.040,71.000,0.000,11.669,9.348,9.539,16.518,0.000,15.491,10.568,13.370,71.000,0.000,16.648,11.788,14.534,71.000,0.000,15.293,13.008,13.187,19.856,0.000,18.963,14.228,16.864,71.000,0.000,17.712,15.448,15.620,22.084,0.000,21.280,16.668,19.194,71.000,0.000,20.052,17.888,17.972,22.142,0.000,21.185,19.108,19.111,21.156,0.000,22.397,20.328,20.328,22.298,0.000,23.612,21.549,21.548,23.510,0.000,24.827,22.761,22.760,24.726,0.000,26.001,23.930,23.929,25.923,0.000,27.165,25.096,25.094,27.086,0.000,28.333,26.266,26.264,28.252,0.000,29.504,27.440,27.436,29.422,0.000,30.678,28.617,28.613,30.594,0.000,31.858,29.797,29.792,31.772,0.000,33.044,30.980,30.976,33.004,0.000,34.285,32.166,32.220,35.721,0.000,37.156,33.354,35.110,71.000,0.000,36.662,34.545,34.604,38.129,0.000,37.849,35.738,35.792,39.189,0.000,40.562,36.934,38.524,71.000,0.000,40.136,38.125,38.178,41.499,0.000,40.198,39.220,39.263,41.147,0.000,5.561,3.477,4.570,5.597,0.000,6.754,4.590,4.686,6.659,0.000,7.962,5.807,5.810,7.860,0.000,9.171,7.026,7.026,9.069,0.000,10.381,8.247,8.246,10.279,0.000,11.592,9.467,9.466,11.490,0.000,12.803,10.687,10.686,12.701,0.000,14.015,11.908,11.906,13.913,0.000,15.228,13.129,13.126,15.125,0.000,16.441,14.351,14.346,16.339,0.000,17.655,15.573,15.566,17.552,0.000,18.869,16.795,16.786,18.766,0.000,20.084,18.017,18.006,19.981,0.000,21.299,19.240,19.226,21.196,0.000,22.514,20.463,20.447,22.411,0.000,23.730,21.686,21.667,23.626,0.000,24.928,22.868,22.854,24.839,0.000,26.091,24.035,24.019,26.010,0.000,27.258,25.207,25.187,27.175,0.000,28.428,26.382,26.359,28.343,0.000,29.602,27.560,27.535,29.515,0.000,30.779,28.742,28.713,30.690,0.000,31.959,29.927,29.895,31.869,0.000,33.142,31.116,31.080,33.054,0.000,34.328,32.307,32.267,34.239,0.000,35.516,33.500,33.457,35.426,0.000,36.707,34.696,34.649,36.615,0.000,37.897,35.895,35.844,37.807,0.000,39.040,37.091,37.038,38.993,0.000,39.154,38.192,38.179,40.056,0.000,4.457,2.320,3.417,4.450,0.000,5.657,3.485,3.534,5.558,0.000,6.865,4.705,4.704,6.763,0.000,8.074,5.928,5.924,7.972,0.000,9.284,7.153,7.145,9.181,0.000,10.495,8.380,8.365,10.392,0.000,11.708,9.607,9.586,11.603,0.000,12.921,10.836,10.806,12.815,0.000,14.135,12.066,12.028,14.028,0.000,15.349,13.296,13.249,15.241,0.000,16.565,14.527,14.471,16.454,0.000,17.781,15.760,15.693,17.669,0.000,18.998,16.992,16.916,18.884,0.000,20.216,18.226,18.139,20.099,0.000,21.435,19.459,19.362,21.315,0.000,22.654,20.675,20.585,22.531,0.000,23.862,21.872,21.792,23.748,0.000,25.036,23.047,22.960,24.940,0.000,26.204,24.226,24.130,26.103,0.000,27.376,25.410,25.303,27.271,0.000,28.552,26.598,26.480,28.442,0.000,29.731,27.789,27.661,29.617,0.000,30.914,28.984,28.845,30.795,0.000,32.100,30.183,30.033,31.976,0.000,33.288,31.384,31.223,33.159,0.000,34.479,32.588,32.416,34.346,0.000,35.673,33.794,33.611,35.535,0.000,36.867,35.003,34.809,36.726,0.000,38.015,36.210,36.007,37.915,0.000,38.131,37.318,37.153,39.019,0.000,3.355,1.161,2.263,3.303,0.000,4.560,2.381,2.381,4.458,0.000,5.772,3.654,3.603,5.666,0.000,6.986,4.925,4.826,6.876,0.000,8.202,6.194,6.052,8.086,0.000,9.421,7.462,7.279,9.298,0.000,10.641,8.729,8.507,10.511,0.000,11.863,9.994,9.736,11.724,0.000,13.086,11.258,10.966,12.939,0.000,14.311,12.521,12.197,14.155,0.000,15.537,13.783,13.429,15.371,0.000,16.764,15.044,14.662,16.589,0.000,17.993,16.272,15.896,17.807,0.000,19.222,17.491,17.130,19.026,0.000,20.452,18.714,18.364,20.246,0.000,21.677,19.940,19.593,21.467,0.000,22.877,21.133,20.795,22.688,0.000,24.062,22.332,21.977,23.888,0.000,25.239,23.534,23.155,25.058,0.000,26.421,24.741,24.338,26.229,0.000,27.607,25.951,25.525,27.403,0.000,28.796,27.164,26.716,28.580,0.000,29.989,28.380,27.910,29.762,0.000,31.185,29.599,29.108,30.946,0.000,32.384,30.820,30.309,32.134,0.000,33.586,32.030,31.512,33.324,0.000,34.791,33.228,32.718,34.517,0.000,35.996,34.428,33.927,35.713,0.000,37.153,35.628,35.136,36.907,0.000,37.272,36.732,36.291,38.014,0.000,0.000,0.000,0.000,0.000,0.000,3.517,2.326,1.279,3.366,0.000,4.777,3.598,2.555,4.581,0.000,6.037,4.868,3.830,5.798,0.000,7.297,6.137,5.102,7.018,0.000,8.556,7.405,6.373,8.240,0.000,9.814,8.671,7.643,9.464,0.000,11.071,9.936,8.911,10.689,0.000,12.329,11.200,10.177,11.916,0.000,13.585,12.463,11.443,13.144,0.000,14.841,13.725,12.707,14.373,0.000,16.097,14.986,13.969,15.604,0.000,17.320,16.215,15.206,16.835,0.000,18.537,17.435,16.426,18.068,0.000,19.757,18.658,17.650,19.301,0.000,20.981,19.883,18.876,20.534,0.000,22.184,21.096,20.082,21.738,0.000,23.381,22.294,21.280,22.941,0.000,24.581,23.496,22.483,24.119,0.000,25.786,24.701,23.689,25.300,0.000,26.994,25.911,24.899,26.485,0.000,28.205,27.124,26.112,27.675,0.000,29.420,28.339,27.328,28.868,0.000,30.636,29.557,28.547,30.064,0.000,31.856,30.778,29.768,31.264,0.000,33.065,31.989,30.982,32.466,0.000,34.262,33.186,32.180,33.671,0.000,35.459,34.387,33.381,34.879,0.000,36.610,35.587,34.582,36.084,0.000,36.714,36.695,35.732,37.198,0.000,
