States
25
Policy
[east, south, obstacle, east, south, east, east, east, north, south, obstacle, south, north, obstacle, south, east, east, east, east, south, obstacle, north, obstacle, east, null]
Alpha value
0.1
Max number of actions
4
32.447,32.447,33.447,33.447,31.050,31.447,32.557,0.000,30.000,0.000,0.000,0.000,8.113,10.953,31.001,0.000,6.915,6.005,7.456,0.000,31.447,31.050,32.557,33.437,15.050,32.300,32.447,0.000,11.855,15.673,31.050,0.000,31.000,31.000,10.105,0.000,5.565,4.623,8.113,0.000,30.000,0.000,0.000,0.000,17.974,33.223,31.447,0.000,31.100,31.900,15.050,0.000,30.000,0.000,0.000,0.000,4.291,3.322,31.000,0.000,33.174,31.242,33.956,31.416,32.217,33.956,34.218,0.000,31.000,31.000,17.974,0.000,3.111,3.111,31.100,0.000,3.000,2.111,4.301,0.000,30.000,0.000,0.000,0.000,31.416,33.956,33.174,0.000,30.000,0.000,0.000,0.000,2.111,3.000,31.000,0.000,0.000,0.000,0.000,0.000,
