States
882
Policy
[south, south, west, west, west, west, west, west, west, west, west, south, south, south, south, south, south, south, south, south, west, south, south, south, south, west, west, west, south, south, south, south, south, west, west, west, west, west, west, west, west, south, south, south, south, south, south, south, south, south, south, south, south, south, south, south, south, south, south, south, south, south, south, west, west, west, west, west, west, west, west, south, south, south, south, south, south, south, south, south, south, south, south, south, south, south, south, south, south, south, south, south, west, west, west, west, west, west, west, west, west, south, south, south, south, south, south, south, south, south, south, south, south, south, south, south, south, south, south, south, south, west, west, west, west, west, west, west, west, west, west, south, south, south, south, south, south, south, south, south, south, south, south, south, south, south, south, south, south, south, south, west, west, west, west, north, north, west, west, south, east, south, south, south, south, south, south, south, south, south, west, south, south, south, south, south, south, south, south, south, south, obstacle, north, obstacle, obstacle, obstacle, north, north, east, south, obstacle, south, south, south, south, south, south, south, south, west, west, west, south, south, south, south, south, south, south, south, south, obstacle, north, west, west, obstacle, north, north, obstacle, south, obstacle, south, south, south, south, south, south, south, south, west, west, east, south, south, south, south, west, south, south, south, south, obstacle, obstacle, north, obstacle, obstacle, north, obstacle, east, east, south, west, east, east, south, south, south, south, south, south, obstacle, east, south, south, south, west, west, west, south, south, south, south, obstacle, north, obstacle, east, east, east, north, obstacle, south, west, east, east, south, south, south, south, south, south, south, obstacle, south, south, south, west, west, west, south, south, south, south, south, obstacle, obstacle, north, obstacle, obstacle, east, south, obstacle, obstacle, east, south, south, south, south, south, south, south, south, south, south, west, west, west, south, south, south, south, west, west, obstacle, obstacle, south, obstacle, east, south, obstacle, south, obstacle, south, obstacle, south, east, south, south, south, south, west, south, south, south, south, south, obstacle, south, south, south, south, west, west, west, obstacle, south, south, obstacle, south, south, south, west, west, south, south, east, south, south, south, south, west, south, south, south, south, south, south, south, south, south, south, west, obstacle, north, west, east, east, east, south, west, south, obstacle, obstacle, south, south, obstacle, south, south, south, south, obstacle, south, south, south, south, south, south, south, south, south, south, obstacle, obstacle, east, north, north, obstacle, south, west, south, west, west, east, east, south, south, south, south, south, south, south, south, south, west, west, west, south, south, south, south, obstacle, obstacle, north, north, obstacle, south, south, obstacle, south, west, obstacle, east, east, south, south, south, south, south, south, south, south, south, west, west, west, west, south, south, south, west, obstacle, obstacle, obstacle, east, east, south, south, south, obstacle, south, obstacle, obstacle, south, south, west, west, south, south, south, south, west, west, west, west, west, south, south, south, obstacle, obstacle, obstacle, south, south, west, west, west, west, south, south, west, west, east, south, south, south, west, west, west, west, west, south, south, south, south, obstacle, obstacle, south, south, west, west, west, west, west, east, south, south, obstacle, east, south, south, south, west, west, west, south, south, south, south, south, south, west, obstacle, obstacle, east, south, west, west, west, obstacle, south, obstacle, south, south, south, south, obstacle, south, south, south, west, west, obstacle, south, south, south, south, south, south, obstacle, obstacle, obstacle, south, south, obstacle, north, obstacle, east, south, south, south, west, south, south, south, west, west, west, west, south, south, west, west, west, south, south, obstacle, obstacle, obstacle, south, south, south, south, obstacle, obstacle, obstacle, east, south, west, south, west, south, south, west, west, south, south, obstacle, south, south, west, west, west, south, south, south, obstacle, east, south, west, east, south, west, south, west, west, obstacle, south, west, south, obstacle, south, south, south, obstacle, south, south, south, west, west, west, west, south, south, south, west, south, obstacle, south, obstacle, east, south, west, south, west, obstacle, obstacle, south, obstacle, south, south, south, south, south, south, south, west, west, west, south, obstacle, east, south, south, south, obstacle, south, obstacle, south, obstacle, obstacle, south, obstacle, south, obstacle, south, south, south, south, south, south, west, west, west, west, west, west, south, obstacle, south, south, obstacle, south, south, south, south, south, south, south, south, south, south, south, south, south, south, south, west, west, west, west, west, west, west, west, west, west, south, south, south, south, south, south, south, south, south, south, west, west, west, west, west, west, west, west, west, west, west, west, west, west, west, west, west, west, west, west, west, west, west, west, west, west, west, south, south, west, west, west, west, west, west, west, west, west, west, west, west, west, west, west, west, west, west, west, west, west, west, west, west, west, west, west, west, south, south, west, west, west, west, west, west, west, west, west, west, west, west, west, west, west, west, west, west, west, west, west, west, west, west, west, west, west, west, null, west, west, west, west, west, west, west, west, west, west, west, west, west, west, west, west, west, west, west, west, west, west, west, west, west, west, west, west, west]
Alpha value
1.0
Max number of actions
5
50.305,48.416,49.411,49.411,0.000,51.366,49.451,49.518,50.412,0.000,52.459,50.589,50.558,51.512,0.000,53.543,51.722,51.659,52.606,0.000,54.612,52.843,52.751,53.688,0.000,55.667,53.950,53.832,54.756,0.000,56.702,55.038,54.897,55.808,0.000,57.715,56.108,55.947,56.841,0.000,58.706,57.155,56.977,57.851,0.000,59.662,58.177,57.984,58.838,0.000,60.140,59.134,58.949,59.773,0.000,59.723,59.286,59.807,60.173,0.000,58.841,58.749,60.119,59.669,0.000,57.795,57.782,59.552,58.723,0.000,56.810,56.703,58.587,57.658,0.000,55.975,55.725,57.530,56.682,0.000,55.836,54.907,56.592,55.885,0.000,56.389,54.854,55.876,55.827,0.000,57.368,55.505,55.904,56.465,0.000,58.415,56.557,56.593,57.495,0.000,59.253,57.634,57.629,58.548,0.000,59.036,58.441,58.627,59.332,0.000,59.226,58.074,59.340,59.044,0.000,60.047,58.277,59.077,59.259,0.000,61.110,59.187,59.364,60.152,0.000,62.208,60.295,60.293,61.251,0.000,63.308,61.432,61.399,62.356,0.000,64.319,62.542,62.500,63.452,0.000,64.906,63.498,63.572,64.439,0.000,64.976,64.036,64.509,64.976,0.000,49.271,47.309,48.344,49.301,0.000,50.371,48.381,48.453,50.305,0.000,51.504,49.527,49.529,51.408,0.000,52.628,50.672,50.669,52.505,0.000,53.739,51.809,51.803,53.591,0.000,54.831,52.934,52.924,54.662,0.000,55.906,54.046,54.031,55.718,0.000,56.958,55.139,55.119,56.754,0.000,57.986,56.214,56.188,57.768,0.000,58.966,57.266,57.233,58.758,0.000,59.199,58.238,58.226,59.686,0.000,58.745,58.294,59.100,60.082,0.000,57.832,57.715,59.163,59.567,0.000,56.770,56.728,58.561,58.619,0.000,55.783,55.638,57.575,57.552,0.000,54.926,54.655,56.503,56.574,0.000,54.791,53.816,55.563,55.777,0.000,55.356,53.765,54.826,55.719,0.000,56.357,54.431,54.860,56.359,0.000,57.429,55.503,55.563,57.390,0.000,58.293,56.601,56.623,58.446,0.000,57.999,57.444,57.644,59.229,0.000,58.175,56.992,58.377,58.939,0.000,59.010,57.185,58.035,59.151,0.000,60.082,58.113,58.311,60.044,0.000,61.212,59.230,59.258,61.145,0.000,62.328,60.370,60.374,62.251,0.000,63.308,61.486,61.506,63.348,0.000,63.898,62.449,62.593,64.336,0.000,63.966,62.989,63.498,64.871,0.000,48.196,46.200,47.237,48.197,0.000,49.305,47.308,47.349,49.236,0.000,50.449,48.460,48.460,50.379,0.000,51.588,49.612,49.609,51.516,0.000,52.716,50.762,50.753,52.642,0.000,53.831,51.907,51.890,53.754,0.000,54.928,53.042,53.014,54.848,0.000,56.008,54.164,54.125,55.923,0.000,57.065,55.268,55.218,56.977,0.000,58.071,56.352,56.291,58.005,0.000,58.213,57.348,57.308,58.953,0.000,57.717,57.273,58.190,59.097,0.000,56.780,56.673,58.158,58.543,0.000,55.706,55.669,57.524,57.572,0.000,54.713,54.567,56.518,56.491,0.000,53.836,53.583,55.436,55.510,0.000,53.702,52.720,54.491,54.690,0.000,54.280,52.673,53.735,54.637,0.000,55.300,53.351,53.772,55.290,0.000,56.393,54.442,54.491,56.346,0.000,57.295,55.557,55.571,57.428,0.000,56.922,56.442,56.611,58.234,0.000,57.086,55.905,57.374,57.863,0.000,57.934,56.090,56.949,58.060,0.000,59.014,57.038,57.220,58.972,0.000,60.149,58.162,58.185,60.083,0.000,61.270,59.306,59.310,61.221,0.000,62.259,60.427,60.445,62.332,0.000,62.851,61.398,61.536,63.289,0.000,62.919,61.941,62.448,63.827,0.000,47.121,45.090,46.127,47.090,0.000,48.235,46.236,46.242,48.164,0.000,49.389,47.423,47.390,49.315,0.000,50.542,48.633,48.545,50.463,0.000,51.691,49.861,49.700,51.605,0.000,52.831,51.094,50.853,52.737,0.000,53.958,52.297,51.999,53.855,0.000,55.068,53.480,53.135,54.955,0.000,56.159,54.645,54.258,56.037,0.000,57.194,55.776,55.360,57.094,0.000,57.213,56.776,56.404,58.062,0.000,56.681,56.243,57.291,58.096,0.000,55.723,55.624,57.131,57.507,0.000,54.636,54.605,56.478,56.517,0.000,53.642,53.494,55.457,55.424,0.000,52.741,52.509,54.364,54.439,0.000,52.610,51.621,53.417,53.599,0.000,53.198,51.578,52.638,53.547,0.000,54.237,52.268,52.682,54.216,0.000,55.345,53.376,53.413,55.291,0.000,56.291,54.506,54.514,56.394,0.000,55.839,55.435,55.567,57.235,0.000,55.993,54.812,56.366,56.780,0.000,56.858,54.993,55.859,56.968,0.000,57.945,55.962,56.126,57.897,0.000,59.084,57.094,57.112,59.017,0.000,60.210,58.240,58.242,60.158,0.000,61.206,59.366,59.381,61.274,0.000,61.801,60.345,60.477,62.239,0.000,61.871,60.891,61.397,62.779,0.000,46.045,43.977,45.017,45.981,0.000,47.224,45.971,45.164,47.121,0.000,48.438,47.255,46.355,48.282,0.000,49.691,49.167,47.570,49.466,0.000,50.948,50.988,48.805,50.646,0.000,52.171,52.656,50.050,51.816,0.000,53.341,53.334,51.265,52.941,0.000,54.507,54.451,52.465,54.068,0.000,55.643,55.555,53.646,55.178,0.000,56.679,56.429,54.796,56.259,0.000,56.233,56.699,55.843,57.212,0.000,55.649,55.198,56.697,57.086,0.000,54.661,54.572,56.095,56.464,0.000,53.565,53.539,55.428,55.456,0.000,52.570,52.420,54.392,54.353,0.000,51.644,51.435,53.289,53.366,0.000,51.514,50.521,52.341,52.502,0.000,52.113,50.481,51.539,52.455,0.000,53.169,51.183,51.588,53.135,0.000,54.291,52.307,52.332,54.229,0.000,55.283,53.447,53.450,55.349,0.000,54.750,54.428,54.516,56.232,0.000,54.899,53.714,55.354,55.692,0.000,55.780,53.894,54.763,55.872,0.000,56.875,54.886,55.030,56.822,0.000,58.017,56.023,56.037,57.948,0.000,59.149,57.173,57.174,59.093,0.000,60.152,58.303,58.315,60.215,0.000,60.751,59.291,59.417,61.187,0.000,60.821,59.840,60.344,61.731,0.000,45.747,42.863,43.932,44.897,0.000,47.890,69.304,44.957,46.951,0.000,49.066,49.845,46.247,47.458,0.000,51.525,69.544,48.210,49.356,0.000,53.163,69.666,50.074,50.587,0.000,53.841,69.749,51.813,51.787,0.000,54.411,55.051,52.893,52.439,0.000,55.479,55.602,53.562,53.584,0.000,56.370,56.866,54.673,54.744,0.000,56.636,55.488,55.659,55.761,0.000,55.758,69.987,56.931,57.186,0.000,54.630,54.132,56.567,56.082,0.000,53.596,53.518,55.033,55.413,0.000,52.491,52.472,54.373,54.392,0.000,51.497,51.344,53.326,53.280,0.000,50.545,50.362,52.214,52.292,0.000,50.418,49.419,51.266,51.403,0.000,51.027,49.384,50.438,51.359,0.000,52.098,50.098,50.493,52.052,0.000,53.229,51.237,51.249,53.162,0.000,54.277,52.405,52.385,54.298,0.000,53.657,53.422,53.459,55.224,0.000,53.802,52.612,54.343,54.598,0.000,54.702,52.794,53.663,54.774,0.000,55.804,53.810,53.933,55.746,0.000,56.949,54.953,54.962,56.879,0.000,58.085,56.104,56.104,58.026,0.000,59.098,57.240,57.249,59.154,0.000,59.700,58.237,58.356,60.134,0.000,59.770,58.789,59.291,60.681,0.000,68.141,41.717,43.629,44.622,0.000,70.000,0.000,0.000,0.000,0.000,69.593,53.783,69.593,49.007,0.000,70.000,0.000,0.000,0.000,0.000,70.000,0.000,0.000,0.000,0.000,70.000,0.000,0.000,0.000,0.000,56.154,57.269,69.431,54.188,0.000,56.846,57.572,55.275,54.731,0.000,55.971,69.971,56.181,56.132,0.000,69.473,54.440,57.309,56.891,0.000,70.000,0.000,0.000,0.000,0.000,54.066,53.026,69.265,55.510,0.000,52.529,52.463,53.934,54.359,0.000,51.416,51.405,53.318,53.326,0.000,50.425,50.268,52.258,52.205,0.000,49.445,49.289,51.137,51.218,0.000,49.321,48.315,50.191,50.302,0.000,49.940,48.286,49.336,50.262,0.000,51.026,49.012,49.397,50.967,0.000,52.184,50.177,50.166,52.094,0.000,53.292,51.979,51.341,53.262,0.000,52.564,52.518,52.420,54.222,0.000,52.704,51.505,53.332,53.500,0.000,53.624,51.693,52.558,53.675,0.000,54.732,52.735,52.835,54.670,0.000,55.879,53.882,53.888,55.809,0.000,57.021,55.034,55.035,56.959,0.000,58.042,56.175,56.180,58.091,0.000,58.648,57.182,57.293,59.080,0.000,58.719,57.738,58.237,59.630,0.000,67.961,39.636,41.645,43.449,0.000,70.000,0.000,0.000,0.000,0.000,55.410,70.449,69.749,51.555,0.000,57.404,56.584,53.458,69.446,0.000,70.449,70.449,56.110,70.449,0.000,70.000,0.000,0.000,0.000,0.000,58.077,59.181,69.621,55.886,0.000,70.017,70.528,57.741,56.740,0.000,70.000,0.000,0.000,0.000,0.000,69.830,52.759,69.830,56.343,0.000,70.000,0.000,0.000,0.000,0.000,53.024,51.370,69.136,54.424,0.000,51.443,51.410,52.338,53.285,0.000,50.341,50.337,52.264,52.259,0.000,49.353,49.191,51.189,51.130,0.000,48.343,48.218,50.060,50.145,0.000,48.223,47.210,49.116,49.200,0.000,48.852,47.188,48.232,49.165,0.000,49.963,47.925,48.301,49.881,0.000,51.734,49.178,49.106,51.048,0.000,53.054,69.688,50.957,52.893,0.000,51.525,52.662,52.012,53.278,0.000,51.609,50.395,52.418,52.401,0.000,52.546,50.591,51.450,52.575,0.000,53.660,51.660,51.736,53.594,0.000,54.810,52.811,52.813,54.739,0.000,55.956,53.965,53.964,55.890,0.000,56.987,55.110,55.112,57.028,0.000,57.596,56.127,56.229,58.025,0.000,57.668,56.687,57.183,58.579,0.000,67.745,37.480,39.561,41.430,0.000,70.000,0.000,0.000,0.000,0.000,70.000,0.000,0.000,0.000,0.000,70.053,59.922,70.053,55.714,0.000,70.000,0.000,0.000,0.000,0.000,70.000,0.000,0.000,0.000,0.000,70.145,60.293,70.145,57.869,0.000,70.000,0.000,0.000,0.000,0.000,52.917,56.535,69.855,69.855,0.000,50.456,69.712,54.331,54.194,0.000,51.259,48.445,51.974,68.912,0.000,51.307,50.206,49.632,52.166,0.000,50.379,51.048,50.694,52.235,0.000,49.268,49.330,51.231,51.194,0.000,48.283,48.113,50.120,50.053,0.000,47.240,47.148,48.982,49.072,0.000,47.125,46.103,48.043,48.097,0.000,47.764,46.089,47.127,48.067,0.000,48.937,46.838,47.206,48.797,0.000,68.741,48.087,48.667,50.632,0.000,70.000,0.000,0.000,0.000,0.000,51.732,70.309,69.693,53.682,0.000,50.548,49.276,52.492,51.333,0.000,51.469,49.489,50.334,51.474,0.000,52.587,50.586,50.637,52.519,0.000,53.740,51.740,51.740,53.668,0.000,54.891,52.918,52.894,54.821,0.000,55.932,54.081,54.044,55.964,0.000,56.545,55.073,55.165,56.971,0.000,56.616,55.635,56.129,57.527,0.000,38.296,35.247,36.358,38.293,0.000,68.686,37.483,38.567,68.686,0.000,70.000,0.000,0.000,0.000,0.000,70.524,71.000,70.524,58.138,0.000,70.000,0.000,0.000,0.000,0.000,60.676,70.618,70.618,70.618,0.000,58.535,61.550,61.455,58.985,0.000,57.297,70.124,60.182,70.124,0.000,70.007,70.576,58.995,55.201,0.000,70.000,0.000,0.000,0.000,0.000,50.730,47.260,68.765,50.084,0.000,51.644,69.578,49.191,51.247,0.000,50.091,69.582,50.893,51.922,0.000,48.265,49.629,50.913,50.200,0.000,47.216,47.035,49.110,48.979,0.000,46.135,46.079,47.904,48.001,0.000,46.027,44.995,46.971,46.991,0.000,46.673,44.991,46.020,46.968,0.000,47.201,45.749,46.085,47.686,0.000,48.854,46.278,46.883,48.910,0.000,69.417,48.023,48.858,69.417,0.000,70.000,0.000,0.000,0.000,0.000,50.065,48.109,68.797,50.836,0.000,50.391,48.386,49.174,50.370,0.000,51.515,49.512,49.537,51.444,0.000,52.693,50.710,50.669,52.599,0.000,53.883,52.513,51.848,53.777,0.000,54.897,53.560,53.017,54.919,0.000,55.494,54.018,54.135,55.917,0.000,55.565,54.584,55.074,56.476,0.000,36.208,34.096,35.138,36.136,0.000,39.310,35.330,35.363,38.299,0.000,68.730,38.650,38.683,68.730,0.000,70.000,0.000,0.000,0.000,0.000,70.000,0.000,0.000,0.000,0.000,70.618,71.000,70.618,60.676,0.000,70.000,0.000,0.000,0.000,0.000,70.000,0.000,0.000,0.000,0.000,48.776,70.177,70.177,70.177,0.000,68.642,45.307,50.248,48.934,0.000,70.000,0.000,0.000,0.000,0.000,70.000,0.000,0.000,0.000,0.000,48.634,70.198,69.474,50.637,0.000,46.194,45.954,49.333,47.947,0.000,45.029,45.013,46.822,46.931,0.000,44.929,43.885,45.900,45.885,0.000,45.606,43.892,44.912,45.870,0.000,46.089,44.686,44.987,46.597,0.000,47.107,45.163,45.770,47.150,0.000,47.046,46.229,46.289,48.767,0.000,47.994,46.036,47.979,68.581,0.000,48.199,46.246,47.117,48.914,0.000,49.291,47.284,47.389,49.244,0.000,50.482,48.450,48.440,50.371,0.000,52.284,50.239,49.641,51.572,0.000,53.996,69.739,51.489,53.403,0.000,53.865,52.534,52.589,53.912,0.000,54.461,52.962,53.595,54.881,0.000,54.514,53.533,54.019,55.425,0.000,35.064,32.980,34.020,34.987,0.000,37.302,34.265,34.184,36.221,0.000,67.618,37.794,36.578,40.448,0.000,70.000,0.000,0.000,0.000,0.000,70.000,0.000,0.000,0.000,0.000,70.169,47.720,70.169,70.169,0.000,70.000,0.000,0.000,0.000,0.000,45.404,70.052,70.052,70.052,0.000,69.158,41.560,47.841,69.158,0.000,70.000,0.000,0.000,0.000,0.000,69.185,43.230,69.185,47.785,0.000,70.000,0.000,0.000,0.000,0.000,70.182,48.103,70.182,70.182,0.000,70.000,0.000,0.000,0.000,0.000,45.847,44.821,68.426,47.586,0.000,43.948,44.726,45.722,45.888,0.000,43.830,42.773,44.831,44.777,0.000,44.541,42.793,43.803,44.773,0.000,44.999,43.625,43.891,45.531,0.000,46.074,44.071,44.708,46.040,0.000,45.965,45.948,45.202,47.073,0.000,46.134,44.951,46.184,46.906,0.000,47.095,45.145,46.005,47.128,0.000,48.226,46.208,46.290,48.144,0.000,49.967,47.378,47.385,49.319,0.000,68.815,49.188,49.210,51.171,0.000,70.000,0.000,0.000,0.000,0.000,53.439,51.484,69.139,54.001,0.000,53.409,51.886,52.544,53.825,0.000,53.462,52.482,52.945,54.373,0.000,34.028,31.866,32.909,33.875,0.000,36.481,35.401,33.157,35.166,0.000,40.949,68.746,35.701,38.665,0.000,68.938,44.135,39.212,68.938,0.000,70.000,0.000,0.000,0.000,0.000,45.871,45.057,68.492,49.182,0.000,69.230,43.899,47.613,69.230,0.000,70.000,0.000,0.000,0.000,0.000,41.450,39.335,67.939,43.290,0.000,42.144,39.436,41.355,67.931,0.000,44.122,40.246,40.683,43.971,0.000,47.929,69.190,43.404,69.190,0.000,45.985,69.247,45.467,49.539,0.000,44.873,44.002,47.114,68.376,0.000,44.701,42.881,44.945,45.654,0.000,43.721,69.151,44.780,45.704,0.000,42.756,41.659,44.515,43.694,0.000,43.479,41.692,42.692,43.674,0.000,43.905,42.568,42.793,44.469,0.000,45.764,42.975,43.674,44.977,0.000,45.750,69.228,44.980,46.910,0.000,45.061,43.863,45.873,45.848,0.000,46.018,44.042,44.918,46.028,0.000,47.132,45.133,45.190,47.067,0.000,48.285,46.284,46.287,48.233,0.000,49.460,47.438,47.460,49.977,0.000,51.262,48.591,49.269,68.823,0.000,51.685,49.737,49.764,52.271,0.000,52.334,50.807,50.866,52.728,0.000,52.411,51.432,51.870,53.321,0.000,35.073,30.748,31.869,32.837,0.000,68.464,69.692,34.445,36.533,0.000,70.000,0.000,0.000,0.000,0.000,47.039,70.151,69.124,42.441,0.000,45.119,47.205,44.517,68.401,0.000,43.136,45.358,45.444,45.912,0.000,41.854,45.617,44.130,44.792,0.000,40.510,68.967,44.574,68.967,0.000,39.364,37.165,41.246,40.228,0.000,40.008,39.178,38.339,40.307,0.000,67.851,39.091,40.411,42.065,0.000,70.000,0.000,0.000,0.000,0.000,70.000,0.000,0.000,0.000,0.000,43.730,42.918,68.222,45.691,0.000,68.181,41.740,44.710,44.678,0.000,70.000,0.000,0.000,0.000,0.000,42.533,40.513,68.021,43.459,0.000,42.418,40.591,41.552,42.573,0.000,42.783,41.513,41.694,43.408,0.000,68.142,41.846,43.454,44.721,0.000,70.000,0.000,0.000,0.000,0.000,44.796,42.746,68.250,45.598,0.000,44.941,42.938,43.802,44.926,0.000,46.060,44.060,44.089,45.991,0.000,47.212,45.212,45.213,47.141,0.000,48.366,46.366,46.366,48.295,0.000,49.515,47.520,47.520,49.448,0.000,50.605,48.669,48.671,50.592,0.000,51.283,49.752,49.798,51.651,0.000,51.362,50.383,50.815,52.271,0.000,66.911,29.545,31.849,32.892,0.000,70.000,0.000,0.000,0.000,0.000,70.000,0.000,0.000,0.000,0.000,46.449,50.592,68.600,46.515,0.000,45.898,48.188,47.313,44.441,0.000,69.210,70.148,47.059,44.817,0.000,70.000,0.000,0.000,0.000,0.000,40.055,35.932,67.630,39.173,0.000,39.058,68.763,38.182,40.267,0.000,40.137,36.943,39.168,39.956,0.000,44.030,40.180,39.300,67.950,0.000,43.806,69.007,42.401,69.007,0.000,40.922,43.571,43.335,43.783,0.000,39.617,40.616,41.821,42.530,0.000,40.443,38.379,41.510,67.842,0.000,40.412,38.386,39.450,41.300,0.000,41.330,39.489,39.530,41.441,0.000,40.818,40.463,40.565,42.319,0.000,40.783,39.781,41.425,42.624,0.000,42.571,39.722,41.780,67.970,0.000,42.720,40.694,40.890,43.510,0.000,43.835,41.834,41.847,43.793,0.000,44.987,42.987,42.988,44.917,0.000,46.141,44.141,44.141,46.069,0.000,47.295,45.295,45.295,47.223,0.000,48.446,46.449,46.448,48.377,0.000,49.548,47.599,47.600,49.524,0.000,50.233,48.697,48.730,50.596,0.000,50.312,49.334,49.760,51.221,0.000,66.700,27.028,29.458,31.639,0.000,70.000,0.000,0.000,0.000,0.000,70.000,0.000,0.000,0.000,0.000,49.784,70.243,69.458,49.048,0.000,69.450,70.302,51.291,47.299,0.000,70.000,0.000,0.000,0.000,0.000,37.001,36.006,68.579,68.579,0.000,67.435,33.564,37.973,37.909,0.000,70.000,0.000,0.000,0.000,0.000,40.906,35.743,67.647,38.998,0.000,68.835,69.858,39.145,42.228,0.000,70.000,0.000,0.000,0.000,0.000,42.683,69.987,69.018,43.817,0.000,39.613,68.998,44.311,41.653,0.000,38.351,37.263,40.377,39.308,0.000,39.307,37.275,38.302,39.275,0.000,40.309,38.422,38.424,40.343,0.000,39.730,39.451,39.500,41.268,0.000,39.647,38.688,40.372,40.659,0.000,40.519,38.614,39.714,40.610,0.000,41.614,39.617,39.752,41.555,0.000,42.762,40.762,40.770,42.691,0.000,43.916,41.916,41.916,43.844,0.000,45.070,43.071,43.069,44.998,0.000,46.224,44.227,44.223,46.152,0.000,47.376,45.383,45.377,47.306,0.000,48.492,46.536,46.530,48.456,0.000,49.184,47.642,47.663,49.540,0.000,49.264,48.285,48.706,50.172,0.000,30.469,24.422,25.652,27.911,0.000,69.481,69.481,29.980,69.481,0.000,70.000,0.000,0.000,0.000,0.000,70.000,0.000,0.000,0.000,0.000,70.000,0.000,0.000,0.000,0.000,38.427,69.794,69.794,69.794,0.000,33.808,68.651,40.155,38.057,0.000,32.093,31.104,34.575,34.364,0.000,35.357,30.944,33.430,67.140,0.000,67.257,33.327,33.409,37.568,0.000,70.000,0.000,0.000,0.000,0.000,69.826,38.136,69.826,69.826,0.000,70.000,0.000,0.000,0.000,0.000,70.000,0.000,0.000,0.000,0.000,38.250,36.107,67.575,39.203,0.000,38.234,36.163,37.153,38.165,0.000,39.331,38.375,37.355,39.313,0.000,38.648,38.651,38.443,40.259,0.000,38.541,37.592,39.355,39.567,0.000,39.439,37.504,38.617,39.503,0.000,40.541,38.540,38.646,40.477,0.000,41.690,39.690,39.693,41.619,0.000,42.846,40.848,40.844,42.773,0.000,44.003,42.039,42.000,43.928,0.000,45.160,43.225,43.156,45.083,0.000,46.314,44.377,44.312,46.237,0.000,47.438,45.508,45.466,47.388,0.000,48.134,46.587,46.600,48.485,0.000,48.215,47.237,47.652,49.124,0.000,66.266,23.152,25.665,26.765,0.000,70.000,0.000,0.000,0.000,0.000,70.000,0.000,0.000,0.000,0.000,70.000,0.000,0.000,0.000,0.000,32.089,29.941,66.944,33.234,0.000,31.912,29.782,30.969,31.837,0.000,34.257,31.081,31.030,34.102,0.000,36.762,33.575,33.505,67.279,0.000,37.830,34.954,34.789,38.802,0.000,37.180,37.085,37.015,67.531,0.000,36.137,34.979,38.903,67.490,0.000,36.004,33.823,35.942,36.920,0.000,38.134,35.817,35.051,37.079,0.000,39.644,68.757,37.380,39.377,0.000,37.663,39.645,38.432,39.353,0.000,37.441,36.493,38.543,38.481,0.000,38.361,36.392,37.519,38.395,0.000,39.467,37.464,37.538,39.399,0.000,40.622,38.620,38.619,40.547,0.000,41.815,39.845,39.776,41.705,0.000,43.035,41.999,40.971,42.897,0.000,44.186,43.074,42.158,44.052,0.000,45.288,43.349,43.310,45.177,0.000,46.384,44.441,44.458,46.327,0.000,47.086,45.532,45.572,47.432,0.000,47.166,46.188,46.598,48.075,0.000,66.038,20.408,23.058,25.436,0.000,70.000,0.000,0.000,0.000,0.000,70.000,0.000,0.000,0.000,0.000,31.203,27.652,68.084,68.084,0.000,29.591,27.445,28.717,30.702,0.000,30.848,30.013,28.660,30.685,0.000,33.342,32.610,29.970,32.024,0.000,35.924,68.461,32.551,35.616,0.000,36.998,36.869,33.861,35.800,0.000,36.184,68.591,36.171,38.904,0.000,33.876,34.211,36.913,35.880,0.000,35.591,32.667,34.824,34.778,0.000,67.341,34.761,34.985,37.052,0.000,70.000,0.000,0.000,0.000,0.000,38.767,69.846,68.768,40.743,0.000,36.400,35.383,39.423,37.452,0.000,37.282,35.279,36.410,37.284,0.000,38.395,36.390,36.429,38.323,0.000,39.617,37.582,37.548,39.479,0.000,41.770,39.782,38.777,40.709,0.000,43.854,69.028,41.001,42.902,0.000,43.193,42.069,42.083,43.086,0.000,44.252,42.281,43.124,44.200,0.000,45.329,43.371,43.427,45.298,0.000,46.037,44.476,44.503,46.377,0.000,46.118,45.140,45.543,47.026,0.000,24.236,17.565,18.825,21.289,0.000,69.252,69.252,23.809,69.252,0.000,70.000,0.000,0.000,0.000,0.000,70.000,0.000,0.000,0.000,0.000,30.568,69.503,69.503,69.503,0.000,27.423,25.075,31.102,28.575,0.000,29.755,27.238,26.323,28.377,0.000,33.679,68.267,29.035,31.061,0.000,67.184,38.380,31.681,32.491,0.000,70.000,0.000,0.000,0.000,0.000,68.545,35.977,68.545,37.224,0.000,70.000,0.000,0.000,0.000,0.000,33.819,33.125,67.205,35.897,0.000,33.458,31.477,33.995,33.598,0.000,34.143,32.505,32.643,35.489,0.000,68.445,33.207,35.950,68.445,0.000,70.000,0.000,0.000,0.000,0.000,36.322,34.195,67.380,37.379,0.000,36.203,34.164,35.230,36.170,0.000,37.353,35.317,35.319,37.248,0.000,39.484,36.577,36.511,38.444,0.000,67.771,39.869,38.747,40.711,0.000,70.000,0.000,0.000,0.000,0.000,43.093,41.028,68.072,43.865,0.000,43.181,41.178,42.081,43.166,0.000,44.271,42.299,42.328,44.228,0.000,44.988,43.421,43.433,45.321,0.000,45.070,44.093,44.488,45.978,0.000,65.571,16.271,19.005,20.127,0.000,70.000,0.000,0.000,0.000,0.000,70.000,0.000,0.000,0.000,0.000,70.000,0.000,0.000,0.000,0.000,28.429,23.763,66.407,27.472,0.000,66.457,26.180,26.385,28.604,0.000,70.000,0.000,0.000,0.000,0.000,69.723,71.000,69.723,36.513,0.000,70.000,0.000,0.000,0.000,0.000,32.475,34.688,67.278,37.792,0.000,33.086,29.843,34.542,67.064,0.000,31.371,30.795,30.965,33.810,0.000,32.350,30.310,31.786,32.377,0.000,31.911,32.566,31.446,33.348,0.000,31.733,30.847,32.422,33.948,0.000,34.007,30.651,33.141,67.074,0.000,33.933,31.846,31.854,34.925,0.000,35.129,34.256,33.051,35.060,0.000,36.344,35.175,34.244,36.208,0.000,38.591,36.309,35.473,37.438,0.000,40.645,68.806,37.841,40.678,0.000,40.875,38.709,39.943,67.814,0.000,40.983,38.917,39.802,41.812,0.000,42.074,40.077,40.072,42.032,0.000,43.214,41.268,41.227,43.157,0.000,43.941,42.412,42.365,44.266,0.000,44.023,43.045,43.433,44.930,0.000,65.324,13.281,16.168,18.759,0.000,70.000,0.000,0.000,0.000,0.000,70.000,0.000,0.000,0.000,0.000,70.000,0.000,0.000,0.000,0.000,26.406,25.547,67.840,67.840,0.000,23.745,22.192,27.725,66.252,0.000,24.457,20.954,23.210,24.572,0.000,66.271,23.630,23.764,28.294,0.000,70.000,0.000,0.000,0.000,0.000,70.000,0.000,0.000,0.000,0.000,70.000,0.000,0.000,0.000,0.000,32.528,69.621,68.371,35.849,0.000,30.790,28.643,33.176,30.848,0.000,30.241,30.846,29.775,31.640,0.000,32.409,29.181,30.796,31.260,0.000,32.139,68.298,31.637,33.599,0.000,30.615,29.761,32.440,31.755,0.000,31.657,29.530,30.779,31.551,0.000,34.016,31.824,30.774,32.781,0.000,36.213,68.498,33.271,35.244,0.000,36.085,34.169,34.363,35.207,0.000,67.421,35.257,36.368,37.498,0.000,70.000,0.000,0.000,0.000,0.000,39.835,37.661,67.732,40.613,0.000,39.882,37.812,38.716,39.804,0.000,41.077,40.008,39.006,40.966,0.000,42.241,41.245,40.200,42.125,0.000,42.919,42.050,41.361,43.237,0.000,42.977,41.998,42.424,43.884,0.000,15.779,10.183,11.413,14.097,0.000,67.085,15.221,15.244,67.085,0.000,70.000,0.000,0.000,0.000,0.000,26.121,69.338,69.338,69.338,0.000,25.536,20.134,28.234,66.262,0.000,23.796,67.706,23.007,27.698,0.000,21.045,23.976,23.874,23.167,0.000,21.917,19.743,21.958,21.879,0.000,22.786,22.399,20.998,24.366,0.000,27.047,21.807,23.747,66.215,0.000,32.189,26.150,24.806,66.574,0.000,69.494,69.494,30.326,69.494,0.000,70.000,0.000,0.000,0.000,0.000,32.033,27.393,66.776,30.933,0.000,30.440,68.180,29.913,31.977,0.000,66.815,28.001,32.073,31.439,0.000,70.000,0.000,0.000,0.000,0.000,30.761,28.631,66.809,31.935,0.000,31.551,28.406,29.686,30.466,0.000,66.919,30.783,30.871,32.923,0.000,70.000,0.000,0.000,0.000,0.000,35.181,33.091,67.262,36.209,0.000,35.105,32.984,34.159,36.036,0.000,37.423,34.183,35.303,67.384,0.000,37.613,36.561,35.429,38.443,0.000,39.804,38.647,36.703,38.768,0.000,42.081,68.898,39.008,41.004,0.000,42.016,43.816,40.249,41.283,0.000,41.908,41.047,41.301,42.265,0.000,41.952,40.949,42.036,42.861,0.000,13.031,8.932,10.049,11.133,0.000,17.473,67.125,12.373,17.824,0.000,67.141,14.816,17.198,67.141,0.000,70.000,0.000,0.000,0.000,0.000,67.472,18.747,67.472,24.255,0.000,70.000,0.000,0.000,0.000,0.000,23.090,69.286,67.654,25.226,0.000,22.302,18.580,23.729,20.828,0.000,23.244,67.641,21.444,23.539,0.000,25.665,20.657,22.509,22.823,0.000,67.849,69.355,25.085,28.681,0.000,70.000,0.000,0.000,0.000,0.000,70.000,0.000,0.000,0.000,0.000,67.927,24.710,67.927,31.000,0.000,70.000,0.000,0.000,0.000,0.000,27.512,25.361,66.523,30.124,0.000,28.455,24.987,27.823,66.510,0.000,28.139,26.090,26.185,29.343,0.000,29.245,27.242,27.247,29.254,0.000,30.440,28.396,28.440,31.509,0.000,32.864,29.550,30.862,66.919,0.000,32.755,30.705,30.748,33.817,0.000,33.950,31.901,31.865,33.840,0.000,36.320,34.215,33.110,35.119,0.000,39.528,68.693,35.569,37.579,0.000,67.593,37.677,37.753,38.736,0.000,70.000,0.000,0.000,0.000,0.000,43.015,70.000,69.009,43.224,0.000,40.984,40.007,43.705,41.999,0.000,40.879,39.875,40.994,41.810,0.000,64.704,7.738,10.743,11.778,0.000,70.000,0.000,0.000,0.000,0.000,67.048,11.861,67.048,19.222,0.000,70.000,0.000,0.000,0.000,0.000,67.256,14.014,67.256,22.837,0.000,70.000,0.000,0.000,0.000,0.000,70.000,0.000,0.000,0.000,0.000,67.366,17.245,67.366,22.802,0.000,70.000,0.000,0.000,0.000,0.000,67.512,19.399,67.512,24.748,0.000,70.000,0.000,0.000,0.000,0.000,23.610,19.864,67.544,67.544,0.000,22.964,19.306,22.497,65.948,0.000,22.511,20.403,20.562,25.245,0.000,25.134,21.555,23.136,66.120,0.000,24.762,22.709,22.762,26.060,0.000,25.865,23.863,23.864,25.839,0.000,27.017,25.017,25.017,26.947,0.000,28.171,26.171,26.171,28.099,0.000,29.324,27.325,27.324,29.253,0.000,30.480,28.479,28.478,30.407,0.000,31.671,29.634,29.634,31.564,0.000,33.901,30.830,30.829,32.763,0.000,67.161,33.179,33.212,35.189,0.000,70.000,0.000,0.000,0.000,0.000,38.609,35.527,67.581,39.568,0.000,68.662,36.571,38.786,68.662,0.000,70.000,0.000,0.000,0.000,0.000,40.807,38.833,67.849,41.855,0.000,39.800,38.798,39.830,40.732,0.000,6.457,4.443,5.550,8.406,0.000,9.601,5.488,7.700,64.516,0.000,8.775,6.636,6.780,12.303,0.000,11.828,7.790,9.828,64.743,0.000,11.077,8.944,9.077,14.471,0.000,14.059,10.098,12.059,64.974,0.000,15.174,11.252,13.174,65.089,0.000,14.531,12.405,12.531,17.725,0.000,17.405,13.559,15.405,65.320,0.000,16.834,14.713,14.834,19.895,0.000,19.636,15.867,17.636,65.551,0.000,19.081,17.022,17.080,20.544,0.000,20.178,18.176,18.177,20.157,0.000,21.330,19.330,19.330,21.260,0.000,22.484,20.484,20.484,22.412,0.000,23.638,21.638,21.637,23.566,0.000,24.791,22.793,22.791,24.720,0.000,25.945,23.947,23.945,25.874,0.000,27.099,25.102,25.099,27.028,0.000,28.253,26.256,26.253,28.182,0.000,29.408,27.411,27.407,29.336,0.000,30.563,28.566,28.561,30.491,0.000,31.723,29.721,29.717,31.682,0.000,32.919,30.876,30.912,33.913,0.000,35.263,32.032,33.260,67.167,0.000,35.231,33.187,33.228,36.257,0.000,36.383,34.343,34.380,37.312,0.000,38.610,35.498,36.611,67.514,0.000,38.617,36.650,36.686,39.576,0.000,38.691,37.726,37.759,39.621,0.000,5.305,3.334,4.370,5.331,0.000,6.414,4.413,4.480,6.347,0.000,7.565,5.565,5.567,7.493,0.000,8.719,6.719,6.719,8.647,0.000,9.872,7.873,7.872,9.801,0.000,11.026,9.027,9.026,10.955,0.000,12.180,10.181,10.180,12.109,0.000,13.334,11.336,11.334,13.263,0.000,14.488,12.491,12.488,14.417,0.000,15.642,13.646,13.642,15.571,0.000,16.796,14.801,14.796,16.725,0.000,17.951,15.956,15.950,17.879,0.000,19.105,17.112,17.104,19.033,0.000,20.259,18.268,18.259,20.187,0.000,21.414,19.424,19.413,21.341,0.000,22.568,20.580,20.567,22.495,0.000,23.723,21.737,21.722,23.649,0.000,24.877,22.893,22.876,24.803,0.000,26.032,24.050,24.031,25.957,0.000,27.187,25.207,25.185,27.111,0.000,28.342,26.365,26.340,28.266,0.000,29.497,27.522,27.495,29.420,0.000,30.652,28.680,28.650,30.576,0.000,31.807,29.838,29.805,31.735,0.000,32.963,30.996,30.960,32.890,0.000,34.119,32.154,32.116,34.046,0.000,35.274,33.313,33.271,35.201,0.000,36.429,34.471,34.427,36.357,0.000,37.545,35.627,35.581,37.507,0.000,37.656,36.707,36.693,38.551,0.000,4.228,2.224,3.261,4.223,0.000,5.341,3.339,3.374,5.271,0.000,6.493,4.493,4.493,6.422,0.000,7.647,5.650,5.647,7.576,0.000,8.802,6.807,6.801,8.730,0.000,9.956,7.966,7.955,9.884,0.000,11.111,9.125,9.110,11.038,0.000,12.266,10.285,10.265,12.192,0.000,13.421,11.446,11.419,13.346,0.000,14.577,12.607,12.574,14.501,0.000,15.732,13.769,13.730,15.655,0.000,16.888,14.932,14.885,16.810,0.000,18.044,16.095,16.041,17.964,0.000,19.201,17.258,17.197,19.119,0.000,20.357,18.422,18.353,20.274,0.000,21.514,19.586,19.510,21.428,0.000,22.671,20.750,20.666,22.583,0.000,23.829,21.914,21.823,23.738,0.000,24.986,23.079,22.980,24.893,0.000,26.144,24.244,24.138,26.049,0.000,27.302,25.409,25.295,27.204,0.000,28.460,26.575,26.453,28.359,0.000,29.618,27.740,27.611,29.515,0.000,30.777,28.906,28.769,30.670,0.000,31.935,30.071,29.927,31.826,0.000,33.094,31.237,31.086,32.982,0.000,34.253,32.403,32.244,34.139,0.000,35.411,33.569,33.403,35.295,0.000,36.531,34.732,34.561,36.448,0.000,36.644,35.819,35.677,37.525,0.000,3.151,1.113,2.151,3.114,0.000,4.268,2.266,2.267,4.196,0.000,5.426,3.457,3.422,5.352,0.000,6.584,4.647,4.578,6.507,0.000,7.744,5.836,5.736,7.663,0.000,8.904,7.024,6.895,8.818,0.000,10.065,8.210,8.055,9.974,0.000,11.227,9.396,9.215,11.130,0.000,12.390,10.581,10.376,12.287,0.000,13.553,11.765,11.538,13.443,0.000,14.716,12.948,12.701,14.600,0.000,15.880,14.131,13.864,15.757,0.000,17.044,15.313,15.027,16.914,0.000,18.209,16.494,16.191,18.071,0.000,19.373,17.675,17.355,19.229,0.000,20.538,18.855,18.520,20.387,0.000,21.704,20.034,19.684,21.545,0.000,22.869,21.214,20.850,22.703,0.000,24.035,22.392,22.015,23.862,0.000,25.201,23.570,23.180,25.020,0.000,26.367,24.748,24.346,26.179,0.000,27.533,25.925,25.512,27.338,0.000,28.699,27.102,26.678,28.497,0.000,29.865,28.278,27.844,29.656,0.000,31.032,29.454,29.010,30.816,0.000,32.198,30.630,30.177,31.975,0.000,33.365,31.805,31.343,33.135,0.000,34.530,32.980,32.509,34.295,0.000,35.657,34.152,33.674,35.452,0.000,35.771,35.247,34.797,36.533,0.000,0.000,0.000,0.000,0.000,0.000,3.265,2.195,1.195,3.159,0.000,4.456,3.388,2.389,4.318,0.000,5.646,4.581,3.581,5.479,0.000,6.835,5.772,4.772,6.640,0.000,8.023,6.961,5.961,7.802,0.000,9.209,8.150,7.150,8.964,0.000,10.395,9.337,8.337,10.127,0.000,11.580,10.524,9.524,11.291,0.000,12.764,11.710,10.710,12.455,0.000,13.948,12.895,11.895,13.620,0.000,15.130,14.079,13.079,14.785,0.000,16.312,15.262,14.262,15.950,0.000,17.493,16.444,15.444,17.116,0.000,18.674,17.626,16.626,18.282,0.000,19.854,18.807,17.807,19.448,0.000,21.034,19.988,18.988,20.615,0.000,22.213,21.168,20.168,21.781,0.000,23.392,22.348,21.348,22.948,0.000,24.570,23.527,22.527,24.115,0.000,25.747,24.705,23.705,25.282,0.000,26.925,25.883,24.883,26.449,0.000,28.101,27.061,26.061,27.616,0.000,29.278,28.238,27.238,28.783,0.000,30.454,29.414,28.415,29.951,0.000,31.630,30.591,29.591,31.118,0.000,32.805,31.767,30.767,32.285,0.000,33.978,32.942,31.942,33.453,0.000,35.114,34.115,33.116,34.617,0.000,35.228,35.210,34.248,35.705,0.000,
