States
892
Policy
[south, south, west, west, west, south, south, south, south, south, south, south, south, south, south, south, south, south, south, south, south, east, south, south, south, west, west, west, west, west, south, south, south, west, south, south, south, south, south, south, south, south, south, south, south, south, south, south, south, south, south, south, south, south, south, south, west, west, west, south, south, south, south, south, south, south, south, south, south, south, south, south, south, south, south, south, south, south, south, south, south, south, south, south, south, south, south, west, south, south, south, south, south, west, south, south, south, south, south, south, south, south, south, south, south, south, south, south, south, south, south, south, south, south, south, south, west, west, south, south, south, south, west, west, west, south, south, south, south, south, south, south, south, south, south, south, south, south, south, south, south, south, south, south, south, west, west, west, west, south, south, south, west, west, west, west, south, south, south, south, south, south, south, south, south, south, south, south, south, south, east, east, east, south, west, west, west, west, west, west, south, west, west, west, west, west, south, south, south, south, south, south, south, south, east, south, south, west, west, south, east, east, east, obstacle, west, west, west, west, west, west, south, west, obstacle, obstacle, obstacle, south, obstacle, west, south, east, east, obstacle, west, west, east, obstacle, obstacle, west, west, south, south, east, north, north, north, west, west, west, west, west, south, west, obstacle, obstacle, south, west, west, south, south, south, north, south, west, east, north, north, west, south, south, south, west, north, north, north, south, south, west, west, west, south, south, obstacle, obstacle, obstacle, south, obstacle, south, obstacle, east, obstacle, south, obstacle, west, east, south, west, west, east, south, west, west, west, north, south, south, south, south, west, south, south, south, west, west, obstacle, south, south, obstacle, south, west, east, obstacle, west, west, east, obstacle, west, west, east, obstacle, west, west, west, east, south, south, south, west, west, south, south, south, west, obstacle, south, south, west, west, west, west, west, north, north, south, north, north, north, north, north, north, north, west, east, east, east, south, west, west, west, west, south, south, west, west, west, west, west, west, west, west, west, south, south, south, west, north, north, north, north, north, north, south, east, east, east, obstacle, west, west, west, west, south, west, west, west, west, west, west, obstacle, obstacle, south, south, south, south, obstacle, west, west, west, west, north, north, south, south, south, east, north, north, north, west, west, west, south, west, obstacle, obstacle, obstacle, obstacle, north, west, south, south, south, south, south, west, west, west, west, south, south, east, south, south, south, west, north, north, north, north, west, north, south, west, obstacle, obstacle, east, north, east, south, south, west, south, south, south, west, west, south, south, south, east, east, south, west, west, west, north, north, north, north, north, south, west, west, obstacle, obstacle, obstacle, east, south, south, obstacle, south, south, south, south, south, south, south, south, east, east, obstacle, west, west, west, west, north, west, west, north, south, west, obstacle, obstacle, east, east, east, south, south, south, south, south, south, south, south, south, south, west, west, north, north, north, south, south, west, west, west, west, west, south, west, obstacle, obstacle, north, obstacle, south, south, south, south, south, south, south, west, west, obstacle, west, west, north, north, south, south, south, west, west, west, west, west, south, west, west, obstacle, obstacle, obstacle, south, south, west, south, south, south, south, south, west, west, west, west, west, west, east, east, south, west, west, west, west, west, west, south, south, obstacle, obstacle, south, obstacle, south, west, west, south, south, south, south, south, west, west, west, west, west, west, east, east, obstacle, west, west, west, west, west, west, south, south, west, obstacle, east, east, south, west, west, obstacle, south, south, south, south, south, west, west, west, west, west, west, west, north, north, west, west, west, west, west, west, south, west, west, obstacle, north, obstacle, south, west, obstacle, south, south, south, south, south, west, west, west, west, west, west, west, west, west, north, north, west, west, west, west, west, south, south, obstacle, obstacle, obstacle, east, south, obstacle, south, south, south, south, south, west, west, west, west, west, west, south, south, south, west, west, west, west, west, west, west, west, south, south, south, south, south, obstacle, south, south, south, south, south, west, west, west, west, west, west, south, obstacle, south, south, south, west, west, west, west, west, west, west, south, south, south, south, south, south, south, south, south, west, west, west, west, west, west, west, west, west, south, south, south, west, west, west, west, west, west, west, west, west, south, south, south, south, west, west, west, west, west, west, west, west, west, west, west, west, west, west, west, west, west, west, west, west, west, west, west, west, west, west, west, south, south, west, west, west, west, west, west, west, west, west, west, west, west, west, west, west, west, west, west, west, west, west, west, west, west, west, west, west, west, south, south, west, west, west, west, west, west, west, west, west, west, west, west, west, west, west, west, west, west, west, west, west, west, west, west, west, west, west, west, null, west, west, west, west, west, west, west, west, west, west, west, west, west, west, west, west, west, west, west, west, west, west, west, west, west, west, west, west, west]
Alpha value
1.0
Max number of actions
5
34.180,32.352,33.347,33.347,0.000,35.247,33.313,33.449,34.282,0.000,36.357,34.447,34.426,35.391,0.000,37.471,35.595,35.541,36.507,0.000,38.509,36.729,36.653,37.617,0.000,38.704,37.682,37.725,38.616,0.000,39.546,37.783,38.685,38.773,0.000,40.335,38.676,38.864,39.637,0.000,40.488,39.481,39.724,40.422,0.000,39.752,39.557,40.426,40.492,0.000,39.022,38.703,40.411,39.671,0.000,39.591,37.955,39.615,38.966,0.000,40.237,38.676,39.014,39.639,0.000,39.669,39.365,39.687,40.285,0.000,38.834,38.655,40.229,39.613,0.000,38.754,37.756,39.529,38.749,0.000,39.581,37.762,38.751,38.756,0.000,40.608,38.713,38.856,39.681,0.000,41.351,39.782,39.808,40.735,0.000,40.891,40.493,40.799,41.415,0.000,39.902,39.889,41.361,40.837,0.000,38.809,38.815,40.708,39.772,0.000,37.938,37.697,39.633,38.670,0.000,38.604,36.853,38.603,37.871,0.000,39.635,37.698,37.938,38.671,0.000,40.741,38.822,38.811,39.775,0.000,41.857,39.971,39.925,40.891,0.000,42.971,41.119,41.041,42.007,0.000,44.044,42.258,42.155,43.119,0.000,44.150,43.232,43.225,44.150,0.000,33.137,31.246,32.279,33.238,0.000,34.230,32.236,32.383,34.174,0.000,35.374,33.377,33.387,35.286,0.000,36.512,34.529,34.528,36.403,0.000,37.506,35.667,35.672,37.514,0.000,37.647,36.644,36.766,38.512,0.000,38.514,36.684,37.679,38.666,0.000,39.322,37.607,37.804,39.530,0.000,39.483,38.436,38.693,40.317,0.000,38.714,38.519,39.414,40.387,0.000,37.940,37.628,39.404,39.563,0.000,38.555,36.831,38.574,38.857,0.000,39.244,37.606,37.933,39.532,0.000,38.641,38.344,38.655,40.180,0.000,37.771,37.590,39.237,39.507,0.000,37.687,36.652,38.497,38.640,0.000,38.539,36.656,37.685,38.647,0.000,39.582,37.637,37.791,39.573,0.000,40.358,38.724,38.771,40.630,0.000,39.873,39.468,39.777,41.310,0.000,38.875,38.834,40.368,40.733,0.000,37.765,37.745,39.687,39.665,0.000,36.848,36.616,38.603,38.561,0.000,37.557,35.721,37.556,37.761,0.000,38.608,36.617,36.848,38.561,0.000,39.750,37.751,37.768,39.670,0.000,40.898,38.904,38.903,40.787,0.000,42.040,40.057,40.053,41.905,0.000,43.057,41.198,41.197,43.017,0.000,43.165,42.201,42.296,44.050,0.000,32.057,30.140,31.174,32.133,0.000,33.157,31.159,31.280,33.096,0.000,34.305,32.305,32.312,34.234,0.000,35.448,33.458,33.458,35.385,0.000,36.468,34.601,34.606,36.520,0.000,36.550,35.606,35.701,37.471,0.000,37.444,35.581,36.636,37.569,0.000,38.274,36.539,36.705,38.461,0.000,38.445,37.391,37.628,39.271,0.000,37.643,37.483,38.369,39.347,0.000,36.819,36.553,38.361,38.487,0.000,37.481,35.703,37.496,37.737,0.000,38.219,36.536,36.813,38.462,0.000,37.579,37.326,37.588,39.155,0.000,36.672,36.525,38.213,38.442,0.000,36.582,35.547,37.428,37.538,0.000,37.461,35.550,36.581,37.542,0.000,38.520,36.562,36.688,38.497,0.000,39.331,37.664,37.698,39.572,0.000,38.820,38.446,38.720,40.284,0.000,37.808,37.779,39.343,39.679,0.000,36.687,36.676,38.631,38.602,0.000,35.719,35.536,37.530,37.479,0.000,36.473,34.586,36.473,36.633,0.000,37.533,35.537,35.719,37.479,0.000,38.679,36.679,36.689,38.609,0.000,39.832,37.833,37.833,39.760,0.000,40.979,38.986,38.986,40.910,0.000,42.024,40.132,40.135,42.050,0.000,42.131,41.167,41.235,43.027,0.000,30.978,29.032,30.067,31.027,0.000,32.083,30.083,30.175,32.019,0.000,33.233,31.233,31.236,33.162,0.000,34.381,32.387,32.387,34.315,0.000,35.430,33.535,33.536,35.455,0.000,35.450,34.572,34.635,36.431,0.000,36.375,34.474,35.595,36.470,0.000,37.226,35.472,35.603,37.393,0.000,37.408,36.347,36.563,38.226,0.000,36.573,36.448,37.324,38.309,0.000,35.695,35.479,37.321,37.412,0.000,36.407,34.572,36.418,36.612,0.000,37.197,35.466,35.690,37.391,0.000,36.517,36.311,36.522,38.134,0.000,35.571,35.460,37.192,37.378,0.000,35.476,34.441,36.358,36.434,0.000,36.383,34.443,35.476,36.437,0.000,37.458,35.487,35.584,37.421,0.000,38.307,36.604,36.626,38.513,0.000,37.766,37.426,37.663,39.259,0.000,36.741,36.723,38.319,38.624,0.000,35.610,35.605,37.573,37.532,0.000,34.586,34.458,36.457,36.397,0.000,35.391,33.446,35.391,35.501,0.000,36.459,34.458,34.586,36.398,0.000,37.608,35.608,35.612,37.537,0.000,38.761,36.761,36.761,38.690,0.000,39.912,37.916,37.915,39.843,0.000,40.988,39.065,39.066,40.987,0.000,41.097,40.133,40.172,41.992,0.000,29.899,27.923,28.959,29.920,0.000,31.010,29.008,29.070,30.942,0.000,32.162,30.163,30.162,32.091,0.000,33.314,31.322,31.316,33.244,0.000,34.396,32.477,32.467,34.390,0.000,34.346,33.541,33.569,35.393,0.000,35.306,33.364,34.558,35.367,0.000,36.178,34.405,34.498,36.325,0.000,36.373,35.303,35.498,37.181,0.000,35.503,35.414,36.280,37.273,0.000,34.567,34.405,36.281,36.337,0.000,35.332,33.436,35.340,35.485,0.000,36.178,34.396,34.562,36.321,0.000,35.456,35.300,35.456,37.116,0.000,34.469,34.395,36.174,36.313,0.000,34.369,33.333,35.289,35.328,0.000,35.305,33.334,34.369,35.331,0.000,36.395,34.413,34.480,36.346,0.000,37.285,35.544,35.555,37.454,0.000,36.712,36.409,36.605,38.237,0.000,35.673,35.666,37.297,37.569,0.000,34.535,34.535,36.515,36.462,0.000,33.449,33.382,35.384,35.317,0.000,34.310,32.302,34.310,34.365,0.000,35.385,33.382,33.449,35.317,0.000,36.536,34.536,34.536,36.465,0.000,37.691,35.695,35.690,37.619,0.000,38.843,36.856,36.844,38.773,0.000,39.952,38.015,37.997,39.922,0.000,40.063,39.100,39.107,40.958,0.000,28.822,26.813,27.850,28.812,0.000,29.939,27.934,27.963,29.866,0.000,31.100,29.187,29.092,31.023,0.000,32.260,30.397,30.251,32.179,0.000,33.370,31.561,31.409,33.329,0.000,33.242,32.613,32.514,34.362,0.000,34.238,32.249,33.524,34.260,0.000,35.131,33.338,33.389,35.257,0.000,35.340,34.259,34.435,36.137,0.000,34.434,34.383,35.237,36.238,0.000,33.435,33.333,35.244,35.263,0.000,34.258,32.296,34.263,34.353,0.000,35.163,33.327,33.431,35.251,0.000,34.394,34.294,34.391,36.102,0.000,33.366,33.329,35.160,35.248,0.000,33.261,32.223,34.219,34.222,0.000,34.228,32.224,33.261,34.223,0.000,35.330,33.340,33.374,35.271,0.000,36.266,34.482,34.485,36.394,0.000,35.657,35.395,35.547,37.218,0.000,34.609,34.720,36.283,36.517,0.000,33.464,33.536,35.458,35.394,0.000,32.308,32.310,34.310,34.239,0.000,33.231,31.154,33.231,33.226,0.000,34.311,32.310,32.308,34.239,0.000,35.472,33.538,33.465,35.396,0.000,36.636,34.761,34.624,36.553,0.000,37.799,35.979,35.786,37.710,0.000,38.925,37.190,36.947,38.864,0.000,39.040,38.319,38.068,39.934,0.000,27.745,25.701,26.740,27.703,0.000,28.960,26.921,26.861,28.796,0.000,30.267,30.873,28.123,30.056,0.000,31.398,30.954,29.336,31.180,0.000,32.462,31.031,30.502,32.299,0.000,32.140,31.718,31.597,33.341,0.000,33.174,31.129,32.588,33.153,0.000,34.084,32.273,32.275,34.190,0.000,34.308,33.217,33.372,35.094,0.000,33.365,33.354,34.194,35.205,0.000,32.298,32.261,34.207,34.189,0.000,33.184,31.151,33.186,33.217,0.000,34.151,32.258,32.296,34.182,0.000,33.331,33.291,33.327,35.091,0.000,32.263,32.291,34.151,34.184,0.000,32.151,31.113,33.148,33.114,0.000,33.152,31.113,32.151,33.114,0.000,34.266,32.304,32.268,34.198,0.000,35.253,33.506,33.418,35.337,0.000,34.709,34.385,34.491,36.205,0.000,33.669,35.318,35.328,35.523,0.000,32.470,34.456,34.577,34.399,0.000,31.239,33.315,33.380,33.239,0.000,30.000,0.000,0.000,0.000,0.000,33.382,33.315,31.239,33.239,0.000,34.604,34.471,32.472,34.401,0.000,35.822,35.624,33.699,35.565,0.000,37.034,36.778,34.922,36.730,0.000,38.204,37.928,36.137,37.893,0.000,38.318,39.001,37.306,38.979,0.000,26.724,24.588,25.630,26.595,0.000,30.541,25.940,25.851,27.821,0.000,30.000,0.000,0.000,0.000,0.000,30.000,0.000,0.000,0.000,0.000,30.000,0.000,0.000,0.000,0.000,31.043,30.711,31.043,32.427,0.000,30.000,0.000,0.000,0.000,0.000,33.093,32.766,31.209,33.179,0.000,33.279,32.174,32.310,34.050,0.000,32.326,33.100,33.179,34.201,0.000,31.190,32.112,33.206,33.149,0.000,30.000,0.000,0.000,0.000,0.000,33.176,32.112,31.189,33.145,0.000,32.326,33.125,32.293,34.116,0.000,31.226,33.152,33.214,33.187,0.000,30.000,0.000,0.000,0.000,0.000,30.000,0.000,0.000,0.000,0.000,33.356,33.256,31.235,33.200,0.000,34.301,34.232,32.448,34.340,0.000,35.247,33.373,33.572,35.251,0.000,34.522,34.381,34.388,34.645,0.000,33.527,35.322,35.251,33.595,0.000,32.394,34.454,34.375,32.392,0.000,33.315,33.470,33.315,31.242,0.000,34.389,34.457,32.395,32.392,0.000,35.534,35.451,33.542,33.612,0.000,36.681,36.476,34.691,34.827,0.000,37.829,37.565,35.839,36.039,0.000,38.940,38.656,36.986,37.245,0.000,39.052,39.676,38.093,38.370,0.000,25.642,23.472,24.515,25.483,0.000,30.430,24.788,24.772,26.834,0.000,30.000,0.000,0.000,0.000,0.000,30.000,0.000,0.000,0.000,0.000,31.679,29.690,31.002,31.618,0.000,32.623,31.050,30.782,31.050,0.000,32.118,31.997,31.815,32.185,0.000,33.050,31.131,32.777,33.088,0.000,32.150,32.130,32.171,33.206,0.000,32.107,31.108,32.994,32.179,0.000,32.069,32.007,32.067,31.107,0.000,33.048,31.110,32.109,32.180,0.000,33.155,32.249,32.190,33.216,0.000,32.224,33.153,33.123,32.288,0.000,32.183,32.184,33.079,31.152,0.000,33.209,33.189,32.189,31.190,0.000,34.157,34.166,32.330,32.369,0.000,33.305,33.298,33.332,33.434,0.000,34.299,32.299,34.232,34.297,0.000,35.250,33.376,33.438,35.243,0.000,34.523,34.454,34.389,34.520,0.000,33.603,35.402,35.261,33.530,0.000,34.461,34.661,34.459,32.476,0.000,35.373,35.329,33.605,33.533,0.000,36.330,34.516,34.597,34.605,0.000,37.411,35.532,35.590,35.741,0.000,38.501,36.675,36.617,36.883,0.000,39.560,37.815,37.705,38.025,0.000,39.668,38.835,38.757,39.092,0.000,24.455,22.354,23.395,24.364,0.000,30.315,23.578,23.688,25.784,0.000,30.000,0.000,0.000,0.000,0.000,30.000,0.000,0.000,0.000,0.000,30.000,0.000,0.000,0.000,0.000,30.903,28.569,30.903,30.634,0.000,30.000,0.000,0.000,0.000,0.000,31.060,31.000,31.060,32.633,0.000,30.000,0.000,0.000,0.000,0.000,31.131,32.673,31.131,32.977,0.000,30.000,0.000,0.000,0.000,0.000,31.037,31.000,31.037,31.997,0.000,30.000,0.000,0.000,0.000,0.000,33.115,33.114,31.219,33.117,0.000,32.188,32.220,32.250,33.121,0.000,33.110,31.147,33.081,32.184,0.000,34.028,32.296,32.221,32.258,0.000,33.298,33.365,33.232,33.327,0.000,32.297,32.299,34.098,34.156,0.000,33.230,31.153,33.221,33.223,0.000,34.301,32.310,32.307,34.233,0.000,35.329,33.531,33.454,35.258,0.000,34.658,34.661,34.471,34.537,0.000,35.328,35.401,35.399,33.670,0.000,34.452,34.389,34.648,34.529,0.000,35.386,33.444,35.326,35.436,0.000,36.458,34.458,34.583,36.393,0.000,37.598,35.607,35.609,37.481,0.000,38.659,36.755,36.753,38.572,0.000,38.769,37.806,37.856,39.592,0.000,23.213,21.239,22.275,23.242,0.000,24.520,22.321,22.398,24.425,0.000,26.284,23.696,23.686,30.342,0.000,30.790,30.790,25.318,30.790,0.000,30.000,0.000,0.000,0.000,0.000,29.421,27.395,30.773,29.533,0.000,30.825,28.440,28.567,30.825,0.000,30.000,0.000,0.000,0.000,0.000,32.603,30.766,31.049,31.049,0.000,32.101,31.846,31.793,32.109,0.000,31.122,32.805,32.676,31.122,0.000,30.000,0.000,0.000,0.000,0.000,33.042,33.138,31.147,31.147,0.000,32.253,33.147,32.187,32.250,0.000,31.222,33.209,33.118,33.118,0.000,30.000,0.000,0.000,0.000,0.000,33.289,33.302,31.233,33.157,0.000,32.375,34.297,32.373,34.106,0.000,31.235,33.306,33.292,33.226,0.000,30.000,0.000,0.000,0.000,0.000,33.380,33.315,31.239,33.238,0.000,34.575,34.461,32.470,34.390,0.000,35.340,35.402,33.668,35.402,0.000,34.399,34.459,34.651,34.653,0.000,33.442,33.377,35.259,35.250,0.000,34.310,32.302,34.305,34.363,0.000,35.385,33.382,33.449,35.317,0.000,36.534,34.536,34.536,36.464,0.000,37.626,35.691,35.687,37.609,0.000,37.736,36.773,36.796,38.632,0.000,22.128,20.129,21.166,22.128,0.000,23.441,21.239,21.286,23.185,0.000,30.209,22.627,22.616,24.737,0.000,30.000,0.000,0.000,0.000,0.000,27.372,25.207,30.671,30.671,0.000,28.205,26.193,26.348,28.245,0.000,29.369,27.378,27.350,29.296,0.000,30.548,28.651,28.524,30.821,0.000,31.692,29.877,29.686,31.629,0.000,32.733,31.055,30.839,32.665,0.000,32.167,32.134,31.870,32.115,0.000,33.099,32.404,32.802,31.181,0.000,33.139,32.996,32.243,32.212,0.000,33.245,32.215,33.178,33.157,0.000,32.300,33.191,33.150,32.289,0.000,33.299,33.379,33.219,31.235,0.000,34.298,34.415,32.384,32.382,0.000,33.455,35.350,33.452,33.444,0.000,32.391,34.454,34.300,32.386,0.000,33.315,33.470,33.309,31.242,0.000,34.380,34.454,32.394,32.392,0.000,35.335,35.384,33.532,33.600,0.000,34.472,34.655,34.539,34.656,0.000,33.455,33.531,35.330,35.267,0.000,32.307,32.310,34.302,34.234,0.000,33.231,31.154,33.230,33.226,0.000,34.311,32.310,32.308,34.239,0.000,35.471,33.539,33.465,35.396,0.000,36.594,34.759,34.623,36.549,0.000,36.708,35.897,35.740,37.603,0.000,21.044,19.018,20.056,21.019,0.000,22.186,20.158,20.171,22.097,0.000,23.581,21.680,21.342,23.472,0.000,24.985,23.140,22.742,30.246,0.000,25.987,24.548,23.929,26.066,0.000,27.177,25.895,25.116,27.078,0.000,28.452,27.195,26.308,28.244,0.000,29.765,30.838,27.589,29.509,0.000,30.912,30.920,28.820,30.637,0.000,32.017,30.992,30.004,31.754,0.000,32.318,31.949,31.143,32.761,0.000,32.902,31.359,32.144,32.178,0.000,32.180,32.017,32.368,33.108,0.000,33.143,31.141,32.963,33.135,0.000,33.299,32.262,32.224,33.218,0.000,34.338,33.440,33.239,32.382,0.000,35.319,34.574,33.493,33.492,0.000,34.568,35.600,34.531,34.490,0.000,33.612,35.558,35.357,33.534,0.000,34.459,34.668,34.462,32.476,0.000,35.315,35.329,33.603,33.530,0.000,34.650,34.452,34.532,34.534,0.000,33.667,35.322,35.384,35.401,0.000,32.470,34.456,34.574,34.390,0.000,31.239,33.315,33.380,33.239,0.000,30.000,0.000,0.000,0.000,0.000,33.382,33.316,31.239,33.239,0.000,34.604,34.478,32.472,34.401,0.000,35.783,35.639,33.699,35.562,0.000,35.898,36.722,34.877,36.646,0.000,19.967,17.906,18.945,19.909,0.000,21.442,19.386,19.085,21.037,0.000,23.242,30.373,20.625,22.581,0.000,24.614,30.472,22.105,23.939,0.000,25.925,30.566,23.521,25.103,0.000,27.187,30.657,24.879,26.261,0.000,30.622,28.472,26.184,27.423,0.000,30.000,0.000,0.000,0.000,0.000,30.000,0.000,0.000,0.000,0.000,31.835,29.993,30.995,30.998,0.000,31.281,30.968,31.040,32.036,0.000,31.950,30.272,31.922,32.260,0.000,31.076,31.000,31.311,32.824,0.000,30.000,0.000,0.000,0.000,0.000,33.315,33.084,31.226,33.153,0.000,34.454,34.178,32.410,33.412,0.000,35.550,35.238,33.584,34.522,0.000,35.588,35.409,34.678,35.463,0.000,34.760,36.214,35.627,34.635,0.000,35.337,35.459,35.549,33.677,0.000,34.450,34.391,34.655,34.527,0.000,35.317,33.441,35.323,35.376,0.000,34.524,34.384,34.449,34.645,0.000,33.527,35.323,35.254,33.595,0.000,32.394,34.454,34.375,32.392,0.000,33.316,33.471,33.315,31.242,0.000,34.396,34.473,32.396,32.393,0.000,35.556,35.627,33.550,33.619,0.000,36.679,36.777,34.708,34.836,0.000,36.793,37.826,35.825,35.971,0.000,19.170,16.792,17.843,18.808,0.000,29.770,18.646,18.323,20.311,0.000,30.000,0.000,0.000,0.000,0.000,30.000,0.000,0.000,0.000,0.000,30.000,0.000,0.000,0.000,0.000,30.000,0.000,0.000,0.000,0.000,29.577,29.705,30.782,27.474,0.000,29.284,29.221,28.610,30.799,0.000,29.857,28.252,29.617,30.821,0.000,30.829,28.887,29.351,30.861,0.000,30.194,29.957,29.967,31.771,0.000,30.933,29.149,30.904,31.177,0.000,31.927,29.991,30.267,31.871,0.000,32.933,31.113,31.065,31.073,0.000,34.026,32.257,32.147,32.286,0.000,35.089,33.394,33.233,33.461,0.000,35.326,34.366,34.288,34.592,0.000,36.169,34.431,35.302,35.640,0.000,35.454,35.288,35.433,35.610,0.000,34.455,34.508,36.110,34.714,0.000,33.444,33.379,35.309,35.254,0.000,34.305,32.302,34.307,34.361,0.000,35.250,33.377,33.441,35.245,0.000,34.523,34.454,34.389,34.520,0.000,33.604,35.403,35.262,33.531,0.000,34.478,34.685,34.460,32.477,0.000,35.553,35.634,33.623,33.550,0.000,36.701,36.780,34.704,34.704,0.000,37.791,37.925,35.855,35.858,0.000,37.901,38.940,36.963,36.937,0.000,18.079,15.666,16.718,17.694,0.000,29.659,17.239,17.236,19.539,0.000,30.000,0.000,0.000,0.000,0.000,30.000,0.000,0.000,0.000,0.000,29.796,30.955,30.955,30.955,0.000,29.331,30.935,30.673,28.662,0.000,28.247,28.270,29.562,29.517,0.000,28.770,27.145,29.157,29.162,0.000,29.815,27.800,28.248,29.758,0.000,29.142,30.861,28.952,30.822,0.000,29.853,28.019,29.888,30.059,0.000,30.901,28.911,29.146,30.855,0.000,32.039,30.044,30.061,31.927,0.000,33.179,31.196,31.193,33.015,0.000,34.190,32.336,32.335,34.103,0.000,34.298,33.333,33.432,35.125,0.000,35.183,33.334,34.364,35.316,0.000,34.501,34.277,34.401,36.095,0.000,33.449,33.504,35.157,35.310,0.000,32.307,32.309,34.297,34.236,0.000,33.230,31.154,33.230,33.226,0.000,34.301,32.309,32.307,34.234,0.000,35.330,33.526,33.454,35.259,0.000,34.682,34.669,34.472,34.538,0.000,35.630,35.797,35.425,33.696,0.000,36.708,36.780,34.835,34.709,0.000,37.850,37.915,35.861,35.857,0.000,38.906,39.045,37.005,37.004,0.000,39.015,40.041,38.108,38.050,0.000,16.645,14.538,15.580,16.557,0.000,18.933,16.158,15.768,18.105,0.000,30.526,30.526,18.191,30.526,0.000,30.000,0.000,0.000,0.000,0.000,30.000,0.000,0.000,0.000,0.000,30.000,0.000,0.000,0.000,0.000,27.225,27.328,30.682,29.163,0.000,27.681,26.010,28.126,28.057,0.000,30.645,26.711,27.188,28.738,0.000,30.000,0.000,0.000,0.000,0.000,28.837,26.882,30.717,29.000,0.000,29.827,27.831,28.015,29.774,0.000,30.972,28.972,28.984,30.902,0.000,32.117,30.125,30.126,32.051,0.000,33.156,31.270,31.274,33.189,0.000,33.201,32.297,32.370,34.159,0.000,34.167,32.229,33.325,34.223,0.000,33.495,33.269,33.305,35.081,0.000,32.447,34.210,34.208,34.364,0.000,31.238,33.302,33.359,33.237,0.000,30.000,0.000,0.000,0.000,0.000,33.374,33.302,31.238,33.238,0.000,34.577,34.313,32.465,34.385,0.000,35.710,35.399,33.676,35.416,0.000,36.697,36.489,34.811,34.828,0.000,37.830,37.580,35.941,35.852,0.000,38.959,38.671,36.990,36.994,0.000,39.995,39.764,38.123,38.135,0.000,40.103,40.786,39.213,39.150,0.000,15.907,13.423,14.477,15.444,0.000,29.439,15.495,15.072,17.104,0.000,30.000,0.000,0.000,0.000,0.000,30.000,0.000,0.000,0.000,0.000,28.754,30.917,30.917,30.917,0.000,27.504,29.669,29.710,30.790,0.000,26.208,30.746,28.490,28.248,0.000,26.524,24.871,27.097,26.925,0.000,26.056,25.547,25.925,27.520,0.000,26.747,25.021,26.644,30.504,0.000,27.627,25.666,26.126,27.739,0.000,28.750,26.753,26.813,28.689,0.000,29.900,27.901,27.906,29.830,0.000,31.049,29.054,29.054,30.982,0.000,32.120,30.203,30.204,32.125,0.000,32.097,31.265,31.304,33.119,0.000,33.154,31.118,32.288,33.123,0.000,34.137,32.269,32.264,34.129,0.000,33.378,33.386,33.278,33.437,0.000,32.381,34.345,34.147,32.379,0.000,33.302,33.447,33.302,31.240,0.000,34.230,34.240,32.380,32.379,0.000,35.246,33.374,33.448,33.523,0.000,36.334,34.453,34.457,34.718,0.000,37.425,35.600,35.540,35.851,0.000,38.517,36.746,36.628,36.898,0.000,39.614,37.890,37.720,38.034,0.000,40.675,39.030,38.813,39.163,0.000,40.783,40.095,39.868,40.160,0.000,14.811,12.293,13.349,14.328,0.000,29.326,13.992,13.979,16.388,0.000,30.000,0.000,0.000,0.000,0.000,30.000,0.000,0.000,0.000,0.000,30.917,31.000,30.917,28.754,0.000,30.000,0.000,0.000,0.000,0.000,25.642,23.727,30.393,25.948,0.000,24.943,24.518,24.786,26.363,0.000,25.531,23.908,25.479,25.915,0.000,26.547,24.578,25.012,26.535,0.000,27.677,25.679,25.727,27.611,0.000,28.829,26.829,26.833,28.758,0.000,29.981,27.982,27.983,29.911,0.000,31.088,29.134,29.134,31.058,0.000,30.987,30.238,30.237,32.084,0.000,30.000,0.000,0.000,0.000,0.000,33.274,32.410,31.203,33.165,0.000,34.314,33.521,32.390,34.189,0.000,33.486,34.519,33.432,33.422,0.000,34.243,34.354,34.343,32.452,0.000,33.307,33.306,33.440,33.376,0.000,34.305,32.300,34.239,34.298,0.000,35.382,33.382,33.446,35.313,0.000,36.527,34.536,34.533,36.404,0.000,37.673,35.694,35.683,37.498,0.000,38.817,36.854,36.830,38.596,0.000,39.923,38.013,37.975,39.694,0.000,40.034,39.097,39.078,40.719,0.000,13.285,11.161,12.203,13.184,0.000,15.883,12.881,12.409,14.852,0.000,30.414,30.414,15.169,30.414,0.000,30.000,0.000,0.000,0.000,0.000,30.000,0.000,0.000,0.000,0.000,30.000,0.000,0.000,0.000,0.000,23.835,21.554,30.418,30.418,0.000,24.367,22.404,22.684,24.567,0.000,23.832,23.690,23.497,25.329,0.000,24.445,22.791,24.449,24.806,0.000,25.471,23.492,23.898,25.447,0.000,26.605,24.606,24.641,26.537,0.000,27.757,25.757,25.760,27.686,0.000,28.911,26.911,26.911,28.840,0.000,30.061,28.065,28.065,29.992,0.000,31.167,29.217,29.215,31.097,0.000,32.233,30.367,30.318,30.998,0.000,33.348,31.514,31.425,32.192,0.000,34.418,32.657,32.536,33.372,0.000,34.306,33.710,33.598,34.366,0.000,33.353,33.440,34.476,33.484,0.000,32.301,32.303,34.208,34.167,0.000,33.230,31.154,33.225,33.223,0.000,34.311,32.310,32.308,34.239,0.000,35.472,33.538,33.465,35.393,0.000,36.634,34.762,34.624,36.546,0.000,37.797,35.980,35.785,37.697,0.000,38.923,37.192,36.946,38.844,0.000,39.037,38.322,38.066,39.914,0.000,12.614,10.045,11.103,12.070,0.000,29.086,11.789,11.792,13.841,0.000,30.000,0.000,0.000,0.000,0.000,30.000,0.000,0.000,0.000,0.000,30.637,20.840,30.637,30.637,0.000,30.000,0.000,0.000,0.000,0.000,22.532,20.151,30.052,22.733,0.000,23.530,21.588,21.323,23.276,0.000,22.996,30.433,22.697,24.580,0.000,23.366,21.669,23.618,23.700,0.000,24.396,22.405,22.780,24.360,0.000,25.533,23.533,23.557,25.464,0.000,26.686,24.686,24.687,26.614,0.000,27.840,25.840,25.840,27.768,0.000,28.993,26.993,26.993,28.922,0.000,30.145,28.147,28.147,30.072,0.000,31.294,29.301,29.299,31.180,0.000,32.440,30.454,30.449,32.292,0.000,33.541,31.606,31.596,33.405,0.000,33.393,32.706,32.693,34.427,0.000,32.404,33.682,33.668,34.240,0.000,31.235,33.262,33.318,33.229,0.000,30.000,0.000,0.000,0.000,0.000,33.382,33.315,31.239,33.239,0.000,34.605,34.475,32.472,34.401,0.000,35.824,35.636,33.700,35.565,0.000,37.037,36.799,34.923,36.730,0.000,38.208,37.959,36.140,37.893,0.000,38.323,39.041,37.309,38.979,0.000,11.008,8.911,9.953,10.935,0.000,13.242,10.130,10.130,12.625,0.000,29.722,13.101,12.501,29.722,0.000,30.000,0.000,0.000,0.000,0.000,20.965,23.981,30.399,30.399,0.000,19.114,30.281,22.145,22.037,0.000,19.998,17.467,20.368,29.803,0.000,21.339,19.334,18.686,21.012,0.000,30.334,30.623,20.528,22.814,0.000,30.000,0.000,0.000,0.000,0.000,22.547,20.535,30.070,22.849,0.000,23.321,21.320,21.651,23.272,0.000,24.461,22.461,22.472,24.391,0.000,25.614,23.614,23.615,25.543,0.000,26.768,24.768,24.768,26.697,0.000,27.922,25.922,25.922,27.851,0.000,29.076,27.076,27.076,29.004,0.000,30.230,28.230,28.230,30.156,0.000,31.383,29.389,29.383,31.307,0.000,32.532,30.546,30.537,32.455,0.000,33.589,31.696,31.685,33.554,0.000,33.299,32.790,32.734,33.357,0.000,32.341,33.762,33.637,32.338,0.000,33.311,33.420,33.264,31.238,0.000,34.392,34.448,32.392,32.392,0.000,35.550,35.580,33.547,33.617,0.000,36.710,36.711,34.704,34.836,0.000,37.868,37.843,35.862,36.052,0.000,38.990,38.971,37.019,37.260,0.000,39.104,40.023,38.136,38.388,0.000,9.895,7.796,8.837,9.803,0.000,12.255,9.437,9.017,11.039,0.000,29.717,30.301,11.532,14.552,0.000,30.000,0.000,0.000,0.000,0.000,30.699,31.000,30.699,22.868,0.000,30.000,0.000,0.000,0.000,0.000,19.529,16.293,29.680,18.819,0.000,30.166,30.543,18.287,20.360,0.000,30.000,0.000,0.000,0.000,0.000,20.750,18.385,30.199,30.199,0.000,21.110,19.097,19.506,21.369,0.000,22.236,20.236,20.250,22.176,0.000,23.389,21.389,21.390,23.318,0.000,24.543,22.543,22.543,24.471,0.000,25.697,23.697,23.697,25.625,0.000,26.851,24.851,24.851,26.779,0.000,28.005,26.005,26.004,27.933,0.000,29.164,27.167,27.159,29.087,0.000,30.325,28.444,28.318,30.246,0.000,31.478,29.587,29.475,31.399,0.000,32.621,30.633,30.629,32.544,0.000,33.671,31.775,31.774,33.599,0.000,33.381,32.872,32.817,33.306,0.000,34.404,33.965,33.793,32.424,0.000,35.483,35.013,33.552,33.523,0.000,36.612,36.114,34.653,34.674,0.000,37.742,37.217,35.783,35.827,0.000,38.870,38.322,36.913,36.981,0.000,39.960,39.424,38.041,38.133,0.000,40.070,40.454,39.129,39.211,0.000,9.182,6.681,7.736,8.703,0.000,28.742,8.350,8.533,10.557,0.000,30.000,0.000,0.000,0.000,0.000,30.000,0.000,0.000,0.000,0.000,30.000,0.000,0.000,0.000,0.000,17.195,30.489,30.489,30.489,0.000,29.548,14.661,18.450,17.669,0.000,30.000,0.000,0.000,0.000,0.000,18.674,16.218,30.050,30.050,0.000,18.889,16.873,17.336,19.214,0.000,20.011,18.010,18.026,19.953,0.000,21.164,19.164,19.164,21.093,0.000,22.318,20.318,20.318,22.246,0.000,23.471,21.471,21.471,23.400,0.000,24.625,22.625,22.625,24.554,0.000,25.780,23.779,23.779,25.708,0.000,26.942,24.938,24.933,26.862,0.000,28.218,26.214,26.096,28.025,0.000,29.485,30.821,27.381,29.307,0.000,30.416,28.524,28.526,30.341,0.000,31.558,29.562,29.665,31.490,0.000,32.702,30.708,30.714,32.632,0.000,33.799,31.859,31.856,33.684,0.000,34.850,33.008,32.950,33.443,0.000,35.951,34.154,34.047,34.544,0.000,37.054,35.299,35.147,35.672,0.000,38.160,36.442,36.249,36.801,0.000,39.264,37.582,37.353,37.929,0.000,40.333,38.718,38.457,39.054,0.000,40.442,39.759,39.521,40.104,0.000,7.464,5.550,6.585,7.565,0.000,8.584,6.564,6.713,9.139,0.000,10.434,7.709,8.425,28.736,0.000,12.096,8.882,9.552,28.871,0.000,29.594,10.644,11.292,29.594,0.000,30.000,0.000,0.000,0.000,0.000,15.012,12.951,29.314,16.020,0.000,16.014,13.498,14.557,29.333,0.000,16.649,14.631,14.667,17.025,0.000,17.785,15.785,15.786,17.729,0.000,18.939,16.938,16.939,18.868,0.000,20.092,18.092,18.092,20.021,0.000,21.246,19.246,19.246,21.175,0.000,22.400,20.400,20.400,22.329,0.000,23.554,21.554,21.554,23.482,0.000,24.712,22.708,22.708,24.636,0.000,25.979,23.866,23.866,25.795,0.000,30.464,25.146,25.148,27.081,0.000,30.000,0.000,0.000,0.000,0.000,29.464,27.456,30.776,29.496,0.000,30.487,28.486,28.597,30.422,0.000,31.636,29.636,29.640,31.565,0.000,32.787,30.790,30.790,32.713,0.000,33.935,31.944,31.941,33.814,0.000,35.081,33.097,33.091,34.916,0.000,36.226,34.250,34.239,36.020,0.000,37.369,35.402,35.385,37.126,0.000,38.507,36.554,36.529,38.234,0.000,39.589,37.700,37.669,39.338,0.000,39.698,38.749,38.766,40.369,0.000,6.384,4.443,5.477,6.437,0.000,7.487,5.488,5.586,7.424,0.000,8.636,6.636,6.642,8.566,0.000,9.791,7.790,7.791,9.737,0.000,10.965,8.944,8.965,11.438,0.000,12.725,10.098,10.725,28.974,0.000,13.273,11.252,11.272,13.746,0.000,14.406,12.405,12.406,14.353,0.000,15.559,13.559,13.559,15.489,0.000,16.713,14.713,14.713,16.642,0.000,17.867,15.867,15.867,17.796,0.000,19.021,17.021,17.021,18.950,0.000,20.175,18.176,18.175,20.103,0.000,21.329,19.330,19.329,21.257,0.000,22.483,20.484,20.483,22.411,0.000,23.637,21.638,21.637,23.565,0.000,24.793,22.793,22.791,24.723,0.000,25.952,23.947,23.949,25.991,0.000,27.230,25.102,25.229,30.474,0.000,28.261,26.257,26.260,28.300,0.000,29.411,27.412,27.411,29.343,0.000,30.565,28.566,28.565,30.493,0.000,31.719,29.721,29.719,31.647,0.000,32.872,30.876,30.873,32.799,0.000,34.026,32.031,32.026,33.949,0.000,35.178,33.186,33.180,35.097,0.000,36.331,34.341,34.333,36.243,0.000,37.479,35.495,35.485,37.388,0.000,38.569,36.646,36.635,38.526,0.000,38.680,37.719,37.741,39.569,0.000,5.305,3.334,4.370,5.331,0.000,6.414,4.413,4.480,6.347,0.000,7.565,5.565,5.567,7.493,0.000,8.719,6.719,6.719,8.647,0.000,9.872,7.873,7.872,9.801,0.000,11.026,9.027,9.026,10.955,0.000,12.180,10.181,10.180,12.109,0.000,13.334,11.336,11.334,13.263,0.000,14.488,12.491,12.488,14.417,0.000,15.642,13.646,13.642,15.570,0.000,16.796,14.801,14.796,16.724,0.000,17.951,15.956,15.950,17.878,0.000,19.105,17.112,17.104,19.032,0.000,20.259,18.268,18.258,20.186,0.000,21.413,19.424,19.413,21.340,0.000,22.568,20.580,20.567,22.494,0.000,23.722,21.737,21.721,23.649,0.000,24.877,22.893,22.876,24.805,0.000,26.032,24.050,24.031,25.960,0.000,27.187,25.207,25.185,27.115,0.000,28.342,26.365,26.340,28.269,0.000,29.497,27.522,27.495,29.423,0.000,30.652,28.680,28.650,30.577,0.000,31.807,29.838,29.805,31.731,0.000,32.962,30.996,30.960,32.885,0.000,34.117,32.154,32.115,34.039,0.000,35.272,33.313,33.270,35.192,0.000,36.425,34.471,34.425,36.345,0.000,37.539,35.626,35.578,37.492,0.000,37.650,36.705,36.689,38.543,0.000,4.228,2.224,3.261,4.223,0.000,5.341,3.339,3.374,5.271,0.000,6.493,4.493,4.493,6.422,0.000,7.647,5.650,5.647,7.576,0.000,8.802,6.807,6.801,8.730,0.000,9.956,7.966,7.955,9.884,0.000,11.111,9.125,9.110,11.038,0.000,12.266,10.285,10.265,12.192,0.000,13.421,11.446,11.419,13.346,0.000,14.577,12.607,12.574,14.501,0.000,15.732,13.769,13.730,15.655,0.000,16.888,14.932,14.885,16.810,0.000,18.044,16.095,16.041,17.964,0.000,19.201,17.258,17.197,19.119,0.000,20.357,18.422,18.353,20.273,0.000,21.514,19.586,19.510,21.428,0.000,22.671,20.750,20.666,22.583,0.000,23.829,21.914,21.823,23.738,0.000,24.986,23.079,22.980,24.893,0.000,26.144,24.244,24.138,26.049,0.000,27.302,25.409,25.295,27.204,0.000,28.460,26.575,26.453,28.360,0.000,29.618,27.740,27.611,29.515,0.000,30.777,28.906,28.769,30.671,0.000,31.935,30.071,29.927,31.826,0.000,33.094,31.237,31.086,32.982,0.000,34.252,32.403,32.244,34.138,0.000,35.409,33.568,33.403,35.293,0.000,36.529,34.731,34.560,36.445,0.000,36.642,35.817,35.675,37.519,0.000,3.151,1.113,2.151,3.114,0.000,4.268,2.266,2.267,4.196,0.000,5.426,3.457,3.422,5.352,0.000,6.584,4.647,4.578,6.507,0.000,7.744,5.836,5.736,7.663,0.000,8.904,7.024,6.895,8.818,0.000,10.065,8.210,8.055,9.974,0.000,11.227,9.396,9.215,11.130,0.000,12.390,10.581,10.376,12.287,0.000,13.553,11.765,11.538,13.443,0.000,14.716,12.948,12.701,14.600,0.000,15.880,14.131,13.864,15.757,0.000,17.044,15.313,15.027,16.914,0.000,18.209,16.494,16.191,18.071,0.000,19.373,17.675,17.355,19.229,0.000,20.538,18.855,18.520,20.387,0.000,21.704,20.034,19.684,21.545,0.000,22.869,21.214,20.850,22.703,0.000,24.035,22.392,22.015,23.862,0.000,25.201,23.570,23.180,25.020,0.000,26.367,24.748,24.346,26.179,0.000,27.533,25.925,25.512,27.338,0.000,28.699,27.102,26.678,28.497,0.000,29.865,28.278,27.844,29.656,0.000,31.032,29.454,29.010,30.816,0.000,32.198,30.630,30.177,31.975,0.000,33.364,31.805,31.343,33.135,0.000,34.529,32.980,32.509,34.294,0.000,35.656,34.151,33.674,35.451,0.000,35.770,35.246,34.797,36.531,0.000,0.000,0.000,0.000,0.000,0.000,3.265,2.195,1.195,3.159,0.000,4.456,3.388,2.389,4.318,0.000,5.646,4.581,3.581,5.479,0.000,6.835,5.772,4.772,6.640,0.000,8.023,6.961,5.961,7.802,0.000,9.209,8.150,7.150,8.964,0.000,10.395,9.337,8.337,10.127,0.000,11.580,10.524,9.524,11.291,0.000,12.764,11.710,10.710,12.455,0.000,13.948,12.895,11.895,13.620,0.000,15.130,14.079,13.079,14.785,0.000,16.312,15.262,14.262,15.950,0.000,17.493,16.444,15.444,17.116,0.000,18.674,17.626,16.626,18.282,0.000,19.854,18.807,17.807,19.448,0.000,21.034,19.988,18.988,20.615,0.000,22.213,21.168,20.168,21.781,0.000,23.392,22.348,21.348,22.948,0.000,24.570,23.527,22.527,24.115,0.000,25.747,24.705,23.705,25.282,0.000,26.925,25.883,24.883,26.449,0.000,28.101,27.061,26.061,27.616,0.000,29.278,28.238,27.238,28.783,0.000,30.454,29.414,28.415,29.951,0.000,31.629,30.591,29.591,31.118,0.000,32.805,31.767,30.767,32.285,0.000,33.978,32.942,31.942,33.452,0.000,35.113,34.114,33.116,34.616,0.000,35.227,35.209,34.247,35.703,0.000,
