States
25
Policy
[south, west, west, obstacle, obstacle, south, south, west, south, west, south, south, west, west, obstacle, south, west, obstacle, north, obstacle, null, west, west, west, west]
Alpha value
1.0
Max number of actions
5
6.790,4.900,5.890,5.890,0.000,7.860,6.120,6.000,6.880,0.000,28.540,9.510,7.090,7.990,0.000,29.700,0.000,0.000,0.000,0.000,29.700,0.000,0.000,0.000,0.000,5.670,3.690,4.800,5.780,0.000,6.910,4.900,4.900,6.790,0.000,8.310,6.150,6.120,7.860,0.000,11.380,7.580,9.510,28.540,0.000,13.720,28.980,10.810,28.690,0.000,4.440,2.460,3.570,4.570,0.000,5.670,3.690,3.690,5.670,0.000,9.540,28.540,4.900,6.910,0.000,28.880,12.580,6.150,8.310,0.000,29.700,0.000,0.000,0.000,0.000,3.230,1.230,2.340,3.340,0.000,28.100,5.100,2.460,4.440,0.000,29.700,0.000,0.000,0.000,0.000,28.610,9.870,28.540,9.540,0.000,29.700,0.000,0.000,0.000,0.000,0.000,0.000,0.000,0.000,0.000,5.710,2.610,1.230,3.230,0.000,7.390,6.220,5.100,28.100,0.000,10.510,7.870,6.530,10.130,0.000,10.860,10.860,9.870,28.610,0.000,
