States
900
Policy
[south, east, east, south, south, south, east, south, south, south, south, south, south, south, south, south, south, south, south, south, west, west, south, south, south, west, west, south, south, south, south, south, south, south, south, south, south, south, south, south, south, south, south, south, south, south, south, south, south, south, south, south, south, south, south, south, south, south, south, south, south, east, south, south, south, south, south, south, south, south, south, south, south, south, south, south, south, south, south, south, south, south, south, south, south, south, south, south, south, south, east, east, east, south, south, south, east, south, south, south, south, south, east, south, south, south, south, south, south, south, south, south, south, south, south, west, west, south, south, south, east, east, east, east, south, east, east, south, south, south, south, south, east, east, south, south, south, south, south, south, west, west, south, south, west, west, west, south, south, south, east, east, east, east, south, west, east, east, south, south, south, south, east, east, south, south, south, south, south, south, west, west, south, south, west, west, south, south, south, south, north, obstacle, south, obstacle, south, west, obstacle, east, south, south, south, south, obstacle, south, south, south, south, south, south, south, west, west, south, south, south, obstacle, south, south, south, south, north, obstacle, east, east, south, obstacle, east, east, south, west, east, south, south, south, south, south, south, south, south, south, obstacle, south, south, south, south, south, south, south, south, south, obstacle, south, obstacle, obstacle, south, south, obstacle, obstacle, south, west, east, east, south, south, south, south, south, south, south, south, south, west, south, south, south, south, south, south, south, south, obstacle, east, south, west, east, east, south, south, west, obstacle, south, east, south, south, south, south, south, west, south, south, south, obstacle, south, south, south, south, south, south, south, south, east, east, south, obstacle, obstacle, obstacle, south, south, west, south, south, obstacle, south, south, south, south, west, west, south, south, south, south, south, south, south, south, south, south, south, south, obstacle, obstacle, south, south, east, south, south, west, obstacle, south, east, south, south, south, south, south, west, west, south, south, south, south, south, south, south, south, south, south, south, south, south, obstacle, south, west, obstacle, south, south, south, obstacle, south, obstacle, south, south, south, south, south, west, obstacle, south, south, south, south, south, south, south, south, south, south, south, south, south, obstacle, south, obstacle, south, east, south, south, south, south, south, south, south, west, south, south, west, south, south, south, south, south, south, south, south, south, south, south, south, south, south, obstacle, south, west, west, east, south, south, west, west, east, south, south, west, south, south, obstacle, south, south, south, south, south, south, south, south, south, south, south, south, south, east, south, south, obstacle, north, obstacle, south, south, west, west, east, south, south, obstacle, east, south, south, south, south, south, south, south, south, south, south, south, south, south, south, south, east, east, south, south, obstacle, south, south, south, obstacle, north, obstacle, south, south, obstacle, south, south, south, south, south, south, south, south, south, south, south, south, south, south, south, south, obstacle, east, south, south, west, west, west, west, south, obstacle, south, south, south, west, south, south, south, south, south, south, south, south, south, south, south, south, south, south, south, south, south, obstacle, south, south, west, west, west, west, west, west, east, east, south, obstacle, south, south, south, south, south, south, south, south, south, south, south, south, south, south, south, south, east, south, south, west, obstacle, north, north, north, west, west, east, east, south, south, south, south, west, west, west, south, south, west, west, south, south, south, south, south, south, south, obstacle, south, south, west, south, obstacle, north, north, north, north, obstacle, obstacle, south, south, south, west, west, west, west, south, west, west, west, south, south, south, south, south, south, south, obstacle, south, south, obstacle, south, south, obstacle, north, obstacle, obstacle, south, south, south, south, west, west, west, west, west, south, west, west, west, south, south, south, south, south, south, south, east, east, south, south, west, west, south, obstacle, east, south, west, south, south, west, west, west, west, west, west, south, west, west, south, south, south, south, south, south, south, south, obstacle, east, south, south, obstacle, obstacle, south, obstacle, obstacle, south, obstacle, south, south, west, west, south, south, west, south, south, south, obstacle, south, south, south, south, south, south, south, south, south, obstacle, south, south, south, obstacle, south, south, south, south, south, south, south, south, obstacle, south, south, obstacle, south, south, south, south, south, south, west, west, west, west, south, south, south, south, south, south, south, south, south, south, west, west, west, west, south, south, south, south, south, south, south, south, west, west, west, west, west, west, west, west, west, south, south, south, south, west, west, west, west, west, west, west, west, west, west, west, west, west, west, west, west, west, west, west, west, west, west, west, west, west, west, west, south, south, west, west, west, west, west, west, west, west, west, west, west, west, west, west, west, west, west, west, west, west, west, west, west, west, west, west, west, west, south, south, west, west, west, west, west, west, west, west, west, west, west, west, west, west, west, west, west, west, west, west, west, west, west, west, west, west, west, west, null, west, west, west, west, west, west, west, west, west, west, west, west, west, west, west, west, west, west, west, west, west, west, west, west, west, west, west, west, west]
Alpha value
1.0
Max number of actions
5
60.777,60.776,61.627,61.627,0.000,59.789,59.842,61.528,60.678,0.000,58.752,58.777,60.541,59.651,0.000,57.811,57.703,59.516,58.616,0.000,57.944,56.771,58.527,57.722,0.000,57.150,57.053,57.682,57.905,0.000,56.177,56.187,57.820,57.065,0.000,55.297,55.141,56.937,56.049,0.000,55.618,54.265,55.971,55.219,0.000,55.623,54.718,55.222,55.622,0.000,55.364,54.687,55.626,55.627,0.000,54.699,54.374,55.583,55.320,0.000,53.660,53.656,55.226,54.605,0.000,52.605,52.565,54.472,53.527,0.000,52.102,51.501,53.404,52.483,0.000,52.662,51.062,52.441,52.060,0.000,53.524,51.757,52.123,52.726,0.000,54.188,52.678,52.832,53.630,0.000,55.129,53.321,53.735,54.293,0.000,56.215,54.285,54.416,55.252,0.000,57.314,55.412,55.396,56.358,0.000,58.235,56.523,56.500,57.456,0.000,58.864,57.398,57.571,58.351,0.000,59.903,57.990,58.455,58.968,0.000,60.995,59.069,59.097,60.032,0.000,62.103,60.213,60.180,61.143,0.000,63.096,61.336,61.288,62.247,0.000,64.023,62.268,62.378,63.227,0.000,64.666,63.186,63.342,64.137,0.000,64.738,63.797,64.209,64.738,0.000,59.877,59.823,60.713,61.532,0.000,58.849,58.849,60.611,60.581,0.000,57.775,57.770,59.637,59.553,0.000,56.794,56.682,58.572,58.514,0.000,57.023,55.704,57.547,57.620,0.000,56.205,56.096,56.667,57.805,0.000,55.203,55.190,56.901,56.966,0.000,54.277,54.123,55.990,55.948,0.000,54.645,53.194,54.993,55.116,0.000,54.614,53.708,54.200,55.518,0.000,54.349,53.638,54.652,55.523,0.000,53.680,53.320,54.572,55.215,0.000,52.628,52.602,54.208,54.499,0.000,51.553,51.495,53.452,53.420,0.000,51.032,50.409,52.369,52.374,0.000,51.620,49.952,51.386,51.951,0.000,52.499,50.680,51.054,52.618,0.000,53.145,51.620,51.792,53.523,0.000,54.091,52.241,52.711,54.186,0.000,55.196,53.210,53.373,55.145,0.000,56.310,54.344,54.359,56.252,0.000,57.212,55.462,55.482,57.350,0.000,57.815,56.339,56.567,58.245,0.000,58.868,56.902,57.430,58.861,0.000,59.993,57.997,58.049,59.926,0.000,61.121,59.146,59.147,61.038,0.000,62.067,60.275,60.286,62.142,0.000,63.002,61.201,61.396,63.123,0.000,63.655,62.128,62.313,64.032,0.000,63.727,62.751,63.188,64.633,0.000,58.887,58.860,59.758,60.584,0.000,57.845,57.846,59.655,59.646,0.000,56.755,56.753,58.641,58.577,0.000,55.726,55.650,57.560,57.498,0.000,56.060,54.620,56.523,56.568,0.000,55.207,55.134,55.605,56.852,0.000,54.189,54.184,55.944,55.989,0.000,53.208,53.094,54.988,54.936,0.000,53.633,52.107,53.972,54.058,0.000,53.566,52.694,53.130,54.509,0.000,53.297,52.586,53.641,54.479,0.000,52.627,52.265,53.522,54.163,0.000,51.560,51.547,53.154,53.444,0.000,50.463,50.425,52.395,52.351,0.000,49.923,49.316,51.297,51.283,0.000,50.541,48.839,50.293,50.843,0.000,51.438,49.603,49.946,51.541,0.000,52.065,50.562,50.717,52.464,0.000,53.015,51.159,51.652,53.107,0.000,54.127,52.134,52.293,54.071,0.000,55.249,53.275,53.285,55.199,0.000,56.153,54.401,54.415,56.311,0.000,56.729,55.280,55.505,57.185,0.000,57.795,55.812,56.369,57.775,0.000,58.923,56.925,56.961,58.854,0.000,60.059,58.076,58.077,60.001,0.000,61.000,59.213,59.219,61.124,0.000,61.943,60.130,60.334,62.057,0.000,62.607,61.069,61.244,62.975,0.000,62.680,61.703,62.131,63.587,0.000,57.888,57.943,58.796,59.630,0.000,56.832,56.886,58.689,58.652,0.000,55.726,55.746,57.635,57.568,0.000,54.641,54.608,56.539,56.473,0.000,55.092,53.521,55.491,55.499,0.000,54.200,54.170,54.525,55.894,0.000,53.165,53.183,54.982,54.991,0.000,52.123,52.054,53.976,53.915,0.000,52.616,51.008,52.940,52.985,0.000,52.514,51.673,52.045,53.498,0.000,52.244,51.530,52.625,53.431,0.000,51.572,51.210,52.468,53.109,0.000,50.492,50.502,52.099,52.390,0.000,49.373,49.355,51.338,51.281,0.000,48.811,48.223,50.224,50.191,0.000,49.461,47.724,49.199,49.733,0.000,50.379,48.526,48.837,50.464,0.000,50.985,49.505,49.641,51.405,0.000,51.940,50.076,50.593,52.026,0.000,53.056,51.058,51.211,52.995,0.000,54.187,52.205,52.210,54.130,0.000,55.095,53.340,53.347,55.250,0.000,55.641,54.221,54.444,56.125,0.000,56.722,54.720,55.308,56.687,0.000,57.852,55.853,55.872,57.782,0.000,58.997,57.023,57.006,58.933,0.000,59.930,58.166,58.151,60.062,0.000,60.883,59.059,59.272,60.988,0.000,61.558,60.009,60.175,61.917,0.000,61.633,60.655,61.073,62.540,0.000,56.967,57.978,57.914,58.705,0.000,55.865,56.892,57.804,57.686,0.000,54.710,55.285,56.691,56.571,0.000,53.562,54.085,55.546,55.458,0.000,54.121,52.404,54.448,54.412,0.000,53.203,53.364,53.438,54.936,0.000,52.152,52.758,54.039,54.005,0.000,51.026,51.009,52.968,52.884,0.000,51.592,49.892,51.897,51.897,0.000,51.457,50.652,50.948,52.482,0.000,51.190,50.469,51.604,52.377,0.000,50.527,50.154,51.411,52.055,0.000,49.447,50.129,51.067,51.359,0.000,48.284,48.299,50.292,50.212,0.000,47.697,47.130,49.150,49.098,0.000,48.381,46.607,48.105,48.620,0.000,49.320,47.448,47.724,49.386,0.000,49.902,48.449,48.566,50.348,0.000,50.864,48.991,49.535,50.945,0.000,51.986,49.982,50.127,51.919,0.000,53.126,51.154,51.135,53.061,0.000,54.038,52.310,52.279,54.190,0.000,54.550,53.164,53.382,55.066,0.000,55.650,53.626,54.248,55.597,0.000,56.797,54.788,54.781,56.710,0.000,57.968,56.454,55.954,57.882,0.000,58.867,57.342,57.105,59.009,0.000,59.823,57.986,58.225,59.918,0.000,60.509,58.949,59.104,60.857,0.000,60.585,59.607,60.015,61.493,0.000,57.059,59.430,58.032,57.941,0.000,55.926,70.043,58.322,57.284,0.000,54.279,56.317,56.746,55.689,0.000,53.065,69.851,55.658,55.035,0.000,53.319,51.275,53.910,53.336,0.000,52.793,53.428,52.385,54.028,0.000,51.761,69.744,53.870,53.651,0.000,49.953,50.517,52.536,51.883,0.000,50.568,48.767,50.848,50.796,0.000,50.395,49.625,49.834,51.460,0.000,50.134,49.405,50.583,51.320,0.000,50.129,49.097,50.372,51.022,0.000,49.123,69.544,50.743,51.045,0.000,47.228,47.561,49.904,49.176,0.000,46.582,46.036,48.091,48.005,0.000,47.301,45.487,47.010,47.505,0.000,48.263,46.372,46.610,48.309,0.000,48.818,47.395,47.491,49.291,0.000,49.787,47.904,48.479,49.861,0.000,50.933,48.905,49.043,50.843,0.000,52.117,50.764,50.085,52.017,0.000,53.004,51.872,51.251,53.152,0.000,53.459,52.108,52.350,54.008,0.000,54.583,52.530,53.189,54.505,0.000,56.220,54.039,53.716,55.667,0.000,57.657,70.000,55.419,57.358,0.000,57.813,56.298,56.519,57.980,0.000,58.770,56.912,57.391,58.854,0.000,59.460,57.889,58.032,59.797,0.000,59.537,58.560,58.956,60.445,0.000,69.865,61.607,59.960,58.616,0.000,70.000,0.000,0.000,0.000,0.000,69.918,55.386,69.918,56.274,0.000,70.000,0.000,0.000,0.000,0.000,53.895,50.104,69.067,52.830,0.000,69.749,70.337,52.503,54.471,0.000,70.000,0.000,0.000,0.000,0.000,49.476,50.197,68.869,51.482,0.000,49.556,47.628,50.312,49.697,0.000,49.331,48.603,48.712,50.438,0.000,49.054,48.338,49.557,50.259,0.000,68.786,48.014,50.012,50.670,0.000,70.000,0.000,0.000,0.000,0.000,46.843,46.488,68.560,48.824,0.000,45.473,44.941,47.314,46.922,0.000,46.221,44.365,45.915,46.388,0.000,47.206,45.296,45.493,47.232,0.000,47.733,46.342,46.416,48.235,0.000,48.710,46.815,47.423,48.776,0.000,50.516,47.828,47.979,49.790,0.000,52.367,69.623,49.743,51.699,0.000,51.992,51.351,50.856,52.163,0.000,52.386,51.052,51.887,52.972,0.000,53.805,51.432,52.141,53.422,0.000,69.217,52.972,53.124,55.104,0.000,70.000,0.000,0.000,0.000,0.000,57.242,55.236,69.525,57.649,0.000,57.708,55.828,56.328,57.781,0.000,58.410,56.828,56.950,58.737,0.000,58.489,57.512,57.897,59.397,0.000,70.297,70.678,61.929,60.392,0.000,70.000,0.000,0.000,0.000,0.000,53.279,70.362,69.874,57.201,0.000,50.856,69.717,55.219,69.717,0.000,68.908,48.240,52.313,51.662,0.000,70.000,0.000,0.000,0.000,0.000,51.659,70.284,70.284,70.284,0.000,48.515,69.604,53.016,51.122,0.000,48.532,46.460,49.342,48.573,0.000,48.284,48.183,47.580,49.432,0.000,47.270,47.302,48.510,49.170,0.000,46.167,46.146,48.145,48.790,0.000,46.503,44.988,47.815,68.489,0.000,44.954,44.632,45.952,47.252,0.000,44.327,43.835,45.533,45.801,0.000,45.142,43.240,44.808,45.267,0.000,46.152,44.220,44.373,46.155,0.000,46.645,45.292,45.342,47.181,0.000,47.609,45.724,46.368,47.688,0.000,68.614,46.724,47.575,49.397,0.000,70.000,0.000,0.000,0.000,0.000,51.625,50.348,68.981,52.389,0.000,51.296,49.975,51.321,51.932,0.000,52.234,50.319,51.044,52.307,0.000,53.345,51.347,51.478,53.777,0.000,55.013,52.473,53.047,69.212,0.000,55.609,53.616,53.643,56.038,0.000,56.629,54.742,54.763,56.680,0.000,57.361,55.768,55.868,57.676,0.000,57.442,56.465,56.838,58.349,0.000,70.000,0.000,0.000,0.000,0.000,70.093,45.614,70.093,70.093,0.000,70.000,0.000,0.000,0.000,0.000,70.000,0.000,0.000,0.000,0.000,46.386,46.299,68.570,49.708,0.000,69.288,44.405,48.747,69.288,0.000,70.000,0.000,0.000,0.000,0.000,70.000,0.000,0.000,0.000,0.000,48.809,45.276,68.564,48.159,0.000,48.065,69.385,47.209,49.203,0.000,46.263,47.357,48.109,48.164,0.000,45.075,45.900,47.134,47.032,0.000,44.647,43.888,45.946,45.870,0.000,43.849,43.576,44.829,45.474,0.000,43.204,42.757,44.473,44.697,0.000,44.064,42.112,43.727,44.145,0.000,45.099,43.146,43.252,45.079,0.000,45.557,44.243,44.268,46.128,0.000,45.822,44.633,45.290,46.574,0.000,47.450,44.857,45.738,47.551,0.000,50.075,46.608,46.842,68.632,0.000,50.555,69.516,48.588,51.829,0.000,50.180,48.878,49.629,50.831,0.000,51.156,49.223,49.947,51.196,0.000,52.253,50.273,50.366,52.207,0.000,53.393,51.401,51.424,53.331,0.000,54.523,52.545,52.553,54.473,0.000,55.568,53.674,53.693,55.596,0.000,56.313,54.709,54.801,56.616,0.000,56.395,55.419,55.780,57.302,0.000,70.000,0.000,0.000,0.000,0.000,42.801,43.583,68.264,47.129,0.000,45.408,40.620,44.623,68.196,0.000,47.025,69.169,43.707,69.169,0.000,44.450,69.202,45.624,47.870,0.000,42.352,69.150,46.153,46.114,0.000,43.044,40.064,44.116,68.078,0.000,44.930,41.115,42.166,68.111,0.000,68.288,44.125,43.254,46.860,0.000,70.000,0.000,0.000,0.000,0.000,46.758,46.373,68.522,47.950,0.000,44.888,69.305,47.997,46.873,0.000,43.618,42.785,45.668,44.801,0.000,42.772,42.523,43.731,44.417,0.000,42.079,41.679,43.415,43.618,0.000,42.986,40.981,42.646,43.021,0.000,44.048,42.072,42.127,44.003,0.000,44.493,43.202,43.197,45.079,0.000,44.702,43.567,44.239,45.484,0.000,46.343,43.731,44.643,45.761,0.000,68.466,45.528,45.700,48.193,0.000,70.000,0.000,0.000,0.000,0.000,49.808,47.804,68.764,50.458,0.000,50.080,48.127,48.872,50.102,0.000,51.180,49.198,49.272,51.131,0.000,52.322,50.329,50.350,52.259,0.000,53.454,51.474,51.481,53.402,0.000,54.507,52.606,52.622,54.528,0.000,55.266,53.649,53.734,55.557,0.000,55.349,54.373,54.721,56.255,0.000,44.661,69.211,47.251,69.211,0.000,41.673,69.134,46.267,44.655,0.000,67.980,39.361,43.430,42.518,0.000,70.000,0.000,0.000,0.000,0.000,70.000,0.000,0.000,0.000,0.000,70.000,0.000,0.000,0.000,0.000,41.895,38.873,67.891,41.945,0.000,42.976,40.005,40.060,42.004,0.000,45.473,69.125,42.238,45.053,0.000,46.224,43.739,44.254,68.315,0.000,68.422,44.511,45.662,47.945,0.000,70.000,0.000,0.000,0.000,0.000,43.404,41.648,68.128,44.541,0.000,41.695,41.472,42.601,43.360,0.000,40.950,40.603,42.360,42.539,0.000,41.909,39.845,41.565,41.893,0.000,43.004,41.000,40.999,42.929,0.000,43.461,43.035,42.158,44.062,0.000,43.580,42.503,43.196,44.417,0.000,44.540,42.601,43.549,44.613,0.000,45.668,43.647,43.771,46.308,0.000,47.581,44.791,45.604,68.443,0.000,47.907,45.929,45.968,48.580,0.000,48.979,47.029,47.076,48.981,0.000,50.107,48.125,48.176,50.056,0.000,51.251,49.257,49.276,51.187,0.000,52.386,50.403,50.410,52.331,0.000,53.446,51.537,51.552,53.460,0.000,54.218,52.589,52.667,54.497,0.000,54.303,53.327,53.663,55.209,0.000,70.000,0.000,0.000,0.000,0.000,70.000,0.000,0.000,0.000,0.000,41.233,37.112,67.784,41.230,0.000,43.466,39.364,39.404,67.907,0.000,41.799,68.935,42.384,68.935,0.000,38.964,38.689,43.427,67.868,0.000,39.771,36.649,39.593,39.753,0.000,67.799,39.370,38.895,41.803,0.000,70.000,0.000,0.000,0.000,0.000,44.447,42.694,68.232,45.472,0.000,42.557,69.102,44.586,46.161,0.000,41.672,40.352,44.261,68.045,0.000,41.398,39.570,41.334,42.457,0.000,40.590,40.426,40.627,42.276,0.000,39.818,39.527,41.309,41.462,0.000,40.834,38.705,40.486,40.761,0.000,42.832,40.800,39.929,41.917,0.000,43.366,69.046,42.056,43.988,0.000,42.510,41.441,42.995,43.383,0.000,43.463,41.496,42.482,43.488,0.000,44.569,42.572,42.642,44.506,0.000,45.706,43.719,43.725,45.647,0.000,46.809,44.859,44.870,46.785,0.000,47.906,45.957,46.005,47.886,0.000,49.035,47.052,47.105,48.983,0.000,50.180,48.185,48.204,50.115,0.000,51.317,49.332,49.338,51.260,0.000,52.385,50.469,50.481,52.392,0.000,53.172,51.529,51.600,53.437,0.000,53.257,52.282,52.604,54.163,0.000,68.535,34.199,37.508,68.535,0.000,70.000,0.000,0.000,0.000,0.000,40.106,34.786,67.591,39.088,0.000,68.805,69.826,38.286,42.254,0.000,70.000,0.000,0.000,0.000,0.000,37.686,37.580,67.651,40.515,0.000,38.186,35.425,38.427,37.621,0.000,67.648,37.301,37.683,40.690,0.000,70.000,0.000,0.000,0.000,0.000,69.006,40.652,69.006,45.341,0.000,70.000,0.000,0.000,0.000,0.000,40.511,39.229,67.863,42.167,0.000,40.346,38.440,40.183,40.478,0.000,39.517,39.417,39.506,41.227,0.000,38.682,38.453,40.291,40.386,0.000,40.567,37.561,39.436,39.655,0.000,67.872,40.680,39.758,41.810,0.000,70.000,0.000,0.000,0.000,0.000,42.338,40.345,68.001,43.250,0.000,42.386,40.388,41.387,42.384,0.000,43.496,41.498,41.538,43.430,0.000,44.636,42.648,42.651,44.576,0.000,45.738,43.789,43.799,45.714,0.000,46.833,44.886,44.935,46.814,0.000,47.963,45.979,46.033,47.910,0.000,49.109,47.113,47.131,49.043,0.000,50.248,48.261,48.266,50.189,0.000,51.323,49.400,49.411,51.324,0.000,52.125,50.468,50.533,52.377,0.000,52.212,51.238,51.545,53.117,0.000,67.182,31.849,34.118,36.155,0.000,70.000,0.000,0.000,0.000,0.000,68.445,32.332,68.445,37.926,0.000,70.000,0.000,0.000,0.000,0.000,38.682,36.182,68.645,68.645,0.000,35.427,36.387,37.137,38.348,0.000,36.080,34.210,36.338,36.336,0.000,37.206,35.129,35.378,38.057,0.000,39.415,36.319,37.374,67.595,0.000,39.079,37.485,37.527,41.282,0.000,39.198,38.110,39.542,67.722,0.000,38.352,37.087,39.049,40.019,0.000,39.298,37.306,38.147,39.320,0.000,38.479,39.335,38.415,40.245,0.000,37.514,37.379,39.278,39.311,0.000,39.476,36.379,38.355,38.513,0.000,40.235,68.819,38.673,41.601,0.000,40.251,38.182,40.649,67.799,0.000,40.205,38.213,39.255,41.130,0.000,41.276,39.279,39.359,41.244,0.000,42.424,40.425,40.432,42.355,0.000,43.566,41.577,41.579,43.505,0.000,44.667,42.719,42.728,44.644,0.000,45.761,43.815,43.865,45.743,0.000,46.892,44.906,44.962,46.838,0.000,48.038,46.041,46.058,47.971,0.000,49.179,47.190,47.194,49.118,0.000,50.262,48.331,48.340,50.256,0.000,51.079,49.407,49.465,51.317,0.000,51.168,50.194,50.486,52.072,0.000,66.939,29.415,31.765,33.875,0.000,70.000,0.000,0.000,0.000,0.000,34.533,28.570,67.024,34.378,0.000,37.156,68.417,32.511,68.417,0.000,36.435,39.232,33.930,37.113,0.000,35.401,68.566,36.154,37.451,0.000,35.026,33.062,36.198,35.166,0.000,36.096,34.048,34.200,35.992,0.000,37.315,36.392,35.248,37.217,0.000,38.035,37.649,36.432,38.370,0.000,37.098,38.095,37.497,38.951,0.000,37.217,35.971,37.993,37.984,0.000,39.177,36.202,37.067,38.223,0.000,38.496,68.750,38.406,40.324,0.000,36.371,36.306,39.158,38.268,0.000,67.517,35.190,38.316,38.379,0.000,70.000,0.000,0.000,0.000,0.000,39.162,37.092,67.671,40.096,0.000,39.094,37.105,38.130,39.102,0.000,40.202,38.204,38.253,40.137,0.000,41.352,39.354,39.358,41.283,0.000,42.496,40.506,40.507,42.434,0.000,43.596,41.649,41.657,43.574,0.000,44.688,42.743,42.795,44.672,0.000,45.820,43.833,43.890,45.765,0.000,46.966,44.970,44.985,46.899,0.000,48.110,46.119,46.123,48.047,0.000,49.200,47.262,47.270,49.187,0.000,50.034,48.346,48.397,50.257,0.000,50.124,49.150,49.427,51.028,0.000,26.895,28.174,27.949,30.134,0.000,28.339,25.677,29.220,66.578,0.000,66.583,25.878,28.170,30.677,0.000,70.000,0.000,0.000,0.000,0.000,69.798,71.000,69.798,38.537,0.000,70.000,0.000,0.000,0.000,0.000,35.088,31.872,67.181,35.168,0.000,36.122,32.969,33.061,34.947,0.000,38.622,68.655,35.403,37.379,0.000,38.205,41.699,36.683,37.575,0.000,37.159,68.718,38.746,39.106,0.000,36.115,34.852,37.934,36.905,0.000,67.460,35.060,36.998,38.169,0.000,70.000,0.000,0.000,0.000,0.000,35.200,35.337,67.409,38.207,0.000,34.740,32.836,36.031,36.023,0.000,36.876,33.710,35.135,67.344,0.000,36.881,34.845,34.901,37.832,0.000,37.981,35.995,35.999,37.958,0.000,39.129,37.131,37.147,39.062,0.000,40.281,38.282,38.285,40.211,0.000,41.426,39.435,39.436,41.363,0.000,42.525,40.579,40.586,42.505,0.000,43.615,41.672,41.725,43.600,0.000,44.748,42.760,42.819,44.692,0.000,45.895,43.898,43.912,45.827,0.000,47.040,45.048,45.051,46.976,0.000,48.138,46.193,46.199,48.118,0.000,48.989,47.285,47.330,49.196,0.000,49.080,48.108,48.367,49.984,0.000,27.237,68.060,29.562,29.265,0.000,24.555,27.243,28.021,26.669,0.000,26.513,23.238,25.552,26.699,0.000,67.878,25.663,27.351,67.878,0.000,70.000,0.000,0.000,0.000,0.000,33.028,29.572,68.215,68.215,0.000,32.654,29.399,30.680,32.673,0.000,67.062,31.850,31.875,34.969,0.000,70.000,0.000,0.000,0.000,0.000,69.889,71.000,69.889,41.015,0.000,70.000,0.000,0.000,0.000,0.000,35.014,33.690,67.299,36.837,0.000,67.302,32.749,35.834,37.021,0.000,70.000,0.000,0.000,0.000,0.000,34.016,33.117,67.254,37.094,0.000,33.581,31.649,34.004,33.760,0.000,34.626,32.629,32.785,34.571,0.000,35.771,33.773,33.782,35.702,0.000,36.907,34.924,34.926,36.851,0.000,38.058,36.059,36.076,37.989,0.000,39.210,37.211,37.213,39.139,0.000,40.357,38.364,38.364,40.292,0.000,41.454,39.510,39.515,41.435,0.000,42.542,40.601,40.655,42.529,0.000,43.676,41.687,41.748,43.619,0.000,44.824,42.826,42.839,44.755,0.000,45.970,43.977,43.979,45.905,0.000,47.075,45.123,45.128,47.049,0.000,47.945,46.223,46.261,48.135,0.000,48.038,47.066,47.307,48.941,0.000,70.000,0.000,0.000,0.000,0.000,26.315,69.401,67.886,28.501,0.000,24.130,22.033,26.920,24.254,0.000,26.586,23.095,23.279,26.425,0.000,29.288,25.851,25.849,66.500,0.000,29.130,27.231,27.063,30.290,0.000,30.349,28.468,28.234,30.258,0.000,33.020,29.753,29.504,32.637,0.000,68.316,32.291,33.219,68.316,0.000,70.000,0.000,0.000,0.000,0.000,34.936,33.758,68.428,68.428,0.000,31.538,31.356,34.523,34.465,0.000,34.683,30.313,32.413,33.620,0.000,34.380,68.370,33.974,68.370,0.000,31.664,30.781,34.684,33.941,0.000,32.457,30.490,31.788,32.541,0.000,33.551,31.552,31.634,33.489,0.000,34.699,32.701,32.705,34.630,0.000,35.835,33.853,33.854,35.780,0.000,36.986,34.987,35.005,36.917,0.000,38.139,36.139,36.141,38.068,0.000,39.287,37.293,37.293,39.221,0.000,40.383,38.440,38.444,40.365,0.000,41.469,39.530,39.585,41.458,0.000,42.604,40.614,40.676,42.546,0.000,43.752,41.754,41.766,43.683,0.000,44.900,42.905,42.907,44.834,0.000,46.012,44.054,44.057,45.979,0.000,46.901,45.161,45.193,47.073,0.000,46.996,46.024,46.247,47.898,0.000,67.986,26.116,29.954,67.986,0.000,70.000,0.000,0.000,0.000,0.000,24.431,20.771,66.063,24.492,0.000,25.508,21.963,21.986,24.000,0.000,28.483,67.938,24.834,28.202,0.000,28.405,30.910,26.173,28.104,0.000,29.553,29.665,27.410,29.196,0.000,30.866,30.740,28.645,30.460,0.000,33.255,31.992,29.972,33.132,0.000,33.738,33.154,32.433,67.124,0.000,31.478,32.753,33.382,34.531,0.000,30.236,30.318,32.319,32.214,0.000,66.902,29.074,32.439,32.506,0.000,70.000,0.000,0.000,0.000,0.000,31.696,29.606,66.908,32.918,0.000,31.375,29.370,30.619,31.385,0.000,32.478,30.478,30.519,32.410,0.000,33.628,31.630,31.631,33.558,0.000,34.763,32.782,32.783,34.710,0.000,35.915,33.915,33.934,35.845,0.000,37.068,35.068,35.069,36.996,0.000,38.217,36.221,36.221,38.150,0.000,39.311,37.371,37.373,39.296,0.000,40.396,38.458,38.516,40.387,0.000,41.532,39.540,39.605,41.473,0.000,42.681,40.682,40.693,42.611,0.000,43.830,41.834,41.836,43.763,0.000,44.948,42.984,42.986,44.910,0.000,45.858,44.098,44.125,46.012,0.000,45.954,44.984,45.187,46.856,0.000,23.478,67.801,26.019,28.305,0.000,20.873,20.546,25.709,66.028,0.000,21.680,17.899,21.432,21.627,0.000,65.987,22.348,20.832,24.355,0.000,70.000,0.000,0.000,0.000,0.000,32.419,69.625,68.164,30.181,0.000,30.839,33.415,31.156,28.755,0.000,31.876,32.150,29.910,29.815,0.000,33.139,34.326,31.024,31.160,0.000,32.913,36.519,32.256,33.477,0.000,31.783,68.384,34.388,33.714,0.000,29.250,68.276,33.829,32.488,0.000,27.231,26.499,30.007,29.854,0.000,29.437,26.047,28.917,66.617,0.000,29.148,27.100,27.238,30.323,0.000,30.252,28.251,28.255,30.222,0.000,31.405,29.405,29.404,31.335,0.000,32.558,30.559,30.558,32.487,0.000,33.691,31.712,31.711,33.639,0.000,34.843,32.843,32.863,34.773,0.000,35.996,33.996,33.997,35.925,0.000,37.148,35.152,35.150,37.079,0.000,38.240,36.304,36.302,38.226,0.000,39.323,37.387,37.446,39.315,0.000,40.460,38.467,38.533,40.399,0.000,41.609,39.610,39.620,41.539,0.000,42.760,40.763,40.764,42.691,0.000,43.884,41.913,41.915,43.840,0.000,44.816,43.035,43.056,44.949,0.000,44.914,43.944,44.126,45.815,0.000,70.000,0.000,0.000,0.000,0.000,19.540,19.464,65.795,22.935,0.000,20.517,16.628,20.284,18.927,0.000,24.594,67.629,19.734,23.378,0.000,67.643,22.236,24.079,67.643,0.000,70.000,0.000,0.000,0.000,0.000,34.741,69.708,68.333,32.587,0.000,34.425,36.911,33.643,31.240,0.000,37.641,68.568,33.677,33.490,0.000,68.525,69.783,36.883,35.813,0.000,70.000,0.000,0.000,0.000,0.000,70.000,0.000,0.000,0.000,0.000,27.403,25.346,66.471,28.770,0.000,26.929,24.922,26.340,26.948,0.000,28.027,26.025,26.071,27.958,0.000,29.179,27.181,27.179,29.108,0.000,30.334,28.340,28.333,30.262,0.000,31.488,29.501,29.488,31.416,0.000,32.620,30.660,30.641,32.569,0.000,33.772,31.771,31.793,33.701,0.000,34.927,32.928,32.925,34.854,0.000,36.082,34.129,34.081,36.009,0.000,37.172,35.308,35.235,37.159,0.000,38.249,36.316,36.379,38.244,0.000,39.388,37.393,37.462,39.326,0.000,40.538,38.538,38.546,40.468,0.000,41.689,39.691,39.692,41.620,0.000,42.820,40.843,40.844,42.770,0.000,43.774,41.971,41.987,43.887,0.000,43.874,42.905,43.065,44.774,0.000,70.000,0.000,0.000,0.000,0.000,18.251,16.689,65.619,21.821,0.000,65.520,15.344,19.317,19.264,0.000,70.000,0.000,0.000,0.000,0.000,24.778,19.548,66.040,24.644,0.000,67.642,22.390,23.917,67.642,0.000,70.000,0.000,0.000,0.000,0.000,69.708,71.000,69.708,36.116,0.000,70.000,0.000,0.000,0.000,0.000,70.000,0.000,0.000,0.000,0.000,27.397,27.040,67.927,67.927,0.000,25.395,23.235,29.160,66.393,0.000,24.754,22.694,24.268,26.097,0.000,25.801,23.796,23.845,25.775,0.000,26.957,25.005,24.952,26.884,0.000,28.118,26.205,26.110,28.040,0.000,29.280,27.401,27.269,29.196,0.000,30.443,28.638,28.431,30.353,0.000,31.556,29.809,29.591,31.507,0.000,32.704,30.699,30.740,32.630,0.000,33.904,31.933,31.857,33.787,0.000,35.130,34.334,33.061,34.988,0.000,36.137,35.208,34.244,36.128,0.000,37.178,35.245,35.380,37.176,0.000,38.316,36.319,36.390,38.252,0.000,39.467,37.467,37.472,39.396,0.000,40.619,38.620,38.620,40.549,0.000,41.755,39.772,39.773,41.700,0.000,42.733,40.907,40.918,42.823,0.000,42.835,41.867,42.003,43.735,0.000,18.675,67.415,22.933,67.415,0.000,13.762,17.083,19.310,17.589,0.000,14.271,12.273,14.709,16.081,0.000,19.061,13.256,15.335,65.365,0.000,22.174,67.433,16.573,22.025,0.000,24.184,67.610,19.719,24.761,0.000,67.624,21.724,24.047,67.624,0.000,70.000,0.000,0.000,0.000,0.000,27.600,69.393,69.393,69.393,0.000,27.046,21.778,29.673,66.419,0.000,24.803,67.794,24.570,29.130,0.000,22.698,22.047,25.303,24.146,0.000,23.623,21.564,23.037,23.598,0.000,24.778,22.769,22.722,24.656,0.000,26.032,25.470,23.937,25.869,0.000,27.222,26.432,25.140,27.023,0.000,28.455,27.531,26.339,28.184,0.000,29.675,29.996,27.581,29.394,0.000,30.527,29.741,28.755,30.497,0.000,31.712,29.625,29.883,31.567,0.000,34.098,31.911,30.865,32.800,0.000,36.255,68.503,33.355,35.257,0.000,35.113,34.212,34.405,35.176,0.000,36.138,34.171,35.243,36.138,0.000,37.244,35.245,35.317,37.179,0.000,38.395,36.395,36.399,38.324,0.000,39.548,37.549,37.549,39.477,0.000,40.689,38.702,38.702,40.629,0.000,41.693,39.841,39.849,41.760,0.000,41.797,40.830,40.940,42.696,0.000,70.000,0.000,0.000,0.000,0.000,16.127,69.037,67.162,18.423,0.000,13.166,11.113,16.654,13.314,0.000,65.112,12.101,14.077,15.934,0.000,70.000,0.000,0.000,0.000,0.000,70.000,0.000,0.000,0.000,0.000,67.534,19.000,67.534,25.695,0.000,70.000,0.000,0.000,0.000,0.000,70.000,0.000,0.000,0.000,0.000,67.585,20.399,67.585,25.793,0.000,70.000,0.000,0.000,0.000,0.000,23.062,20.903,66.019,24.460,0.000,22.588,20.434,21.898,22.471,0.000,25.231,23.048,21.699,23.682,0.000,27.763,67.905,24.509,26.448,0.000,27.356,25.453,25.593,26.140,0.000,29.764,26.543,26.603,27.371,0.000,31.014,68.176,29.100,30.000,0.000,29.538,28.751,30.022,29.724,0.000,31.641,28.541,29.805,30.563,0.000,66.930,30.870,30.998,33.013,0.000,70.000,0.000,0.000,0.000,0.000,35.254,33.173,67.269,36.253,0.000,35.064,33.059,34.198,35.063,0.000,36.171,34.171,34.209,36.103,0.000,37.324,35.324,35.325,37.252,0.000,38.477,36.477,36.477,38.406,0.000,39.623,37.631,37.631,39.559,0.000,40.654,38.775,38.779,40.695,0.000,40.760,39.794,39.877,41.658,0.000,66.739,7.738,12.779,66.739,0.000,70.000,0.000,0.000,0.000,0.000,12.023,9.827,64.892,13.856,0.000,12.773,8.998,10.907,12.878,0.000,66.931,11.981,14.063,66.931,0.000,70.000,0.000,0.000,0.000,0.000,16.530,14.286,65.460,21.260,0.000,17.393,13.542,17.092,65.377,0.000,18.443,14.633,16.500,65.430,0.000,17.903,15.785,15.905,20.902,0.000,20.673,16.939,18.672,65.658,0.000,20.200,18.094,18.152,21.588,0.000,22.706,19.301,19.306,21.334,0.000,66.011,22.018,22.072,24.150,0.000,70.000,0.000,0.000,0.000,0.000,27.781,24.377,66.417,27.810,0.000,66.457,25.419,26.917,28.795,0.000,70.000,0.000,0.000,0.000,0.000,29.769,27.675,66.708,30.959,0.000,29.385,27.379,28.683,29.434,0.000,30.528,28.484,28.571,31.597,0.000,32.946,29.636,30.947,66.928,0.000,32.834,30.790,30.834,33.899,0.000,33.946,31.944,31.946,33.912,0.000,35.098,33.098,33.098,35.028,0.000,36.252,34.252,34.252,36.181,0.000,37.406,35.406,35.406,37.334,0.000,38.555,36.560,36.560,38.488,0.000,39.615,37.709,37.709,39.630,0.000,39.724,38.759,38.814,40.621,0.000,6.457,4.443,5.550,8.406,0.000,9.601,5.488,7.700,64.516,0.000,8.707,6.636,6.712,10.473,0.000,9.794,7.790,7.795,9.841,0.000,11.009,8.944,9.009,12.641,0.000,14.059,10.098,12.059,64.974,0.000,13.317,11.252,11.317,14.947,0.000,14.408,12.405,12.408,14.393,0.000,15.559,13.559,13.559,15.490,0.000,16.713,14.713,14.713,16.642,0.000,17.867,15.867,15.867,17.796,0.000,19.022,17.022,17.021,18.951,0.000,20.178,18.176,18.177,20.153,0.000,21.384,19.330,19.383,22.713,0.000,24.100,20.484,22.099,66.013,0.000,23.695,21.639,21.694,25.067,0.000,24.846,22.793,22.844,26.121,0.000,27.448,23.948,25.446,66.359,0.000,27.153,25.102,25.152,28.382,0.000,28.259,26.257,26.258,28.231,0.000,29.411,27.412,27.411,29.341,0.000,30.565,28.567,28.565,30.494,0.000,31.719,29.722,29.719,31.648,0.000,32.873,30.877,30.873,32.802,0.000,34.027,32.032,32.027,33.955,0.000,35.181,33.187,33.181,35.109,0.000,36.335,34.342,34.335,36.263,0.000,37.487,35.497,35.489,37.417,0.000,38.578,36.649,36.641,38.564,0.000,38.688,37.725,37.749,39.585,0.000,5.305,3.334,4.370,5.331,0.000,6.414,4.413,4.480,6.347,0.000,7.565,5.565,5.567,7.493,0.000,8.719,6.719,6.719,8.647,0.000,9.872,7.873,7.872,9.801,0.000,11.026,9.027,9.026,10.955,0.000,12.180,10.181,10.180,12.109,0.000,13.334,11.336,11.334,13.263,0.000,14.488,12.491,12.488,14.417,0.000,15.642,13.646,13.642,15.571,0.000,16.796,14.801,14.796,16.724,0.000,17.951,15.956,15.950,17.878,0.000,19.105,17.112,17.104,19.033,0.000,20.259,18.268,18.258,20.187,0.000,21.414,19.424,19.413,21.342,0.000,22.568,20.580,20.567,22.496,0.000,23.723,21.737,21.722,23.651,0.000,24.878,22.893,22.876,24.805,0.000,26.032,24.050,24.031,25.960,0.000,27.187,25.208,25.186,27.115,0.000,28.342,26.365,26.340,28.269,0.000,29.497,27.522,27.495,29.423,0.000,30.652,28.680,28.650,30.577,0.000,31.808,29.838,29.805,31.732,0.000,32.963,30.996,30.960,32.886,0.000,34.118,32.155,32.116,34.040,0.000,35.274,33.313,33.271,35.194,0.000,36.428,34.471,34.426,36.349,0.000,37.544,35.627,35.580,37.499,0.000,37.655,36.707,36.692,38.550,0.000,4.228,2.224,3.261,4.223,0.000,5.341,3.339,3.374,5.271,0.000,6.493,4.493,4.493,6.422,0.000,7.647,5.650,5.647,7.576,0.000,8.802,6.807,6.801,8.730,0.000,9.956,7.966,7.955,9.884,0.000,11.111,9.125,9.110,11.038,0.000,12.266,10.285,10.265,12.192,0.000,13.421,11.446,11.419,13.346,0.000,14.577,12.607,12.574,14.501,0.000,15.732,13.769,13.730,15.655,0.000,16.888,14.932,14.885,16.810,0.000,18.044,16.095,16.041,17.964,0.000,19.201,17.258,17.197,19.119,0.000,20.357,18.422,18.353,20.274,0.000,21.514,19.586,19.510,21.428,0.000,22.671,20.750,20.666,22.583,0.000,23.829,21.914,21.823,23.738,0.000,24.986,23.079,22.980,24.894,0.000,26.144,24.244,24.138,26.049,0.000,27.302,25.409,25.295,27.204,0.000,28.460,26.575,26.453,28.360,0.000,29.618,27.740,27.611,29.515,0.000,30.777,28.906,28.769,30.671,0.000,31.935,30.071,29.927,31.827,0.000,33.094,31.237,31.086,32.982,0.000,34.253,32.403,32.245,34.138,0.000,35.411,33.569,33.403,35.294,0.000,36.531,34.732,34.561,36.447,0.000,36.644,35.819,35.677,37.524,0.000,3.151,1.113,2.151,3.114,0.000,4.268,2.266,2.267,4.196,0.000,5.426,3.457,3.422,5.352,0.000,6.584,4.647,4.578,6.507,0.000,7.744,5.836,5.736,7.663,0.000,8.904,7.024,6.895,8.818,0.000,10.065,8.210,8.055,9.974,0.000,11.227,9.396,9.215,11.130,0.000,12.390,10.581,10.376,12.287,0.000,13.553,11.765,11.538,13.443,0.000,14.716,12.948,12.701,14.600,0.000,15.880,14.131,13.864,15.757,0.000,17.044,15.313,15.027,16.914,0.000,18.209,16.494,16.191,18.071,0.000,19.373,17.675,17.355,19.229,0.000,20.538,18.855,18.520,20.387,0.000,21.704,20.034,19.684,21.545,0.000,22.869,21.214,20.850,22.703,0.000,24.035,22.392,22.015,23.862,0.000,25.201,23.570,23.180,25.020,0.000,26.367,24.748,24.346,26.179,0.000,27.533,25.925,25.512,27.338,0.000,28.699,27.102,26.678,28.497,0.000,29.865,28.278,27.844,29.656,0.000,31.032,29.454,29.010,30.816,0.000,32.198,30.630,30.177,31.975,0.000,33.365,31.805,31.343,33.135,0.000,34.530,32.980,32.509,34.295,0.000,35.657,34.152,33.674,35.452,0.000,35.771,35.247,34.797,36.533,0.000,0.000,0.000,0.000,0.000,0.000,3.265,2.195,1.195,3.159,0.000,4.456,3.388,2.389,4.318,0.000,5.646,4.581,3.581,5.479,0.000,6.835,5.772,4.772,6.640,0.000,8.023,6.961,5.961,7.802,0.000,9.209,8.150,7.150,8.964,0.000,10.395,9.337,8.337,10.127,0.000,11.580,10.524,9.524,11.291,0.000,12.764,11.710,10.710,12.455,0.000,13.948,12.895,11.895,13.620,0.000,15.130,14.079,13.079,14.785,0.000,16.312,15.262,14.262,15.950,0.000,17.493,16.444,15.444,17.116,0.000,18.674,17.626,16.626,18.282,0.000,19.854,18.807,17.807,19.448,0.000,21.034,19.988,18.988,20.615,0.000,22.213,21.168,20.168,21.781,0.000,23.392,22.348,21.348,22.948,0.000,24.570,23.527,22.527,24.115,0.000,25.747,24.705,23.705,25.282,0.000,26.925,25.883,24.883,26.449,0.000,28.101,27.061,26.061,27.616,0.000,29.278,28.238,27.238,28.783,0.000,30.454,29.414,28.415,29.951,0.000,31.630,30.591,29.591,31.118,0.000,32.805,31.767,30.767,32.285,0.000,33.978,32.942,31.942,33.453,0.000,35.114,34.115,33.116,34.617,0.000,35.228,35.210,34.248,35.705,0.000,
