States
896
Policy
[south, south, west, west, south, south, south, south, south, south, south, east, south, south, south, south, south, south, west, west, west, south, south, south, south, west, west, west, west, south, south, south, south, south, south, south, south, south, south, south, south, south, south, south, south, south, south, south, south, west, south, south, south, south, south, south, west, west, south, south, south, south, south, south, south, south, south, south, south, south, south, south, south, south, south, south, south, south, south, south, south, south, south, south, south, south, south, south, south, south, south, south, south, south, south, south, south, south, south, south, south, south, south, south, south, south, south, south, south, west, south, south, south, south, south, south, south, south, south, south, south, south, west, south, south, south, south, south, south, south, south, east, south, south, south, south, south, south, west, west, west, south, south, south, south, south, south, south, south, south, south, south, west, west, south, west, west, south, south, south, east, east, east, south, south, south, south, west, west, west, west, west, south, south, south, south, south, south, south, south, south, west, west, west, obstacle, west, west, south, south, south, east, east, east, obstacle, west, east, obstacle, west, west, west, west, west, south, south, south, south, south, south, south, south, south, south, obstacle, north, obstacle, south, west, south, south, south, west, east, east, north, north, north, north, west, west, west, west, south, south, south, south, south, west, south, south, south, south, west, west, obstacle, obstacle, west, south, south, south, west, west, north, north, north, north, north, north, west, west, east, south, south, south, south, west, west, west, west, south, south, west, obstacle, obstacle, south, obstacle, obstacle, west, west, west, north, north, north, north, north, north, north, east, east, south, south, south, west, west, west, west, west, west, south, south, obstacle, obstacle, obstacle, south, obstacle, obstacle, west, south, south, west, west, north, north, north, north, north, east, east, east, east, south, west, west, west, west, west, west, west, south, south, west, west, west, west, west, west, west, obstacle, south, west, west, south, south, west, north, east, east, east, east, east, obstacle, west, west, west, west, west, west, west, south, west, west, obstacle, north, obstacle, north, south, obstacle, obstacle, obstacle, west, west, south, south, south, south, south, south, east, east, north, north, north, west, west, west, west, west, west, south, west, obstacle, east, north, west, east, south, south, south, obstacle, west, south, south, south, south, south, south, south, south, north, north, north, north, north, west, west, west, west, west, south, west, obstacle, north, north, north, obstacle, south, south, west, west, west, south, south, south, south, south, south, south, south, west, north, north, north, north, west, west, west, west, north, south, south, obstacle, obstacle, obstacle, obstacle, east, south, south, west, west, west, south, obstacle, west, west, south, south, south, south, west, west, north, north, north, west, west, west, west, north, south, south, west, west, obstacle, obstacle, south, south, obstacle, south, west, south, south, south, south, south, south, south, west, west, west, west, west, west, west, west, west, west, west, south, west, west, west, west, obstacle, south, south, south, west, west, obstacle, south, south, south, south, west, east, obstacle, west, west, west, west, west, west, west, west, west, west, west, south, west, obstacle, obstacle, north, west, south, south, south, obstacle, obstacle, south, south, south, south, south, west, south, north, west, west, west, west, west, west, west, west, west, west, west, south, west, west, obstacle, obstacle, obstacle, south, east, south, south, obstacle, south, west, south, south, south, obstacle, obstacle, west, west, west, west, west, west, west, west, west, west, west, west, south, west, obstacle, south, obstacle, south, west, east, south, west, south, south, obstacle, south, south, south, west, west, south, south, west, west, west, west, west, west, west, west, west, south, south, west, west, west, west, west, west, obstacle, south, west, south, south, south, west, south, south, south, obstacle, south, south, south, west, west, west, west, west, west, west, west, south, south, west, obstacle, obstacle, obstacle, obstacle, obstacle, east, south, obstacle, south, south, west, west, south, south, south, south, south, south, south, west, west, west, west, west, west, west, south, south, south, south, obstacle, east, south, obstacle, south, obstacle, south, south, south, west, west, south, south, south, south, south, west, west, west, west, west, west, west, west, west, west, south, south, south, south, south, obstacle, south, south, south, south, south, south, south, south, obstacle, south, south, south, south, west, west, west, west, west, west, west, west, west, west, west, south, south, south, south, south, south, south, south, west, west, west, west, west, south, south, south, south, west, west, west, west, west, west, west, west, west, west, west, west, west, west, south, south, south, south, west, west, west, west, west, west, west, west, west, west, west, west, west, west, west, west, west, west, west, west, west, west, west, west, west, west, west, south, south, west, west, west, west, west, west, west, west, west, west, west, west, west, west, west, west, west, west, west, west, west, west, west, west, west, west, west, west, south, south, west, west, west, west, west, west, west, west, west, west, west, west, west, west, west, west, west, west, west, west, west, west, west, west, west, west, west, west, null, west, west, west, west, west, west, west, west, west, west, west, west, west, west, west, west, west, west, west, west, west, west, west, west, west, west, west, west, west]
Alpha value
1.0
Max number of actions
5
34.204,32.377,33.372,33.372,0.000,35.271,33.337,33.474,34.306,0.000,36.374,34.467,34.450,35.415,0.000,37.320,35.576,35.557,36.516,0.000,38.415,36.484,36.650,37.454,0.000,39.506,37.593,37.596,38.557,0.000,40.350,38.688,38.694,39.644,0.000,40.758,39.504,39.747,40.453,0.000,41.357,39.856,40.523,40.828,0.000,40.884,40.466,40.863,41.392,0.000,39.896,39.880,41.336,40.829,0.000,38.804,38.812,40.700,39.767,0.000,37.910,37.692,39.627,38.664,0.000,38.370,36.822,38.588,37.834,0.000,38.385,37.441,37.848,38.385,0.000,37.849,37.441,38.385,38.385,0.000,38.588,36.822,38.370,37.834,0.000,39.629,37.692,37.910,38.664,0.000,40.736,38.819,38.806,39.770,0.000,41.851,39.968,39.920,40.886,0.000,42.908,41.105,41.033,41.998,0.000,43.204,42.084,42.111,43.021,0.000,43.977,42.295,43.095,43.278,0.000,45.016,43.101,43.375,44.074,0.000,46.118,44.188,44.211,45.153,0.000,47.233,45.331,45.301,46.267,0.000,48.349,46.480,46.416,47.382,0.000,49.457,47.625,47.532,48.498,0.000,50.421,48.733,48.641,49.600,0.000,50.519,49.590,49.698,50.519,0.000,33.161,31.272,32.304,33.263,0.000,34.251,32.260,32.408,34.198,0.000,35.362,33.398,33.410,35.308,0.000,36.279,34.512,34.538,36.409,0.000,37.381,35.406,35.638,37.348,0.000,38.479,36.522,36.555,38.450,0.000,39.330,37.627,37.660,39.538,0.000,39.715,38.449,38.720,40.346,0.000,40.360,38.775,39.503,40.723,0.000,39.865,39.437,39.821,41.286,0.000,38.871,38.826,40.340,40.724,0.000,37.761,37.742,39.680,39.660,0.000,36.826,36.612,38.599,38.555,0.000,37.352,35.697,37.543,37.725,0.000,37.368,36.391,36.766,38.278,0.000,36.766,36.391,37.368,38.278,0.000,37.544,35.697,37.352,37.725,0.000,38.604,36.612,36.826,38.556,0.000,39.746,37.748,37.764,39.665,0.000,40.886,38.900,38.900,40.782,0.000,41.902,40.041,40.045,41.894,0.000,42.152,41.042,41.146,42.917,0.000,42.933,41.202,42.085,43.171,0.000,43.978,42.020,42.320,43.966,0.000,45.111,43.115,43.167,45.046,0.000,46.258,44.262,44.267,46.162,0.000,47.405,45.415,45.413,47.280,0.000,48.521,46.563,46.561,48.397,0.000,49.424,47.675,47.698,49.498,0.000,49.523,48.555,48.762,50.418,0.000,32.081,30.165,31.199,32.158,0.000,33.179,31.183,31.305,33.121,0.000,34.298,32.327,32.335,34.254,0.000,35.202,33.448,33.468,35.362,0.000,36.309,34.327,34.574,36.270,0.000,37.417,35.451,35.476,37.379,0.000,38.275,36.566,36.590,38.476,0.000,38.635,37.395,37.659,39.290,0.000,39.329,37.692,38.448,39.645,0.000,38.812,38.411,38.743,40.255,0.000,37.804,37.772,39.311,39.670,0.000,36.683,36.672,38.624,38.598,0.000,35.703,35.533,37.526,37.474,0.000,36.299,34.568,36.462,36.604,0.000,36.319,35.345,35.646,37.226,0.000,35.646,35.345,36.319,37.226,0.000,36.462,34.568,36.299,36.604,0.000,37.530,35.533,35.703,37.474,0.000,38.676,36.676,36.686,38.606,0.000,39.821,37.829,37.830,39.757,0.000,40.860,38.974,38.978,40.894,0.000,41.062,40.001,40.080,41.873,0.000,41.852,40.107,41.039,42.080,0.000,42.904,40.938,41.227,42.885,0.000,44.039,42.042,42.087,43.974,0.000,45.190,43.190,43.195,45.119,0.000,46.340,44.343,44.344,46.270,0.000,47.462,45.494,45.496,47.417,0.000,48.388,46.613,46.635,48.525,0.000,48.485,47.516,47.702,49.384,0.000,31.002,29.057,30.092,31.052,0.000,32.106,30.107,30.200,32.043,0.000,33.234,31.256,31.260,33.184,0.000,34.123,32.386,32.398,34.298,0.000,35.238,33.247,33.509,35.192,0.000,36.354,34.380,34.397,36.308,0.000,37.221,35.505,35.520,37.415,0.000,37.551,36.342,36.597,38.235,0.000,38.301,36.605,37.395,38.564,0.000,37.758,37.388,37.661,39.227,0.000,36.736,36.717,38.284,38.616,0.000,35.607,35.602,37.567,37.529,0.000,34.575,34.455,36.454,36.393,0.000,35.248,33.434,35.382,35.480,0.000,35.272,34.301,34.521,36.177,0.000,34.521,34.301,35.272,36.177,0.000,35.382,33.434,35.248,35.480,0.000,36.456,34.455,34.575,36.394,0.000,37.605,35.605,35.609,37.534,0.000,38.754,36.758,36.758,38.686,0.000,39.819,37.907,37.908,39.829,0.000,39.970,38.962,39.014,40.829,0.000,40.771,39.010,39.995,40.987,0.000,41.830,39.857,40.131,41.803,0.000,42.967,40.969,41.007,42.900,0.000,44.119,42.119,42.122,44.048,0.000,45.270,43.272,43.273,45.200,0.000,46.398,44.423,44.425,46.350,0.000,47.347,45.549,45.567,47.464,0.000,47.446,46.478,46.642,48.346,0.000,29.924,27.948,28.984,29.945,0.000,31.034,29.032,29.095,30.966,0.000,32.171,30.187,30.186,32.113,0.000,33.043,31.324,31.327,33.234,0.000,34.166,32.166,32.446,34.113,0.000,35.292,33.309,33.318,35.237,0.000,36.169,34.443,34.451,36.354,0.000,36.465,35.292,35.536,37.182,0.000,37.276,35.515,36.342,37.481,0.000,36.704,36.369,36.577,38.201,0.000,35.668,35.661,37.260,37.562,0.000,34.532,34.532,36.510,36.459,0.000,33.442,33.379,35.381,35.314,0.000,34.200,32.296,34.303,34.351,0.000,34.229,33.261,33.392,35.130,0.000,33.392,33.261,34.229,35.130,0.000,34.303,32.296,34.200,34.351,0.000,35.382,33.379,33.442,35.314,0.000,36.533,34.534,34.533,36.462,0.000,37.685,35.693,35.687,37.616,0.000,38.780,36.849,36.839,38.763,0.000,38.875,37.927,37.947,39.788,0.000,39.690,37.910,38.954,39.892,0.000,40.755,38.776,39.034,40.722,0.000,41.895,39.896,39.927,41.827,0.000,43.047,41.047,41.050,42.976,0.000,44.199,42.201,42.201,44.129,0.000,45.334,43.353,43.354,45.280,0.000,46.306,44.485,44.498,46.401,0.000,46.408,45.440,45.581,47.307,0.000,28.846,26.838,27.875,28.837,0.000,29.963,27.958,27.989,29.890,0.000,31.113,29.210,29.116,31.046,0.000,31.968,30.404,30.263,32.176,0.000,33.095,31.083,31.383,33.032,0.000,34.230,32.259,32.238,34.166,0.000,35.120,33.420,33.382,35.294,0.000,35.375,34.242,34.474,36.129,0.000,36.254,34.421,35.291,36.394,0.000,35.649,35.353,35.490,37.178,0.000,34.605,34.716,36.244,36.511,0.000,33.462,33.536,35.455,35.391,0.000,32.305,32.310,34.308,34.236,0.000,33.155,31.151,33.225,33.217,0.000,33.188,32.224,32.258,34.087,0.000,32.258,32.224,33.188,34.087,0.000,33.225,31.151,33.155,33.217,0.000,34.308,32.310,32.305,34.236,0.000,35.470,33.538,33.462,35.393,0.000,36.631,34.761,34.622,36.550,0.000,37.751,35.972,35.781,37.703,0.000,37.784,37.045,36.895,38.755,0.000,38.610,36.807,37.916,38.795,0.000,39.681,37.696,37.933,39.640,0.000,40.823,38.824,38.847,40.754,0.000,41.976,39.976,39.977,41.905,0.000,43.128,41.129,41.130,43.058,0.000,44.268,42.282,42.283,44.210,0.000,45.266,43.420,43.429,45.338,0.000,45.369,44.402,44.518,46.268,0.000,27.770,25.726,26.765,27.728,0.000,28.983,26.922,26.886,28.820,0.000,30.285,30.875,28.146,30.079,0.000,30.961,31.329,29.354,31.189,0.000,30.000,0.000,0.000,0.000,0.000,33.235,32.079,31.189,33.128,0.000,34.100,33.156,32.361,34.262,0.000,34.283,33.195,33.449,35.079,0.000,35.236,33.323,34.242,35.305,0.000,34.700,34.342,34.402,36.162,0.000,33.666,35.288,35.289,35.516,0.000,32.470,34.456,34.574,34.396,0.000,31.239,33.315,33.380,33.237,0.000,30.000,0.000,0.000,0.000,0.000,32.222,33.190,31.191,33.118,0.000,31.191,33.190,32.222,33.118,0.000,30.000,0.000,0.000,0.000,0.000,33.382,33.316,31.239,33.237,0.000,34.605,34.477,32.472,34.399,0.000,35.817,35.634,33.700,35.562,0.000,36.933,36.704,34.915,36.719,0.000,36.707,36.491,36.027,37.743,0.000,37.535,35.700,37.025,37.700,0.000,38.607,36.616,36.830,38.559,0.000,39.751,37.751,37.768,39.681,0.000,40.904,38.904,38.905,40.833,0.000,42.058,40.058,40.058,41.987,0.000,43.202,41.211,41.212,43.139,0.000,44.227,42.354,42.359,44.274,0.000,44.332,43.366,43.456,45.230,0.000,26.726,24.614,25.655,26.619,0.000,30.539,25.850,25.871,27.840,0.000,30.000,0.000,0.000,0.000,0.000,30.978,31.000,30.978,30.419,0.000,30.000,0.000,0.000,0.000,0.000,32.977,31.072,31.111,32.142,0.000,33.087,32.172,32.153,33.270,0.000,33.212,32.149,33.154,34.057,0.000,34.217,32.220,33.193,34.210,0.000,35.210,33.331,33.363,35.202,0.000,34.521,34.409,34.351,34.642,0.000,33.527,35.351,35.226,33.595,0.000,32.392,34.458,34.375,32.392,0.000,33.235,33.462,33.312,31.239,0.000,33.268,34.311,32.345,32.304,0.000,32.346,34.311,33.268,32.304,0.000,33.313,33.462,33.235,31.239,0.000,34.395,34.472,32.393,32.393,0.000,35.550,35.620,33.549,33.618,0.000,36.621,36.682,34.702,34.832,0.000,36.459,36.516,35.764,35.949,0.000,35.667,35.504,36.690,36.918,0.000,36.471,34.584,36.443,36.613,0.000,37.533,35.537,35.718,37.478,0.000,38.679,36.679,36.689,38.609,0.000,39.833,37.833,37.833,39.761,0.000,40.986,38.987,38.987,40.915,0.000,42.135,40.140,40.140,42.068,0.000,43.188,41.288,41.290,43.209,0.000,43.296,42.331,42.392,44.193,0.000,25.557,23.498,24.537,25.504,0.000,27.022,24.797,24.674,26.712,0.000,30.822,30.822,26.207,30.822,0.000,30.000,0.000,0.000,0.000,0.000,30.000,0.000,0.000,0.000,0.000,32.073,31.969,31.141,33.007,0.000,32.110,31.075,32.136,33.009,0.000,33.146,31.111,32.117,33.109,0.000,34.255,32.263,32.264,34.188,0.000,35.278,33.440,33.408,35.218,0.000,34.530,34.542,34.421,34.524,0.000,33.602,35.493,35.293,33.534,0.000,34.361,34.672,34.459,32.470,0.000,34.389,35.434,33.565,33.421,0.000,33.566,35.436,34.389,33.421,0.000,34.473,34.681,34.362,32.471,0.000,35.546,35.628,33.617,33.549,0.000,36.609,36.687,34.697,34.697,0.000,36.492,36.583,35.756,35.760,0.000,35.546,35.570,36.672,36.679,0.000,34.583,34.456,36.402,36.366,0.000,35.391,33.446,35.389,35.500,0.000,36.459,34.458,34.586,36.398,0.000,37.608,35.608,35.612,37.537,0.000,38.761,36.761,36.761,38.690,0.000,39.915,37.916,37.915,39.844,0.000,41.067,39.070,39.069,40.997,0.000,42.150,40.221,40.220,42.143,0.000,42.261,41.297,41.328,43.157,0.000,24.588,22.385,23.429,24.394,0.000,30.322,23.829,23.722,25.706,0.000,30.000,0.000,0.000,0.000,0.000,30.000,0.000,0.000,0.000,0.000,31.038,31.000,31.038,32.027,0.000,30.000,0.000,0.000,0.000,0.000,30.000,0.000,0.000,0.000,0.000,33.251,32.112,31.192,33.153,0.000,34.417,33.163,32.376,34.297,0.000,35.447,34.285,33.547,35.319,0.000,34.699,35.319,34.579,34.568,0.000,35.481,35.780,35.504,33.686,0.000,35.512,36.516,34.770,34.540,0.000,34.780,36.552,35.512,34.542,0.000,35.630,35.890,35.491,33.695,0.000,36.619,36.716,34.829,34.702,0.000,36.558,36.669,35.766,35.761,0.000,35.616,35.654,36.682,36.677,0.000,34.531,34.534,36.467,36.406,0.000,33.449,33.382,35.380,35.315,0.000,34.310,32.302,34.310,34.365,0.000,35.385,33.382,33.449,35.317,0.000,36.536,34.536,34.536,36.465,0.000,37.691,35.695,35.690,37.619,0.000,38.845,36.856,36.844,38.773,0.000,39.999,38.019,37.999,39.927,0.000,41.115,39.180,39.152,41.077,0.000,41.227,40.267,40.264,42.122,0.000,23.457,21.265,22.310,23.280,0.000,30.210,22.589,22.640,24.768,0.000,30.000,0.000,0.000,0.000,0.000,30.000,0.000,0.000,0.000,0.000,30.000,0.000,0.000,0.000,0.000,30.899,28.183,30.899,30.899,0.000,30.000,0.000,0.000,0.000,0.000,30.000,0.000,0.000,0.000,0.000,32.014,31.542,31.055,31.055,0.000,33.009,31.107,32.061,32.179,0.000,34.097,32.149,32.220,33.320,0.000,35.196,33.297,33.272,34.484,0.000,35.690,34.419,34.369,35.492,0.000,36.468,35.399,35.388,34.796,0.000,36.582,36.431,35.837,35.616,0.000,35.972,37.394,36.585,35.654,0.000,36.722,37.029,36.607,34.909,0.000,36.656,36.976,35.966,35.787,0.000,35.705,35.927,36.718,36.695,0.000,34.619,34.758,36.561,36.483,0.000,33.465,33.538,35.467,35.391,0.000,32.308,32.310,34.311,34.239,0.000,33.231,31.154,33.231,33.226,0.000,34.311,32.310,32.308,34.239,0.000,35.472,33.539,33.465,35.396,0.000,36.636,34.762,34.624,36.553,0.000,37.801,35.981,35.786,37.710,0.000,38.965,37.196,36.949,38.867,0.000,40.093,38.405,38.112,40.022,0.000,40.208,39.533,39.235,41.100,0.000,22.185,20.147,21.185,22.155,0.000,23.539,21.300,21.316,23.433,0.000,25.309,23.011,22.712,30.252,0.000,26.858,30.613,24.296,30.613,0.000,27.995,27.950,25.668,30.611,0.000,29.217,30.797,26.982,29.162,0.000,30.387,30.362,28.247,30.863,0.000,31.439,31.265,29.451,30.970,0.000,31.017,30.982,30.541,31.931,0.000,30.000,0.000,0.000,0.000,0.000,33.077,31.074,31.146,33.008,0.000,34.222,32.260,32.228,34.133,0.000,35.220,33.420,33.375,35.230,0.000,36.283,34.357,34.488,35.719,0.000,37.306,35.445,35.470,36.561,0.000,37.000,36.528,36.475,36.656,0.000,37.017,37.477,37.408,36.051,0.000,36.024,37.320,37.015,36.786,0.000,34.907,36.576,36.923,36.647,0.000,33.699,35.620,35.809,35.559,0.000,32.472,34.476,34.604,34.401,0.000,31.239,33.316,33.382,33.239,0.000,30.000,0.000,0.000,0.000,0.000,33.382,33.316,31.239,33.239,0.000,34.606,34.478,32.472,34.401,0.000,35.825,35.642,33.700,35.565,0.000,37.040,36.808,34.924,36.731,0.000,38.251,37.974,36.143,37.898,0.000,39.419,39.139,37.356,39.063,0.000,39.534,40.228,38.523,40.152,0.000,21.101,19.034,20.074,21.038,0.000,22.751,20.486,20.220,22.184,0.000,30.431,30.674,21.955,24.115,0.000,30.000,0.000,0.000,0.000,0.000,30.799,29.402,30.799,27.044,0.000,30.000,0.000,0.000,0.000,0.000,31.247,31.322,30.964,29.444,0.000,30.940,30.327,30.458,30.464,0.000,30.000,0.000,0.000,0.000,0.000,30.000,0.000,0.000,0.000,0.000,30.000,0.000,0.000,0.000,0.000,33.234,32.140,31.191,33.122,0.000,34.170,32.950,32.358,34.251,0.000,35.236,33.282,33.487,35.219,0.000,36.362,34.376,34.429,36.304,0.000,37.353,35.512,35.519,37.338,0.000,37.310,36.493,36.558,37.024,0.000,36.660,36.381,37.410,37.003,0.000,35.746,35.628,37.214,35.938,0.000,34.686,36.402,36.488,34.817,0.000,33.548,35.600,35.536,33.617,0.000,32.396,34.472,34.394,32.393,0.000,33.316,33.472,33.316,31.242,0.000,34.396,34.473,32.396,32.393,0.000,35.558,35.627,33.550,33.619,0.000,36.721,36.782,34.709,34.840,0.000,37.885,37.936,35.871,36.056,0.000,39.050,39.091,37.034,37.270,0.000,40.178,40.244,38.197,38.476,0.000,40.293,41.319,39.320,39.602,0.000,20.264,17.920,18.970,19.935,0.000,29.883,19.711,19.414,21.406,0.000,30.000,0.000,0.000,0.000,0.000,29.476,31.421,30.960,30.960,0.000,30.406,30.493,30.396,28.288,0.000,31.260,31.441,29.488,30.971,0.000,30.333,30.960,30.497,30.459,0.000,29.866,29.299,31.211,31.205,0.000,30.761,28.782,30.286,30.893,0.000,30.920,29.847,29.864,30.920,0.000,30.000,0.000,0.000,0.000,0.000,32.810,32.000,31.137,32.169,0.000,33.130,31.930,32.205,33.263,0.000,34.183,32.204,32.993,34.165,0.000,35.296,33.303,33.352,35.234,0.000,36.321,34.446,34.451,36.366,0.000,36.311,35.460,35.544,37.317,0.000,35.644,35.332,36.422,37.219,0.000,36.394,34.563,36.283,36.539,0.000,35.665,35.460,35.567,35.674,0.000,34.676,36.403,36.333,34.676,0.000,33.622,35.610,35.527,33.548,0.000,34.479,34.696,34.477,32.478,0.000,35.553,35.635,33.624,33.550,0.000,36.704,36.781,34.704,34.704,0.000,37.859,37.934,35.858,35.863,0.000,39.013,39.087,37.012,37.023,0.000,40.167,40.239,38.167,38.186,0.000,41.282,41.387,39.320,39.346,0.000,41.394,42.432,40.431,40.431,0.000,19.182,16.796,17.847,18.822,0.000,29.780,18.599,18.336,20.605,0.000,30.000,0.000,0.000,0.000,0.000,30.527,30.983,30.966,30.512,0.000,31.430,31.034,31.421,29.494,0.000,30.966,30.983,30.527,30.522,0.000,30.000,0.000,0.000,0.000,0.000,28.769,28.209,30.802,30.194,0.000,29.711,27.655,29.192,29.689,0.000,30.776,28.862,28.808,30.708,0.000,31.828,30.018,29.926,30.959,0.000,31.826,31.085,31.002,32.053,0.000,32.084,30.877,31.996,32.800,0.000,33.110,31.104,31.937,33.088,0.000,34.227,32.230,32.255,34.161,0.000,35.286,33.380,33.380,35.301,0.000,35.263,34.430,34.480,36.283,0.000,34.522,34.283,35.387,36.169,0.000,35.375,33.432,35.232,35.474,0.000,36.329,34.449,34.566,36.324,0.000,35.671,35.525,35.467,35.664,0.000,34.822,36.480,36.347,34.684,0.000,35.641,35.893,35.619,33.707,0.000,36.709,36.790,34.845,34.710,0.000,37.857,37.926,35.862,35.858,0.000,39.009,39.069,37.011,37.011,0.000,40.161,40.212,38.164,38.165,0.000,41.311,41.354,39.316,39.319,0.000,42.395,42.490,40.465,40.469,0.000,42.506,43.533,41.573,41.543,0.000,18.033,15.669,16.720,17.696,0.000,29.657,17.184,17.237,19.548,0.000,30.000,0.000,0.000,0.000,0.000,30.000,0.000,0.000,0.000,0.000,30.000,0.000,0.000,0.000,0.000,30.000,0.000,0.000,0.000,0.000,28.384,30.903,30.903,30.903,0.000,27.623,27.093,29.236,29.085,0.000,28.687,26.522,28.078,28.565,0.000,29.903,30.849,27.795,29.776,0.000,30.919,29.220,28.954,30.801,0.000,30.789,30.315,30.062,31.837,0.000,30.988,29.793,31.042,31.748,0.000,30.000,0.000,0.000,0.000,0.000,33.161,31.257,31.158,33.091,0.000,34.256,32.377,32.312,34.237,0.000,34.217,33.401,33.415,35.251,0.000,33.394,33.237,34.353,35.118,0.000,34.300,32.294,34.179,34.348,0.000,35.372,33.378,33.440,35.308,0.000,36.399,34.527,34.522,36.333,0.000,35.877,35.619,35.543,35.684,0.000,36.774,36.704,36.498,34.907,0.000,37.849,37.739,36.033,35.862,0.000,38.984,38.833,37.006,37.002,0.000,40.125,39.938,38.145,38.152,0.000,41.265,41.047,39.287,39.303,0.000,42.403,42.159,40.428,40.453,0.000,43.485,43.271,41.566,41.598,0.000,43.595,44.312,42.662,42.642,0.000,16.593,14.544,15.583,16.558,0.000,18.135,15.709,15.727,18.016,0.000,20.340,17.412,17.323,29.708,0.000,30.178,19.385,19.191,30.178,0.000,30.000,0.000,0.000,0.000,0.000,30.000,0.000,0.000,0.000,0.000,26.576,25.996,30.576,28.057,0.000,30.555,25.385,27.085,27.541,0.000,30.000,0.000,0.000,0.000,0.000,30.245,28.169,30.842,29.936,0.000,29.775,30.896,29.311,30.952,0.000,30.252,28.704,30.269,30.686,0.000,31.070,29.291,29.780,30.904,0.000,32.167,30.193,30.415,32.033,0.000,33.229,31.312,31.338,33.174,0.000,33.176,32.374,32.412,34.223,0.000,32.260,32.194,33.322,34.069,0.000,33.223,31.150,33.128,33.214,0.000,34.306,32.306,32.304,34.235,0.000,35.460,33.528,33.460,35.383,0.000,36.556,34.742,34.612,36.417,0.000,37.596,35.949,35.704,35.959,0.000,38.692,37.148,36.795,36.932,0.000,39.798,38.340,37.892,38.071,0.000,40.909,39.527,38.994,39.213,0.000,42.022,40.710,40.101,40.354,0.000,43.138,41.889,41.211,41.495,0.000,44.219,43.061,42.324,42.631,0.000,44.330,44.155,43.399,43.674,0.000,15.503,13.431,14.470,15.435,0.000,17.141,15.047,14.622,16.597,0.000,19.272,30.088,16.337,18.678,0.000,21.122,30.209,18.008,20.481,0.000,30.324,22.868,19.931,30.324,0.000,30.000,0.000,0.000,0.000,0.000,26.103,24.668,30.607,30.607,0.000,25.195,24.804,25.664,26.815,0.000,26.491,24.127,25.789,26.293,0.000,28.096,30.704,25.614,30.704,0.000,30.793,30.854,26.991,29.206,0.000,30.000,0.000,0.000,0.000,0.000,29.225,27.590,30.777,29.654,0.000,30.002,28.209,28.682,30.157,0.000,31.100,29.113,29.337,31.056,0.000,32.199,30.243,30.263,32.169,0.000,32.136,31.359,31.347,33.195,0.000,31.153,32.024,32.321,33.054,0.000,30.000,0.000,0.000,0.000,0.000,33.368,33.194,31.234,33.231,0.000,34.583,34.320,32.462,34.391,0.000,35.792,35.449,33.683,35.546,0.000,36.992,36.581,34.895,36.647,0.000,38.185,37.716,36.101,37.748,0.000,39.374,38.852,37.300,38.853,0.000,40.558,39.990,38.494,39.962,0.000,41.737,41.129,39.682,41.075,0.000,42.912,42.269,40.865,42.191,0.000,44.046,43.408,42.043,43.307,0.000,44.157,44.471,43.176,44.350,0.000,14.819,12.317,13.372,14.337,0.000,29.312,14.015,13.987,15.985,0.000,30.000,0.000,0.000,0.000,0.000,30.000,0.000,0.000,0.000,0.000,24.656,30.777,30.442,21.715,0.000,24.785,30.504,23.324,30.504,0.000,24.729,23.402,24.350,25.515,0.000,24.045,23.761,24.412,25.627,0.000,30.317,22.978,24.910,25.227,0.000,30.000,0.000,0.000,0.000,0.000,30.000,0.000,0.000,0.000,0.000,27.570,25.285,30.681,30.681,0.000,28.022,26.410,26.426,28.423,0.000,28.919,27.127,27.512,29.071,0.000,30.028,28.034,28.256,29.977,0.000,31.181,29.172,29.186,31.101,0.000,31.962,31.007,30.335,32.220,0.000,32.083,31.049,31.378,32.087,0.000,33.109,32.166,32.058,31.148,0.000,34.198,33.260,32.262,32.337,0.000,35.324,34.389,33.381,33.554,0.000,36.454,35.517,34.504,34.765,0.000,37.585,36.646,35.631,35.970,0.000,38.719,37.776,36.760,37.168,0.000,39.855,38.906,37.892,38.360,0.000,40.993,40.037,39.026,39.547,0.000,42.131,41.168,40.161,40.730,0.000,43.269,42.300,41.299,41.909,0.000,44.372,43.429,42.435,43.081,0.000,44.484,44.482,43.533,44.174,0.000,13.309,11.186,12.228,13.208,0.000,15.904,12.908,12.433,14.861,0.000,30.414,30.414,15.190,30.414,0.000,30.000,0.000,0.000,0.000,0.000,30.000,0.000,0.000,0.000,0.000,30.000,0.000,0.000,0.000,0.000,23.936,22.320,30.236,24.518,0.000,22.730,22.887,23.330,24.579,0.000,23.802,21.628,23.669,23.883,0.000,30.441,22.885,23.185,30.441,0.000,30.000,0.000,0.000,0.000,0.000,26.417,24.006,30.444,26.358,0.000,27.125,30.668,25.354,27.438,0.000,27.840,26.049,26.453,27.990,0.000,28.955,26.954,27.178,28.898,0.000,30.771,28.100,28.131,30.054,0.000,30.000,0.000,0.000,0.000,0.000,30.000,0.000,0.000,0.000,0.000,33.089,31.556,31.131,32.126,0.000,34.217,32.657,32.260,33.241,0.000,35.346,33.794,33.389,34.361,0.000,36.475,34.931,34.518,35.485,0.000,37.605,36.069,35.647,36.612,0.000,38.736,37.207,36.777,37.741,0.000,39.866,38.345,37.907,38.873,0.000,40.998,39.483,39.038,40.007,0.000,42.129,40.621,40.169,41.142,0.000,43.260,41.759,41.300,42.279,0.000,44.353,42.892,42.430,43.414,0.000,44.462,43.902,43.519,44.474,0.000,12.641,10.070,11.127,12.094,0.000,29.089,11.836,11.816,13.865,0.000,30.000,0.000,0.000,0.000,0.000,30.483,16.520,30.483,30.483,0.000,30.000,0.000,0.000,0.000,0.000,22.474,19.793,30.309,30.309,0.000,22.770,21.226,20.960,23.150,0.000,21.881,30.381,22.304,23.838,0.000,22.538,20.472,22.778,22.558,0.000,22.673,21.806,21.604,23.695,0.000,23.812,21.706,22.886,30.163,0.000,30.236,22.672,23.048,25.041,0.000,30.000,0.000,0.000,0.000,0.000,26.945,24.970,30.520,27.096,0.000,27.859,25.874,26.098,27.818,0.000,29.030,27.002,27.027,28.956,0.000,30.250,28.207,28.186,30.784,0.000,31.403,30.957,29.384,30.957,0.000,32.451,30.515,30.519,32.032,0.000,33.587,31.614,31.648,33.161,0.000,34.724,32.764,32.752,34.290,0.000,35.862,33.916,33.890,35.420,0.000,37.001,35.067,35.028,36.551,0.000,38.139,36.218,36.166,37.682,0.000,39.278,37.368,37.304,38.813,0.000,40.417,38.519,38.443,39.945,0.000,41.555,39.668,39.582,41.077,0.000,42.691,40.817,40.720,42.210,0.000,43.742,41.957,41.856,43.337,0.000,43.848,42.898,42.946,44.387,0.000,11.056,8.936,9.978,10.960,0.000,13.393,10.732,10.179,12.676,0.000,16.376,29.822,12.644,29.822,0.000,17.955,29.976,14.485,17.844,0.000,19.966,30.093,16.647,30.093,0.000,21.379,30.228,18.315,21.041,0.000,30.309,30.611,20.182,22.474,0.000,30.000,0.000,0.000,0.000,0.000,21.983,19.310,29.969,21.711,0.000,21.907,30.330,20.786,22.774,0.000,22.302,20.603,21.793,22.590,0.000,23.393,21.373,21.726,23.519,0.000,24.746,22.527,22.741,30.217,0.000,25.652,23.687,23.687,25.804,0.000,26.778,24.795,24.835,26.731,0.000,27.978,25.928,25.948,27.861,0.000,30.671,27.137,27.142,29.098,0.000,30.000,0.000,0.000,0.000,0.000,31.448,29.444,30.979,31.425,0.000,32.541,30.541,30.592,32.473,0.000,33.692,31.693,31.694,33.610,0.000,34.844,32.847,32.846,34.750,0.000,35.995,34.000,33.998,35.889,0.000,37.146,35.154,35.150,37.029,0.000,38.297,36.308,36.302,38.169,0.000,39.447,37.461,37.453,39.308,0.000,40.597,38.614,38.603,40.448,0.000,41.740,39.766,39.753,41.588,0.000,42.726,40.903,40.896,42.718,0.000,42.831,41.865,41.993,43.727,0.000,10.472,7.820,8.880,9.847,0.000,28.879,10.074,9.656,11.701,0.000,30.000,0.000,0.000,0.000,0.000,30.000,0.000,0.000,0.000,0.000,30.000,0.000,0.000,0.000,0.000,30.000,0.000,0.000,0.000,0.000,30.000,0.000,0.000,0.000,0.000,20.024,30.593,30.593,30.593,0.000,29.852,17.804,21.206,20.587,0.000,30.000,0.000,0.000,0.000,0.000,21.547,19.498,29.964,21.820,0.000,22.312,20.288,20.616,22.241,0.000,23.473,21.774,21.455,23.395,0.000,24.582,22.873,22.617,24.551,0.000,25.704,23.722,23.765,25.653,0.000,26.854,24.854,24.874,26.786,0.000,28.008,26.006,26.010,27.988,0.000,29.219,27.160,27.219,30.680,0.000,30.316,28.314,28.316,30.296,0.000,31.468,29.468,29.468,31.398,0.000,32.622,30.622,30.622,32.550,0.000,33.775,31.776,31.775,33.703,0.000,34.929,32.929,32.929,34.856,0.000,36.083,34.083,34.083,36.008,0.000,37.236,35.237,35.237,37.159,0.000,38.389,36.391,36.390,38.311,0.000,39.542,37.545,37.543,39.461,0.000,40.685,38.698,38.696,40.611,0.000,41.690,39.838,39.843,41.750,0.000,41.795,40.828,40.937,42.693,0.000,9.203,6.683,7.739,8.725,0.000,28.764,8.372,8.556,11.133,0.000,30.000,0.000,0.000,0.000,0.000,15.263,30.417,30.417,30.417,0.000,29.866,12.515,17.094,29.866,0.000,30.000,0.000,0.000,0.000,0.000,30.411,14.502,30.411,30.411,0.000,30.000,0.000,0.000,0.000,0.000,18.268,16.218,29.644,19.074,0.000,19.288,16.874,17.723,29.668,0.000,20.060,18.023,18.042,20.316,0.000,21.545,19.513,19.203,21.166,0.000,22.995,30.368,20.725,22.677,0.000,23.522,21.822,21.854,23.493,0.000,24.641,22.650,22.942,24.589,0.000,25.782,23.782,23.802,25.712,0.000,26.935,24.935,24.936,26.864,0.000,28.089,26.089,26.089,28.017,0.000,29.243,27.243,27.243,29.171,0.000,30.396,28.396,28.396,30.325,0.000,31.550,29.550,29.550,31.479,0.000,32.704,30.704,30.704,32.633,0.000,33.858,31.858,31.858,33.786,0.000,35.012,33.012,33.012,34.940,0.000,36.166,34.166,34.166,36.094,0.000,37.319,35.320,35.319,37.247,0.000,38.473,36.473,36.473,38.401,0.000,39.619,37.627,37.627,39.553,0.000,40.652,38.773,38.775,40.692,0.000,40.758,39.792,39.875,41.656,0.000,7.485,5.551,6.586,7.567,0.000,9.219,6.588,6.738,9.183,0.000,29.441,8.413,9.150,29.441,0.000,30.000,0.000,0.000,0.000,0.000,12.789,10.721,29.088,13.934,0.000,13.785,11.193,12.396,29.105,0.000,14.361,12.324,12.381,15.249,0.000,15.992,13.477,13.993,29.312,0.000,16.648,14.631,14.648,17.023,0.000,17.796,15.785,15.786,17.730,0.000,19.262,16.951,16.951,18.891,0.000,29.773,18.452,18.463,20.415,0.000,30.000,0.000,0.000,0.000,0.000,22.783,20.760,30.091,23.003,0.000,23.569,21.568,21.879,23.517,0.000,24.710,22.710,22.720,24.640,0.000,25.863,23.863,23.864,25.792,0.000,27.017,25.017,25.017,26.946,0.000,28.171,26.171,26.171,28.100,0.000,29.325,27.325,27.325,29.254,0.000,30.479,28.479,28.479,30.407,0.000,31.633,29.633,29.633,31.561,0.000,32.787,30.787,30.787,32.715,0.000,33.941,31.941,31.940,33.869,0.000,35.094,33.095,33.094,35.023,0.000,36.248,34.249,34.248,36.177,0.000,37.402,35.404,35.402,37.330,0.000,38.552,36.557,36.556,38.484,0.000,39.614,37.706,37.706,39.627,0.000,39.722,38.757,38.811,40.619,0.000,6.384,4.443,5.478,6.438,0.000,7.487,5.488,5.586,7.446,0.000,8.660,6.636,6.665,9.200,0.000,10.495,7.790,8.495,28.743,0.000,10.967,8.944,8.967,11.507,0.000,12.098,10.098,10.098,12.047,0.000,13.252,11.252,11.252,13.181,0.000,14.405,12.405,12.405,14.334,0.000,15.559,13.559,13.559,15.488,0.000,16.714,14.713,14.713,16.642,0.000,17.868,15.867,15.867,17.807,0.000,19.034,17.022,17.033,19.273,0.000,20.534,18.176,18.534,29.782,0.000,21.342,19.330,19.342,21.581,0.000,22.485,20.484,20.484,22.424,0.000,23.638,21.639,21.638,23.567,0.000,24.792,22.793,22.792,24.721,0.000,25.946,23.947,23.946,25.874,0.000,27.100,25.102,25.100,27.028,0.000,28.254,26.257,26.254,28.182,0.000,29.408,27.411,27.408,29.336,0.000,30.562,28.566,28.562,30.490,0.000,31.716,29.721,29.716,31.644,0.000,32.870,30.876,30.870,32.798,0.000,34.024,32.031,32.024,33.952,0.000,35.179,33.186,33.178,35.106,0.000,36.333,34.341,34.332,36.260,0.000,37.485,35.496,35.486,37.413,0.000,38.577,36.648,36.638,38.561,0.000,38.687,37.724,37.746,39.583,0.000,5.305,3.334,4.370,5.331,0.000,6.414,4.413,4.480,6.347,0.000,7.565,5.565,5.567,7.493,0.000,8.719,6.719,6.719,8.647,0.000,9.872,7.873,7.872,9.801,0.000,11.026,9.027,9.026,10.955,0.000,12.180,10.181,10.180,12.109,0.000,13.334,11.336,11.334,13.263,0.000,14.488,12.491,12.488,14.417,0.000,15.642,13.646,13.642,15.570,0.000,16.796,14.801,14.796,16.725,0.000,17.951,15.956,15.950,17.879,0.000,19.105,17.112,17.104,19.033,0.000,20.259,18.268,18.259,20.187,0.000,21.414,19.424,19.413,21.342,0.000,22.568,20.580,20.567,22.496,0.000,23.723,21.737,21.722,23.650,0.000,24.877,22.893,22.876,24.804,0.000,26.032,24.050,24.031,25.958,0.000,27.187,25.208,25.185,27.112,0.000,28.342,26.365,26.340,28.266,0.000,29.497,27.522,27.495,29.420,0.000,30.652,28.680,28.650,30.575,0.000,31.807,29.838,29.805,31.729,0.000,32.962,30.996,30.960,32.883,0.000,34.117,32.154,32.115,34.037,0.000,35.273,33.313,33.270,35.192,0.000,36.427,34.471,34.425,36.346,0.000,37.543,35.627,35.579,37.497,0.000,37.654,36.707,36.691,38.549,0.000,4.228,2.224,3.261,4.223,0.000,5.341,3.339,3.374,5.271,0.000,6.493,4.493,4.493,6.422,0.000,7.647,5.650,5.647,7.576,0.000,8.802,6.807,6.801,8.730,0.000,9.956,7.966,7.955,9.884,0.000,11.111,9.125,9.110,11.038,0.000,12.266,10.285,10.265,12.192,0.000,13.421,11.446,11.419,13.346,0.000,14.577,12.607,12.574,14.501,0.000,15.732,13.769,13.730,15.655,0.000,16.888,14.932,14.885,16.810,0.000,18.044,16.095,16.041,17.964,0.000,19.201,17.258,17.197,19.119,0.000,20.357,18.422,18.353,20.274,0.000,21.514,19.586,19.510,21.428,0.000,22.671,20.750,20.666,22.583,0.000,23.829,21.914,21.823,23.738,0.000,24.986,23.079,22.980,24.893,0.000,26.144,24.244,24.138,26.049,0.000,27.302,25.409,25.295,27.204,0.000,28.460,26.575,26.453,28.359,0.000,29.618,27.740,27.611,29.515,0.000,30.777,28.906,28.769,30.670,0.000,31.935,30.071,29.927,31.826,0.000,33.094,31.237,31.086,32.982,0.000,34.253,32.403,32.244,34.138,0.000,35.410,33.569,33.403,35.293,0.000,36.531,34.732,34.560,36.446,0.000,36.644,35.819,35.677,37.523,0.000,3.151,1.113,2.151,3.114,0.000,4.268,2.266,2.267,4.196,0.000,5.426,3.457,3.422,5.352,0.000,6.584,4.647,4.578,6.507,0.000,7.744,5.836,5.736,7.663,0.000,8.904,7.024,6.895,8.818,0.000,10.065,8.210,8.055,9.974,0.000,11.227,9.396,9.215,11.130,0.000,12.390,10.581,10.376,12.287,0.000,13.553,11.765,11.538,13.443,0.000,14.716,12.948,12.701,14.600,0.000,15.880,14.131,13.864,15.757,0.000,17.044,15.313,15.027,16.914,0.000,18.209,16.494,16.191,18.071,0.000,19.373,17.675,17.355,19.229,0.000,20.538,18.855,18.520,20.387,0.000,21.704,20.034,19.684,21.545,0.000,22.869,21.214,20.850,22.703,0.000,24.035,22.392,22.015,23.862,0.000,25.201,23.570,23.180,25.020,0.000,26.367,24.748,24.346,26.179,0.000,27.533,25.925,25.512,27.338,0.000,28.699,27.102,26.678,28.497,0.000,29.865,28.278,27.844,29.656,0.000,31.032,29.454,29.010,30.816,0.000,32.198,30.630,30.177,31.975,0.000,33.365,31.805,31.343,33.135,0.000,34.530,32.980,32.509,34.295,0.000,35.657,34.152,33.674,35.452,0.000,35.771,35.247,34.797,36.533,0.000,0.000,0.000,0.000,0.000,0.000,3.265,2.195,1.195,3.159,0.000,4.456,3.388,2.389,4.318,0.000,5.646,4.581,3.581,5.479,0.000,6.835,5.772,4.772,6.640,0.000,8.023,6.961,5.961,7.802,0.000,9.209,8.150,7.150,8.964,0.000,10.395,9.337,8.337,10.127,0.000,11.580,10.524,9.524,11.291,0.000,12.764,11.710,10.710,12.455,0.000,13.948,12.895,11.895,13.620,0.000,15.130,14.079,13.079,14.785,0.000,16.312,15.262,14.262,15.950,0.000,17.493,16.444,15.444,17.116,0.000,18.674,17.626,16.626,18.282,0.000,19.854,18.807,17.807,19.448,0.000,21.034,19.988,18.988,20.615,0.000,22.213,21.168,20.168,21.781,0.000,23.392,22.348,21.348,22.948,0.000,24.570,23.527,22.527,24.115,0.000,25.747,24.705,23.705,25.282,0.000,26.925,25.883,24.883,26.449,0.000,28.101,27.061,26.061,27.616,0.000,29.278,28.238,27.238,28.783,0.000,30.454,29.414,28.415,29.951,0.000,31.630,30.591,29.591,31.118,0.000,32.805,31.767,30.767,32.285,0.000,33.978,32.942,31.942,33.453,0.000,35.114,34.115,33.116,34.617,0.000,35.228,35.210,34.248,35.705,0.000,
