States
32
Policy
[south, east, east, east, south, south, south, west, south, south, obstacle, obstacle, south, south, west, west, south, south, obstacle, obstacle, south, south, south, south, east, east, null, null, west, west, west, west]
Alpha value
0.05
Max number of actions
4
23.157,21.123,22.122,21.646,18.957,28.019,19.957,24.434,18.561,22.237,0.000,0.000,17.837,19.911,0.000,0.000,18.781,16.719,22.955,19.719,18.781,16.719,18.781,19.719,18.837,17.837,17.837,20.837,18.837,17.837,17.837,20.837,31.006,20.278,21.277,22.753,31.018,23.846,24.846,24.820,30.000,0.000,0.000,0.000,30.000,0.000,0.000,0.000,14.531,12.357,31.000,19.592,14.531,12.357,31.000,19.592,14.603,13.603,13.603,20.721,14.603,13.603,13.603,20.722,31.000,12.680,13.680,20.370,31.001,15.368,16.368,27.514,30.000,0.000,0.000,0.000,30.000,0.000,0.000,0.000,10.059,7.891,31.000,15.131,10.059,7.891,31.000,15.131,10.121,9.121,9.121,16.449,10.121,9.121,9.121,16.449,2.222,3.222,3.222,12.226,2.222,7.222,3.222,19.290,0.000,0.000,0.000,0.000,0.000,0.000,0.000,0.000,4.582,5.222,2.222,10.802,4.582,5.222,2.222,10.802,4.644,6.644,3.644,12.008,4.644,6.644,3.644,12.008,
