States
32
Policy
[east, east, east, east, south, south, west, west, south, south, obstacle, obstacle, south, south, west, west, south, south, obstacle, obstacle, south, south, south, south, east, east, null, null, west, west, west, west]
Alpha value
0.3
Max number of actions
4
15.200,18.934,16.167,16.167,15.200,25.134,16.167,20.034,14.134,16.067,0.000,0.000,14.134,16.067,0.000,0.000,15.034,13.067,15.034,15.967,15.034,13.067,15.034,15.967,15.100,14.167,14.134,17.034,15.100,14.167,14.134,17.034,29.967,19.900,20.067,20.767,29.967,21.034,21.267,22.934,29.000,0.000,0.000,0.000,29.000,0.000,0.000,0.000,11.300,9.300,29.967,15.700,11.300,9.300,29.967,15.700,11.367,10.467,10.400,16.767,11.367,10.467,10.400,16.767,29.967,7.467,8.434,17.134,29.967,9.800,10.767,25.134,29.000,0.000,0.000,0.000,29.000,0.000,0.000,0.000,7.534,5.334,29.967,11.967,7.534,5.334,29.967,11.967,7.634,6.667,6.667,13.134,7.634,6.667,6.667,13.134,1.334,2.300,2.300,6.934,1.334,6.167,2.300,13.600,0.000,0.000,0.000,0.000,0.000,0.000,0.000,0.000,3.567,4.234,1.334,8.100,3.567,4.234,1.334,8.100,3.634,5.567,2.667,9.400,3.634,5.567,2.667,9.400,
