States
900
Policy
[east, east, east, east, east, east, east, east, east, east, east, east, east, south, south, south, south, south, south, south, west, west, south, south, south, west, west, south, south, south, east, east, east, east, east, east, east, east, east, east, east, east, east, south, south, south, south, south, south, south, south, south, south, south, south, south, south, south, south, south, east, east, east, east, east, east, east, south, south, south, east, east, east, south, south, south, south, south, south, south, south, south, south, south, south, south, south, south, south, south, east, east, east, east, east, east, east, east, south, south, east, east, east, south, south, south, south, south, south, south, south, south, south, south, south, west, west, south, south, south, east, east, east, east, east, east, east, east, east, south, south, east, east, east, south, south, south, south, south, south, west, west, south, south, west, west, west, south, south, south, east, east, east, east, east, east, east, east, east, south, south, south, east, east, south, south, south, south, south, south, west, west, south, south, west, west, south, south, south, south, east, obstacle, north, obstacle, north, north, obstacle, east, east, east, south, south, obstacle, south, south, south, south, south, south, south, west, west, south, south, south, obstacle, south, south, south, south, south, obstacle, north, east, south, obstacle, east, east, east, east, east, east, south, south, south, south, south, south, south, south, obstacle, south, south, south, south, south, south, south, south, south, obstacle, south, obstacle, obstacle, east, south, obstacle, obstacle, east, east, east, east, east, south, south, south, south, south, south, south, south, west, south, south, south, south, south, south, south, south, obstacle, east, south, west, east, east, south, south, west, obstacle, east, east, east, east, south, south, south, west, south, south, south, obstacle, south, south, south, south, south, south, south, south, east, east, south, obstacle, obstacle, obstacle, south, south, west, south, south, obstacle, south, south, south, south, west, west, south, south, south, south, south, south, south, south, south, south, south, south, obstacle, obstacle, south, south, east, south, south, west, obstacle, south, east, south, south, south, south, south, west, west, south, south, south, south, south, south, south, south, south, south, south, south, south, obstacle, south, west, obstacle, south, south, south, obstacle, south, obstacle, south, east, east, south, south, west, obstacle, south, south, south, south, south, south, south, south, south, south, south, south, south, obstacle, south, obstacle, south, east, south, south, south, south, south, south, east, east, south, south, west, south, south, south, south, south, south, south, south, south, south, south, south, south, south, obstacle, south, west, west, east, south, south, east, east, east, south, west, east, south, south, obstacle, south, south, south, south, south, south, south, south, south, south, south, south, south, east, south, south, obstacle, north, obstacle, south, south, west, east, east, south, south, obstacle, east, south, south, south, south, south, south, south, south, south, south, south, south, south, south, south, east, east, south, south, obstacle, south, south, south, obstacle, north, obstacle, south, south, obstacle, east, south, south, south, south, south, south, south, south, south, south, south, south, south, south, south, obstacle, east, south, south, south, west, west, west, south, obstacle, south, south, south, east, east, south, south, south, south, south, south, south, south, south, south, south, south, south, south, south, south, obstacle, south, west, west, west, west, west, west, east, east, east, south, obstacle, south, south, south, south, south, south, south, south, south, south, south, south, south, south, south, south, east, south, south, west, obstacle, north, north, north, east, east, east, east, east, south, south, south, west, west, west, south, south, west, west, south, south, south, south, south, south, south, obstacle, south, south, west, south, obstacle, north, north, north, north, obstacle, obstacle, south, south, south, west, west, west, west, south, west, west, west, south, south, south, south, south, south, south, obstacle, south, south, obstacle, south, south, obstacle, north, obstacle, obstacle, south, south, south, south, west, west, west, west, west, south, west, west, west, south, south, south, south, south, south, south, east, east, south, south, west, west, south, obstacle, east, south, east, east, south, west, west, west, west, west, west, south, west, west, east, south, south, south, south, south, south, south, obstacle, east, south, south, obstacle, obstacle, south, obstacle, obstacle, south, obstacle, south, south, west, west, north, west, west, east, south, south, obstacle, south, south, south, south, south, south, south, south, south, obstacle, south, south, south, obstacle, south, south, south, south, south, south, south, south, obstacle, south, south, obstacle, south, south, south, south, south, south, west, west, west, west, south, south, south, south, south, south, south, south, south, south, south, west, west, west, south, south, south, south, south, south, south, south, west, west, west, west, west, west, west, west, west, south, south, south, south, west, west, west, west, west, west, west, west, west, west, west, west, west, west, west, west, west, west, west, west, west, west, west, west, west, west, west, south, south, west, west, west, west, west, west, west, west, west, west, west, west, west, west, west, west, west, west, west, west, west, west, west, west, west, west, west, west, south, south, west, west, west, west, west, west, west, west, west, west, west, west, west, west, west, west, west, west, west, west, west, west, west, west, west, west, west, west, null, west, west, west, west, west, west, west, west, west, west, west, west, west, west, west, west, west, west, west, west, west, west, west, west, west, west, west, west, west]
Alpha value
0.5
Max number of actions
5
71.585,71.974,72.536,72.536,0.000,70.517,70.900,72.439,71.473,0.000,69.416,69.764,71.335,70.358,0.000,68.306,68.623,70.223,69.260,0.000,67.194,67.486,69.129,68.154,0.000,66.073,66.337,68.025,67.044,0.000,64.949,65.185,66.918,65.926,0.000,63.824,64.029,65.802,64.806,0.000,62.699,62.873,64.685,63.684,0.000,61.577,61.718,63.566,62.563,0.000,60.458,60.565,62.436,61.428,0.000,59.326,59.415,61.300,60.292,0.000,58.191,58.243,60.165,59.160,0.000,57.066,57.032,59.006,58.009,0.000,56.505,55.914,57.870,56.912,0.000,57.048,55.456,56.852,56.467,0.000,57.803,56.141,56.513,57.106,0.000,58.172,56.946,57.207,57.895,0.000,59.047,57.269,57.986,58.263,0.000,60.165,58.183,58.401,59.169,0.000,61.302,59.364,59.343,60.312,0.000,61.984,60.466,60.460,61.410,0.000,62.161,61.052,61.504,62.024,0.000,63.115,61.170,62.067,62.187,0.000,64.200,62.204,62.284,63.195,0.000,65.312,63.365,63.330,64.317,0.000,66.149,64.488,64.449,65.425,0.000,66.961,65.256,65.535,66.241,0.000,67.516,66.063,66.330,67.034,0.000,67.565,66.619,67.083,67.565,0.000,70.968,71.036,71.925,72.470,0.000,69.882,69.973,71.816,71.400,0.000,68.738,68.813,70.696,70.285,0.000,67.598,67.658,69.563,69.187,0.000,66.445,66.493,68.426,68.080,0.000,65.291,65.328,67.292,66.971,0.000,64.132,64.158,66.145,65.852,0.000,62.973,62.990,64.998,64.732,0.000,61.814,61.822,63.846,63.610,0.000,60.657,60.660,62.694,62.489,0.000,59.503,59.511,61.543,61.352,0.000,58.349,58.354,60.395,60.215,0.000,57.148,57.148,59.202,59.052,0.000,55.996,55.932,57.994,57.893,0.000,55.434,54.789,56.806,56.790,0.000,55.979,54.348,55.768,56.375,0.000,56.760,55.032,55.444,56.997,0.000,57.095,55.867,56.168,57.784,0.000,57.977,56.151,56.968,58.145,0.000,59.122,57.074,57.335,59.051,0.000,60.269,58.264,58.288,60.202,0.000,60.951,59.407,59.449,61.327,0.000,61.082,59.994,60.476,61.941,0.000,62.061,60.060,61.044,62.101,0.000,63.180,61.122,61.218,63.108,0.000,64.307,62.288,62.291,64.230,0.000,65.097,63.420,63.443,65.334,0.000,65.923,64.173,64.543,66.150,0.000,66.494,64.994,65.290,66.948,0.000,66.544,65.557,66.057,67.477,0.000,70.029,70.034,70.977,71.810,0.000,68.920,68.956,70.864,70.725,0.000,67.764,67.790,69.753,69.592,0.000,66.596,66.613,68.597,68.452,0.000,65.428,65.438,67.446,67.315,0.000,64.256,64.261,66.285,66.167,0.000,63.085,63.087,65.125,65.017,0.000,61.915,61.915,63.960,63.863,0.000,60.750,60.749,62.798,62.710,0.000,59.598,59.587,61.636,61.557,0.000,58.441,58.444,60.479,60.407,0.000,57.268,57.271,59.323,59.218,0.000,56.048,56.048,58.110,58.006,0.000,54.873,54.831,56.897,56.796,0.000,54.326,53.664,55.705,55.668,0.000,54.870,53.238,54.644,55.271,0.000,55.682,53.924,54.338,55.891,0.000,55.982,54.790,55.071,56.705,0.000,56.871,55.031,55.894,57.030,0.000,58.023,55.965,56.216,57.945,0.000,59.184,57.164,57.180,59.124,0.000,59.885,58.334,58.362,60.260,0.000,59.973,58.939,59.418,60.884,0.000,60.980,58.948,59.983,60.997,0.000,62.103,60.040,60.107,62.028,0.000,63.242,61.209,61.210,63.186,0.000,64.017,62.352,62.365,64.303,0.000,64.856,63.088,63.472,65.070,0.000,65.432,63.926,64.206,65.881,0.000,65.483,64.495,64.990,66.416,0.000,69.022,69.316,69.983,70.854,0.000,67.904,68.177,69.869,69.777,0.000,66.724,66.936,68.741,68.619,0.000,65.545,65.706,67.577,67.466,0.000,64.364,64.471,66.403,66.302,0.000,63.186,63.258,65.232,65.139,0.000,62.011,62.048,64.060,63.973,0.000,60.841,60.844,62.891,62.808,0.000,59.676,59.675,61.726,61.646,0.000,58.529,58.515,60.566,60.489,0.000,57.374,57.379,59.400,59.335,0.000,56.171,56.251,58.232,58.127,0.000,54.949,54.998,57.017,56.911,0.000,53.750,53.731,55.800,55.698,0.000,53.213,52.539,54.605,54.547,0.000,53.761,52.093,53.520,54.142,0.000,54.606,52.817,53.232,54.787,0.000,54.868,53.716,53.965,55.629,0.000,55.766,53.910,54.815,55.916,0.000,56.924,54.856,55.095,56.838,0.000,58.100,56.064,56.071,58.026,0.000,58.808,57.249,57.263,59.177,0.000,58.847,57.887,58.360,59.818,0.000,59.900,57.834,58.923,59.885,0.000,61.025,58.960,58.995,60.947,0.000,62.178,60.160,60.130,62.110,0.000,62.936,61.313,61.286,63.237,0.000,63.790,62.003,62.404,63.988,0.000,64.371,62.860,63.122,64.816,0.000,64.422,63.435,63.923,65.357,0.000,68.330,70.597,69.343,69.943,0.000,67.129,69.200,69.211,68.840,0.000,65.882,67.591,68.011,67.660,0.000,64.642,66.309,66.772,66.481,0.000,63.403,64.498,65.528,65.288,0.000,62.186,63.209,64.298,64.110,0.000,60.975,61.920,63.088,62.936,0.000,59.770,59.839,61.857,61.740,0.000,58.603,58.605,60.658,60.576,0.000,57.479,57.444,59.497,59.410,0.000,56.365,56.280,58.306,58.245,0.000,55.157,56.282,57.167,57.073,0.000,53.902,55.300,56.045,55.865,0.000,52.632,52.699,54.753,54.605,0.000,52.063,51.416,53.507,53.427,0.000,52.653,50.927,52.397,52.983,0.000,53.534,51.712,52.089,53.683,0.000,53.751,52.645,52.860,54.556,0.000,54.661,52.787,53.738,54.799,0.000,55.826,53.749,53.972,55.733,0.000,57.019,55.003,54.965,56.930,0.000,57.732,56.225,56.166,58.096,0.000,57.705,56.824,57.288,58.741,0.000,58.816,56.705,57.867,58.755,0.000,59.977,57.896,57.882,59.870,0.000,61.170,59.985,59.084,61.065,0.000,61.869,60.663,60.251,62.187,0.000,62.725,60.918,61.362,62.907,0.000,63.311,61.794,62.037,63.751,0.000,63.363,62.376,62.858,64.298,0.000,69.737,72.420,70.973,69.762,0.000,68.289,71.201,70.841,68.616,0.000,66.635,69.634,69.128,67.029,0.000,65.350,71.169,67.975,66.248,0.000,63.497,66.380,66.189,64.501,0.000,62.205,65.677,64.422,63.286,0.000,60.911,71.132,63.825,62.759,0.000,58.769,59.748,61.726,60.737,0.000,57.534,57.571,59.653,59.509,0.000,56.393,56.357,58.419,58.315,0.000,56.352,55.178,57.244,57.177,0.000,55.409,55.267,56.120,56.102,0.000,54.301,71.091,57.364,56.180,0.000,51.604,52.828,55.046,53.600,0.000,50.901,50.294,52.471,52.309,0.000,51.547,49.760,51.275,51.824,0.000,52.465,50.607,50.928,52.581,0.000,52.634,51.578,51.755,53.486,0.000,53.556,51.662,52.664,53.681,0.000,54.765,52.641,52.849,54.629,0.000,56.038,55.212,53.906,55.880,0.000,56.699,56.339,55.147,57.057,0.000,56.563,55.752,56.259,57.664,0.000,57.731,55.557,56.814,57.611,0.000,59.791,57.452,56.820,58.841,0.000,61.357,71.010,58.973,60.882,0.000,60.816,59.631,60.043,61.179,0.000,61.673,59.831,60.694,61.838,0.000,62.252,60.728,60.951,62.686,0.000,62.305,61.318,61.794,63.240,0.000,71.252,72.073,72.326,71.679,0.000,70.000,0.000,0.000,0.000,0.000,71.204,72.087,71.204,68.749,0.000,70.000,0.000,0.000,0.000,0.000,66.658,67.719,71.381,65.490,0.000,71.159,71.088,67.553,64.843,0.000,70.000,0.000,0.000,0.000,0.000,58.710,60.013,71.172,60.649,0.000,56.500,56.649,59.500,58.471,0.000,55.255,55.269,57.358,57.215,0.000,55.284,54.032,56.144,56.077,0.000,71.139,54.206,56.298,57.369,0.000,70.000,0.000,0.000,0.000,0.000,51.869,51.768,71.109,53.912,0.000,49.776,49.171,52.508,51.230,0.000,50.441,48.592,50.152,50.663,0.000,51.399,49.504,49.766,51.479,0.000,51.515,50.515,50.653,52.418,0.000,52.451,50.535,51.593,52.562,0.000,54.926,51.534,51.769,53.569,0.000,57.401,71.037,54.207,56.154,0.000,55.706,56.295,55.345,56.111,0.000,55.454,54.678,56.325,56.626,0.000,57.205,54.399,55.770,56.484,0.000,71.009,56.379,56.664,58.687,0.000,70.000,0.000,0.000,0.000,0.000,60.551,58.569,71.005,61.334,0.000,60.609,58.727,59.628,60.754,0.000,61.194,59.664,59.851,61.623,0.000,61.248,60.262,60.730,62.184,0.000,71.142,71.069,72.070,72.228,0.000,70.000,0.000,0.000,0.000,0.000,73.214,71.231,71.330,70.608,0.000,69.346,71.339,72.196,71.339,0.000,71.532,64.761,71.666,67.513,0.000,70.000,0.000,0.000,0.000,0.000,62.129,71.056,71.056,71.056,0.000,58.036,71.114,63.679,60.716,0.000,55.540,58.236,58.879,57.523,0.000,54.167,55.689,56.422,56.170,0.000,52.882,53.043,55.016,54.899,0.000,51.656,51.668,53.783,54.930,0.000,51.878,50.388,53.961,71.110,0.000,49.255,49.174,51.305,52.500,0.000,48.559,48.005,50.064,50.061,0.000,49.335,47.422,48.990,49.499,0.000,50.338,48.403,48.603,50.379,0.000,50.394,49.457,49.551,51.355,0.000,51.301,49.406,50.525,51.439,0.000,71.039,50.376,51.994,53.776,0.000,70.000,0.000,0.000,0.000,0.000,55.886,55.326,71.047,57.431,0.000,54.313,53.562,56.184,55.581,0.000,55.113,53.214,54.619,55.295,0.000,56.253,54.189,54.448,57.146,0.000,58.397,55.352,56.457,71.001,0.000,58.558,56.506,56.557,59.379,0.000,59.516,57.622,57.662,59.625,0.000,60.137,58.601,58.748,60.560,0.000,60.192,59.206,59.668,61.128,0.000,70.000,0.000,0.000,0.000,0.000,71.168,65.814,71.168,71.168,0.000,70.000,0.000,0.000,0.000,0.000,70.000,0.000,0.000,0.000,0.000,61.990,62.009,71.624,66.782,0.000,71.399,59.149,65.808,71.399,0.000,70.000,0.000,0.000,0.000,0.000,70.000,0.000,0.000,0.000,0.000,57.313,60.448,71.291,58.006,0.000,54.696,71.100,59.189,56.497,0.000,51.953,54.897,55.485,53.913,0.000,50.572,52.255,52.848,52.591,0.000,49.290,49.397,51.432,51.273,0.000,48.091,48.078,50.159,50.058,0.000,47.392,46.892,48.966,48.903,0.000,48.233,46.252,47.876,48.335,0.000,49.282,47.304,47.439,49.281,0.000,49.272,48.404,48.452,50.296,0.000,48.796,48.276,49.412,50.265,0.000,50.963,47.710,49.390,51.196,0.000,54.999,50.106,50.560,71.025,0.000,54.794,71.016,52.907,57.321,0.000,53.128,52.411,53.901,54.426,0.000,53.999,52.065,53.466,54.117,0.000,55.110,53.078,53.264,55.056,0.000,56.307,54.252,54.298,56.219,0.000,57.455,55.431,55.446,57.410,0.000,58.455,56.550,56.585,58.526,0.000,59.082,57.541,57.677,59.499,0.000,59.137,58.152,58.608,60.074,0.000,70.000,0.000,0.000,0.000,0.000,61.372,62.911,71.480,67.939,0.000,65.480,58.181,64.014,71.461,0.000,63.659,71.348,63.064,71.348,0.000,59.400,71.352,65.646,64.381,0.000,56.179,71.374,61.808,61.591,0.000,56.806,52.816,58.731,71.535,0.000,59.852,53.957,55.885,71.542,0.000,71.427,58.859,57.441,59.863,0.000,70.000,0.000,0.000,0.000,0.000,53.958,56.414,71.144,54.495,0.000,51.274,71.076,56.070,53.135,0.000,48.307,49.816,52.011,50.291,0.000,46.984,46.988,49.168,48.969,0.000,46.224,45.781,47.871,47.792,0.000,47.132,45.080,46.764,47.172,0.000,48.230,46.206,46.275,48.184,0.000,48.201,47.367,47.357,49.244,0.000,47.610,47.201,48.354,49.140,0.000,49.799,46.510,48.253,48.687,0.000,71.017,48.994,49.327,52.385,0.000,70.000,0.000,0.000,0.000,0.000,53.302,51.305,71.012,54.598,0.000,52.889,50.915,52.355,52.972,0.000,54.004,51.969,52.116,53.946,0.000,55.203,53.145,53.187,55.113,0.000,56.376,54.347,54.361,56.317,0.000,57.388,55.479,55.509,57.456,0.000,58.028,56.480,56.605,58.440,0.000,58.084,57.098,57.548,59.021,0.000,64.934,71.311,68.986,71.311,0.000,60.184,71.290,67.163,64.076,0.000,71.406,56.788,62.708,60.973,0.000,70.000,0.000,0.000,0.000,0.000,70.000,0.000,0.000,0.000,0.000,70.000,0.000,0.000,0.000,0.000,55.573,51.566,71.499,55.594,0.000,56.833,52.791,52.818,54.913,0.000,57.376,71.253,56.173,60.078,0.000,56.592,54.570,59.161,71.310,0.000,71.178,53.864,57.028,56.391,0.000,70.000,0.000,0.000,0.000,0.000,48.798,48.769,71.084,50.839,0.000,45.921,45.892,49.474,47.927,0.000,45.054,44.674,46.780,46.684,0.000,46.033,43.906,45.655,46.007,0.000,47.195,45.156,45.110,47.092,0.000,47.193,48.055,46.325,48.256,0.000,46.421,46.130,47.311,48.065,0.000,47.260,45.304,47.118,47.445,0.000,48.416,46.297,46.537,49.726,0.000,51.077,47.482,49.092,71.009,0.000,50.687,48.660,48.739,52.024,0.000,51.735,49.763,49.860,51.781,0.000,52.900,50.862,50.967,52.838,0.000,54.100,52.040,52.079,54.009,0.000,55.287,53.250,53.263,55.213,0.000,56.315,54.408,54.435,56.378,0.000,56.976,55.420,55.535,57.369,0.000,57.031,56.046,56.489,57.969,0.000,70.000,0.000,0.000,0.000,0.000,70.000,0.000,0.000,0.000,0.000,59.527,53.368,71.348,59.545,0.000,59.425,56.783,56.860,71.382,0.000,56.640,71.290,61.524,71.290,0.000,51.760,51.442,58.977,71.461,0.000,52.495,48.281,52.315,52.437,0.000,71.462,53.272,51.632,55.509,0.000,70.000,0.000,0.000,0.000,0.000,53.851,53.364,71.188,56.855,0.000,51.032,71.110,55.793,56.227,0.000,49.016,47.762,53.441,71.121,0.000,46.011,45.970,48.687,49.550,0.000,44.758,44.746,46.849,46.781,0.000,43.881,43.570,45.639,45.576,0.000,44.979,42.730,44.550,44.842,0.000,47.881,45.833,44.065,46.121,0.000,47.918,71.029,47.140,49.011,0.000,45.335,45.063,47.931,47.053,0.000,46.158,44.148,46.040,46.251,0.000,47.267,45.196,45.331,47.189,0.000,48.436,46.386,46.397,48.365,0.000,49.539,47.564,47.588,49.535,0.000,50.632,48.663,48.761,50.636,0.000,51.797,49.758,49.865,51.734,0.000,52.998,50.935,50.973,52.906,0.000,54.187,52.146,52.157,54.111,0.000,55.243,53.328,53.353,55.293,0.000,55.924,54.355,54.465,56.298,0.000,55.980,54.995,55.430,56.918,0.000,71.190,46.572,52.151,71.190,0.000,70.000,0.000,0.000,0.000,0.000,58.363,49.796,71.292,56.365,0.000,71.221,71.092,55.674,61.467,0.000,70.000,0.000,0.000,0.000,0.000,50.333,50.261,71.433,54.194,0.000,51.024,46.909,51.042,49.338,0.000,71.425,50.241,50.342,54.354,0.000,70.000,0.000,0.000,0.000,0.000,71.110,50.639,71.110,57.306,0.000,70.000,0.000,0.000,0.000,0.000,47.856,46.555,71.103,50.395,0.000,44.866,44.913,47.429,46.928,0.000,43.660,43.715,45.748,45.644,0.000,42.707,42.471,44.552,44.474,0.000,45.528,41.550,43.507,43.732,0.000,71.047,46.622,44.803,46.936,0.000,70.000,0.000,0.000,0.000,0.000,45.907,43.934,71.016,47.706,0.000,45.058,42.988,44.908,45.101,0.000,46.173,44.099,44.175,46.090,0.000,47.344,45.292,45.298,47.272,0.000,48.443,46.470,46.491,48.442,0.000,49.531,47.565,47.664,49.539,0.000,50.696,48.654,48.764,50.632,0.000,51.896,49.832,49.868,51.804,0.000,53.088,51.042,51.052,53.008,0.000,54.168,52.238,52.260,54.194,0.000,54.866,53.283,53.396,55.228,0.000,54.930,53.946,54.363,55.867,0.000,71.270,42.937,46.453,49.572,0.000,70.000,0.000,0.000,0.000,0.000,71.157,45.975,71.157,55.086,0.000,70.000,0.000,0.000,0.000,0.000,52.588,51.430,71.233,71.233,0.000,46.997,48.994,52.126,51.094,0.000,47.892,45.527,47.911,47.834,0.000,49.078,46.975,47.121,51.121,0.000,48.958,47.495,50.696,71.229,0.000,45.872,45.827,48.449,51.173,0.000,46.540,44.543,48.614,71.115,0.000,44.974,43.392,45.542,47.285,0.000,43.812,44.376,44.488,45.832,0.000,42.633,44.577,44.761,44.629,0.000,41.474,41.376,43.517,43.377,0.000,44.404,40.301,42.405,42.556,0.000,44.896,71.017,43.682,47.514,0.000,43.979,41.782,46.506,71.023,0.000,42.868,40.808,42.810,44.695,0.000,43.899,41.825,41.980,43.885,0.000,45.079,43.005,43.017,44.993,0.000,46.254,44.199,44.202,46.180,0.000,47.348,45.377,45.396,47.351,0.000,48.432,46.467,46.568,48.443,0.000,49.596,47.552,47.665,49.531,0.000,50.796,48.729,48.763,50.703,0.000,51.990,49.939,49.947,51.907,0.000,53.081,51.138,51.156,53.095,0.000,53.804,52.211,52.315,54.155,0.000,53.881,52.897,53.293,54.807,0.000,71.242,39.136,42.813,46.080,0.000,70.000,0.000,0.000,0.000,0.000,49.388,39.545,71.209,49.118,0.000,53.470,71.162,46.286,71.162,0.000,49.327,56.485,48.001,52.337,0.000,47.959,71.208,51.317,50.243,0.000,46.578,44.283,48.643,46.535,0.000,47.867,45.577,45.819,48.073,0.000,46.319,49.447,47.361,48.803,0.000,44.735,46.974,47.238,46.812,0.000,43.454,45.426,45.679,45.513,0.000,44.339,42.195,44.395,44.341,0.000,44.645,43.408,43.390,44.894,0.000,43.636,71.042,46.326,45.636,0.000,40.300,40.285,44.306,42.348,0.000,71.022,39.046,43.312,43.326,0.000,70.000,0.000,0.000,0.000,0.000,42.785,40.667,71.014,44.631,0.000,41.706,39.652,41.623,41.772,0.000,42.806,40.732,40.826,42.730,0.000,43.990,41.914,41.921,43.901,0.000,45.164,43.107,43.109,45.089,0.000,46.255,44.285,44.301,46.260,0.000,47.333,45.371,45.474,47.348,0.000,48.497,46.450,46.566,48.431,0.000,49.696,47.627,47.660,49.602,0.000,50.892,48.837,48.844,50.806,0.000,51.995,50.037,50.052,51.997,0.000,52.743,51.135,51.229,53.070,0.000,52.833,51.845,52.223,53.747,0.000,35.166,37.703,36.339,39.800,0.000,39.082,33.808,38.957,71.184,0.000,71.177,35.262,37.842,42.814,0.000,70.000,0.000,0.000,0.000,0.000,71.096,71.000,71.096,56.041,0.000,70.000,0.000,0.000,0.000,0.000,47.427,42.968,71.311,47.544,0.000,48.935,44.148,44.297,46.515,0.000,49.168,71.152,48.370,49.395,0.000,46.043,53.675,49.988,46.291,0.000,44.484,71.064,48.780,46.537,0.000,43.302,41.018,45.227,43.243,0.000,71.068,42.304,44.260,46.309,0.000,70.000,0.000,0.000,0.000,0.000,39.126,41.117,71.018,43.259,0.000,37.349,35.495,39.894,39.825,0.000,40.505,36.188,38.931,71.009,0.000,39.473,37.324,37.432,41.357,0.000,40.545,38.493,38.501,40.553,0.000,41.717,39.642,39.672,41.637,0.000,42.901,40.824,40.829,42.813,0.000,44.076,42.016,42.017,44.000,0.000,45.163,43.195,43.208,45.171,0.000,46.235,44.276,44.381,46.254,0.000,47.399,45.349,45.468,47.332,0.000,48.597,46.527,46.557,48.503,0.000,49.794,47.735,47.741,49.707,0.000,50.909,48.938,48.950,50.900,0.000,51.683,50.048,50.130,51.986,0.000,51.775,50.786,51.153,52.689,0.000,36.851,71.120,40.479,38.997,0.000,32.614,37.990,37.617,34.980,0.000,35.767,31.089,33.717,36.012,0.000,71.094,34.980,38.210,71.094,0.000,70.000,0.000,0.000,0.000,0.000,45.369,40.500,71.158,71.158,0.000,43.713,39.108,41.629,43.744,0.000,71.290,42.933,42.974,47.273,0.000,70.000,0.000,0.000,0.000,0.000,71.042,71.000,71.042,52.939,0.000,70.000,0.000,0.000,0.000,0.000,42.216,39.769,71.048,44.045,0.000,71.045,38.894,43.008,45.205,0.000,70.000,0.000,0.000,0.000,0.000,37.894,37.930,71.012,42.101,0.000,36.153,34.258,38.592,36.513,0.000,37.165,35.095,35.387,37.106,0.000,38.318,36.244,36.261,38.243,0.000,39.459,37.412,37.415,39.405,0.000,40.632,38.555,38.587,40.550,0.000,41.814,39.736,39.740,41.726,0.000,42.989,40.926,40.926,42.911,0.000,44.072,42.105,42.116,44.082,0.000,45.138,43.182,43.289,45.162,0.000,46.301,44.249,44.372,46.234,0.000,47.499,45.427,45.455,47.405,0.000,48.697,46.635,46.640,48.608,0.000,49.823,47.839,47.848,49.803,0.000,50.625,48.961,49.032,50.901,0.000,50.717,49.729,50.076,51.631,0.000,70.000,0.000,0.000,0.000,0.000,37.183,71.039,71.094,39.509,0.000,32.068,29.792,37.511,32.229,0.000,35.936,30.904,31.174,35.700,0.000,40.177,35.252,35.295,71.163,0.000,38.798,36.862,36.577,41.120,0.000,40.147,38.205,37.821,39.997,0.000,44.612,39.689,39.281,43.676,0.000,71.178,44.013,45.634,71.178,0.000,70.000,0.000,0.000,0.000,0.000,42.115,39.931,71.024,71.024,0.000,36.555,36.232,40.667,40.511,0.000,41.149,35.208,37.425,39.728,0.000,40.444,71.012,41.207,71.012,0.000,34.468,34.590,40.986,38.786,0.000,34.941,32.955,35.362,35.194,0.000,36.068,33.986,34.161,35.977,0.000,37.240,35.165,35.173,37.164,0.000,38.376,36.331,36.334,38.326,0.000,39.547,37.470,37.504,39.466,0.000,40.727,38.649,38.652,40.640,0.000,41.904,39.837,39.837,41.824,0.000,42.982,41.018,41.025,42.995,0.000,44.042,42.090,42.198,44.070,0.000,45.205,43.150,43.276,45.137,0.000,46.402,44.328,44.354,46.308,0.000,47.601,45.535,45.539,47.510,0.000,48.738,46.740,46.747,48.706,0.000,49.568,47.875,47.934,49.817,0.000,49.661,48.673,48.991,50.575,0.000,71.089,37.003,43.612,71.089,0.000,70.000,0.000,0.000,0.000,0.000,33.686,28.389,71.101,33.767,0.000,34.833,29.712,29.699,31.918,0.000,39.472,71.098,34.267,39.006,0.000,38.220,43.221,35.789,37.744,0.000,39.409,39.654,37.125,38.825,0.000,41.284,40.951,38.494,40.287,0.000,41.706,42.079,40.432,45.004,0.000,40.309,40.511,44.261,71.119,0.000,36.522,38.982,41.088,40.775,0.000,35.020,35.184,37.365,37.097,0.000,71.019,33.758,38.425,38.584,0.000,70.000,0.000,0.000,0.000,0.000,35.445,33.213,71.007,37.778,0.000,33.812,31.710,34.178,33.891,0.000,34.956,32.863,32.946,34.848,0.000,36.164,34.088,34.091,36.074,0.000,37.295,35.252,35.254,37.248,0.000,38.464,36.386,36.422,38.383,0.000,39.642,37.564,37.566,39.556,0.000,40.819,38.749,38.749,40.738,0.000,41.893,39.931,39.935,41.910,0.000,42.947,40.998,41.109,42.980,0.000,44.110,42.051,42.182,44.040,0.000,45.306,43.231,43.253,45.212,0.000,46.505,44.437,44.440,46.413,0.000,47.652,45.642,45.647,47.611,0.000,48.512,46.788,46.836,48.734,0.000,48.606,47.618,47.907,49.521,0.000,32.822,71.069,36.865,40.487,0.000,28.597,28.091,36.444,71.085,0.000,29.329,23.769,28.935,29.225,0.000,71.087,31.542,28.509,33.640,0.000,70.000,0.000,0.000,0.000,0.000,45.079,71.082,71.142,42.662,0.000,41.213,46.049,43.541,38.742,0.000,42.378,43.097,40.234,40.019,0.000,40.959,45.419,41.684,42.009,0.000,39.433,45.887,42.009,41.445,0.000,38.000,71.024,42.512,39.991,0.000,34.074,71.014,41.076,38.520,0.000,29.736,30.194,34.763,34.489,0.000,33.050,28.253,33.454,71.005,0.000,31.462,29.271,29.560,33.811,0.000,32.601,30.502,30.512,32.570,0.000,33.839,31.746,31.746,33.726,0.000,35.075,32.993,32.992,34.967,0.000,36.215,34.176,34.175,36.171,0.000,37.383,35.303,35.342,37.302,0.000,38.558,36.479,36.480,38.473,0.000,39.737,37.665,37.662,39.653,0.000,40.806,38.850,38.846,40.826,0.000,41.852,39.908,40.021,41.891,0.000,43.017,40.954,41.089,42.944,0.000,44.210,42.135,42.154,44.117,0.000,45.410,43.339,43.341,45.317,0.000,46.566,44.544,44.548,46.515,0.000,47.457,45.701,45.740,47.650,0.000,47.553,46.565,46.823,48.467,0.000,70.000,0.000,0.000,0.000,0.000,27.052,26.928,71.064,32.014,0.000,28.074,22.256,27.643,24.925,0.000,35.241,71.045,27.375,32.662,0.000,71.044,31.470,34.944,71.044,0.000,70.000,0.000,0.000,0.000,0.000,47.936,71.099,71.181,45.302,0.000,46.055,51.279,46.589,42.011,0.000,48.224,71.126,45.950,44.510,0.000,71.056,71.038,49.531,45.244,0.000,70.000,0.000,0.000,0.000,0.000,70.000,0.000,0.000,0.000,0.000,31.052,28.912,71.005,33.365,0.000,29.134,27.023,29.824,29.220,0.000,30.257,28.154,28.244,30.153,0.000,31.488,29.395,29.391,31.376,0.000,32.728,30.648,30.632,32.613,0.000,33.972,31.910,31.879,33.854,0.000,35.137,33.133,33.100,35.087,0.000,36.302,34.221,34.264,36.222,0.000,37.479,35.403,35.396,37.391,0.000,38.663,36.676,36.580,38.572,0.000,39.724,37.919,37.767,39.747,0.000,40.759,38.819,38.938,40.803,0.000,41.924,39.857,39.997,41.850,0.000,43.116,41.040,41.055,43.023,0.000,44.315,42.243,42.244,44.221,0.000,45.481,43.448,43.450,45.420,0.000,46.403,44.614,44.643,46.566,0.000,46.501,45.513,45.739,47.415,0.000,70.000,0.000,0.000,0.000,0.000,25.501,22.378,71.046,30.794,0.000,71.041,20.688,26.715,26.609,0.000,70.000,0.000,0.000,0.000,0.000,35.579,27.095,71.067,35.349,0.000,71.038,31.747,34.800,71.038,0.000,70.000,0.000,0.000,0.000,0.000,71.099,71.000,71.099,50.467,0.000,70.000,0.000,0.000,0.000,0.000,70.000,0.000,0.000,0.000,0.000,33.326,33.228,71.006,71.006,0.000,29.121,26.162,36.461,71.011,0.000,26.868,24.695,27.173,29.556,0.000,27.922,25.810,25.910,27.904,0.000,29.154,27.150,27.043,29.041,0.000,30.400,28.494,28.285,30.273,0.000,31.655,29.839,29.536,31.512,0.000,32.916,31.252,30.798,32.758,0.000,34.064,32.443,32.051,34.000,0.000,35.230,33.141,33.218,35.144,0.000,36.495,34.475,34.322,36.319,0.000,37.815,38.105,35.599,37.583,0.000,38.685,38.667,36.848,38.716,0.000,39.671,37.731,37.999,39.720,0.000,40.832,38.761,38.906,40.756,0.000,42.023,39.946,39.957,41.930,0.000,43.222,41.147,41.148,43.127,0.000,44.395,42.351,42.353,44.326,0.000,45.351,43.527,43.548,45.482,0.000,45.450,44.463,44.654,46.364,0.000,26.349,71.029,33.844,71.029,0.000,17.524,24.167,26.780,23.338,0.000,17.629,15.545,18.506,21.248,0.000,26.291,16.512,20.669,71.022,0.000,31.424,71.025,22.146,31.134,0.000,34.332,71.029,27.438,35.541,0.000,71.028,30.353,34.991,71.028,0.000,70.000,0.000,0.000,0.000,0.000,37.645,71.010,71.010,71.010,0.000,33.659,27.162,40.860,71.028,0.000,29.417,71.011,31.692,36.645,0.000,24.862,25.498,30.032,27.211,0.000,25.650,23.474,25.789,25.644,0.000,26.920,24.794,24.702,26.711,0.000,28.356,29.123,26.051,28.048,0.000,29.652,29.516,27.399,29.250,0.000,31.070,30.755,28.749,30.506,0.000,32.419,34.509,30.187,31.856,0.000,33.022,33.016,31.399,33.001,0.000,34.307,32.060,32.516,34.076,0.000,37.902,35.487,33.402,35.407,0.000,40.842,71.002,37.201,39.014,0.000,37.712,37.762,38.179,37.893,0.000,38.620,36.639,38.660,38.676,0.000,39.742,37.666,37.811,39.663,0.000,40.931,38.853,38.860,40.838,0.000,42.128,40.052,40.053,42.034,0.000,43.309,41.256,41.256,43.233,0.000,44.300,42.439,42.453,44.398,0.000,44.401,43.414,43.570,45.315,0.000,70.000,0.000,0.000,0.000,0.000,23.254,71.005,71.016,25.932,0.000,16.424,14.226,23.402,16.721,0.000,71.011,15.203,19.154,21.045,0.000,70.000,0.000,0.000,0.000,0.000,70.000,0.000,0.000,0.000,0.000,71.019,25.968,71.019,37.283,0.000,70.000,0.000,0.000,0.000,0.000,70.000,0.000,0.000,0.000,0.000,71.010,25.450,71.010,34.193,0.000,70.000,0.000,0.000,0.000,0.000,26.569,24.240,71.002,28.816,0.000,24.666,22.254,25.137,24.476,0.000,28.869,26.391,23.693,25.806,0.000,32.296,71.003,28.236,30.139,0.000,30.732,29.042,29.375,28.580,0.000,34.312,30.195,29.814,29.960,0.000,35.614,71.004,33.746,33.997,0.000,32.078,32.400,34.498,32.501,0.000,35.184,30.945,33.082,33.088,0.000,71.002,34.466,34.707,36.818,0.000,70.000,0.000,0.000,0.000,0.000,38.885,36.737,71.001,40.826,0.000,37.552,35.468,37.672,37.609,0.000,38.651,36.572,36.646,38.569,0.000,39.840,37.762,37.764,39.748,0.000,41.036,38.959,38.959,40.942,0.000,42.222,40.161,40.161,42.140,0.000,43.251,41.351,41.358,43.313,0.000,43.353,42.367,42.485,44.267,0.000,71.002,10.475,19.608,71.002,0.000,70.000,0.000,0.000,0.000,0.000,15.145,12.654,71.005,18.812,0.000,15.733,9.995,13.814,15.942,0.000,71.000,14.962,19.125,71.000,0.000,70.000,0.000,0.000,0.000,0.000,20.124,17.572,71.009,29.549,0.000,20.856,15.085,22.151,71.002,0.000,21.830,16.165,19.896,71.000,0.000,19.682,17.340,17.580,25.682,0.000,24.051,18.527,21.993,71.000,0.000,22.042,19.727,19.842,24.820,0.000,25.952,21.035,21.045,23.250,0.000,71.001,25.371,25.480,27.743,0.000,70.000,0.000,0.000,0.000,0.000,32.710,27.871,71.004,32.376,0.000,71.005,28.918,31.929,33.496,0.000,70.000,0.000,0.000,0.000,0.000,33.484,31.254,71.001,35.546,0.000,31.733,29.630,32.213,31.881,0.000,32.945,30.773,30.945,35.118,0.000,36.560,31.949,34.546,71.000,0.000,35.284,33.120,33.207,37.398,0.000,36.380,34.298,34.301,36.368,0.000,37.561,35.482,35.482,37.475,0.000,38.750,36.672,36.672,38.659,0.000,39.944,37.867,37.867,39.851,0.000,41.135,39.067,39.066,41.047,0.000,42.203,40.262,40.264,42.229,0.000,42.307,41.321,41.400,43.221,0.000,7.078,4.885,6.155,10.977,0.000,12.421,5.977,10.400,71.000,0.000,9.624,7.273,7.425,13.155,0.000,10.785,8.580,8.589,10.878,0.000,12.201,9.888,10.019,15.465,0.000,17.288,11.195,15.117,71.000,0.000,14.793,12.503,12.634,18.053,0.000,15.963,13.811,13.815,15.934,0.000,17.187,15.081,15.081,17.097,0.000,18.363,16.256,16.255,18.277,0.000,19.547,17.439,17.439,19.457,0.000,20.739,18.632,18.631,20.648,0.000,21.943,19.832,19.835,21.939,0.000,23.254,21.039,21.147,25.955,0.000,27.547,22.254,25.483,71.000,0.000,25.689,23.475,23.586,28.435,0.000,26.908,24.702,24.805,29.493,0.000,31.000,25.935,28.933,71.000,0.000,29.370,27.174,27.273,31.829,0.000,30.514,28.417,28.419,30.485,0.000,31.755,29.665,29.663,31.641,0.000,32.950,30.872,30.871,32.866,0.000,34.119,32.042,32.040,34.037,0.000,35.294,33.218,33.215,35.209,0.000,36.475,34.400,34.396,36.388,0.000,37.662,35.589,35.583,37.572,0.000,38.854,36.783,36.776,38.761,0.000,40.048,37.982,37.974,39.956,0.000,41.157,39.180,39.172,41.144,0.000,41.262,40.277,40.314,42.176,0.000,5.785,3.668,4.798,5.836,0.000,7.055,4.827,4.960,6.923,0.000,8.346,6.129,6.134,8.204,0.000,9.639,7.437,7.437,9.496,0.000,10.933,8.745,8.745,10.790,0.000,12.228,10.054,10.052,12.085,0.000,13.524,11.362,11.360,13.381,0.000,14.821,12.672,12.668,14.678,0.000,16.098,13.975,13.972,15.976,0.000,17.280,15.177,15.173,17.196,0.000,18.461,16.358,16.353,18.372,0.000,19.649,17.548,17.541,19.557,0.000,20.846,18.747,18.738,20.750,0.000,22.049,19.953,19.942,21.950,0.000,23.260,21.167,21.154,23.158,0.000,24.477,22.388,22.372,24.372,0.000,25.700,23.616,23.596,25.592,0.000,26.928,24.850,24.827,26.818,0.000,28.162,26.089,26.063,28.049,0.000,29.401,27.334,27.304,29.286,0.000,30.644,28.584,28.550,30.526,0.000,31.872,29.811,29.786,31.770,0.000,33.043,30.988,30.963,32.959,0.000,34.217,32.165,32.136,34.129,0.000,35.396,33.348,33.316,35.305,0.000,36.582,34.538,34.501,36.487,0.000,37.773,35.734,35.693,37.674,0.000,38.968,36.936,36.890,38.867,0.000,40.113,38.139,38.090,40.059,0.000,40.219,39.241,39.235,41.133,0.000,4.640,2.448,3.584,4.631,0.000,5.919,3.679,3.748,5.781,0.000,7.211,4.987,4.986,7.068,0.000,8.504,6.299,6.294,8.360,0.000,9.798,7.614,7.602,9.654,0.000,11.094,8.931,8.911,10.949,0.000,12.391,10.250,10.220,12.244,0.000,13.689,11.570,11.529,13.541,0.000,14.988,12.892,12.839,14.839,0.000,16.205,14.129,14.097,16.111,0.000,17.383,15.314,15.274,17.290,0.000,18.570,16.510,16.460,18.471,0.000,19.765,17.715,17.655,19.661,0.000,20.968,18.929,18.858,20.858,0.000,22.179,20.152,20.069,22.063,0.000,23.396,21.383,21.288,23.274,0.000,24.620,22.621,22.513,24.492,0.000,25.850,23.866,23.744,25.716,0.000,27.086,25.117,24.981,26.945,0.000,28.327,26.374,26.224,28.180,0.000,29.573,27.618,27.473,29.420,0.000,30.807,28.837,28.717,30.665,0.000,31.995,30.024,29.912,31.888,0.000,33.170,31.210,31.086,33.057,0.000,34.351,32.404,32.267,34.231,0.000,35.539,33.604,33.454,35.412,0.000,36.733,34.811,34.648,36.599,0.000,37.930,36.025,35.848,37.791,0.000,39.080,37.239,37.051,38.984,0.000,39.187,38.351,38.201,40.094,0.000,3.498,1.225,2.369,3.424,0.000,4.784,2.533,2.533,4.641,0.000,6.081,3.915,3.844,5.933,0.000,7.381,5.295,5.157,7.226,0.000,8.683,6.672,6.472,8.521,0.000,9.989,8.047,7.790,9.817,0.000,11.297,9.421,9.109,11.115,0.000,12.608,10.725,10.430,12.414,0.000,13.921,12.003,11.753,13.715,0.000,15.167,13.264,13.033,15.012,0.000,16.351,14.481,14.234,16.219,0.000,17.545,15.709,15.426,17.399,0.000,18.748,16.948,16.628,18.588,0.000,19.960,18.195,17.840,19.786,0.000,21.181,19.452,19.060,20.991,0.000,22.409,20.716,20.288,22.204,0.000,23.644,21.987,21.524,23.423,0.000,24.886,23.237,22.768,24.649,0.000,26.135,24.464,24.017,25.882,0.000,27.389,25.698,25.273,27.120,0.000,28.633,26.940,26.533,28.364,0.000,29.850,28.144,27.750,29.613,0.000,31.046,29.349,28.955,30.837,0.000,32.232,30.563,30.139,32.020,0.000,33.424,31.784,31.330,33.197,0.000,34.623,33.011,32.529,34.381,0.000,35.829,34.246,33.734,35.571,0.000,37.038,35.486,34.946,36.767,0.000,38.198,36.709,36.161,37.964,0.000,38.309,37.807,37.321,39.078,0.000,0.000,0.000,0.000,0.000,0.000,3.723,2.457,1.390,3.512,0.000,5.088,3.837,2.777,4.813,0.000,6.452,5.215,4.161,6.117,0.000,7.815,6.592,5.543,7.425,0.000,9.178,7.966,6.923,8.736,0.000,10.539,9.339,8.300,10.049,0.000,11.809,10.646,9.632,11.364,0.000,13.083,11.923,10.909,12.682,0.000,14.343,13.208,12.194,13.972,0.000,15.560,14.438,13.416,15.206,0.000,16.788,15.665,14.643,16.395,0.000,18.025,16.901,15.879,17.594,0.000,19.271,18.147,17.126,18.802,0.000,20.526,19.402,18.381,20.020,0.000,21.788,20.665,19.644,21.245,0.000,23.057,21.935,20.915,22.479,0.000,24.295,23.186,22.175,23.719,0.000,25.521,24.411,23.400,24.967,0.000,26.755,25.644,24.634,26.220,0.000,27.995,26.885,25.875,27.480,0.000,29.201,28.109,27.094,28.699,0.000,30.406,29.313,28.298,29.921,0.000,31.620,30.526,29.511,31.107,0.000,32.840,31.745,30.730,32.296,0.000,34.067,32.972,31.957,33.493,0.000,35.300,34.205,33.191,34.697,0.000,36.537,35.445,34.431,35.906,0.000,37.702,36.668,35.661,37.118,0.000,37.791,37.774,36.806,38.237,0.000,
