States
25
Policy
[south, west, west, obstacle, obstacle, south, south, west, south, north, south, south, west, west, obstacle, south, west, obstacle, west, obstacle, null, west, west, west, north]
Alpha value
0.1
Max number of actions
5
10.600,8.600,9.600,9.600,0.000,11.600,9.800,9.700,10.600,0.000,31.000,31.000,10.800,11.700,0.000,30.000,0.000,0.000,0.000,0.000,30.000,0.000,0.000,0.000,0.000,9.400,6.800,8.200,9.500,0.000,10.800,8.600,8.600,10.600,0.000,14.200,10.000,9.800,11.600,0.000,32.200,13.400,31.000,31.000,0.000,32.200,31.100,31.200,31.000,0.000,7.600,5.000,6.300,7.700,0.000,9.400,6.800,6.800,9.400,0.000,31.000,31.000,8.600,10.800,0.000,31.100,31.900,10.000,14.200,0.000,30.000,0.000,0.000,0.000,0.000,6.000,3.400,4.600,6.000,0.000,31.000,31.000,5.000,7.600,0.000,30.000,0.000,0.000,0.000,0.000,31.200,32.800,31.000,31.000,0.000,30.000,0.000,0.000,0.000,0.000,0.000,0.000,0.000,0.000,0.000,29.500,7.300,3.400,6.000,0.000,32.900,32.100,31.000,31.000,0.000,33.700,33.100,32.000,32.000,0.000,33.800,33.800,32.800,31.200,0.000,
