States
25
Policy
[east, south, obstacle, east, south, east, east, east, north, south, obstacle, south, north, obstacle, south, east, east, east, east, south, obstacle, north, obstacle, east, null]
Alpha value
0.8
Max number of actions
4
14.263,14.263,15.262,15.262,31.006,13.263,14.379,0.000,30.000,0.000,0.000,0.000,5.868,8.062,9.906,0.000,5.508,4.556,5.712,0.000,13.263,31.006,14.379,15.195,9.681,10.398,14.263,0.000,8.460,10.540,31.006,0.000,7.750,31.000,7.177,0.000,4.379,3.417,5.868,0.000,30.000,0.000,0.000,0.000,10.845,9.446,13.263,0.000,31.012,10.637,9.681,0.000,30.000,0.000,0.000,0.000,3.251,2.278,7.750,0.000,12.045,31.030,15.466,31.052,8.217,12.666,10.706,0.000,6.625,31.000,10.845,0.000,2.139,2.139,31.012,0.000,2.125,1.139,3.264,0.000,30.000,0.000,0.000,0.000,31.052,15.466,12.045,0.000,30.000,0.000,0.000,0.000,1.139,2.125,6.625,0.000,0.000,0.000,0.000,0.000,
