States
32
Policy
[south, east, east, east, south, south, west, west, south, south, obstacle, obstacle, south, south, west, west, south, south, obstacle, obstacle, south, south, south, south, east, east, null, null, west, west, west, west]
Alpha value
0.5
Max number of actions
4
16.344,14.333,15.333,15.581,14.667,20.115,15.667,19.642,13.547,15.447,0.000,0.000,13.444,15.563,0.000,0.000,14.353,12.222,16.147,15.222,14.353,12.222,14.353,15.222,14.444,13.444,13.444,16.444,14.444,13.444,13.444,16.444,31.001,10.962,11.962,15.445,31.002,15.279,16.279,19.427,30.000,0.000,0.000,0.000,30.000,0.000,0.000,0.000,10.701,8.556,31.000,15.024,10.701,8.556,31.000,15.024,10.778,9.778,9.778,16.228,10.778,9.778,9.778,16.228,31.000,5.474,6.474,11.214,31.000,8.617,9.617,19.008,30.000,0.000,0.000,0.000,30.000,0.000,0.000,0.000,7.051,4.889,31.000,11.409,7.051,4.889,31.000,11.409,7.111,6.111,6.111,12.611,7.111,6.111,6.111,12.611,1.222,2.222,2.222,5.370,1.222,6.222,2.222,12.780,0.000,0.000,0.000,0.000,0.000,0.000,0.000,0.000,3.402,4.222,1.222,7.800,3.402,4.222,1.222,7.800,3.444,5.444,2.444,9.000,3.444,5.444,2.444,9.000,
