States
32
Policy
[south, east, east, east, south, south, west, west, south, south, obstacle, obstacle, south, south, west, west, south, south, obstacle, obstacle, south, south, south, south, east, east, null, null, west, west, west, west]
Alpha value
0.1
Max number of actions
4
21.122,19.073,20.073,19.762,17.659,25.456,18.659,22.970,17.183,20.223,0.000,0.000,16.476,18.588,0.000,0.000,17.371,15.172,20.922,18.172,17.371,15.172,17.371,18.172,17.476,16.476,16.476,19.476,17.476,16.476,16.476,19.476,31.003,17.761,18.760,20.602,31.009,21.212,22.212,23.216,30.000,0.000,0.000,0.000,30.000,0.000,0.000,0.000,13.327,11.179,31.000,17.971,13.327,11.179,31.000,17.971,13.393,12.393,12.393,19.247,13.393,12.393,12.393,19.247,31.000,10.372,11.372,17.577,31.000,13.610,14.610,24.923,30.000,0.000,0.000,0.000,30.000,0.000,0.000,0.000,9.479,7.445,31.000,14.065,9.479,7.445,31.000,14.065,9.560,8.560,8.560,15.259,9.560,8.560,8.560,15.259,2.111,3.111,3.111,10.360,2.111,7.111,3.111,17.775,0.000,0.000,0.000,0.000,0.000,0.000,0.000,0.000,4.291,5.111,2.111,10.290,4.291,5.111,2.111,10.290,4.322,6.322,3.322,11.434,4.322,6.322,3.322,11.434,
