States
881
Policy
[south, south, west, west, west, west, west, west, west, west, west, west, west, west, west, west, west, west, west, west, west, west, west, west, west, west, south, south, south, south, south, south, south, west, west, west, west, west, west, west, west, west, west, west, west, west, west, west, west, west, west, west, west, west, west, south, south, south, south, south, south, south, south, west, west, west, west, west, west, west, west, west, west, west, west, west, west, west, west, west, west, west, west, west, west, south, south, south, south, south, south, south, west, west, west, west, west, west, west, west, west, west, west, west, west, west, west, west, west, west, west, west, west, west, west, south, south, south, south, south, south, west, west, west, west, west, west, west, west, west, west, west, west, west, west, west, west, west, west, west, west, west, west, west, south, south, south, south, south, south, south, west, west, west, north, north, north, north, north, west, west, west, north, north, north, west, west, west, west, south, south, west, west, west, south, south, south, south, south, south, south, west, obstacle, obstacle, obstacle, obstacle, obstacle, north, north, north, north, obstacle, north, obstacle, north, south, west, south, west, south, south, west, obstacle, south, south, south, south, south, south, south, south, west, obstacle, obstacle, east, north, north, north, north, west, obstacle, south, south, south, west, south, west, south, south, west, west, east, south, south, south, south, south, south, south, west, obstacle, obstacle, east, north, obstacle, obstacle, north, obstacle, south, south, south, south, obstacle, south, obstacle, south, south, south, obstacle, east, south, south, south, south, south, south, south, west, west, obstacle, obstacle, east, north, obstacle, south, south, obstacle, south, south, south, south, south, west, south, south, south, south, south, south, obstacle, south, south, south, south, south, south, south, west, obstacle, obstacle, obstacle, obstacle, east, east, east, east, east, south, south, south, obstacle, south, south, south, south, south, south, south, south, south, south, south, south, south, south, west, obstacle, obstacle, south, south, obstacle, obstacle, east, east, east, east, east, south, south, south, south, south, south, south, south, south, south, south, south, south, south, south, south, west, obstacle, obstacle, east, east, south, obstacle, obstacle, south, east, east, east, south, south, south, south, west, west, south, south, south, south, west, south, south, south, south, south, west, obstacle, obstacle, obstacle, south, south, south, west, east, south, east, south, south, south, south, west, west, south, south, south, south, west, south, south, south, south, south, west, west, obstacle, obstacle, east, east, east, south, west, west, east, south, obstacle, south, south, south, south, west, west, south, south, south, south, west, south, south, south, south, south, west, obstacle, obstacle, east, north, obstacle, east, south, obstacle, obstacle, obstacle, east, south, south, south, south, south, south, obstacle, south, south, south, south, obstacle, south, south, south, south, south, west, west, obstacle, obstacle, north, obstacle, obstacle, south, west, west, east, east, east, south, south, south, south, south, south, west, west, south, south, south, south, south, south, south, south, west, obstacle, obstacle, obstacle, south, obstacle, south, obstacle, east, east, east, east, south, south, south, west, south, south, west, west, south, south, south, south, south, south, south, south, west, west, south, obstacle, obstacle, south, south, south, west, obstacle, north, obstacle, obstacle, east, south, south, west, west, south, south, west, obstacle, south, south, south, south, south, south, south, south, west, west, west, west, west, east, south, west, west, west, obstacle, obstacle, south, east, south, west, west, west, south, south, obstacle, south, south, south, south, south, south, south, south, south, west, obstacle, north, obstacle, east, east, south, west, obstacle, east, east, south, south, obstacle, south, west, south, obstacle, south, south, south, south, south, south, south, south, south, south, south, south, west, west, west, west, obstacle, east, south, obstacle, obstacle, east, south, east, south, south, obstacle, south, obstacle, south, south, west, west, west, south, south, south, south, south, south, south, west, obstacle, obstacle, obstacle, obstacle, east, south, obstacle, obstacle, south, obstacle, south, east, south, south, south, south, south, south, west, west, west, south, south, south, south, south, south, south, south, west, west, obstacle, obstacle, obstacle, obstacle, south, south, south, south, obstacle, south, obstacle, south, south, south, south, west, west, west, west, south, south, south, south, south, south, south, south, south, south, obstacle, south, south, south, south, south, south, south, south, south, south, south, south, south, west, west, west, west, south, obstacle, south, south, south, south, west, west, south, south, south, south, south, south, south, south, west, west, west, west, west, west, west, west, west, west, west, west, west, west, south, south, south, south, west, west, west, west, west, south, south, south, south, west, west, west, west, west, west, west, west, west, west, west, west, west, west, west, west, west, west, west, west, west, west, west, west, west, west, west, south, south, west, west, west, west, west, west, west, west, west, west, west, west, west, west, west, west, west, west, west, west, west, west, west, west, west, west, west, west, south, south, west, west, west, west, west, west, west, west, west, west, west, west, west, west, west, west, west, west, west, west, west, west, west, west, west, west, west, west, null, west, west, west, west, west, west, west, west, west, west, west, west, west, west, west, west, west, west, west, west, west, west, west, west, west, west, west, west, west]
Alpha value
1.0
Max number of actions
5
34.922,33.045,34.042,34.042,0.000,35.992,34.061,34.148,35.028,0.000,37.103,35.204,35.174,36.138,0.000,38.217,36.351,36.288,37.252,0.000,39.332,37.497,37.402,38.367,0.000,40.448,38.640,38.516,39.482,0.000,41.564,39.783,39.632,40.598,0.000,42.680,40.924,40.747,41.713,0.000,43.796,42.064,41.863,42.830,0.000,44.913,43.202,42.979,43.946,0.000,46.029,44.340,44.095,45.062,0.000,47.145,45.476,45.212,46.178,0.000,48.261,46.611,46.328,47.294,0.000,49.376,47.744,47.444,48.410,0.000,50.490,48.877,48.559,49.525,0.000,51.604,50.008,49.674,50.639,0.000,52.718,51.137,50.788,51.753,0.000,53.831,52.266,51.902,52.867,0.000,54.944,53.394,53.016,53.980,0.000,56.057,54.520,54.129,55.093,0.000,57.170,55.646,55.242,56.206,0.000,58.283,56.772,56.354,57.318,0.000,59.396,57.897,57.467,58.431,0.000,60.509,59.021,58.580,59.545,0.000,61.616,60.140,59.693,60.657,0.000,62.672,61.096,60.798,61.756,0.000,63.347,61.841,61.874,62.790,0.000,64.110,62.484,62.893,63.450,0.000,64.691,63.247,63.541,64.202,0.000,64.754,63.812,64.265,64.754,0.000,33.881,31.938,32.973,33.932,0.000,34.985,32.987,33.081,34.920,0.000,36.130,34.136,34.138,36.033,0.000,37.277,35.289,35.286,37.150,0.000,38.422,36.441,36.434,38.267,0.000,39.566,37.592,37.581,39.384,0.000,40.708,38.743,38.726,40.502,0.000,41.849,39.894,39.869,41.620,0.000,42.989,41.044,41.011,42.738,0.000,44.128,42.193,42.152,43.857,0.000,45.265,43.342,43.292,44.975,0.000,46.401,44.491,44.430,46.093,0.000,47.536,45.639,45.568,47.211,0.000,48.670,46.786,46.703,48.328,0.000,49.802,47.932,47.838,49.445,0.000,50.933,49.078,48.971,50.561,0.000,52.063,50.222,50.103,51.677,0.000,53.191,51.366,51.234,52.792,0.000,54.319,52.508,52.364,53.906,0.000,55.446,53.650,53.492,55.021,0.000,56.573,54.791,54.620,56.135,0.000,57.699,55.931,55.747,57.249,0.000,58.824,57.071,56.873,58.364,0.000,59.944,58.209,57.999,59.478,0.000,60.908,59.326,59.118,60.586,0.000,61.669,60.050,60.210,61.667,0.000,62.321,60.786,61.142,62.695,0.000,63.085,61.410,61.873,63.343,0.000,63.678,62.185,62.505,64.096,0.000,63.742,62.764,63.241,64.649,0.000,32.804,30.829,31.865,32.826,0.000,33.913,31.912,31.976,33.845,0.000,35.064,33.065,33.066,34.992,0.000,36.216,34.224,34.218,36.142,0.000,37.368,35.385,35.371,37.291,0.000,38.520,36.549,36.524,38.438,0.000,39.671,37.715,37.676,39.583,0.000,40.822,38.882,38.828,40.728,0.000,41.973,40.048,39.979,41.871,0.000,43.123,41.215,41.130,43.012,0.000,44.273,42.383,42.280,44.153,0.000,45.422,43.551,43.430,45.293,0.000,46.570,44.719,44.580,46.431,0.000,47.718,45.887,45.729,47.568,0.000,48.865,47.055,46.877,48.703,0.000,50.010,48.221,48.024,49.838,0.000,51.155,49.387,49.171,50.971,0.000,52.299,50.551,50.316,52.103,0.000,53.442,51.714,51.461,53.234,0.000,54.584,52.875,52.604,54.363,0.000,55.726,54.033,53.747,55.493,0.000,56.866,55.188,54.889,56.621,0.000,58.006,56.342,56.030,57.749,0.000,59.131,57.491,57.170,58.876,0.000,59.881,58.578,58.293,59.981,0.000,60.622,58.988,59.372,60.907,0.000,61.247,59.719,60.080,61.639,0.000,62.022,60.334,60.806,62.271,0.000,62.628,61.122,61.432,63.035,0.000,62.694,61.715,62.180,63.602,0.000,31.726,29.719,30.756,31.718,0.000,32.841,30.839,30.870,32.770,0.000,34.000,32.043,31.994,33.924,0.000,35.164,33.289,33.153,35.080,0.000,36.332,34.556,34.316,36.237,0.000,37.502,35.818,35.481,37.394,0.000,38.672,37.072,36.649,38.550,0.000,39.841,38.288,37.817,39.704,0.000,41.011,39.499,38.986,40.858,0.000,42.180,40.706,40.155,42.012,0.000,43.350,41.913,41.324,43.165,0.000,44.520,43.142,42.494,44.318,0.000,45.691,44.350,43.664,45.470,0.000,46.861,45.575,44.834,46.623,0.000,48.030,46.773,46.004,47.773,0.000,49.197,47.967,47.173,48.923,0.000,50.363,49.156,48.342,50.071,0.000,51.528,50.341,49.508,51.218,0.000,52.690,51.519,50.674,52.364,0.000,53.848,52.670,51.837,53.509,0.000,55.003,53.796,52.997,54.651,0.000,56.157,54.924,54.154,55.793,0.000,57.307,56.070,55.309,56.934,0.000,58.409,57.188,56.460,58.072,0.000,58.833,57.585,57.558,59.146,0.000,59.566,57.917,58.604,59.856,0.000,60.172,58.652,59.010,60.572,0.000,60.957,59.257,59.739,61.196,0.000,61.577,60.058,60.357,61.973,0.000,61.644,60.665,61.118,62.553,0.000,30.650,28.608,29.646,30.610,0.000,31.818,29.818,29.766,31.699,0.000,33.109,32.343,30.975,32.907,0.000,34.417,34.727,32.227,34.114,0.000,35.706,36.691,33.502,35.311,0.000,36.963,37.940,34.771,36.486,0.000,38.182,39.127,36.032,37.659,0.000,39.362,39.394,37.253,38.798,0.000,40.569,40.540,38.468,39.969,0.000,41.775,41.700,39.678,41.140,0.000,43.005,42.915,40.888,42.313,0.000,44.241,44.881,42.123,43.513,0.000,45.447,45.524,43.333,44.668,0.000,46.669,47.350,44.564,45.863,0.000,47.841,47.871,45.765,47.012,0.000,49.029,49.004,46.961,48.181,0.000,50.213,50.136,48.153,49.348,0.000,51.389,51.244,49.340,50.513,0.000,52.540,52.330,50.520,51.675,0.000,53.642,52.794,51.672,52.811,0.000,54.745,53.199,52.795,53.942,0.000,55.890,54.369,53.922,55.098,0.000,57.029,56.033,55.068,56.268,0.000,57.475,57.088,56.185,57.390,0.000,57.789,56.543,57.216,58.404,0.000,58.501,56.833,57.596,58.787,0.000,59.094,57.586,57.928,59.505,0.000,59.893,58.179,58.672,60.120,0.000,60.526,58.994,59.281,60.909,0.000,60.595,59.616,60.056,61.504,0.000,29.623,27.495,28.537,29.501,0.000,32.105,29.993,28.749,30.717,0.000,35.774,68.419,31.368,33.297,0.000,37.716,68.574,33.833,34.578,0.000,38.964,68.698,36.136,35.849,0.000,40.137,68.804,38.031,37.097,0.000,40.399,68.852,39.203,38.280,0.000,40.531,41.604,39.370,38.479,0.000,41.622,41.759,39.631,39.621,0.000,42.832,42.909,40.777,40.827,0.000,44.797,44.919,41.993,42.089,0.000,46.285,69.220,44.014,44.126,0.000,47.348,48.949,45.206,44.616,0.000,48.562,69.385,46.532,46.487,0.000,48.972,49.679,47.586,46.959,0.000,50.043,49.756,48.088,48.089,0.000,51.149,50.845,49.216,49.272,0.000,52.212,51.278,50.319,50.426,0.000,52.696,52.332,51.400,51.573,0.000,53.067,51.805,52.403,52.636,0.000,54.185,52.158,52.863,53.711,0.000,55.823,53.822,53.332,54.850,0.000,57.444,69.981,55.036,56.530,0.000,56.497,56.850,56.114,57.101,0.000,56.738,55.475,57.053,57.429,0.000,57.434,55.745,56.527,57.704,0.000,58.016,56.520,56.842,58.437,0.000,58.827,57.100,57.606,59.043,0.000,59.476,57.930,58.204,59.846,0.000,59.546,58.567,58.994,60.455,0.000,29.702,26.379,27.464,28.431,0.000,66.767,30.237,28.962,31.016,0.000,70.000,0.000,0.000,0.000,0.000,70.000,0.000,0.000,0.000,0.000,70.000,0.000,0.000,0.000,0.000,70.000,0.000,0.000,0.000,0.000,70.000,0.000,0.000,0.000,0.000,42.775,43.974,68.047,40.726,0.000,42.899,43.850,41.802,40.845,0.000,44.815,44.952,42.052,41.993,0.000,68.311,47.052,44.034,44.034,0.000,70.000,0.000,0.000,0.000,0.000,70.154,71.000,70.154,48.148,0.000,70.000,0.000,0.000,0.000,0.000,50.394,48.954,68.763,48.787,0.000,50.721,48.805,49.757,49.150,0.000,51.168,50.560,49.892,50.241,0.000,52.196,50.277,50.930,51.292,0.000,51.750,51.932,51.352,52.317,0.000,52.044,50.736,52.299,52.692,0.000,53.584,51.057,51.824,53.056,0.000,69.185,52.779,52.767,54.737,0.000,70.000,0.000,0.000,0.000,0.000,55.950,55.892,69.495,57.456,0.000,55.676,54.371,56.748,56.386,0.000,56.366,54.655,55.426,56.617,0.000,56.936,55.456,55.754,57.370,0.000,57.762,56.019,56.540,57.965,0.000,58.425,56.866,57.126,58.781,0.000,58.497,57.519,57.931,59.406,0.000,28.616,25.215,26.304,27.313,0.000,66.696,29.109,27.883,31.130,0.000,70.000,0.000,0.000,0.000,0.000,70.000,0.000,0.000,0.000,0.000,45.113,48.687,69.306,69.306,0.000,44.025,46.037,45.891,42.089,0.000,45.752,69.205,44.040,42.961,0.000,46.972,69.277,44.905,44.066,0.000,49.484,49.643,45.376,45.348,0.000,70.178,70.178,48.807,70.178,0.000,70.000,0.000,0.000,0.000,0.000,49.657,48.816,69.473,69.473,0.000,48.712,47.136,49.683,49.651,0.000,50.356,47.695,48.254,49.700,0.000,50.849,69.563,49.562,51.465,0.000,51.795,49.181,50.581,51.201,0.000,51.352,69.627,50.962,52.843,0.000,50.949,49.631,51.838,51.642,0.000,52.022,49.936,50.703,51.938,0.000,54.258,51.176,51.154,53.607,0.000,56.306,69.851,53.518,69.851,0.000,54.371,55.312,54.616,56.674,0.000,54.571,53.235,55.269,55.269,0.000,55.299,53.565,54.296,55.527,0.000,55.856,54.393,54.666,56.305,0.000,56.697,54.938,55.476,56.886,0.000,57.375,55.801,56.047,57.717,0.000,57.448,56.471,56.868,58.357,0.000,27.450,24.049,25.138,26.149,0.000,66.541,26.812,26.716,30.040,0.000,70.000,0.000,0.000,0.000,0.000,70.000,0.000,0.000,0.000,0.000,47.095,51.320,68.667,47.095,0.000,69.306,70.236,49.451,45.113,0.000,70.000,0.000,0.000,0.000,0.000,70.000,0.000,0.000,0.000,0.000,70.178,71.000,70.178,48.807,0.000,70.000,0.000,0.000,0.000,0.000,49.580,48.887,69.472,69.472,0.000,47.174,47.048,49.690,49.628,0.000,47.554,45.985,47.962,48.038,0.000,68.612,46.577,47.799,49.282,0.000,70.000,0.000,0.000,0.000,0.000,69.486,48.032,69.486,51.442,0.000,70.000,0.000,0.000,0.000,0.000,50.492,48.501,68.837,51.184,0.000,50.931,48.832,49.575,50.819,0.000,68.944,50.066,50.598,52.610,0.000,70.000,0.000,0.000,0.000,0.000,54.379,70.404,69.883,56.338,0.000,53.514,52.111,55.163,54.172,0.000,54.234,52.476,53.176,54.437,0.000,54.774,53.332,53.579,55.240,0.000,55.631,53.855,54.413,55.805,0.000,56.325,54.737,54.966,56.653,0.000,56.400,55.423,55.805,57.308,0.000,25.157,22.882,23.931,24.942,0.000,30.351,25.632,24.297,27.620,0.000,69.477,69.477,29.867,69.477,0.000,70.000,0.000,0.000,0.000,0.000,70.000,0.000,0.000,0.000,0.000,52.823,70.327,70.327,70.327,0.000,69.664,70.427,54.773,49.808,0.000,70.000,0.000,0.000,0.000,0.000,55.066,55.062,69.881,69.881,0.000,69.874,52.906,56.927,69.874,0.000,70.000,0.000,0.000,0.000,0.000,49.656,48.995,69.479,69.479,0.000,47.151,47.127,49.791,49.697,0.000,46.004,45.948,47.973,47.905,0.000,45.744,44.854,46.834,46.866,0.000,48.159,44.691,45.952,47.445,0.000,48.009,69.336,47.401,69.336,0.000,46.665,45.391,48.256,48.802,0.000,48.314,45.565,47.223,68.550,0.000,48.611,46.650,46.736,49.280,0.000,49.232,47.729,47.780,49.671,0.000,50.205,48.326,48.843,50.868,0.000,69.528,49.301,50.745,69.528,0.000,70.000,0.000,0.000,0.000,0.000,52.958,50.946,69.089,53.586,0.000,53.169,51.387,52.020,53.346,0.000,53.692,52.272,52.492,54.178,0.000,54.565,52.771,53.352,54.724,0.000,55.276,53.672,53.885,55.588,0.000,55.353,54.376,54.743,56.260,0.000,25.232,21.760,22.850,23.822,0.000,66.316,25.922,24.508,26.707,0.000,70.000,0.000,0.000,0.000,0.000,70.000,0.000,0.000,0.000,0.000,70.000,0.000,0.000,0.000,0.000,70.000,0.000,0.000,0.000,0.000,53.534,70.372,69.874,56.927,0.000,51.147,69.757,54.917,54.372,0.000,49.184,49.905,52.570,68.909,0.000,47.240,47.292,49.973,49.809,0.000,46.031,46.034,48.082,47.983,0.000,44.900,44.874,46.878,46.806,0.000,44.577,43.749,45.754,45.736,0.000,68.331,43.516,45.580,46.396,0.000,70.000,0.000,0.000,0.000,0.000,46.270,44.242,68.403,47.076,0.000,46.460,44.461,45.301,46.448,0.000,47.528,45.579,45.610,47.507,0.000,48.148,46.674,46.707,48.570,0.000,48.478,47.241,47.741,49.173,0.000,49.135,47.525,48.315,50.099,0.000,50.748,48.188,49.315,68.794,0.000,51.178,49.178,49.347,51.738,0.000,52.086,50.300,50.322,52.236,0.000,52.608,51.214,51.407,53.116,0.000,53.500,51.685,52.292,53.641,0.000,54.227,52.608,52.802,54.524,0.000,54.306,53.330,53.680,55.213,0.000,24.141,20.590,21.685,22.698,0.000,66.246,24.827,23.425,26.820,0.000,70.000,0.000,0.000,0.000,0.000,70.000,0.000,0.000,0.000,0.000,51.328,51.315,69.619,69.619,0.000,69.610,48.895,53.416,69.610,0.000,70.000,0.000,0.000,0.000,0.000,70.000,0.000,0.000,0.000,0.000,48.884,70.207,69.513,51.472,0.000,46.198,46.922,49.597,48.173,0.000,44.961,45.039,47.038,46.893,0.000,43.801,43.833,45.808,45.732,0.000,42.646,42.649,44.649,44.603,0.000,42.366,41.491,43.554,44.308,0.000,44.074,41.275,43.422,68.130,0.000,44.245,42.243,42.440,45.011,0.000,45.357,43.358,43.394,45.316,0.000,46.472,44.508,44.510,46.435,0.000,47.087,45.622,45.638,47.516,0.000,47.395,46.180,46.686,48.090,0.000,48.030,46.440,47.228,48.393,0.000,48.980,47.105,47.539,49.055,0.000,50.089,48.102,48.242,50.039,0.000,51.029,49.236,49.246,51.151,0.000,51.523,50.159,50.343,52.058,0.000,52.434,50.598,51.234,52.557,0.000,53.179,51.544,51.717,53.459,0.000,53.260,52.285,52.618,54.166,0.000,23.006,19.418,20.514,21.530,0.000,66.132,23.686,22.294,25.767,0.000,70.000,0.000,0.000,0.000,0.000,70.000,0.000,0.000,0.000,0.000,49.662,70.233,69.610,53.416,0.000,46.983,69.484,51.154,50.489,0.000,69.326,44.850,49.379,69.326,0.000,70.000,0.000,0.000,0.000,0.000,70.000,0.000,0.000,0.000,0.000,45.913,45.851,68.472,47.843,0.000,43.971,44.725,46.646,45.875,0.000,42.764,43.569,44.838,44.691,0.000,41.577,42.495,43.638,43.536,0.000,41.223,40.386,42.451,42.376,0.000,42.073,40.161,41.397,42.167,0.000,43.140,41.166,41.299,43.103,0.000,44.286,42.285,42.317,44.216,0.000,45.419,43.439,43.438,45.365,0.000,46.027,44.583,44.570,46.463,0.000,46.312,45.119,45.633,47.028,0.000,46.947,45.354,46.165,47.309,0.000,47.903,46.021,46.454,47.972,0.000,49.024,47.026,47.160,48.963,0.000,49.974,48.187,48.172,50.088,0.000,50.437,49.105,49.279,51.001,0.000,51.369,49.508,50.177,51.471,0.000,52.131,50.479,50.631,52.395,0.000,52.214,51.240,51.555,53.120,0.000,21.826,18.244,19.339,20.357,0.000,65.968,21.224,21.113,24.623,0.000,70.000,0.000,0.000,0.000,0.000,70.000,0.000,0.000,0.000,0.000,70.000,0.000,0.000,0.000,0.000,42.847,42.804,68.214,46.417,0.000,44.615,40.730,44.601,68.171,0.000,45.670,42.820,42.849,68.217,0.000,44.732,44.815,43.984,46.611,0.000,43.683,44.563,44.923,44.911,0.000,42.605,42.554,44.506,43.709,0.000,41.490,69.061,44.327,43.481,0.000,40.142,39.280,42.260,41.303,0.000,40.994,39.046,40.291,41.055,0.000,42.066,40.091,40.188,42.025,0.000,43.215,41.212,41.241,43.143,0.000,44.379,42.406,42.368,44.297,0.000,44.999,44.407,43.533,45.441,0.000,45.229,44.059,44.593,45.967,0.000,45.864,44.267,45.102,46.224,0.000,46.826,44.938,45.368,46.888,0.000,47.973,45.949,46.078,47.888,0.000,48.946,47.865,47.124,49.050,0.000,49.349,48.052,48.229,49.946,0.000,50.303,48.416,49.122,50.384,0.000,51.084,49.416,49.542,51.330,0.000,51.169,50.195,50.494,52.074,0.000,19.374,17.070,18.120,19.137,0.000,25.099,19.978,18.517,22.021,0.000,69.284,69.284,24.665,69.284,0.000,70.000,0.000,0.000,0.000,0.000,70.000,0.000,0.000,0.000,0.000,46.883,50.534,69.433,69.433,0.000,43.981,69.257,49.223,69.257,0.000,40.835,42.523,44.711,43.690,0.000,42.599,39.510,41.779,41.688,0.000,45.548,69.112,41.782,44.650,0.000,45.417,69.179,43.856,45.765,0.000,43.584,69.178,45.642,45.493,0.000,68.182,41.480,45.287,44.395,0.000,70.000,0.000,0.000,0.000,0.000,39.977,38.138,67.771,41.147,0.000,39.915,37.929,39.153,39.940,0.000,40.991,39.017,39.075,40.949,0.000,42.180,40.140,40.169,42.072,0.000,44.181,41.626,41.337,43.268,0.000,44.862,69.145,43.421,45.324,0.000,44.174,42.999,44.384,44.937,0.000,44.781,43.179,44.040,45.138,0.000,45.748,43.854,44.280,45.805,0.000,47.623,44.872,45.021,46.837,0.000,48.701,69.396,46.856,48.807,0.000,48.284,47.001,47.880,48.917,0.000,49.238,47.322,48.067,49.294,0.000,50.037,48.352,48.452,50.266,0.000,50.125,49.152,49.432,51.030,0.000,19.552,15.947,17.041,18.015,0.000,65.690,19.013,18.843,21.071,0.000,70.000,0.000,0.000,0.000,0.000,70.000,0.000,0.000,0.000,0.000,52.101,70.300,70.300,70.300,0.000,69.036,53.698,53.524,49.002,0.000,70.000,0.000,0.000,0.000,0.000,41.507,69.944,68.972,43.696,0.000,67.900,38.310,43.206,41.476,0.000,70.000,0.000,0.000,0.000,0.000,70.000,0.000,0.000,0.000,0.000,70.000,0.000,0.000,0.000,0.000,39.315,39.316,67.859,43.142,0.000,38.185,37.065,41.113,67.707,0.000,37.797,35.936,38.016,38.946,0.000,38.803,36.811,37.063,38.790,0.000,39.916,37.944,37.962,39.873,0.000,41.358,39.066,39.105,41.008,0.000,67.963,40.544,41.153,43.121,0.000,70.000,0.000,0.000,0.000,0.000,43.975,41.906,68.164,44.763,0.000,43.697,42.090,42.947,44.050,0.000,44.644,42.771,43.191,44.720,0.000,68.315,43.766,44.716,46.537,0.000,70.000,0.000,0.000,0.000,0.000,47.969,45.923,68.574,48.641,0.000,48.172,46.226,46.989,48.201,0.000,48.991,47.289,47.359,49.202,0.000,49.082,48.109,48.371,49.985,0.000,17.086,14.772,15.822,16.840,0.000,23.021,17.755,16.230,19.759,0.000,69.208,69.208,22.607,69.208,0.000,70.000,0.000,0.000,0.000,0.000,70.000,0.000,0.000,0.000,0.000,70.300,71.000,70.300,52.101,0.000,70.000,0.000,0.000,0.000,0.000,70.000,0.000,0.000,0.000,0.000,41.230,35.993,67.711,40.247,0.000,44.260,68.918,39.445,68.918,0.000,41.635,42.731,41.548,68.029,0.000,39.545,40.596,43.288,67.946,0.000,37.230,38.322,40.343,40.143,0.000,35.953,35.961,38.065,37.922,0.000,36.675,34.793,36.868,36.853,0.000,37.727,35.730,35.925,37.674,0.000,38.833,36.873,36.882,38.800,0.000,39.388,37.982,38.001,39.902,0.000,39.633,38.473,39.070,41.290,0.000,41.709,38.632,40.537,67.861,0.000,41.878,39.857,39.825,42.663,0.000,42.615,41.950,41.001,42.963,0.000,42.761,41.688,42.074,43.608,0.000,43.758,41.793,42.762,44.563,0.000,45.701,42.836,43.806,68.251,0.000,46.003,43.981,44.018,46.693,0.000,47.079,45.127,45.133,47.079,0.000,47.946,46.226,46.265,48.138,0.000,48.039,47.067,47.310,48.942,0.000,17.318,13.648,14.745,15.719,0.000,65.455,16.634,16.616,18.854,0.000,70.000,0.000,0.000,0.000,0.000,70.000,0.000,0.000,0.000,0.000,70.000,0.000,0.000,0.000,0.000,69.532,29.910,69.532,69.532,0.000,70.000,0.000,0.000,0.000,0.000,68.530,33.583,68.530,39.057,0.000,70.000,0.000,0.000,0.000,0.000,41.891,47.309,68.229,43.571,0.000,39.611,68.973,43.597,41.563,0.000,37.292,68.817,41.387,39.323,0.000,34.886,35.907,38.045,36.885,0.000,35.592,33.647,35.795,35.715,0.000,36.654,34.652,34.786,36.592,0.000,37.781,35.803,35.804,37.729,0.000,38.328,36.950,36.932,38.821,0.000,38.496,37.413,37.984,39.319,0.000,39.658,37.523,38.466,39.522,0.000,41.770,40.697,38.788,40.783,0.000,42.567,68.981,40.964,42.881,0.000,41.693,40.637,41.932,42.559,0.000,42.652,40.689,41.678,42.680,0.000,43.759,41.761,41.834,43.696,0.000,44.904,42.910,42.914,44.838,0.000,46.015,44.057,44.061,45.983,0.000,46.902,45.164,45.197,47.076,0.000,46.997,46.025,46.250,47.899,0.000,14.636,12.471,13.516,14.536,0.000,17.620,13.786,13.763,17.356,0.000,22.461,16.935,16.921,65.659,0.000,67.478,20.156,21.476,67.478,0.000,70.000,0.000,0.000,0.000,0.000,70.000,0.000,0.000,0.000,0.000,29.907,28.382,68.063,68.063,0.000,28.263,25.975,29.273,30.598,0.000,31.989,27.216,28.577,66.733,0.000,66.990,31.222,29.911,35.429,0.000,70.000,0.000,0.000,0.000,0.000,70.063,71.000,70.063,45.702,0.000,70.000,0.000,0.000,0.000,0.000,70.000,0.000,0.000,0.000,0.000,34.867,35.920,67.371,36.939,0.000,34.545,32.495,35.664,34.607,0.000,35.580,33.575,33.642,35.511,0.000,36.750,34.791,34.732,36.662,0.000,37.310,37.023,35.904,37.811,0.000,37.390,36.355,36.951,38.259,0.000,40.393,36.411,37.469,38.481,0.000,68.840,69.880,39.729,41.790,0.000,70.000,0.000,0.000,0.000,0.000,41.557,39.553,67.920,42.473,0.000,41.576,39.581,40.592,41.577,0.000,42.686,40.687,40.730,42.620,0.000,43.834,41.838,41.841,43.767,0.000,44.951,42.987,42.990,44.913,0.000,45.859,44.101,44.128,46.014,0.000,45.955,44.985,45.189,46.857,0.000,13.520,11.353,12.396,13.365,0.000,16.557,14.336,12.649,14.738,0.000,19.997,67.336,15.862,19.564,0.000,22.897,22.783,17.420,21.141,0.000,28.860,67.752,22.182,67.752,0.000,28.356,29.603,25.125,66.567,0.000,25.910,25.918,26.215,29.037,0.000,27.000,24.773,26.841,26.898,0.000,29.677,28.726,26.093,28.210,0.000,34.768,68.298,28.909,32.218,0.000,68.465,37.013,32.853,68.465,0.000,70.000,0.000,0.000,0.000,0.000,70.000,0.000,0.000,0.000,0.000,37.051,32.634,68.465,68.465,0.000,33.754,68.464,34.909,36.845,0.000,33.462,31.300,34.548,33.457,0.000,34.600,33.611,32.501,34.472,0.000,36.805,34.429,33.723,35.656,0.000,37.422,68.634,36.057,37.947,0.000,36.254,35.298,36.977,37.236,0.000,67.487,35.223,37.412,38.376,0.000,70.000,0.000,0.000,0.000,0.000,40.491,37.369,68.751,68.751,0.000,39.397,37.393,38.443,40.335,0.000,40.465,38.471,38.540,40.436,0.000,41.613,39.614,39.623,41.545,0.000,42.764,40.767,40.768,42.695,0.000,43.887,41.917,41.919,43.844,0.000,44.817,43.038,43.059,44.952,0.000,44.915,43.945,44.129,45.816,0.000,14.006,10.235,11.336,12.305,0.000,65.112,13.462,13.316,15.408,0.000,70.000,0.000,0.000,0.000,0.000,67.550,23.467,67.550,21.980,0.000,70.000,0.000,0.000,0.000,0.000,28.929,69.497,68.001,29.110,0.000,24.916,26.156,29.523,26.906,0.000,28.411,23.614,25.921,25.797,0.000,67.990,69.454,27.789,29.937,0.000,70.000,0.000,0.000,0.000,0.000,35.053,69.714,68.476,36.282,0.000,31.435,32.528,36.890,67.177,0.000,32.468,28.759,33.549,66.972,0.000,66.971,30.188,31.229,34.587,0.000,70.000,0.000,0.000,0.000,0.000,34.650,30.099,67.048,33.508,0.000,35.451,68.449,32.618,34.700,0.000,67.245,33.368,34.847,35.805,0.000,70.000,0.000,0.000,0.000,0.000,35.189,34.202,67.337,37.262,0.000,34.954,32.906,35.147,36.031,0.000,37.146,33.979,35.217,67.365,0.000,37.169,35.132,35.171,38.110,0.000,38.248,36.284,36.285,38.245,0.000,39.391,37.397,37.433,39.329,0.000,40.542,38.543,38.550,40.472,0.000,41.693,39.695,39.696,41.624,0.000,42.823,40.847,40.848,42.774,0.000,43.775,41.974,41.991,43.889,0.000,43.875,42.906,43.067,44.775,0.000,11.346,9.054,10.104,11.128,0.000,16.282,12.183,10.487,14.181,0.000,23.181,67.319,15.741,67.319,0.000,27.239,67.697,19.071,24.479,0.000,69.302,69.302,25.164,69.302,0.000,70.000,0.000,0.000,0.000,0.000,25.077,26.507,66.376,27.304,0.000,66.272,22.347,27.339,26.071,0.000,70.000,0.000,0.000,0.000,0.000,70.000,0.000,0.000,0.000,0.000,31.501,69.585,68.299,34.876,0.000,28.857,27.541,32.112,29.735,0.000,27.745,28.926,28.611,30.905,0.000,29.866,26.542,30.068,66.688,0.000,66.720,27.512,29.057,32.139,0.000,70.000,0.000,0.000,0.000,0.000,68.351,31.015,68.351,36.603,0.000,70.000,0.000,0.000,0.000,0.000,34.031,31.899,67.181,36.156,0.000,33.795,31.750,32.923,33.797,0.000,34.907,32.911,32.905,34.836,0.000,36.061,34.104,34.060,35.990,0.000,37.176,35.242,35.214,37.141,0.000,38.319,36.324,36.363,38.255,0.000,39.470,37.471,37.477,39.400,0.000,40.623,38.624,38.625,40.552,0.000,41.758,39.776,39.777,41.703,0.000,42.734,40.910,40.921,42.826,0.000,42.836,41.868,42.005,43.735,0.000,11.777,7.931,9.035,10.008,0.000,64.889,11.292,11.096,13.311,0.000,70.000,0.000,0.000,0.000,0.000,70.000,0.000,0.000,0.000,0.000,70.000,0.000,0.000,0.000,0.000,70.000,0.000,0.000,0.000,0.000,24.031,69.316,67.818,28.885,0.000,66.094,19.476,26.254,24.794,0.000,70.000,0.000,0.000,0.000,0.000,70.000,0.000,0.000,0.000,0.000,69.324,24.059,69.324,69.324,0.000,70.000,0.000,0.000,0.000,0.000,30.230,26.321,66.639,29.841,0.000,27.990,68.057,28.793,30.028,0.000,26.088,25.393,28.715,27.461,0.000,26.967,24.958,26.433,28.269,0.000,29.439,26.010,27.532,66.568,0.000,29.252,27.159,27.256,31.594,0.000,31.671,28.313,29.667,66.796,0.000,31.523,29.472,29.513,32.620,0.000,32.685,30.715,30.632,32.607,0.000,33.923,33.161,31.840,33.809,0.000,35.059,34.162,33.036,34.960,0.000,36.105,34.174,34.185,36.072,0.000,37.248,35.252,35.320,37.184,0.000,38.399,36.399,36.405,38.328,0.000,39.552,37.553,37.553,39.481,0.000,40.692,38.705,38.706,40.633,0.000,41.694,39.844,39.852,41.762,0.000,41.798,40.830,40.943,42.697,0.000,9.096,6.747,7.799,8.825,0.000,15.761,9.806,8.244,12.013,0.000,68.941,68.941,15.420,68.941,0.000,70.000,0.000,0.000,0.000,0.000,70.000,0.000,0.000,0.000,0.000,70.000,0.000,0.000,0.000,0.000,70.000,0.000,0.000,0.000,0.000,18.622,16.437,65.624,21.836,0.000,19.592,15.767,19.178,65.599,0.000,22.121,16.915,18.707,65.709,0.000,65.930,19.706,19.923,26.115,0.000,70.000,0.000,0.000,0.000,0.000,67.852,23.630,67.852,29.997,0.000,70.000,0.000,0.000,0.000,0.000,26.348,24.245,66.359,27.700,0.000,25.839,23.833,25.240,25.858,0.000,26.935,24.935,24.982,26.868,0.000,28.087,26.087,26.089,28.016,0.000,29.246,27.243,27.241,29.170,0.000,30.486,28.442,28.400,30.333,0.000,32.928,30.860,29.648,31.583,0.000,35.239,68.427,32.184,34.083,0.000,34.040,33.173,33.242,33.980,0.000,35.071,33.105,34.201,35.068,0.000,36.177,34.178,34.251,36.111,0.000,37.328,35.328,35.331,37.256,0.000,38.481,36.481,36.481,38.410,0.000,39.626,37.635,37.635,39.562,0.000,40.654,38.778,38.783,40.698,0.000,40.760,39.794,39.880,41.658,0.000,9.339,5.622,6.721,7.696,0.000,64.645,8.643,8.851,11.123,0.000,70.000,0.000,0.000,0.000,0.000,15.002,10.940,66.929,66.929,0.000,14.050,10.085,13.850,65.035,0.000,15.097,11.171,13.157,65.084,0.000,16.210,12.323,14.212,65.197,0.000,15.540,13.477,13.540,17.105,0.000,16.633,14.631,14.633,16.618,0.000,17.786,15.785,15.786,17.766,0.000,18.995,16.938,16.995,20.394,0.000,21.787,18.092,19.787,65.774,0.000,21.357,19.246,19.357,24.156,0.000,24.018,20.400,22.018,66.004,0.000,23.608,21.554,21.608,24.940,0.000,24.710,22.708,22.710,24.685,0.000,25.862,23.862,23.862,25.792,0.000,27.017,25.016,25.016,26.944,0.000,28.212,26.171,26.171,28.100,0.000,30.541,27.371,27.370,29.302,0.000,66.814,29.830,29.868,31.843,0.000,70.000,0.000,0.000,0.000,0.000,34.223,32.140,67.163,35.247,0.000,33.997,31.993,33.162,33.999,0.000,35.104,33.103,33.142,35.036,0.000,36.256,34.256,34.257,36.185,0.000,37.410,35.410,35.410,37.338,0.000,38.558,36.564,36.563,38.492,0.000,39.616,37.712,37.713,39.633,0.000,39.724,38.759,38.816,40.621,0.000,6.386,4.443,5.480,6.502,0.000,7.556,5.488,5.655,9.295,0.000,10.713,6.636,8.718,64.628,0.000,9.859,7.790,7.859,11.589,0.000,10.946,8.944,8.946,10.935,0.000,12.098,10.098,10.098,12.028,0.000,13.252,11.252,11.252,13.180,0.000,14.405,12.405,12.405,14.334,0.000,15.559,13.559,13.559,15.488,0.000,16.713,14.713,14.713,16.642,0.000,17.867,15.867,15.867,17.796,0.000,19.021,17.021,17.021,18.949,0.000,20.175,18.176,18.175,20.103,0.000,21.329,19.330,19.329,21.257,0.000,22.483,20.484,20.482,22.411,0.000,23.637,21.638,21.636,23.565,0.000,24.791,22.793,22.790,24.719,0.000,25.945,23.947,23.944,25.873,0.000,27.100,25.102,25.098,27.028,0.000,28.259,26.256,26.254,28.223,0.000,29.457,27.411,27.453,30.552,0.000,31.913,28.566,29.911,66.821,0.000,31.767,29.721,29.765,32.862,0.000,32.878,30.877,30.877,32.846,0.000,34.031,32.032,32.031,33.960,0.000,35.185,33.187,33.184,35.113,0.000,36.339,34.342,34.338,36.267,0.000,37.490,35.498,35.492,37.421,0.000,38.579,36.649,36.644,38.567,0.000,38.689,37.725,37.752,39.585,0.000,5.305,3.334,4.370,5.331,0.000,6.414,4.413,4.480,6.347,0.000,7.565,5.565,5.567,7.493,0.000,8.719,6.719,6.719,8.647,0.000,9.872,7.873,7.872,9.801,0.000,11.026,9.027,9.026,10.955,0.000,12.180,10.181,10.180,12.109,0.000,13.334,11.336,11.334,13.263,0.000,14.488,12.491,12.488,14.416,0.000,15.642,13.646,13.642,15.570,0.000,16.796,14.801,14.796,16.724,0.000,17.951,15.956,15.950,17.878,0.000,19.105,17.112,17.104,19.032,0.000,20.259,18.268,18.258,20.186,0.000,21.413,19.424,19.413,21.340,0.000,22.568,20.580,20.567,22.494,0.000,23.722,21.737,21.721,23.648,0.000,24.877,22.893,22.876,24.802,0.000,26.032,24.050,24.030,25.957,0.000,27.187,25.207,25.185,27.112,0.000,28.342,26.365,26.340,28.269,0.000,29.497,27.522,27.495,29.424,0.000,30.652,28.680,28.650,30.580,0.000,31.808,29.838,29.805,31.735,0.000,32.963,30.996,30.960,32.889,0.000,34.118,32.154,32.116,34.043,0.000,35.274,33.313,33.271,35.198,0.000,36.428,34.471,34.427,36.352,0.000,37.544,35.627,35.580,37.502,0.000,37.656,36.707,36.692,38.551,0.000,4.228,2.224,3.261,4.223,0.000,5.341,3.339,3.374,5.271,0.000,6.493,4.493,4.493,6.422,0.000,7.647,5.650,5.647,7.576,0.000,8.802,6.807,6.801,8.730,0.000,9.956,7.966,7.955,9.884,0.000,11.111,9.125,9.110,11.038,0.000,12.266,10.285,10.265,12.192,0.000,13.421,11.446,11.419,13.346,0.000,14.577,12.607,12.574,14.501,0.000,15.732,13.769,13.730,15.655,0.000,16.888,14.932,14.885,16.810,0.000,18.044,16.095,16.041,17.964,0.000,19.201,17.258,17.197,19.119,0.000,20.357,18.422,18.353,20.273,0.000,21.514,19.586,19.510,21.428,0.000,22.671,20.750,20.666,22.583,0.000,23.829,21.914,21.823,23.738,0.000,24.986,23.079,22.980,24.893,0.000,26.144,24.244,24.138,26.048,0.000,27.302,25.409,25.295,27.204,0.000,28.460,26.575,26.453,28.359,0.000,29.618,27.740,27.611,29.515,0.000,30.777,28.906,28.769,30.671,0.000,31.935,30.071,29.927,31.827,0.000,33.094,31.237,31.086,32.982,0.000,34.253,32.403,32.244,34.138,0.000,35.411,33.569,33.403,35.294,0.000,36.531,34.732,34.561,36.448,0.000,36.644,35.819,35.677,37.524,0.000,3.151,1.113,2.151,3.114,0.000,4.268,2.266,2.267,4.196,0.000,5.426,3.457,3.422,5.352,0.000,6.584,4.647,4.578,6.507,0.000,7.744,5.836,5.736,7.663,0.000,8.904,7.024,6.895,8.818,0.000,10.065,8.210,8.055,9.974,0.000,11.227,9.396,9.215,11.130,0.000,12.390,10.581,10.376,12.287,0.000,13.553,11.765,11.538,13.443,0.000,14.716,12.948,12.701,14.600,0.000,15.880,14.131,13.864,15.757,0.000,17.044,15.313,15.027,16.914,0.000,18.209,16.494,16.191,18.071,0.000,19.373,17.675,17.355,19.229,0.000,20.538,18.855,18.520,20.387,0.000,21.704,20.034,19.684,21.545,0.000,22.869,21.214,20.850,22.703,0.000,24.035,22.392,22.015,23.862,0.000,25.201,23.570,23.180,25.020,0.000,26.367,24.748,24.346,26.179,0.000,27.533,25.925,25.512,27.338,0.000,28.699,27.102,26.678,28.497,0.000,29.865,28.278,27.844,29.656,0.000,31.032,29.454,29.010,30.816,0.000,32.198,30.630,30.177,31.975,0.000,33.365,31.805,31.343,33.135,0.000,34.530,32.980,32.509,34.295,0.000,35.657,34.152,33.674,35.452,0.000,35.771,35.247,34.797,36.533,0.000,0.000,0.000,0.000,0.000,0.000,3.265,2.195,1.195,3.159,0.000,4.456,3.388,2.389,4.318,0.000,5.646,4.581,3.581,5.479,0.000,6.835,5.772,4.772,6.640,0.000,8.023,6.961,5.961,7.802,0.000,9.209,8.150,7.150,8.964,0.000,10.395,9.337,8.337,10.127,0.000,11.580,10.524,9.524,11.291,0.000,12.764,11.710,10.710,12.455,0.000,13.948,12.895,11.895,13.620,0.000,15.130,14.079,13.079,14.785,0.000,16.312,15.262,14.262,15.950,0.000,17.493,16.444,15.444,17.116,0.000,18.674,17.626,16.626,18.282,0.000,19.854,18.807,17.807,19.448,0.000,21.034,19.988,18.988,20.615,0.000,22.213,21.168,20.168,21.781,0.000,23.392,22.348,21.348,22.948,0.000,24.570,23.527,22.527,24.115,0.000,25.747,24.705,23.705,25.282,0.000,26.925,25.883,24.883,26.449,0.000,28.101,27.061,26.061,27.616,0.000,29.278,28.238,27.238,28.783,0.000,30.454,29.414,28.415,29.951,0.000,31.630,30.591,29.591,31.118,0.000,32.805,31.767,30.767,32.285,0.000,33.978,32.942,31.942,33.453,0.000,35.114,34.115,33.116,34.617,0.000,35.228,35.210,34.248,35.705,0.000,
