States
900
Policy
[south, east, east, east, east, east, east, obstacle, south, east, east, east, east, south, south, south, south, south, north, north, north, south, south, south, north, south, east, east, east, south, south, south, east, east, east, east, east, north, south, east, east, east, east, east, obstacle, east, south, south, north, north, south, south, south, south, south, south, north, east, south, south, south, south, east, east, east, east, south, north, south, north, north, north, east, east, north, east, east, obstacle, north, south, south, south, south, south, south, north, south, south, south, south, south, south, east, east, east, east, south, south, south, north, north, east, east, east, north, north, north, north, north, south, south, south, south, south, north, south, south, south, south, south, south, south, south, east, east, east, east, obstacle, south, north, north, east, east, east, north, north, north, north, north, east, south, south, south, south, south, south, south, south, south, south, south, south, south, south, north, north, north, north, obstacle, north, east, south, south, south, north, north, north, north, east, east, east, south, south, south, south, south, south, south, south, south, east, obstacle, south, south, north, north, north, north, north, north, east, south, south, south, south, north, north, north, east, east, east, east, south, south, south, south, south, south, south, south, east, obstacle, south, south, north, east, north, north, north, east, east, east, south, south, south, north, north, north, east, east, east, east, east, obstacle, south, south, south, east, south, south, east, south, east, obstacle, south, south, north, north, north, east, east, east, east, south, south, north, north, north, east, east, east, east, east, obstacle, south, south, south, east, east, south, east, obstacle, north, north, south, south, north, north, north, east, east, east, east, east, obstacle, north, north, north, north, north, north, north, north, north, east, south, south, east, east, obstacle, north, north, north, north, south, south, north, north, north, north, north, east, east, east, north, south, north, north, north, north, north, north, north, north, east, south, south, north, north, north, south, north, north, east, south, south, north, north, north, north, east, east, east, east, north, south, north, north, north, north, north, north, east, east, east, east, obstacle, north, north, north, south, north, east, east, east, obstacle, north, north, north, east, east, east, east, east, north, south, north, north, north, north, north, north, east, east, east, east, north, north, north, north, obstacle, north, south, south, north, north, north, north, north, east, east, east, east, south, south, south, north, north, north, north, north, north, north, east, east, east, north, north, north, north, south, east, south, south, north, north, north, east, east, east, east, east, east, east, south, south, north, north, north, south, north, north, north, north, east, east, north, north, north, north, south, east, east, obstacle, north, north, north, south, east, east, east, east, east, east, east, obstacle, north, north, north, north, north, north, north, north, east, east, north, north, north, north, south, north, north, north, north, north, north, south, east, east, east, east, east, east, east, north, north, north, north, north, north, north, north, east, east, east, north, north, north, north, south, north, north, north, north, north, south, south, south, south, south, south, south, north, north, north, north, north, north, north, north, north, south, south, south, south, south, north, north, north, south, south, north, north, north, north, south, south, east, south, south, south, south, north, east, north, north, north, north, north, north, east, south, south, south, south, south, north, north, north, south, north, north, north, north, south, south, south, east, east, south, south, south, south, south, north, north, north, north, north, east, east, south, south, south, south, south, north, south, south, south, north, north, north, south, south, south, south, east, east, east, south, south, south, south, south, north, north, north, east, east, east, east, south, south, south, south, south, south, south, south, south, north, south, east, south, south, south, east, east, east, east, obstacle, south, south, south, north, north, east, east, east, east, east, east, south, south, south, south, south, south, south, south, south, south, east, east, south, south, south, north, north, north, north, east, south, south, north, east, east, east, east, east, east, east, east, east, obstacle, north, north, north, south, south, south, south, east, east, east, obstacle, south, south, north, north, north, east, east, obstacle, north, east, east, east, east, east, east, east, east, obstacle, north, north, north, north, south, south, south, south, south, east, east, north, south, south, north, north, north, north, north, north, north, east, east, south, south, south, south, north, north, north, north, north, north, north, south, south, south, south, south, east, east, east, obstacle, south, north, north, north, north, north, north, north, east, east, east, south, south, south, north, north, north, north, north, north, north, south, south, south, east, obstacle, east, east, obstacle, north, obstacle, north, north, north, north, north, north, east, east, east, east, east, south, south, north, north, north, north, north, north, north, south, south, south, obstacle, north, north, north, north, north, north, north, north, north, north, north, north, east, east, east, east, east, east, obstacle, north, north, north, north, north, north, north, south, south, south, north, north, north, north, north, north, north, north, north, north, north, north, north, east, east, east, east, east, south, north, north, north, north, north, north, north, north, null, north, north, north, north, north, north, north, north, north, north, north, north, east, east, east, east, east, east, east, east, obstacle, north, north, north, north, north, north, north, north]
Alpha value
0.1
Max number of actions
5
50.000,50.000,50.000,50.000,0.000,50.000,50.000,50.000,0.000,0.000,49.183,49.528,50.000,0.000,0.000,48.279,48.930,49.269,0.000,0.000,46.697,47.865,48.075,0.000,0.000,45.027,46.765,46.354,0.000,0.000,43.446,45.594,44.692,0.000,0.000,40.000,0.000,0.000,0.000,0.000,49.629,50.000,50.000,0.000,0.000,49.003,50.000,49.706,0.000,0.000,47.912,49.291,48.955,0.000,0.000,46.811,47.781,47.894,0.000,0.000,45.705,46.095,46.820,0.000,0.000,46.097,44.670,45.769,0.000,0.000,47.589,45.288,46.213,0.000,0.000,47.254,46.816,47.636,0.000,0.000,50.000,46.509,47.357,0.000,0.000,50.000,50.000,50.000,0.000,0.000,50.000,50.000,50.000,0.000,0.000,50.000,50.000,50.000,0.000,0.000,50.000,50.000,50.000,0.000,0.000,50.000,50.000,50.000,0.000,0.000,50.000,50.000,50.000,0.000,0.000,50.000,50.000,50.000,0.000,0.000,50.000,50.000,50.000,0.000,0.000,50.000,50.000,50.000,0.000,0.000,50.000,50.000,50.000,0.000,0.000,50.000,50.000,50.000,0.000,0.000,50.000,50.000,50.000,0.000,0.000,50.000,50.000,50.000,0.000,0.000,50.000,50.000,50.000,50.000,0.000,49.559,49.459,50.000,0.000,0.000,49.142,50.000,50.000,0.000,0.000,48.100,49.203,49.183,0.000,0.000,47.022,48.384,48.279,0.000,0.000,45.858,47.422,46.697,0.000,0.000,44.670,46.465,45.027,0.000,0.000,50.000,46.989,43.446,0.000,0.000,50.000,50.000,50.000,0.000,0.000,49.431,50.000,49.629,0.000,0.000,48.647,50.000,49.003,0.000,0.000,46.963,49.243,47.912,0.000,0.000,45.174,47.725,46.811,0.000,0.000,43.494,46.027,45.705,0.000,0.000,40.000,0.000,0.000,0.000,0.000,45.832,45.870,47.589,0.000,0.000,48.357,44.898,47.254,0.000,0.000,50.000,48.392,50.000,0.000,0.000,50.000,50.000,50.000,0.000,0.000,50.000,50.000,50.000,0.000,0.000,50.000,50.000,50.000,0.000,0.000,50.000,49.519,50.000,0.000,0.000,50.000,50.000,50.000,0.000,0.000,50.000,50.000,50.000,0.000,0.000,50.000,50.000,50.000,0.000,0.000,50.000,50.000,50.000,0.000,0.000,50.000,50.000,50.000,0.000,0.000,50.000,50.000,50.000,0.000,0.000,50.000,50.000,50.000,0.000,0.000,50.000,50.000,50.000,0.000,0.000,49.409,48.690,49.732,50.000,0.000,50.000,48.882,50.000,0.000,0.000,49.229,49.321,49.559,0.000,0.000,48.435,48.605,49.142,0.000,0.000,47.471,47.581,48.100,0.000,0.000,46.514,46.550,47.022,0.000,0.000,45.646,45.534,45.858,0.000,0.000,50.000,46.350,44.670,0.000,0.000,50.000,50.000,50.000,0.000,0.000,50.000,50.000,50.000,0.000,0.000,49.449,50.000,49.431,0.000,0.000,48.666,50.000,48.647,0.000,0.000,46.955,49.190,46.963,0.000,0.000,45.169,47.677,45.174,0.000,0.000,45.901,46.114,43.494,0.000,0.000,44.888,46.806,46.696,0.000,0.000,43.467,45.787,45.832,0.000,0.000,40.000,0.000,0.000,0.000,0.000,50.000,50.000,50.000,0.000,0.000,50.000,50.000,50.000,0.000,0.000,49.387,49.247,50.000,0.000,0.000,50.000,48.807,50.000,0.000,0.000,50.000,50.000,50.000,0.000,0.000,50.000,50.000,50.000,0.000,0.000,50.000,50.000,50.000,0.000,0.000,50.000,50.000,50.000,0.000,0.000,50.000,50.000,50.000,0.000,0.000,50.000,50.000,50.000,0.000,0.000,50.000,49.625,50.000,0.000,0.000,50.000,49.530,50.000,0.000,0.000,48.657,46.860,48.019,49.443,0.000,49.309,47.840,49.409,0.000,0.000,48.665,48.975,50.000,0.000,0.000,47.718,48.704,49.229,0.000,0.000,46.668,47.573,48.435,0.000,0.000,45.580,46.064,47.471,0.000,0.000,44.993,44.546,46.514,0.000,0.000,49.956,44.155,45.646,0.000,0.000,50.000,50.000,50.000,0.000,0.000,50.000,50.000,50.000,0.000,0.000,50.000,50.000,50.000,0.000,0.000,49.313,49.811,49.449,0.000,0.000,48.501,49.562,48.666,0.000,0.000,46.900,48.698,46.955,0.000,0.000,46.982,47.755,45.169,0.000,0.000,46.273,47.823,45.901,0.000,0.000,45.087,47.136,44.888,0.000,0.000,50.000,49.044,43.467,0.000,0.000,50.000,50.000,50.000,0.000,0.000,49.229,49.222,50.000,0.000,0.000,48.612,48.460,50.000,0.000,0.000,49.385,47.867,49.387,0.000,0.000,50.000,49.389,50.000,0.000,0.000,50.000,50.000,50.000,0.000,0.000,50.000,50.000,50.000,0.000,0.000,50.000,50.000,50.000,0.000,0.000,50.000,50.000,50.000,0.000,0.000,49.462,49.263,50.000,0.000,0.000,49.350,48.586,50.000,0.000,0.000,49.348,48.464,50.000,0.000,0.000,47.531,45.097,46.280,47.686,0.000,48.922,46.679,48.657,0.000,0.000,48.766,48.277,49.309,0.000,0.000,48.083,49.819,48.665,0.000,0.000,46.737,48.668,47.718,0.000,0.000,45.151,47.529,46.668,0.000,0.000,43.492,46.012,45.580,0.000,0.000,40.000,0.000,0.000,0.000,0.000,50.000,48.378,49.956,0.000,0.000,50.000,50.000,50.000,0.000,0.000,49.897,50.000,50.000,0.000,0.000,49.747,50.000,50.000,0.000,0.000,48.937,49.344,49.313,0.000,0.000,48.088,49.184,48.501,0.000,0.000,47.994,48.762,46.900,0.000,0.000,47.642,48.826,46.982,0.000,0.000,46.801,48.372,46.273,0.000,0.000,50.000,49.434,45.087,0.000,0.000,49.223,49.237,50.000,0.000,0.000,48.442,48.447,50.000,0.000,0.000,47.666,47.573,49.229,0.000,0.000,48.108,46.848,48.612,0.000,0.000,50.000,47.792,49.385,0.000,0.000,50.000,50.000,50.000,0.000,0.000,50.000,50.000,50.000,0.000,0.000,50.000,50.000,50.000,0.000,0.000,49.289,49.691,50.000,0.000,0.000,48.424,48.276,50.000,0.000,0.000,48.283,47.464,49.462,0.000,0.000,48.280,47.316,49.350,0.000,0.000,46.026,43.526,44.686,46.008,0.000,48.094,45.365,47.531,0.000,0.000,49.820,47.479,48.922,0.000,0.000,48.877,49.278,48.766,0.000,0.000,48.202,49.490,48.083,0.000,0.000,46.880,48.792,46.737,0.000,0.000,45.166,47.660,45.151,0.000,0.000,43.494,46.024,43.492,0.000,0.000,40.000,0.000,0.000,0.000,0.000,50.000,50.000,50.000,0.000,0.000,50.000,50.000,50.000,0.000,0.000,49.351,49.305,49.897,0.000,0.000,49.213,48.713,49.747,0.000,0.000,48.837,48.667,48.937,0.000,0.000,49.137,50.000,48.088,0.000,0.000,48.843,49.525,47.994,0.000,0.000,48.427,49.525,47.642,0.000,0.000,49.237,49.216,46.801,0.000,0.000,48.478,48.720,50.000,0.000,0.000,47.576,47.690,49.223,0.000,0.000,46.690,46.689,48.442,0.000,0.000,46.508,45.804,47.666,0.000,0.000,50.000,45.880,48.108,0.000,0.000,50.000,49.237,50.000,0.000,0.000,50.000,50.000,50.000,0.000,0.000,49.715,49.504,50.000,0.000,0.000,48.327,48.884,50.000,0.000,0.000,47.346,47.277,49.289,0.000,0.000,46.933,46.358,48.424,0.000,0.000,46.914,46.005,48.283,0.000,0.000,42.213,43.919,43.344,44.390,0.000,40.000,0.000,0.000,0.000,0.000,49.116,46.068,48.094,0.000,0.000,49.504,48.600,49.820,0.000,0.000,49.289,49.700,48.877,0.000,0.000,48.561,50.000,48.202,0.000,0.000,46.941,49.085,46.880,0.000,0.000,45.173,47.710,45.166,0.000,0.000,50.000,49.216,43.494,0.000,0.000,50.000,50.000,50.000,0.000,0.000,49.300,49.306,50.000,0.000,0.000,48.645,48.598,50.000,0.000,0.000,48.554,47.816,49.351,0.000,0.000,50.000,48.056,49.213,0.000,0.000,49.602,49.874,48.837,0.000,0.000,49.918,50.000,49.137,0.000,0.000,49.288,49.884,48.843,0.000,0.000,48.957,50.000,48.427,0.000,0.000,47.897,49.323,49.237,0.000,0.000,46.828,47.939,48.478,0.000,0.000,45.778,46.277,47.576,0.000,0.000,44.811,44.724,46.690,0.000,0.000,48.533,43.835,46.508,0.000,0.000,49.917,48.222,50.000,0.000,0.000,49.465,49.360,50.000,0.000,0.000,48.921,48.662,50.000,0.000,0.000,47.361,48.099,49.715,0.000,0.000,46.285,46.273,48.327,0.000,0.000,45.586,45.289,47.346,0.000,0.000,45.565,44.623,46.933,0.000,0.000,43.132,44.190,44.040,43.305,0.000,40.000,0.000,0.000,0.000,0.000,47.590,44.477,46.803,0.000,0.000,49.677,47.055,49.116,0.000,0.000,50.000,49.651,49.504,0.000,0.000,49.424,50.000,49.289,0.000,0.000,48.596,50.000,48.561,0.000,0.000,46.948,49.115,46.941,0.000,0.000,50.000,48.607,45.173,0.000,0.000,49.326,49.480,50.000,0.000,0.000,48.614,48.782,50.000,0.000,0.000,47.729,47.778,49.300,0.000,0.000,47.306,46.861,48.645,0.000,0.000,49.826,46.532,48.554,0.000,0.000,50.000,49.816,50.000,0.000,0.000,50.000,50.000,49.602,0.000,0.000,50.000,50.000,49.918,0.000,0.000,49.486,50.000,49.288,0.000,0.000,48.691,50.000,48.957,0.000,0.000,47.142,49.268,47.897,0.000,0.000,45.374,47.729,46.828,0.000,0.000,43.717,46.034,45.778,0.000,0.000,42.249,44.242,44.811,0.000,0.000,40.000,0.000,0.000,0.000,0.000,48.620,48.539,49.917,0.000,0.000,48.139,47.718,49.465,0.000,0.000,46.377,47.222,48.921,0.000,0.000,45.275,45.459,47.361,0.000,0.000,44.314,44.252,46.285,0.000,0.000,44.291,43.322,45.586,0.000,0.000,43.322,44.231,44.303,44.151,0.000,43.879,42.209,43.132,0.000,0.000,43.088,44.691,45.228,0.000,0.000,40.000,0.000,0.000,0.000,0.000,50.000,49.117,49.677,0.000,0.000,50.000,50.000,50.000,0.000,0.000,49.391,50.000,49.424,0.000,0.000,48.616,50.000,48.596,0.000,0.000,49.480,49.327,46.948,0.000,0.000,48.998,50.000,50.000,0.000,0.000,47.953,49.308,49.326,0.000,0.000,46.915,47.794,48.614,0.000,0.000,45.887,46.115,47.729,0.000,0.000,48.587,44.946,47.306,0.000,0.000,50.000,48.240,49.826,0.000,0.000,50.000,50.000,50.000,0.000,0.000,50.000,50.000,50.000,0.000,0.000,50.000,50.000,50.000,0.000,0.000,49.480,50.000,49.486,0.000,0.000,48.666,50.000,48.691,0.000,0.000,46.965,49.264,47.142,0.000,0.000,45.174,47.725,45.374,0.000,0.000,43.494,46.029,43.717,0.000,0.000,40.000,0.000,0.000,0.000,0.000,47.658,47.599,49.229,0.000,0.000,47.259,46.707,48.620,0.000,0.000,45.580,46.360,48.139,0.000,0.000,44.484,45.749,46.377,0.000,0.000,43.245,44.318,45.275,0.000,0.000,43.000,42.111,44.314,0.000,0.000,43.345,45.399,44.343,44.324,0.000,40.000,0.000,0.000,0.000,0.000,44.351,45.661,43.879,0.000,0.000,48.431,45.724,43.088,0.000,0.000,50.000,47.991,49.419,0.000,0.000,50.000,50.000,50.000,0.000,0.000,50.000,50.000,50.000,0.000,0.000,49.421,50.000,49.391,0.000,0.000,50.000,50.000,48.616,0.000,0.000,49.433,50.000,49.480,0.000,0.000,48.654,50.000,48.998,0.000,0.000,46.965,49.264,47.953,0.000,0.000,45.170,47.695,46.915,0.000,0.000,43.493,46.018,45.887,0.000,0.000,40.000,0.000,0.000,0.000,0.000,50.000,50.000,50.000,0.000,0.000,50.000,50.000,50.000,0.000,0.000,50.000,50.000,50.000,0.000,0.000,50.000,50.000,50.000,0.000,0.000,49.481,50.000,49.480,0.000,0.000,48.666,50.000,48.666,0.000,0.000,46.965,49.264,46.965,0.000,0.000,45.174,47.725,45.174,0.000,0.000,47.518,46.299,43.494,0.000,0.000,46.635,46.610,48.398,0.000,0.000,46.369,45.654,47.658,0.000,0.000,45.786,45.465,47.259,0.000,0.000,44.838,46.705,45.580,0.000,0.000,43.454,45.744,44.484,0.000,0.000,40.000,0.000,0.000,0.000,0.000,44.548,46.169,45.433,44.466,0.000,45.805,45.581,43.345,0.000,0.000,45.495,46.654,44.825,0.000,0.000,47.202,46.710,44.351,0.000,0.000,49.921,46.438,48.431,0.000,0.000,50.000,50.000,50.000,0.000,0.000,50.000,50.000,50.000,0.000,0.000,50.000,50.000,50.000,0.000,0.000,50.000,50.000,49.421,0.000,0.000,50.000,50.000,50.000,0.000,0.000,49.481,50.000,49.433,0.000,0.000,48.590,49.893,48.654,0.000,0.000,46.921,48.958,46.965,0.000,0.000,45.156,47.569,45.170,0.000,0.000,50.000,48.186,43.493,0.000,0.000,50.000,50.000,50.000,0.000,0.000,50.000,50.000,50.000,0.000,0.000,50.000,50.000,50.000,0.000,0.000,50.000,50.000,50.000,0.000,0.000,50.000,50.000,50.000,0.000,0.000,49.481,50.000,49.481,0.000,0.000,48.666,50.000,48.666,0.000,0.000,46.965,49.264,46.965,0.000,0.000,46.737,47.774,45.174,0.000,0.000,45.623,46.085,47.518,0.000,0.000,45.250,44.576,46.635,0.000,0.000,46.697,44.340,46.369,0.000,0.000,46.126,47.593,45.786,0.000,0.000,45.024,47.006,44.838,0.000,0.000,44.697,45.935,43.454,0.000,0.000,45.524,45.286,46.200,45.546,0.000,46.778,46.553,44.548,0.000,0.000,46.649,46.646,45.805,0.000,0.000,45.723,45.570,45.495,0.000,0.000,48.573,44.822,47.202,0.000,0.000,50.000,48.335,49.921,0.000,0.000,50.000,50.000,50.000,0.000,0.000,50.000,50.000,50.000,0.000,0.000,50.000,50.000,50.000,0.000,0.000,50.000,50.000,50.000,0.000,0.000,50.000,50.000,50.000,0.000,0.000,49.276,49.783,49.481,0.000,0.000,48.270,49.288,48.590,0.000,0.000,46.775,48.451,46.921,0.000,0.000,50.000,48.815,45.156,0.000,0.000,50.000,50.000,50.000,0.000,0.000,50.000,50.000,50.000,0.000,0.000,50.000,50.000,50.000,0.000,0.000,50.000,50.000,50.000,0.000,0.000,50.000,50.000,50.000,0.000,0.000,50.000,50.000,50.000,0.000,0.000,49.481,50.000,49.481,0.000,0.000,48.666,50.000,48.666,0.000,0.000,46.965,49.264,46.965,0.000,0.000,45.174,47.725,46.737,0.000,0.000,43.494,46.029,45.623,0.000,0.000,40.000,0.000,0.000,0.000,0.000,47.340,48.499,46.697,0.000,0.000,46.644,48.131,46.126,0.000,0.000,46.338,47.516,45.024,0.000,0.000,46.431,44.250,45.360,46.188,0.000,46.723,47.334,45.524,0.000,0.000,45.656,46.497,46.778,0.000,0.000,44.555,46.171,46.649,0.000,0.000,43.354,45.477,45.723,0.000,0.000,40.000,0.000,0.000,0.000,0.000,50.000,50.000,50.000,0.000,0.000,50.000,50.000,50.000,0.000,0.000,50.000,50.000,50.000,0.000,0.000,50.000,50.000,50.000,0.000,0.000,49.879,50.000,50.000,0.000,0.000,49.400,49.335,50.000,0.000,0.000,48.596,48.614,49.276,0.000,0.000,47.739,47.750,48.270,0.000,0.000,50.000,48.182,46.775,0.000,0.000,50.000,50.000,50.000,0.000,0.000,50.000,50.000,50.000,0.000,0.000,50.000,50.000,50.000,0.000,0.000,50.000,50.000,50.000,0.000,0.000,50.000,50.000,50.000,0.000,0.000,50.000,50.000,50.000,0.000,0.000,50.000,50.000,50.000,0.000,0.000,49.481,50.000,49.481,0.000,0.000,48.666,50.000,48.666,0.000,0.000,46.965,49.264,46.965,0.000,0.000,45.174,47.725,45.174,0.000,0.000,48.496,46.973,43.494,0.000,0.000,48.405,49.244,47.586,0.000,0.000,48.279,49.180,47.340,0.000,0.000,48.004,48.986,46.644,0.000,0.000,40.000,0.000,0.000,0.000,0.000,46.595,46.573,46.431,0.000,0.000,46.208,45.610,46.723,0.000,0.000,45.529,45.287,45.656,0.000,0.000,44.659,46.452,44.555,0.000,0.000,50.000,48.992,43.354,0.000,0.000,50.000,50.000,50.000,0.000,0.000,50.000,50.000,50.000,0.000,0.000,50.000,50.000,50.000,0.000,0.000,50.000,50.000,50.000,0.000,0.000,49.327,49.485,50.000,0.000,0.000,48.610,48.758,49.879,0.000,0.000,47.729,47.770,49.400,0.000,0.000,47.306,46.860,48.596,0.000,0.000,50.000,46.589,47.739,0.000,0.000,50.000,50.000,50.000,0.000,0.000,50.000,50.000,50.000,0.000,0.000,50.000,50.000,50.000,0.000,0.000,50.000,50.000,50.000,0.000,0.000,50.000,50.000,50.000,0.000,0.000,50.000,50.000,50.000,0.000,0.000,50.000,50.000,50.000,0.000,0.000,50.000,50.000,50.000,0.000,0.000,49.481,50.000,49.481,0.000,0.000,48.666,50.000,48.666,0.000,0.000,46.965,49.264,46.965,0.000,0.000,49.255,48.337,45.174,0.000,0.000,49.402,50.000,48.496,0.000,0.000,49.237,49.672,48.405,0.000,0.000,49.247,50.000,48.279,0.000,0.000,47.998,50.000,50.000,45.449,0.000,45.587,46.003,48.441,0.000,0.000,45.169,44.536,46.595,0.000,0.000,46.435,44.250,46.208,0.000,0.000,45.892,47.300,45.529,0.000,0.000,50.000,49.248,44.659,0.000,0.000,50.000,50.000,50.000,0.000,0.000,50.000,50.000,50.000,0.000,0.000,50.000,50.000,50.000,0.000,0.000,49.636,50.000,50.000,0.000,0.000,48.946,49.970,50.000,0.000,0.000,47.921,49.080,49.327,0.000,0.000,46.904,47.699,48.610,0.000,0.000,45.886,46.108,47.729,0.000,0.000,48.582,44.945,47.306,0.000,0.000,50.000,48.754,50.000,0.000,0.000,50.000,50.000,50.000,0.000,0.000,50.000,50.000,50.000,0.000,0.000,50.000,50.000,50.000,0.000,0.000,50.000,50.000,50.000,0.000,0.000,50.000,50.000,50.000,0.000,0.000,50.000,50.000,50.000,0.000,0.000,50.000,50.000,50.000,0.000,0.000,50.000,50.000,50.000,0.000,0.000,49.481,50.000,49.481,0.000,0.000,48.657,50.000,48.666,0.000,0.000,50.000,49.416,46.965,0.000,0.000,49.783,50.000,49.255,0.000,0.000,50.000,50.000,49.402,0.000,0.000,50.000,50.000,49.237,0.000,0.000,47.935,50.000,50.000,50.000,0.000,45.112,48.292,47.998,0.000,0.000,43.463,45.949,45.587,0.000,0.000,40.000,0.000,0.000,0.000,0.000,47.065,48.159,46.435,0.000,0.000,50.000,49.537,45.892,0.000,0.000,50.000,50.000,50.000,0.000,0.000,50.000,50.000,50.000,0.000,0.000,50.000,50.000,50.000,0.000,0.000,50.000,50.000,50.000,0.000,0.000,49.350,49.933,49.636,0.000,0.000,48.403,49.715,48.946,0.000,0.000,46.863,48.997,47.921,0.000,0.000,45.163,47.630,46.904,0.000,0.000,43.494,46.022,45.886,0.000,0.000,40.000,0.000,0.000,0.000,0.000,50.000,50.000,50.000,0.000,0.000,50.000,50.000,50.000,0.000,0.000,50.000,50.000,50.000,0.000,0.000,50.000,50.000,50.000,0.000,0.000,50.000,50.000,50.000,0.000,0.000,50.000,50.000,50.000,0.000,0.000,50.000,50.000,50.000,0.000,0.000,50.000,50.000,50.000,0.000,0.000,50.000,50.000,50.000,0.000,0.000,49.441,50.000,49.481,0.000,0.000,50.000,50.000,48.657,0.000,0.000,50.000,50.000,50.000,0.000,0.000,50.000,50.000,49.783,0.000,0.000,50.000,50.000,50.000,0.000,0.000,49.609,50.000,50.000,50.000,0.000,46.742,49.733,47.935,0.000,0.000,45.094,47.458,45.112,0.000,0.000,48.141,46.849,43.463,0.000,0.000,48.144,48.946,47.279,0.000,0.000,50.000,49.893,47.065,0.000,0.000,50.000,50.000,50.000,0.000,0.000,50.000,50.000,50.000,0.000,0.000,50.000,50.000,50.000,0.000,0.000,50.000,50.000,50.000,0.000,0.000,49.823,49.438,50.000,0.000,0.000,49.270,49.549,49.350,0.000,0.000,48.544,50.000,48.403,0.000,0.000,46.863,48.997,46.863,0.000,0.000,45.163,47.630,45.163,0.000,0.000,50.000,49.210,43.494,0.000,0.000,50.000,50.000,50.000,0.000,0.000,50.000,50.000,50.000,0.000,0.000,50.000,50.000,50.000,0.000,0.000,50.000,50.000,50.000,0.000,0.000,50.000,50.000,50.000,0.000,0.000,50.000,50.000,50.000,0.000,0.000,50.000,50.000,50.000,0.000,0.000,50.000,49.481,50.000,0.000,0.000,50.000,49.090,50.000,0.000,0.000,50.000,50.000,50.000,0.000,0.000,50.000,50.000,49.441,0.000,0.000,50.000,50.000,50.000,0.000,0.000,50.000,50.000,50.000,0.000,0.000,50.000,50.000,50.000,0.000,0.000,50.000,50.000,50.000,50.000,0.000,49.521,50.000,49.609,0.000,0.000,46.872,49.690,46.742,0.000,0.000,48.944,48.214,45.094,0.000,0.000,49.146,49.700,48.141,0.000,0.000,50.000,49.855,48.144,0.000,0.000,50.000,50.000,50.000,0.000,0.000,50.000,49.742,50.000,0.000,0.000,50.000,50.000,50.000,0.000,0.000,49.381,49.316,50.000,0.000,0.000,49.492,48.761,50.000,0.000,0.000,50.000,49.205,49.823,0.000,0.000,49.349,49.305,49.270,0.000,0.000,48.432,49.875,48.544,0.000,0.000,46.895,48.698,46.863,0.000,0.000,50.000,49.548,45.163,0.000,0.000,50.000,50.000,50.000,0.000,0.000,50.000,50.000,50.000,0.000,0.000,50.000,50.000,50.000,0.000,0.000,50.000,50.000,50.000,0.000,0.000,50.000,50.000,50.000,0.000,0.000,50.000,50.000,50.000,0.000,0.000,49.148,49.126,50.000,0.000,0.000,48.595,48.301,50.000,0.000,0.000,49.964,47.879,50.000,0.000,0.000,50.000,50.000,50.000,0.000,0.000,50.000,50.000,50.000,0.000,0.000,50.000,50.000,50.000,0.000,0.000,50.000,50.000,50.000,0.000,0.000,50.000,50.000,50.000,0.000,0.000,50.000,50.000,50.000,50.000,0.000,50.000,50.000,50.000,0.000,0.000,48.605,50.000,49.521,0.000,0.000,49.697,49.376,46.872,0.000,0.000,49.780,50.000,48.944,0.000,0.000,50.000,49.484,49.146,0.000,0.000,49.656,49.287,50.000,0.000,0.000,50.000,49.403,50.000,0.000,0.000,49.309,49.310,50.000,0.000,0.000,48.664,48.616,50.000,0.000,0.000,48.635,47.857,49.381,0.000,0.000,49.275,47.823,49.492,0.000,0.000,49.880,48.589,50.000,0.000,0.000,48.937,49.344,49.349,0.000,0.000,48.083,49.184,48.432,0.000,0.000,50.000,49.758,46.895,0.000,0.000,50.000,50.000,50.000,0.000,0.000,50.000,50.000,50.000,0.000,0.000,50.000,50.000,50.000,0.000,0.000,50.000,50.000,50.000,0.000,0.000,50.000,50.000,50.000,0.000,0.000,49.123,49.123,50.000,0.000,0.000,48.262,48.246,50.000,0.000,0.000,47.574,47.314,49.148,0.000,0.000,48.865,46.764,48.595,0.000,0.000,50.000,48.822,49.964,0.000,0.000,50.000,50.000,50.000,0.000,0.000,50.000,50.000,50.000,0.000,0.000,50.000,50.000,50.000,0.000,0.000,50.000,50.000,50.000,0.000,0.000,50.000,50.000,50.000,50.000,0.000,50.000,50.000,50.000,0.000,0.000,49.525,50.000,50.000,0.000,0.000,50.000,50.000,48.605,0.000,0.000,49.389,49.316,49.697,0.000,0.000,49.109,48.536,49.780,0.000,0.000,49.215,48.374,50.000,0.000,0.000,49.295,48.479,49.656,0.000,0.000,48.621,48.710,50.000,0.000,0.000,47.763,47.788,49.309,0.000,0.000,47.203,46.817,48.664,0.000,0.000,48.392,46.291,48.635,0.000,0.000,49.324,47.493,49.275,0.000,0.000,49.212,48.708,49.880,0.000,0.000,48.841,48.704,48.937,0.000,0.000,50.000,50.000,48.083,0.000,0.000,50.000,50.000,50.000,0.000,0.000,50.000,50.000,50.000,0.000,0.000,50.000,50.000,50.000,0.000,0.000,50.000,50.000,50.000,0.000,0.000,49.126,49.148,50.000,0.000,0.000,48.245,48.259,50.000,0.000,0.000,47.281,47.276,49.123,0.000,0.000,46.481,46.319,48.262,0.000,0.000,47.240,45.577,47.574,0.000,0.000,50.000,46.891,48.865,0.000,0.000,50.000,50.000,50.000,0.000,0.000,50.000,50.000,50.000,0.000,0.000,50.000,50.000,50.000,0.000,0.000,50.000,50.000,50.000,0.000,0.000,50.000,50.000,50.000,50.000,0.000,50.000,50.000,50.000,0.000,0.000,50.000,50.000,50.000,0.000,0.000,49.301,48.508,49.525,0.000,0.000,48.460,48.426,50.000,0.000,0.000,47.945,47.521,49.389,0.000,0.000,48.248,47.036,49.109,0.000,0.000,48.674,47.507,49.215,0.000,0.000,47.864,48.448,49.295,0.000,0.000,46.859,47.574,48.621,0.000,0.000,45.790,46.086,47.763,0.000,0.000,46.977,44.766,47.203,0.000,0.000,48.572,46.286,48.392,0.000,0.000,48.590,47.813,49.324,0.000,0.000,50.000,48.134,49.212,0.000,0.000,50.000,50.000,48.841,0.000,0.000,50.000,50.000,50.000,0.000,0.000,50.000,50.000,50.000,0.000,0.000,50.000,50.000,50.000,0.000,0.000,49.179,49.406,50.000,0.000,0.000,48.291,48.534,50.000,0.000,0.000,47.295,47.451,49.126,0.000,0.000,46.307,46.375,48.245,0.000,0.000,45.363,45.313,47.281,0.000,0.000,45.416,44.403,46.481,0.000,0.000,50.000,44.762,47.240,0.000,0.000,50.000,50.000,50.000,0.000,0.000,50.000,50.000,50.000,0.000,0.000,50.000,50.000,50.000,0.000,0.000,50.000,50.000,50.000,0.000,0.000,50.000,50.000,50.000,50.000,0.000,50.000,50.000,50.000,0.000,0.000,49.386,50.000,50.000,0.000,0.000,48.408,47.443,50.000,0.000,0.000,47.469,47.472,49.301,0.000,0.000,46.676,46.484,48.460,0.000,0.000,47.173,45.720,47.945,0.000,0.000,48.386,46.336,48.248,0.000,0.000,47.705,48.041,48.674,0.000,0.000,46.705,48.393,47.864,0.000,0.000,45.149,47.508,46.859,0.000,0.000,43.492,46.011,45.790,0.000,0.000,40.000,0.000,0.000,0.000,0.000,47.299,46.844,48.572,0.000,0.000,50.000,46.563,48.590,0.000,0.000,50.000,50.000,50.000,0.000,0.000,50.000,50.000,50.000,0.000,0.000,50.000,50.000,50.000,0.000,0.000,49.578,50.000,50.000,0.000,0.000,48.740,49.765,50.000,0.000,0.000,47.630,48.853,49.179,0.000,0.000,46.517,47.579,48.291,0.000,0.000,45.398,46.128,47.295,0.000,0.000,44.319,44.659,46.307,0.000,0.000,43.589,43.285,45.363,0.000,0.000,48.338,42.704,45.416,0.000,0.000,50.000,48.766,50.000,0.000,0.000,50.000,50.000,50.000,0.000,0.000,50.000,50.000,50.000,0.000,0.000,50.000,50.000,50.000,0.000,0.000,50.000,50.000,50.000,50.000,0.000,50.000,50.000,50.000,0.000,0.000,48.786,50.000,50.000,0.000,0.000,47.452,46.325,49.386,0.000,0.000,46.487,46.700,48.408,0.000,0.000,45.468,45.641,47.469,0.000,0.000,45.573,44.450,46.676,0.000,0.000,47.875,44.750,47.173,0.000,0.000,48.456,47.273,48.386,0.000,0.000,48.062,49.816,47.705,0.000,0.000,46.735,48.659,46.705,0.000,0.000,45.151,47.529,45.149,0.000,0.000,46.777,46.200,43.492,0.000,0.000,45.868,46.001,47.636,0.000,0.000,48.586,44.935,47.299,0.000,0.000,50.000,48.575,50.000,0.000,0.000,50.000,50.000,50.000,0.000,0.000,50.000,50.000,50.000,0.000,0.000,49.910,50.000,50.000,0.000,0.000,49.056,49.487,49.578,0.000,0.000,48.092,48.945,48.740,0.000,0.000,46.761,48.184,47.630,0.000,0.000,45.246,47.331,46.517,0.000,0.000,43.705,45.925,45.398,0.000,0.000,42.248,44.232,44.319,0.000,0.000,41.000,41.000,43.589,0.000,0.000,40.000,0.000,0.000,0.000,0.000,50.000,50.000,50.000,0.000,0.000,50.000,50.000,50.000,0.000,0.000,50.000,50.000,50.000,0.000,0.000,50.000,50.000,50.000,50.000,0.000,50.000,50.000,50.000,0.000,0.000,48.176,50.000,50.000,0.000,0.000,46.677,45.163,48.786,0.000,0.000,45.731,46.177,47.452,0.000,0.000,44.665,46.044,46.487,0.000,0.000,43.310,45.082,45.468,0.000,0.000,40.000,0.000,0.000,0.000,0.000,49.804,45.945,47.875,0.000,0.000,48.868,49.277,48.456,0.000,0.000,48.202,49.490,48.062,0.000,0.000,46.880,48.792,46.735,0.000,0.000,46.370,47.706,45.151,0.000,0.000,45.033,47.205,46.777,0.000,0.000,43.482,45.916,45.868,0.000,0.000,40.000,0.000,0.000,0.000,0.000,50.000,50.000,50.000,0.000,0.000,50.000,50.000,50.000,0.000,0.000,49.488,49.240,50.000,0.000,0.000,48.947,48.389,49.910,0.000,0.000,48.209,47.570,49.056,0.000,0.000,47.462,47.456,48.092,0.000,0.000,46.516,49.014,46.761,0.000,0.000,45.047,47.327,45.246,0.000,0.000,43.482,45.920,43.705,0.000,0.000,40.000,0.000,0.000,0.000,0.000,50.000,48.299,41.000,0.000,0.000,50.000,50.000,50.000,0.000,0.000,50.000,50.000,50.000,0.000,0.000,50.000,50.000,50.000,0.000,0.000,50.000,50.000,50.000,50.000,0.000,50.000,50.000,50.000,0.000,0.000,47.464,50.000,50.000,0.000,0.000,46.156,43.790,48.176,0.000,0.000,46.039,45.174,46.677,0.000,0.000,45.149,44.721,45.731,0.000,0.000,44.203,43.351,44.665,0.000,0.000,44.637,42.293,43.310,0.000,0.000,49.095,43.960,46.591,0.000,0.000,49.504,48.600,49.804,0.000,0.000,49.289,49.700,48.868,0.000,0.000,48.532,49.873,48.202,0.000,0.000,47.774,49.188,46.880,0.000,0.000,46.640,48.525,46.370,0.000,0.000,45.132,47.441,45.033,0.000,0.000,50.000,49.191,43.482,0.000,0.000,50.000,50.000,50.000,0.000,0.000,49.209,49.211,50.000,0.000,0.000,48.319,48.312,50.000,0.000,0.000,47.482,47.413,49.488,0.000,0.000,47.359,46.591,48.947,0.000,0.000,49.034,46.529,48.209,0.000,0.000,47.571,48.396,47.462,0.000,0.000,46.519,48.280,46.516,0.000,0.000,45.113,47.336,45.047,0.000,0.000,43.712,45.988,43.482,0.000,0.000,50.000,48.644,42.248,0.000,0.000,50.000,50.000,50.000,0.000,0.000,50.000,50.000,50.000,0.000,0.000,50.000,50.000,50.000,0.000,0.000,50.000,50.000,50.000,50.000,0.000,50.000,50.000,50.000,0.000,0.000,46.726,50.000,50.000,0.000,0.000,44.759,42.307,47.464,0.000,0.000,44.601,44.067,46.156,0.000,0.000,43.670,45.722,46.039,0.000,0.000,42.245,44.204,45.149,0.000,0.000,41.000,41.000,44.203,0.000,0.000,40.000,0.000,0.000,0.000,0.000,49.677,47.055,49.095,0.000,0.000,50.000,50.000,49.504,0.000,0.000,49.353,50.000,49.289,0.000,0.000,48.927,50.000,48.532,0.000,0.000,48.177,49.514,47.774,0.000,0.000,46.900,48.910,46.640,0.000,0.000,50.000,49.547,45.132,0.000,0.000,49.218,49.274,50.000,0.000,0.000,48.313,48.322,50.000,0.000,0.000,47.401,47.370,49.209,0.000,0.000,46.488,46.434,48.319,0.000,0.000,45.979,45.520,47.482,0.000,0.000,48.305,45.075,47.359,0.000,0.000,48.308,47.530,49.034,0.000,0.000,47.868,49.037,47.571,0.000,0.000,46.808,48.551,46.519,0.000,0.000,45.355,47.604,45.113,0.000,0.000,50.000,49.001,43.712,0.000,0.000,50.000,50.000,50.000,0.000,0.000,50.000,50.000,50.000,0.000,0.000,50.000,50.000,50.000,0.000,0.000,50.000,50.000,50.000,50.000,0.000,50.000,50.000,50.000,0.000,0.000,46.260,50.000,50.000,0.000,0.000,41.000,41.000,46.726,0.000,0.000,40.000,0.000,0.000,0.000,0.000,44.807,46.644,44.601,0.000,0.000,43.450,45.717,43.670,0.000,0.000,40.000,0.000,0.000,0.000,0.000,43.024,43.220,41.000,0.000,0.000,40.000,0.000,0.000,0.000,0.000,50.000,50.000,49.677,0.000,0.000,50.000,50.000,50.000,0.000,0.000,49.671,50.000,49.353,0.000,0.000,49.331,50.000,48.927,0.000,0.000,48.559,49.829,48.177,0.000,0.000,49.286,49.328,46.900,0.000,0.000,48.360,48.659,50.000,0.000,0.000,47.385,47.535,49.218,0.000,0.000,46.427,46.425,48.313,0.000,0.000,45.447,45.327,47.401,0.000,0.000,44.479,44.241,46.488,0.000,0.000,46.743,43.515,45.979,0.000,0.000,49.008,46.198,48.305,0.000,0.000,48.971,49.510,48.308,0.000,0.000,48.464,49.596,47.868,0.000,0.000,47.111,49.103,46.808,0.000,0.000,50.000,49.468,45.355,0.000,0.000,50.000,50.000,50.000,0.000,0.000,50.000,50.000,50.000,0.000,0.000,50.000,50.000,50.000,0.000,0.000,50.000,46.444,47.670,50.000,0.000,50.000,50.000,50.000,0.000,0.000,46.164,50.000,50.000,0.000,0.000,40.000,0.000,0.000,0.000,0.000,46.658,44.687,41.000,0.000,0.000,46.079,47.559,45.717,0.000,0.000,45.024,46.965,44.807,0.000,0.000,43.701,45.914,43.450,0.000,0.000,44.092,44.632,42.245,0.000,0.000,50.000,48.108,43.024,0.000,0.000,50.000,50.000,50.000,0.000,0.000,50.000,50.000,50.000,0.000,0.000,50.000,50.000,50.000,0.000,0.000,50.000,50.000,49.671,0.000,0.000,49.481,50.000,49.331,0.000,0.000,48.915,50.000,48.559,0.000,0.000,47.709,48.342,49.286,0.000,0.000,46.555,47.241,48.360,0.000,0.000,45.424,46.166,47.385,0.000,0.000,44.312,45.121,46.427,0.000,0.000,43.211,44.011,45.447,0.000,0.000,42.111,43.000,44.479,0.000,0.000,40.000,0.000,0.000,0.000,0.000,49.833,50.000,49.008,0.000,0.000,49.341,49.997,48.971,0.000,0.000,48.655,50.000,48.464,0.000,0.000,50.000,49.788,47.111,0.000,0.000,50.000,50.000,50.000,0.000,0.000,50.000,50.000,50.000,0.000,0.000,50.000,50.000,50.000,0.000,0.000,50.000,28.484,31.637,45.690,0.000,50.000,50.000,50.000,0.000,0.000,49.783,50.000,50.000,0.000,0.000,44.175,49.649,46.164,0.000,0.000,47.593,46.109,42.473,0.000,0.000,47.285,48.492,46.658,0.000,0.000,46.664,48.085,46.079,0.000,0.000,45.335,47.491,45.024,0.000,0.000,45.213,46.192,43.701,0.000,0.000,50.000,48.736,44.092,0.000,0.000,50.000,50.000,50.000,0.000,0.000,50.000,50.000,50.000,0.000,0.000,50.000,50.000,50.000,0.000,0.000,50.000,50.000,50.000,0.000,0.000,50.000,50.000,50.000,0.000,0.000,48.523,49.348,49.481,0.000,0.000,47.382,48.280,48.915,0.000,0.000,46.264,46.922,47.709,0.000,0.000,45.181,45.574,46.555,0.000,0.000,44.132,44.301,45.424,0.000,0.000,43.111,43.111,44.312,0.000,0.000,43.000,42.111,43.211,0.000,0.000,50.000,47.401,42.111,0.000,0.000,50.000,50.000,49.490,0.000,0.000,50.000,50.000,49.833,0.000,0.000,49.467,50.000,49.341,0.000,0.000,50.000,50.000,48.655,0.000,0.000,50.000,50.000,50.000,0.000,0.000,50.000,50.000,50.000,0.000,0.000,50.000,50.000,50.000,0.000,0.000,0.000,0.000,0.000,0.000,0.000,50.000,50.000,50.000,0.000,0.000,50.000,50.000,50.000,0.000,0.000,45.594,49.681,49.783,0.000,0.000,48.505,46.816,44.175,0.000,0.000,48.255,48.538,47.593,0.000,0.000,47.888,48.159,47.285,0.000,0.000,46.618,47.556,46.664,0.000,0.000,46.268,46.475,45.335,0.000,0.000,50.000,48.642,45.213,0.000,0.000,50.000,50.000,50.000,0.000,0.000,50.000,50.000,50.000,0.000,0.000,50.000,50.000,50.000,0.000,0.000,50.000,50.000,50.000,0.000,0.000,49.530,50.000,50.000,0.000,0.000,48.464,49.348,50.000,0.000,0.000,47.316,48.280,48.523,0.000,0.000,46.005,46.914,47.382,0.000,0.000,44.623,45.565,46.264,0.000,0.000,43.322,44.291,45.181,0.000,0.000,42.111,43.000,44.132,0.000,0.000,40.000,0.000,0.000,0.000,0.000,50.000,47.683,43.000,0.000,0.000,50.000,50.000,50.000,0.000,0.000,50.000,50.000,50.000,0.000,0.000,50.000,50.000,50.000,0.000,0.000,50.000,50.000,49.467,0.000,0.000,50.000,50.000,50.000,0.000,0.000,50.000,50.000,50.000,0.000,0.000,50.000,50.000,50.000,0.000,0.000,
