States
884
Policy
[south, south, west, west, west, west, west, west, west, west, west, south, east, south, south, south, south, south, south, south, south, south, south, south, south, west, west, west, south, south, south, south, south, west, west, west, west, west, west, west, west, south, south, south, south, south, south, south, south, south, south, south, south, south, south, south, south, south, south, south, south, south, south, west, west, west, west, west, west, west, west, south, south, south, south, south, south, south, south, south, south, south, south, south, south, south, south, south, south, south, south, south, west, west, west, west, west, west, west, west, west, south, east, south, south, south, south, south, south, south, south, south, south, south, south, south, south, south, south, south, south, west, west, west, west, west, west, west, west, west, west, east, east, east, south, south, south, south, south, south, south, south, south, south, south, south, south, south, south, south, south, west, west, west, west, west, west, west, west, west, west, east, east, east, south, south, south, south, south, south, west, south, south, south, south, south, south, south, south, south, south, obstacle, south, south, west, west, west, obstacle, north, obstacle, south, north, obstacle, south, south, south, south, south, east, south, west, south, south, south, south, south, south, south, south, south, south, west, west, west, west, west, obstacle, obstacle, east, south, west, obstacle, east, south, south, east, south, west, east, south, obstacle, south, south, south, south, south, south, south, south, south, south, obstacle, south, west, west, obstacle, obstacle, south, east, south, obstacle, south, obstacle, south, south, east, south, west, obstacle, south, south, west, west, south, south, south, south, south, south, south, south, west, west, west, obstacle, east, east, south, obstacle, south, south, east, east, south, south, obstacle, south, west, south, south, west, west, south, south, south, south, south, south, south, south, south, west, obstacle, north, obstacle, obstacle, obstacle, east, south, south, west, obstacle, east, east, east, south, south, obstacle, south, south, south, obstacle, south, south, south, south, south, south, south, south, south, obstacle, obstacle, east, east, east, east, east, south, west, obstacle, obstacle, east, east, east, south, south, south, south, south, south, south, south, south, south, south, south, south, south, south, obstacle, obstacle, east, north, north, obstacle, south, obstacle, south, south, west, obstacle, east, south, west, south, south, south, south, south, south, west, west, west, south, south, south, south, obstacle, obstacle, north, obstacle, obstacle, east, south, west, south, south, obstacle, obstacle, east, south, west, south, south, south, south, south, west, west, west, west, south, south, south, south, obstacle, obstacle, obstacle, south, obstacle, east, south, east, south, obstacle, south, obstacle, south, south, south, south, west, west, west, west, west, south, south, south, south, west, obstacle, obstacle, obstacle, obstacle, east, south, west, east, south, obstacle, south, south, west, west, south, south, south, south, west, west, west, west, south, south, south, south, south, obstacle, south, west, west, obstacle, obstacle, obstacle, south, obstacle, obstacle, east, south, south, south, south, obstacle, south, south, south, south, west, west, west, south, south, south, south, south, south, south, west, obstacle, obstacle, obstacle, south, obstacle, east, east, south, south, obstacle, south, south, south, south, south, south, south, west, west, west, south, obstacle, south, south, south, south, south, south, west, west, west, obstacle, south, south, obstacle, obstacle, obstacle, south, south, south, east, south, south, south, south, south, west, west, west, west, south, south, south, south, south, south, south, south, west, west, obstacle, obstacle, east, east, east, south, south, south, west, west, east, south, south, south, south, south, west, west, west, west, south, south, south, south, south, south, south, south, obstacle, obstacle, obstacle, east, north, north, obstacle, south, west, west, west, obstacle, east, south, south, south, south, west, west, west, west, south, south, south, south, south, south, south, south, south, obstacle, obstacle, obstacle, north, obstacle, south, south, west, west, west, south, obstacle, south, south, south, south, west, west, west, south, south, south, south, south, west, west, west, west, south, west, west, obstacle, obstacle, north, obstacle, south, south, obstacle, south, obstacle, east, south, south, south, south, south, south, south, obstacle, south, south, south, south, south, west, west, west, west, south, obstacle, obstacle, obstacle, obstacle, south, south, west, south, obstacle, obstacle, south, south, south, south, south, south, south, south, south, south, south, west, west, west, west, west, west, south, south, south, obstacle, obstacle, obstacle, south, south, south, obstacle, south, south, obstacle, south, south, south, south, south, west, west, west, west, west, west, west, west, west, west, south, obstacle, south, south, south, south, south, south, south, south, south, south, south, south, south, south, south, west, west, west, west, west, west, west, west, west, west, west, west, west, south, south, south, south, south, west, west, west, west, west, west, west, west, west, west, west, west, west, west, west, west, west, west, west, west, west, west, west, west, west, west, west, south, south, west, west, west, west, west, west, west, west, west, west, west, west, west, west, west, west, west, west, west, west, west, west, west, west, west, west, west, west, south, south, west, west, west, west, west, west, west, west, west, west, west, west, west, west, west, west, west, west, west, west, west, west, west, west, west, west, west, west, null, west, west, west, west, west, west, west, west, west, west, west, west, west, west, west, west, west, west, west, west, west, west, west, west, west, west, west, west, west]
Alpha value
1.0
Max number of actions
5
50.057,48.164,49.160,49.160,0.000,51.123,49.201,49.267,50.164,0.000,52.222,50.342,50.310,51.269,0.000,53.314,51.480,51.417,52.370,0.000,54.393,52.609,52.517,53.461,0.000,55.455,53.724,53.605,54.538,0.000,56.504,54.823,54.681,55.598,0.000,57.538,55.903,55.739,56.644,0.000,58.560,56.967,56.783,57.677,0.000,59.573,58.016,57.814,58.697,0.000,60.506,59.040,58.829,59.705,0.000,59.787,59.678,59.763,60.564,0.000,58.766,58.785,60.496,59.719,0.000,57.707,57.663,59.579,58.626,0.000,57.179,56.602,58.503,57.583,0.000,56.554,56.134,57.497,57.092,0.000,57.049,55.513,57.054,56.516,0.000,57.252,56.127,56.545,57.078,0.000,56.793,56.328,57.094,57.268,0.000,57.430,55.780,57.260,56.786,0.000,57.740,56.524,56.829,57.474,0.000,58.138,56.831,57.532,57.797,0.000,58.739,57.223,57.855,58.195,0.000,59.689,57.852,58.283,58.827,0.000,60.777,58.846,58.952,59.814,0.000,61.886,59.967,59.959,60.922,0.000,62.996,61.109,61.071,62.036,0.000,64.051,62.227,62.182,63.143,0.000,64.756,63.230,63.270,64.178,0.000,64.836,63.898,64.258,64.836,0.000,49.020,47.056,48.091,49.051,0.000,50.123,48.128,48.201,50.057,0.000,51.261,49.277,49.278,51.165,0.000,52.393,50.425,50.423,52.269,0.000,53.512,51.567,51.562,53.363,0.000,54.615,52.701,52.691,54.443,0.000,55.698,53.820,53.806,55.507,0.000,56.767,54.924,54.905,56.556,0.000,57.819,56.009,55.984,57.592,0.000,58.849,57.079,57.048,58.614,0.000,59.564,58.112,58.085,59.616,0.000,58.795,58.689,59.029,60.471,0.000,57.735,57.727,59.539,59.615,0.000,56.655,56.593,58.574,58.520,0.000,56.148,55.510,57.468,57.475,0.000,55.479,55.069,56.443,56.984,0.000,56.026,54.398,56.024,56.408,0.000,56.239,55.071,55.472,56.971,0.000,55.718,55.283,56.071,57.161,0.000,56.408,54.663,56.248,56.678,0.000,56.701,55.468,55.753,57.366,0.000,57.095,55.756,56.510,57.690,0.000,57.692,56.143,56.816,58.087,0.000,58.650,56.767,57.239,58.719,0.000,59.751,57.771,57.905,59.707,0.000,60.888,58.897,58.921,60.816,0.000,62.009,60.041,60.047,61.931,0.000,63.032,61.162,61.184,63.038,0.000,63.750,62.175,62.284,64.074,0.000,63.829,62.854,63.240,64.731,0.000,47.944,45.947,46.984,47.945,0.000,49.054,47.055,47.096,48.985,0.000,50.201,48.207,48.208,50.131,0.000,51.345,49.360,49.359,51.273,0.000,52.481,50.511,50.506,52.406,0.000,53.603,51.656,51.648,53.526,0.000,54.710,52.793,52.781,54.630,0.000,55.799,53.916,53.899,55.715,0.000,56.873,55.026,55.003,56.785,0.000,57.921,56.118,56.087,57.838,0.000,58.580,57.167,57.141,58.854,0.000,57.743,57.688,58.089,59.486,0.000,56.668,56.665,58.537,58.577,0.000,55.564,55.521,57.511,57.449,0.000,55.084,54.417,56.396,56.386,0.000,54.365,54.006,55.351,55.916,0.000,54.967,53.279,54.958,55.297,0.000,55.195,54.017,54.360,55.913,0.000,54.603,54.242,55.016,56.113,0.000,55.351,53.540,55.200,55.565,0.000,55.626,54.415,54.637,56.307,0.000,56.016,54.681,55.454,56.617,0.000,56.608,55.064,55.740,57.007,0.000,57.573,55.682,56.159,57.636,0.000,58.678,56.695,56.821,58.631,0.000,59.819,57.826,57.846,59.754,0.000,60.944,58.971,58.977,60.897,0.000,61.976,60.096,60.117,62.015,0.000,62.704,61.117,61.220,63.020,0.000,62.784,61.809,62.185,63.689,0.000,46.867,44.836,45.874,46.837,0.000,47.983,45.982,45.989,47.912,0.000,49.137,47.165,47.137,49.064,0.000,50.289,48.343,48.292,50.214,0.000,51.436,49.518,49.445,51.359,0.000,52.575,50.687,50.596,52.495,0.000,53.702,51.851,51.741,53.619,0.000,54.816,53.026,52.878,54.728,0.000,55.913,54.187,54.002,55.819,0.000,56.983,55.346,55.112,56.894,0.000,57.592,56.440,56.187,57.926,0.000,56.687,56.684,57.139,58.489,0.000,55.600,55.617,57.530,57.518,0.000,54.472,54.449,56.446,56.378,0.000,54.021,53.321,55.323,55.295,0.000,53.247,52.947,54.257,54.851,0.000,53.909,52.155,53.894,54.182,0.000,54.153,52.964,53.244,54.857,0.000,53.484,53.203,53.961,55.069,0.000,54.296,52.413,54.156,54.448,0.000,54.550,53.365,53.516,55.251,0.000,54.938,53.606,54.402,55.542,0.000,55.523,53.984,54.664,55.927,0.000,56.497,54.597,55.079,56.551,0.000,57.606,55.620,55.737,57.556,0.000,58.748,56.754,56.771,58.683,0.000,59.877,57.901,57.906,59.827,0.000,60.917,59.029,59.048,60.949,0.000,61.658,60.058,60.154,61.964,0.000,61.739,60.763,61.128,62.644,0.000,45.792,43.724,44.763,45.727,0.000,46.966,45.721,44.911,46.868,0.000,48.145,46.879,46.095,48.024,0.000,49.320,48.009,47.277,49.179,0.000,50.489,49.142,48.454,50.331,0.000,51.654,50.280,49.628,51.478,0.000,52.831,51.480,50.799,52.620,0.000,54.015,53.230,51.985,53.770,0.000,55.180,54.446,53.162,54.889,0.000,56.311,56.052,54.338,56.004,0.000,56.656,57.078,55.465,57.044,0.000,55.675,56.285,56.419,57.517,0.000,54.551,55.108,56.539,56.476,0.000,53.378,53.387,55.395,55.306,0.000,52.962,52.223,54.251,54.202,0.000,52.124,51.890,53.161,53.788,0.000,52.853,51.027,52.833,53.063,0.000,53.114,51.913,52.124,53.803,0.000,52.360,52.169,52.909,54.027,0.000,53.245,51.279,53.114,53.326,0.000,53.474,52.319,52.390,54.198,0.000,53.859,52.529,53.353,54.468,0.000,54.438,52.904,53.587,54.847,0.000,55.421,53.511,53.999,55.466,0.000,56.534,54.545,54.652,56.480,0.000,57.678,55.682,55.697,57.611,0.000,58.809,56.831,56.834,58.757,0.000,59.857,57.961,57.978,59.883,0.000,60.611,58.999,59.088,60.906,0.000,60.693,59.718,60.070,61.599,0.000,45.497,42.610,43.679,44.644,0.000,47.528,69.282,44.708,46.702,0.000,47.842,46.712,45.863,47.066,0.000,48.946,47.083,46.991,48.215,0.000,50.084,48.237,48.121,49.388,0.000,51.284,49.481,49.258,50.561,0.000,53.057,51.916,50.462,51.791,0.000,54.869,69.798,52.259,53.568,0.000,55.963,56.469,53.486,54.251,0.000,57.466,69.987,55.137,55.854,0.000,56.364,57.996,56.192,56.453,0.000,55.310,58.195,57.110,56.690,0.000,54.079,69.921,56.672,56.016,0.000,52.316,52.774,54.878,54.270,0.000,51.906,51.122,53.186,53.106,0.000,50.997,50.838,52.062,52.728,0.000,51.798,49.893,51.775,51.939,0.000,52.079,50.864,50.999,52.750,0.000,51.230,51.138,51.858,52.989,0.000,52.197,50.139,52.076,52.198,0.000,52.416,51.812,51.278,53.168,0.000,52.781,51.452,52.307,53.392,0.000,53.352,51.824,52.509,53.768,0.000,54.345,52.424,52.919,54.381,0.000,55.461,53.470,53.567,55.404,0.000,56.607,54.610,54.622,56.539,0.000,57.741,55.760,55.763,57.687,0.000,58.796,56.893,56.908,58.815,0.000,59.564,57.939,58.022,59.847,0.000,59.648,58.672,59.012,60.553,0.000,68.115,41.463,43.383,44.377,0.000,70.000,0.000,0.000,0.000,0.000,47.737,45.702,68.521,47.603,0.000,48.043,46.018,46.768,47.884,0.000,49.258,47.255,47.174,48.995,0.000,51.677,49.861,48.424,50.228,0.000,69.629,70.281,50.929,52.692,0.000,70.000,0.000,0.000,0.000,0.000,69.949,56.998,69.949,55.621,0.000,70.000,0.000,0.000,0.000,0.000,58.668,57.124,69.636,57.638,0.000,70.081,70.571,58.921,57.347,0.000,70.000,0.000,0.000,0.000,0.000,51.762,51.715,69.079,53.753,0.000,50.869,50.018,52.537,52.023,0.000,49.865,49.790,50.961,51.671,0.000,50.745,48.753,50.722,50.811,0.000,51.048,49.817,49.869,51.699,0.000,50.112,50.645,50.829,51.974,0.000,51.668,48.991,51.060,51.083,0.000,52.012,69.645,50.814,52.795,0.000,51.722,50.374,51.781,52.335,0.000,52.265,50.745,51.431,52.688,0.000,53.269,51.337,51.839,53.295,0.000,54.389,52.395,52.481,54.329,0.000,55.536,53.539,53.548,55.467,0.000,56.673,54.689,54.691,56.617,0.000,57.736,55.825,55.838,57.748,0.000,58.517,56.879,56.955,58.787,0.000,58.602,57.627,57.954,59.508,0.000,43.272,39.373,40.509,42.321,0.000,46.356,69.104,42.561,69.104,0.000,45.794,43.856,43.752,46.474,0.000,47.026,45.068,44.917,46.881,0.000,49.593,47.815,46.186,48.142,0.000,69.487,70.206,48.848,50.787,0.000,70.000,0.000,0.000,0.000,0.000,70.000,0.000,0.000,0.000,0.000,55.000,55.456,69.430,56.947,0.000,56.931,53.350,56.422,69.424,0.000,70.016,70.445,55.586,58.856,0.000,70.000,0.000,0.000,0.000,0.000,53.046,70.335,70.335,70.335,0.000,50.128,50.051,53.725,52.571,0.000,49.801,48.895,50.931,50.903,0.000,48.747,49.352,49.864,50.640,0.000,49.694,47.607,49.672,49.677,0.000,50.555,49.359,48.773,50.689,0.000,49.662,69.553,50.494,51.654,0.000,68.818,47.814,51.192,50.610,0.000,70.000,0.000,0.000,0.000,0.000,51.293,49.273,68.916,51.907,0.000,51.178,49.665,50.332,51.607,0.000,52.194,50.249,50.759,52.208,0.000,53.316,51.320,51.394,53.254,0.000,54.465,52.467,52.473,54.396,0.000,55.604,53.618,53.620,55.546,0.000,56.674,54.756,54.767,56.680,0.000,57.471,55.819,55.888,57.728,0.000,57.557,56.583,56.895,58.462,0.000,67.785,38.188,40.214,41.241,0.000,70.000,0.000,0.000,0.000,0.000,45.752,42.793,68.282,45.534,0.000,47.486,44.113,44.004,45.845,0.000,69.340,70.133,46.810,48.701,0.000,70.000,0.000,0.000,0.000,0.000,70.000,0.000,0.000,0.000,0.000,56.009,55.432,69.928,69.928,0.000,53.940,69.919,56.793,56.417,0.000,69.255,52.140,55.337,54.825,0.000,70.000,0.000,0.000,0.000,0.000,70.366,53.256,70.366,70.366,0.000,70.000,0.000,0.000,0.000,0.000,49.581,48.914,68.832,51.543,0.000,49.338,47.787,49.819,49.803,0.000,48.359,69.475,49.515,50.347,0.000,49.212,46.453,49.229,48.577,0.000,68.747,48.914,48.339,50.350,0.000,70.000,0.000,0.000,0.000,0.000,48.007,45.885,68.600,49.372,0.000,49.070,46.239,47.716,68.616,0.000,49.483,48.147,47.448,50.078,0.000,50.071,48.742,48.587,50.509,0.000,51.118,49.160,49.681,51.121,0.000,52.244,50.246,50.307,52.179,0.000,53.394,51.395,51.400,53.324,0.000,54.535,52.547,52.548,54.475,0.000,55.613,53.688,53.697,55.611,0.000,56.425,54.758,54.821,56.667,0.000,56.513,55.539,55.836,57.417,0.000,39.147,35.980,37.094,39.007,0.000,42.445,39.290,38.348,67.832,0.000,44.731,69.045,40.706,44.558,0.000,68.380,48.270,42.992,45.850,0.000,70.000,0.000,0.000,0.000,0.000,58.508,70.537,70.537,70.537,0.000,56.121,70.080,60.120,70.080,0.000,69.457,53.893,57.428,56.831,0.000,70.000,0.000,0.000,0.000,0.000,52.978,50.367,69.071,53.592,0.000,52.582,51.431,52.043,69.059,0.000,50.989,69.683,53.032,54.614,0.000,49.073,49.731,52.417,68.894,0.000,47.789,47.129,49.885,49.747,0.000,68.655,46.655,48.834,49.404,0.000,70.000,0.000,0.000,0.000,0.000,48.783,45.246,68.562,48.154,0.000,47.274,69.353,47.178,49.859,0.000,45.927,45.356,48.734,68.513,0.000,46.090,43.939,46.281,46.738,0.000,47.900,45.451,45.137,47.129,0.000,49.351,69.428,47.128,49.131,0.000,49.008,47.701,48.192,49.456,0.000,50.050,48.070,48.775,50.039,0.000,51.172,49.173,49.219,51.105,0.000,52.323,50.324,50.326,52.252,0.000,53.466,51.476,51.477,53.404,0.000,54.551,52.619,52.627,54.543,0.000,55.379,53.697,53.753,55.607,0.000,55.469,54.495,54.777,56.373,0.000,38.939,34.824,35.938,36.940,0.000,68.772,69.827,38.287,41.341,0.000,70.000,0.000,0.000,0.000,0.000,70.100,71.000,70.100,46.693,0.000,70.000,0.000,0.000,0.000,0.000,70.000,0.000,0.000,0.000,0.000,70.000,0.000,0.000,0.000,0.000,52.167,52.282,69.164,55.205,0.000,50.417,50.388,53.546,69.001,0.000,51.309,48.556,51.287,51.268,0.000,68.998,51.585,50.414,52.905,0.000,70.000,0.000,0.000,0.000,0.000,48.707,70.200,69.503,51.366,0.000,46.005,47.548,49.450,48.082,0.000,44.733,45.555,46.895,47.458,0.000,45.137,43.511,46.447,68.345,0.000,68.331,43.222,45.374,46.878,0.000,70.000,0.000,0.000,0.000,0.000,44.753,44.270,68.349,46.991,0.000,45.263,42.774,45.174,44.886,0.000,68.345,44.373,44.750,46.797,0.000,70.000,0.000,0.000,0.000,0.000,48.690,46.637,68.646,49.321,0.000,48.975,46.973,47.708,48.950,0.000,50.099,48.099,48.124,50.030,0.000,51.252,49.252,49.253,51.181,0.000,52.397,50.405,50.406,52.333,0.000,53.489,51.550,51.556,53.474,0.000,54.334,52.635,52.685,54.546,0.000,54.425,53.452,53.717,55.329,0.000,67.324,33.629,35.802,36.838,0.000,70.000,0.000,0.000,0.000,0.000,70.000,0.000,0.000,0.000,0.000,56.938,70.479,70.479,70.479,0.000,54.376,56.833,58.192,69.513,0.000,52.535,55.131,55.768,69.309,0.000,50.645,53.914,53.433,53.114,0.000,49.319,69.600,52.172,51.949,0.000,50.768,47.353,50.208,49.547,0.000,69.592,70.245,49.965,52.617,0.000,70.000,0.000,0.000,0.000,0.000,70.000,0.000,0.000,0.000,0.000,46.536,49.115,68.600,47.805,0.000,44.541,69.298,48.120,46.558,0.000,42.406,43.222,45.316,44.423,0.000,43.184,41.183,43.348,44.055,0.000,44.179,42.217,43.182,68.157,0.000,42.693,42.334,43.234,45.013,0.000,43.385,41.592,43.290,43.672,0.000,44.455,42.444,42.743,45.153,0.000,46.412,43.568,44.440,68.322,0.000,46.748,44.719,44.749,47.410,0.000,47.874,45.873,45.874,47.827,0.000,49.027,47.027,47.027,48.956,0.000,50.180,48.181,48.181,50.109,0.000,51.327,49.334,49.334,51.262,0.000,52.426,50.480,50.485,52.405,0.000,53.290,51.573,51.617,53.485,0.000,53.382,52.410,52.657,54.285,0.000,67.123,31.259,33.547,35.601,0.000,70.000,0.000,0.000,0.000,0.000,70.000,0.000,0.000,0.000,0.000,55.912,59.573,69.565,56.024,0.000,54.698,69.966,57.173,54.247,0.000,69.830,70.475,56.177,53.056,0.000,70.000,0.000,0.000,0.000,0.000,69.356,46.118,69.356,49.729,0.000,70.000,0.000,0.000,0.000,0.000,47.396,46.455,69.311,69.311,0.000,49.046,44.714,48.174,68.580,0.000,69.375,70.157,47.461,49.039,0.000,70.000,0.000,0.000,0.000,0.000,42.176,43.896,68.149,44.234,0.000,42.134,40.031,42.999,42.138,0.000,42.272,41.983,41.179,43.073,0.000,41.543,41.293,42.163,43.163,0.000,42.300,40.464,42.240,42.499,0.000,43.352,41.362,41.592,43.307,0.000,44.495,42.495,42.514,44.425,0.000,45.648,43.648,43.649,45.577,0.000,46.802,44.802,44.802,46.730,0.000,47.956,45.956,45.956,47.884,0.000,49.109,47.110,47.109,49.038,0.000,50.258,48.263,48.263,50.191,0.000,51.363,49.411,49.414,51.336,0.000,52.246,50.511,50.549,52.424,0.000,52.340,51.369,51.597,53.243,0.000,66.877,28.803,31.174,33.301,0.000,70.000,0.000,0.000,0.000,0.000,70.000,0.000,0.000,0.000,0.000,70.530,71.000,70.530,58.320,0.000,70.000,0.000,0.000,0.000,0.000,70.000,0.000,0.000,0.000,0.000,47.007,70.111,70.111,70.111,0.000,47.049,43.341,47.783,47.013,0.000,47.255,69.265,46.160,69.265,0.000,44.672,44.605,46.993,47.248,0.000,68.358,43.483,46.349,46.444,0.000,70.000,0.000,0.000,0.000,0.000,70.000,0.000,0.000,0.000,0.000,42.031,69.961,69.034,44.920,0.000,41.893,38.842,42.781,41.049,0.000,42.230,68.970,41.006,43.031,0.000,40.448,40.255,41.899,42.148,0.000,41.218,39.331,41.194,41.375,0.000,42.277,40.283,40.464,42.225,0.000,43.423,41.423,41.435,43.353,0.000,44.576,42.576,42.577,44.505,0.000,45.730,43.730,43.730,45.659,0.000,46.884,44.886,44.884,46.813,0.000,48.038,46.042,46.038,47.967,0.000,49.188,47.197,47.192,49.120,0.000,50.299,48.341,48.344,50.267,0.000,51.203,49.448,49.481,51.362,0.000,51.298,50.328,50.536,52.200,0.000,66.623,26.261,28.716,30.919,0.000,70.000,0.000,0.000,0.000,0.000,70.000,0.000,0.000,0.000,0.000,70.000,0.000,0.000,0.000,0.000,69.077,42.038,69.077,45.972,0.000,70.000,0.000,0.000,0.000,0.000,43.518,44.360,68.284,46.274,0.000,41.450,41.424,44.300,44.270,0.000,40.228,68.943,44.177,68.943,0.000,68.824,36.868,43.022,68.824,0.000,70.000,0.000,0.000,0.000,0.000,68.768,37.580,68.768,41.765,0.000,70.000,0.000,0.000,0.000,0.000,40.284,39.190,67.850,42.071,0.000,40.136,38.193,40.124,40.246,0.000,41.203,39.204,39.332,41.143,0.000,42.351,40.351,40.358,42.280,0.000,43.505,41.505,41.505,43.434,0.000,44.661,42.662,42.659,44.588,0.000,45.818,43.852,43.814,45.743,0.000,46.974,45.033,44.971,46.898,0.000,48.120,46.173,46.126,48.051,0.000,49.236,47.271,47.278,49.197,0.000,50.160,48.385,48.413,50.300,0.000,50.258,49.288,49.475,51.159,0.000,29.746,23.627,24.860,27.143,0.000,69.454,69.454,29.264,69.454,0.000,70.000,0.000,0.000,0.000,0.000,70.000,0.000,0.000,0.000,0.000,70.000,0.000,0.000,0.000,0.000,70.000,0.000,0.000,0.000,0.000,43.072,69.966,69.966,69.966,0.000,43.031,38.969,43.826,42.929,0.000,45.195,69.048,42.154,69.048,0.000,42.478,69.083,44.067,45.248,0.000,68.067,40.321,44.214,43.301,0.000,70.000,0.000,0.000,0.000,0.000,35.197,34.493,67.398,38.683,0.000,36.312,32.846,36.572,67.345,0.000,38.378,34.794,34.193,38.295,0.000,40.155,68.708,37.675,68.708,0.000,38.105,37.053,38.648,39.960,0.000,39.022,37.049,38.090,39.077,0.000,40.128,38.128,38.196,40.063,0.000,41.280,39.279,39.282,41.208,0.000,42.437,40.437,40.434,42.362,0.000,43.627,41.656,41.591,43.520,0.000,44.842,43.750,42.783,44.710,0.000,45.979,44.785,43.966,45.862,0.000,47.052,45.106,45.115,46.987,0.000,48.173,46.201,46.253,48.129,0.000,49.118,47.321,47.344,49.237,0.000,49.218,48.248,48.414,50.118,0.000,66.185,22.354,24.893,25.996,0.000,70.000,0.000,0.000,0.000,0.000,34.046,26.448,68.144,68.144,0.000,38.580,68.401,30.656,68.401,0.000,69.689,69.689,35.591,69.689,0.000,70.000,0.000,0.000,0.000,0.000,70.000,0.000,0.000,0.000,0.000,70.000,0.000,0.000,0.000,0.000,68.774,37.637,68.774,41.880,0.000,70.000,0.000,0.000,0.000,0.000,70.000,0.000,0.000,0.000,0.000,38.112,69.819,68.829,43.107,0.000,34.709,34.557,39.823,67.459,0.000,32.838,32.212,35.343,35.287,0.000,34.505,31.667,33.226,33.775,0.000,67.242,33.689,34.020,36.209,0.000,70.000,0.000,0.000,0.000,0.000,38.036,35.960,67.556,39.002,0.000,37.943,35.939,36.995,37.939,0.000,39.055,37.054,37.089,38.986,0.000,40.211,38.208,38.208,40.137,0.000,41.428,39.395,39.365,41.294,0.000,43.519,41.470,40.588,42.517,0.000,45.509,69.145,42.747,44.650,0.000,44.947,43.774,43.830,44.887,0.000,46.009,44.036,44.835,45.990,0.000,47.108,45.128,45.183,47.059,0.000,48.077,46.257,46.273,48.174,0.000,48.178,47.210,47.352,49.078,0.000,21.761,19.581,20.678,23.082,0.000,25.947,20.831,22.402,66.098,0.000,66.284,23.862,23.671,28.539,0.000,70.000,0.000,0.000,0.000,0.000,70.000,0.000,0.000,0.000,0.000,70.000,0.000,0.000,0.000,0.000,69.789,37.096,69.789,69.789,0.000,70.000,0.000,0.000,0.000,0.000,38.829,69.808,69.808,69.808,0.000,34.254,68.678,40.584,39.552,0.000,34.835,31.524,36.259,67.239,0.000,68.392,32.611,35.047,68.392,0.000,70.000,0.000,0.000,0.000,0.000,33.492,33.442,67.226,36.509,0.000,31.640,31.076,34.187,33.121,0.000,32.324,30.504,32.050,32.562,0.000,33.419,31.393,31.671,34.431,0.000,35.734,32.521,33.758,67.217,0.000,35.714,33.674,33.715,36.696,0.000,36.829,34.827,34.829,36.792,0.000,37.982,35.981,35.981,37.911,0.000,39.166,37.137,37.136,39.066,0.000,41.176,38.324,38.323,40.255,0.000,67.910,40.428,40.456,42.419,0.000,70.000,0.000,0.000,0.000,0.000,44.790,42.730,68.246,45.517,0.000,44.937,42.935,43.787,44.919,0.000,46.041,44.056,44.085,45.986,0.000,47.037,45.192,45.202,47.110,0.000,47.140,46.173,46.290,48.039,0.000,20.579,18.465,19.507,20.474,0.000,22.117,21.392,19.703,21.753,0.000,27.684,25.672,21.251,24.690,0.000,69.375,69.375,27.126,69.375,0.000,70.000,0.000,0.000,0.000,0.000,37.100,36.009,68.583,68.583,0.000,67.478,33.674,38.018,38.960,0.000,70.000,0.000,0.000,0.000,0.000,70.000,0.000,0.000,0.000,0.000,70.000,0.000,0.000,0.000,0.000,32.530,30.316,66.987,33.641,0.000,33.353,30.243,31.426,33.414,0.000,33.430,32.539,32.643,67.100,0.000,31.150,31.184,33.402,34.185,0.000,30.478,29.941,32.012,31.948,0.000,31.238,29.381,30.916,31.404,0.000,32.304,30.313,30.512,32.256,0.000,33.449,31.449,31.465,33.379,0.000,34.602,32.602,32.603,34.531,0.000,35.756,33.756,33.756,35.685,0.000,36.910,34.912,34.910,36.839,0.000,38.066,36.069,36.064,37.994,0.000,39.223,37.225,37.219,39.177,0.000,40.403,38.375,38.406,41.187,0.000,42.503,39.524,40.509,67.917,0.000,42.710,40.677,40.710,43.489,0.000,43.831,41.831,41.832,43.789,0.000,44.973,42.984,42.984,44.912,0.000,45.997,44.126,44.132,46.045,0.000,46.103,45.136,45.227,47.001,0.000,21.120,17.350,18.450,19.417,0.000,26.854,67.737,20.430,22.469,0.000,67.723,69.348,24.762,25.474,0.000,70.000,0.000,0.000,0.000,0.000,70.000,0.000,0.000,0.000,0.000,33.807,37.233,67.415,37.955,0.000,31.222,35.730,34.706,34.591,0.000,29.786,68.229,34.621,68.229,0.000,29.103,25.643,31.842,66.693,0.000,30.087,26.626,28.191,66.634,0.000,29.968,27.830,27.836,31.034,0.000,32.353,30.362,29.087,31.177,0.000,32.485,68.306,31.600,34.592,0.000,30.108,32.551,32.494,32.105,0.000,29.357,28.846,30.962,30.817,0.000,30.156,28.256,29.820,30.283,0.000,31.230,29.234,29.392,31.175,0.000,32.377,30.377,30.387,32.306,0.000,33.531,31.531,31.531,33.459,0.000,34.687,32.689,32.685,34.613,0.000,35.845,33.891,33.841,35.769,0.000,37.003,35.082,34.998,36.925,0.000,38.153,36.220,36.154,38.079,0.000,39.299,37.304,37.307,39.232,0.000,40.452,38.452,38.457,40.381,0.000,41.605,39.605,39.606,41.534,0.000,42.759,40.759,40.759,42.688,0.000,43.906,41.913,41.913,43.841,0.000,44.959,43.059,43.062,44.980,0.000,45.066,44.101,44.163,45.964,0.000,65.556,16.168,18.902,19.926,0.000,70.000,0.000,0.000,0.000,0.000,70.000,0.000,0.000,0.000,0.000,70.000,0.000,0.000,0.000,0.000,39.686,69.840,69.840,69.840,0.000,36.188,39.684,40.301,35.206,0.000,68.548,69.840,38.393,34.940,0.000,70.000,0.000,0.000,0.000,0.000,27.902,24.389,66.428,27.985,0.000,27.599,25.596,25.547,27.486,0.000,30.042,26.891,26.757,28.736,0.000,66.814,30.910,29.337,31.356,0.000,70.000,0.000,0.000,0.000,0.000,31.646,69.592,68.262,33.689,0.000,28.318,27.751,32.233,29.806,0.000,29.075,27.129,28.723,29.161,0.000,30.156,28.157,28.270,30.095,0.000,31.306,29.305,29.310,31.234,0.000,32.464,30.463,30.459,32.388,0.000,33.667,31.704,31.618,33.547,0.000,34.901,34.117,32.823,34.749,0.000,36.037,35.115,34.016,35.901,0.000,37.085,35.154,35.164,37.016,0.000,38.230,36.233,36.300,38.164,0.000,39.380,37.381,37.386,39.309,0.000,40.534,38.534,38.534,40.463,0.000,41.688,39.688,39.688,41.616,0.000,42.838,40.842,40.842,42.770,0.000,43.921,41.991,41.992,43.914,0.000,44.031,43.067,43.099,44.927,0.000,65.314,13.174,16.065,18.660,0.000,70.000,0.000,0.000,0.000,0.000,70.000,0.000,0.000,0.000,0.000,70.000,0.000,0.000,0.000,0.000,68.937,45.711,68.937,38.782,0.000,70.000,0.000,0.000,0.000,0.000,25.800,22.278,67.706,67.706,0.000,25.311,21.647,23.362,25.192,0.000,28.109,67.914,24.527,27.906,0.000,29.303,26.898,25.781,27.714,0.000,34.248,68.270,28.591,31.673,0.000,68.287,32.308,32.399,68.287,0.000,70.000,0.000,0.000,0.000,0.000,28.455,26.563,66.590,29.975,0.000,27.992,25.998,27.542,28.033,0.000,29.082,27.081,27.145,29.016,0.000,30.238,28.233,28.235,30.162,0.000,31.475,29.430,29.392,31.321,0.000,33.884,31.814,30.637,32.567,0.000,36.161,68.492,33.138,35.033,0.000,35.018,34.125,34.198,34.959,0.000,36.052,34.085,35.155,36.047,0.000,37.158,35.159,35.230,37.092,0.000,38.309,36.309,36.312,38.238,0.000,39.463,37.463,37.463,39.391,0.000,40.616,38.616,38.616,40.545,0.000,41.769,39.770,39.770,41.699,0.000,42.884,40.925,40.923,42.847,0.000,42.997,42.037,42.034,43.892,0.000,15.986,10.073,11.314,14.002,0.000,25.728,67.400,15.463,67.400,0.000,69.182,69.182,21.917,69.182,0.000,70.000,0.000,0.000,0.000,0.000,70.000,0.000,0.000,0.000,0.000,69.959,71.000,69.959,42.904,0.000,70.000,0.000,0.000,0.000,0.000,23.035,19.525,65.978,24.619,0.000,65.960,20.450,22.215,24.055,0.000,70.000,0.000,0.000,0.000,0.000,67.914,25.851,67.914,29.590,0.000,70.000,0.000,0.000,0.000,0.000,30.024,69.529,68.273,35.607,0.000,26.722,25.867,31.977,66.623,0.000,25.888,23.960,26.754,27.357,0.000,26.865,24.868,25.091,26.857,0.000,28.008,26.007,26.020,27.938,0.000,29.200,27.162,27.162,29.092,0.000,31.497,28.358,28.359,30.292,0.000,66.913,30.782,30.823,32.799,0.000,70.000,0.000,0.000,0.000,0.000,35.170,33.090,67.260,36.168,0.000,34.977,32.973,34.115,34.977,0.000,36.085,34.085,34.123,36.017,0.000,37.237,35.237,35.239,37.166,0.000,38.391,36.391,36.391,38.320,0.000,39.545,37.545,37.545,39.474,0.000,40.701,38.703,38.699,40.628,0.000,41.854,39.923,39.855,41.782,0.000,42.003,41.999,41.006,42.894,0.000,64.815,8.809,11.783,12.878,0.000,70.000,0.000,0.000,0.000,0.000,70.000,0.000,0.000,0.000,0.000,70.000,0.000,0.000,0.000,0.000,70.000,0.000,0.000,0.000,0.000,20.316,16.617,65.692,21.947,0.000,22.823,17.642,17.928,21.249,0.000,25.719,67.642,22.266,67.642,0.000,66.231,21.626,24.861,27.969,0.000,70.000,0.000,0.000,0.000,0.000,70.000,0.000,0.000,0.000,0.000,25.441,24.715,66.358,28.110,0.000,24.752,22.788,25.555,24.901,0.000,25.787,23.788,23.926,25.729,0.000,26.935,24.935,24.941,26.864,0.000,28.089,26.089,26.089,28.019,0.000,29.244,27.243,27.244,29.211,0.000,30.440,28.397,28.440,31.508,0.000,32.863,29.550,30.863,66.919,0.000,32.748,30.704,30.748,33.815,0.000,33.860,31.858,31.860,33.826,0.000,35.012,33.012,33.012,34.942,0.000,36.166,34.166,34.166,36.094,0.000,37.320,35.320,35.320,37.248,0.000,38.477,36.475,36.474,38.402,0.000,39.696,37.664,37.631,39.560,0.000,41.810,39.796,38.857,40.784,0.000,42.931,68.997,41.039,42.902,0.000,7.596,5.553,6.660,9.483,0.000,12.475,6.633,8.839,64.693,0.000,66.776,9.748,11.857,66.776,0.000,70.000,0.000,0.000,0.000,0.000,70.000,0.000,0.000,0.000,0.000,70.000,0.000,0.000,0.000,0.000,18.284,14.288,67.162,67.162,0.000,17.242,13.603,15.375,17.393,0.000,65.493,16.442,16.616,20.117,0.000,70.000,0.000,0.000,0.000,0.000,22.445,18.805,65.911,23.988,0.000,67.528,19.847,23.158,67.528,0.000,70.000,0.000,0.000,0.000,0.000,24.252,22.095,66.189,26.942,0.000,23.619,21.612,23.085,23.686,0.000,24.712,22.711,22.761,24.646,0.000,25.864,23.864,23.865,25.792,0.000,27.017,25.017,25.017,26.946,0.000,28.171,26.171,26.171,28.100,0.000,29.325,27.325,27.325,29.254,0.000,30.479,28.479,28.479,30.408,0.000,31.633,29.633,29.633,31.561,0.000,32.787,30.787,30.787,32.715,0.000,33.941,31.941,31.941,33.869,0.000,35.095,33.095,33.094,35.023,0.000,36.250,34.250,34.248,36.177,0.000,37.435,35.405,35.404,37.332,0.000,39.500,36.594,36.592,38.523,0.000,67.737,38.758,38.783,40.746,0.000,70.000,0.000,0.000,0.000,0.000,6.384,4.443,5.478,6.440,0.000,7.489,5.488,5.588,7.486,0.000,8.704,6.636,6.710,10.402,0.000,11.828,7.790,9.828,64.743,0.000,12.943,8.944,10.943,64.859,0.000,14.059,10.098,12.059,64.974,0.000,13.317,11.252,11.317,14.949,0.000,14.410,12.405,12.410,14.447,0.000,15.620,13.559,13.620,17.118,0.000,18.521,14.713,16.520,65.436,0.000,17.930,15.867,15.929,19.475,0.000,19.080,17.022,17.080,20.529,0.000,21.868,18.176,19.867,65.782,0.000,21.387,19.330,19.386,22.783,0.000,22.486,20.484,20.486,22.464,0.000,23.638,21.639,21.638,23.568,0.000,24.792,22.793,22.792,24.721,0.000,25.946,23.947,23.946,25.875,0.000,27.100,25.102,25.100,27.028,0.000,28.254,26.257,26.254,28.182,0.000,29.408,27.411,27.408,29.336,0.000,30.562,28.566,28.562,30.490,0.000,31.716,29.721,29.716,31.644,0.000,32.870,30.876,30.870,32.798,0.000,34.024,32.031,32.024,33.952,0.000,35.179,33.186,33.178,35.106,0.000,36.334,34.341,34.332,36.261,0.000,37.495,35.497,35.488,37.447,0.000,38.613,36.648,36.675,39.509,0.000,39.730,37.724,38.797,67.702,0.000,5.305,3.334,4.370,5.331,0.000,6.414,4.413,4.480,6.347,0.000,7.565,5.565,5.567,7.493,0.000,8.719,6.719,6.719,8.647,0.000,9.872,7.873,7.872,9.801,0.000,11.026,9.027,9.026,10.955,0.000,12.180,10.181,10.180,12.109,0.000,13.334,11.336,11.334,13.263,0.000,14.488,12.491,12.488,14.417,0.000,15.642,13.646,13.642,15.571,0.000,16.796,14.801,14.796,16.725,0.000,17.951,15.956,15.950,17.879,0.000,19.105,17.112,17.104,19.033,0.000,20.259,18.268,18.259,20.187,0.000,21.414,19.424,19.413,21.342,0.000,22.568,20.580,20.567,22.496,0.000,23.723,21.737,21.722,23.650,0.000,24.877,22.893,22.876,24.804,0.000,26.032,24.050,24.031,25.958,0.000,27.187,25.208,25.185,27.112,0.000,28.342,26.365,26.340,28.266,0.000,29.497,27.522,27.495,29.420,0.000,30.652,28.680,28.650,30.575,0.000,31.807,29.838,29.805,31.729,0.000,32.962,30.996,30.960,32.883,0.000,34.117,32.154,32.115,34.038,0.000,35.273,33.313,33.270,35.192,0.000,36.427,34.471,34.426,36.348,0.000,37.543,35.627,35.580,37.506,0.000,37.655,36.707,36.691,38.550,0.000,4.228,2.224,3.261,4.223,0.000,5.341,3.339,3.374,5.271,0.000,6.493,4.493,4.493,6.422,0.000,7.647,5.650,5.647,7.576,0.000,8.802,6.807,6.801,8.730,0.000,9.956,7.966,7.955,9.884,0.000,11.111,9.125,9.110,11.038,0.000,12.266,10.285,10.265,12.192,0.000,13.421,11.446,11.419,13.346,0.000,14.577,12.607,12.574,14.501,0.000,15.732,13.769,13.730,15.655,0.000,16.888,14.932,14.885,16.810,0.000,18.044,16.095,16.041,17.964,0.000,19.201,17.258,17.197,19.119,0.000,20.357,18.422,18.353,20.274,0.000,21.514,19.586,19.510,21.428,0.000,22.671,20.750,20.666,22.583,0.000,23.829,21.914,21.823,23.738,0.000,24.986,23.079,22.980,24.893,0.000,26.144,24.244,24.138,26.049,0.000,27.302,25.409,25.295,27.204,0.000,28.460,26.575,26.453,28.359,0.000,29.618,27.740,27.611,29.515,0.000,30.777,28.906,28.769,30.670,0.000,31.935,30.071,29.927,31.826,0.000,33.094,31.237,31.086,32.982,0.000,34.253,32.403,32.244,34.138,0.000,35.410,33.569,33.403,35.293,0.000,36.531,34.732,34.560,36.447,0.000,36.644,35.819,35.677,37.523,0.000,3.151,1.113,2.151,3.114,0.000,4.268,2.266,2.267,4.196,0.000,5.426,3.457,3.422,5.352,0.000,6.584,4.647,4.578,6.507,0.000,7.744,5.836,5.736,7.663,0.000,8.904,7.024,6.895,8.818,0.000,10.065,8.210,8.055,9.974,0.000,11.227,9.396,9.215,11.130,0.000,12.390,10.581,10.376,12.287,0.000,13.553,11.765,11.538,13.443,0.000,14.716,12.948,12.701,14.600,0.000,15.880,14.131,13.864,15.757,0.000,17.044,15.313,15.027,16.914,0.000,18.209,16.494,16.191,18.071,0.000,19.373,17.675,17.355,19.229,0.000,20.538,18.855,18.520,20.387,0.000,21.704,20.034,19.684,21.545,0.000,22.869,21.214,20.850,22.703,0.000,24.035,22.392,22.015,23.862,0.000,25.201,23.570,23.180,25.020,0.000,26.367,24.748,24.346,26.179,0.000,27.533,25.925,25.512,27.338,0.000,28.699,27.102,26.678,28.497,0.000,29.865,28.278,27.844,29.656,0.000,31.032,29.454,29.010,30.816,0.000,32.198,30.630,30.177,31.975,0.000,33.365,31.805,31.343,33.135,0.000,34.530,32.980,32.509,34.295,0.000,35.657,34.152,33.674,35.452,0.000,35.771,35.247,34.797,36.533,0.000,0.000,0.000,0.000,0.000,0.000,3.265,2.195,1.195,3.159,0.000,4.456,3.388,2.389,4.318,0.000,5.646,4.581,3.581,5.479,0.000,6.835,5.772,4.772,6.640,0.000,8.023,6.961,5.961,7.802,0.000,9.209,8.150,7.150,8.964,0.000,10.395,9.337,8.337,10.127,0.000,11.580,10.524,9.524,11.291,0.000,12.764,11.710,10.710,12.455,0.000,13.948,12.895,11.895,13.620,0.000,15.130,14.079,13.079,14.785,0.000,16.312,15.262,14.262,15.950,0.000,17.493,16.444,15.444,17.116,0.000,18.674,17.626,16.626,18.282,0.000,19.854,18.807,17.807,19.448,0.000,21.034,19.988,18.988,20.615,0.000,22.213,21.168,20.168,21.781,0.000,23.392,22.348,21.348,22.948,0.000,24.570,23.527,22.527,24.115,0.000,25.747,24.705,23.705,25.282,0.000,26.925,25.883,24.883,26.449,0.000,28.101,27.061,26.061,27.616,0.000,29.278,28.238,27.238,28.783,0.000,30.454,29.414,28.415,29.951,0.000,31.630,30.591,29.591,31.118,0.000,32.805,31.767,30.767,32.285,0.000,33.978,32.942,31.942,33.453,0.000,35.114,34.115,33.116,34.617,0.000,35.228,35.210,34.248,35.705,0.000,
