States
32
Policy
[east, east, east, east, south, south, south, south, south, south, obstacle, obstacle, south, south, south, south, south, south, obstacle, obstacle, south, south, south, south, east, east, null, null, west, west, west, west]
Alpha value
0.3
Max number of actions
4
15.852,15.966,16.852,16.852,15.852,22.116,16.852,20.852,14.709,16.749,0.000,0.000,14.709,16.749,0.000,0.000,15.601,13.557,15.601,16.557,15.601,13.557,15.601,16.557,15.709,14.709,14.709,17.709,15.709,14.709,14.709,17.709,31.004,13.693,14.809,17.170,31.011,17.576,18.696,20.819,30.000,0.000,0.000,0.000,30.000,0.000,0.000,0.000,11.738,9.593,31.000,16.326,11.738,9.593,31.000,16.326,11.817,10.817,10.817,17.465,11.817,10.817,10.817,17.465,31.000,7.497,8.497,13.648,31.000,10.069,11.069,21.036,30.000,0.000,0.000,0.000,30.000,0.000,0.000,0.000,7.751,5.481,31.000,12.348,7.751,5.481,31.000,12.348,7.852,6.852,6.852,13.644,7.852,6.852,6.852,13.644,1.370,2.370,2.370,6.949,1.370,6.370,2.370,13.966,0.000,0.000,0.000,0.000,0.000,0.000,0.000,0.000,3.670,4.370,1.370,8.333,3.670,4.370,1.370,8.333,3.741,5.741,2.741,9.667,3.741,5.741,2.741,9.667,
