States
25
Policy
[south, west, west, obstacle, obstacle, south, west, west, south, west, south, west, west, west, obstacle, south, west, obstacle, north, obstacle, null, west, west, west, west]
Alpha value
0.3
Max number of actions
5
9.020,6.983,7.983,7.983,0.000,10.150,8.286,8.113,9.064,0.000,31.000,16.824,9.247,10.189,0.000,30.000,0.000,0.000,0.000,0.000,30.000,0.000,0.000,0.000,0.000,7.895,5.494,6.759,7.928,0.000,9.177,7.020,6.983,9.020,0.000,11.431,8.497,8.286,10.150,0.000,18.814,10.668,16.824,31.000,0.000,25.513,31.046,18.735,31.010,0.000,6.261,3.666,5.082,6.347,0.000,7.928,5.497,5.494,7.895,0.000,17.014,31.001,7.020,9.177,0.000,31.035,24.402,8.497,11.431,0.000,30.000,0.000,0.000,0.000,0.000,4.499,1.833,3.250,4.549,0.000,31.000,12.417,3.666,6.261,0.000,30.000,0.000,0.000,0.000,0.000,31.067,23.437,31.001,17.014,0.000,30.000,0.000,0.000,0.000,0.000,0.000,0.000,0.000,0.000,0.000,12.425,4.125,1.833,4.499,0.000,15.708,13.900,12.417,31.000,0.000,23.636,16.890,14.922,17.880,0.000,24.437,24.437,23.437,31.067,0.000,
