States
25
Policy
[east, south, obstacle, east, south, east, east, east, north, south, obstacle, south, north, obstacle, south, east, east, east, east, south, obstacle, north, obstacle, east, null]
Alpha value
1.0
Max number of actions
4
13.286,13.286,14.286,14.286,28.921,12.286,13.386,0.000,30.000,0.000,0.000,0.000,5.694,7.692,9.125,0.000,5.333,4.444,5.569,0.000,12.286,28.921,13.386,14.186,9.207,9.518,13.286,0.000,8.168,9.980,28.921,0.000,7.000,28.333,6.942,0.000,4.222,3.333,5.694,0.000,30.000,0.000,0.000,0.000,10.024,8.557,12.286,0.000,28.590,9.310,9.207,0.000,30.000,0.000,0.000,0.000,3.111,2.222,7.000,0.000,10.636,28.737,13.573,29.064,7.374,11.163,9.765,0.000,5.900,28.211,10.024,0.000,2.111,2.111,28.590,0.000,2.000,1.111,3.211,0.000,30.000,0.000,0.000,0.000,29.064,13.573,10.636,0.000,30.000,0.000,0.000,0.000,1.111,2.000,5.900,0.000,0.000,0.000,0.000,0.000,
