States
884
Policy
[south, south, west, west, west, west, west, west, west, east, east, east, east, south, south, south, south, south, south, south, south, south, south, south, south, west, west, west, south, south, south, south, south, west, west, west, west, west, west, east, east, east, south, south, south, south, south, south, south, south, south, south, south, south, south, south, south, south, south, south, south, south, west, west, west, west, west, west, west, east, east, east, south, south, south, south, south, south, south, south, south, south, south, south, south, south, south, south, south, south, south, west, west, west, west, west, west, west, west, east, east, east, east, south, south, south, south, south, south, south, south, south, south, south, south, south, south, south, south, south, south, west, west, west, west, west, west, west, west, east, east, east, east, east, south, south, south, south, south, south, south, south, south, south, south, south, south, south, south, south, south, west, west, west, west, west, west, west, west, east, east, east, east, east, south, south, south, south, south, south, west, south, south, south, south, south, south, south, south, south, south, obstacle, south, south, west, west, west, obstacle, north, obstacle, north, north, obstacle, south, south, south, south, south, east, south, west, south, south, south, south, south, south, south, south, south, south, west, west, west, west, west, obstacle, obstacle, east, south, north, obstacle, east, south, south, east, south, west, east, south, obstacle, south, south, south, south, south, south, south, south, south, south, obstacle, south, west, west, obstacle, obstacle, south, east, south, obstacle, south, obstacle, south, south, east, south, south, obstacle, south, south, west, west, south, south, south, south, south, south, south, south, west, west, west, obstacle, east, east, south, obstacle, south, east, east, east, south, south, obstacle, south, east, south, south, west, west, south, south, south, south, south, south, south, south, south, west, obstacle, north, obstacle, obstacle, obstacle, east, south, south, west, obstacle, east, east, east, south, south, obstacle, south, south, south, obstacle, south, south, south, south, south, south, south, south, south, obstacle, obstacle, east, east, east, east, east, south, west, obstacle, obstacle, east, east, east, south, south, south, south, south, south, south, south, south, south, south, south, south, south, south, obstacle, obstacle, east, north, north, obstacle, south, obstacle, south, south, west, obstacle, east, south, west, south, south, south, south, south, south, west, west, west, south, south, south, south, obstacle, obstacle, north, obstacle, obstacle, east, south, east, south, south, obstacle, obstacle, east, south, west, east, south, south, south, south, west, west, west, west, south, south, south, south, obstacle, obstacle, obstacle, south, obstacle, east, east, east, south, obstacle, south, obstacle, south, south, south, south, west, west, west, west, west, south, south, south, south, west, obstacle, obstacle, obstacle, obstacle, east, south, west, east, south, obstacle, south, south, west, west, south, south, south, south, west, west, west, west, south, south, south, south, south, obstacle, south, west, west, obstacle, obstacle, obstacle, south, obstacle, obstacle, east, south, south, south, south, obstacle, south, south, south, south, west, west, west, south, south, south, south, south, south, south, west, obstacle, obstacle, obstacle, south, obstacle, east, east, south, south, obstacle, south, south, south, south, south, south, south, west, west, west, south, obstacle, south, south, south, south, south, south, west, west, west, obstacle, south, south, obstacle, obstacle, obstacle, south, south, east, east, south, south, south, south, south, west, west, west, west, south, south, south, south, south, south, south, south, west, west, obstacle, obstacle, east, east, east, south, south, south, west, east, east, east, south, south, south, south, west, west, west, west, south, south, south, south, south, south, south, south, obstacle, obstacle, obstacle, east, north, north, obstacle, south, west, west, west, obstacle, east, east, south, south, south, west, west, west, west, south, south, south, south, south, south, south, south, south, obstacle, obstacle, obstacle, north, obstacle, south, south, west, west, west, south, obstacle, south, south, south, south, west, west, west, south, south, south, south, south, west, west, west, west, south, west, west, obstacle, obstacle, north, obstacle, south, south, obstacle, south, obstacle, east, south, south, south, south, south, south, south, obstacle, south, south, south, south, south, west, west, west, west, south, obstacle, obstacle, obstacle, obstacle, south, south, west, south, obstacle, obstacle, south, south, south, south, south, south, south, south, south, south, south, west, west, west, west, west, west, south, south, south, obstacle, obstacle, obstacle, south, south, south, obstacle, south, south, obstacle, south, south, south, south, south, west, west, west, west, west, west, west, west, west, west, south, obstacle, south, south, south, south, south, south, south, south, south, south, south, south, south, south, south, west, west, west, west, west, west, west, west, west, west, west, west, west, south, south, south, south, south, west, west, west, west, west, west, west, west, west, west, west, west, west, west, west, west, west, west, west, west, west, west, west, west, west, west, west, south, south, west, west, west, west, west, west, west, west, west, west, west, west, west, west, west, west, west, west, west, west, west, west, west, west, west, west, west, west, south, south, west, west, west, west, west, west, west, west, west, west, west, west, west, west, west, west, west, west, west, west, west, west, west, west, west, west, west, west, null, west, west, west, west, west, west, west, west, west, west, west, west, west, west, west, west, west, west, west, west, west, west, west, west, west, west, west, west, west]
Alpha value
0.7
Max number of actions
5
58.035,56.094,57.098,57.098,0.000,59.122,57.155,57.212,58.130,0.000,60.231,58.321,58.279,59.247,0.000,61.328,59.482,59.400,60.359,0.000,62.410,60.632,60.513,61.458,0.000,63.472,61.765,61.611,62.540,0.000,64.534,62.881,62.694,63.603,0.000,65.786,63.993,63.766,64.674,0.000,67.398,65.452,65.036,66.123,0.000,65.757,66.051,66.525,66.906,0.000,64.453,64.569,66.574,65.437,0.000,63.317,63.393,65.291,64.296,0.000,62.188,62.224,64.158,63.167,0.000,61.126,61.061,63.034,62.042,0.000,60.793,60.008,61.940,61.013,0.000,60.254,59.760,60.954,60.727,0.000,60.640,59.217,60.697,60.226,0.000,60.073,59.694,60.230,60.637,0.000,59.328,59.035,60.582,60.002,0.000,59.870,58.257,59.951,59.277,0.000,59.932,58.929,59.299,59.889,0.000,60.070,58.959,59.909,59.943,0.000,60.514,59.083,59.959,60.076,0.000,61.417,59.565,60.134,60.562,0.000,62.508,60.526,60.671,61.514,0.000,63.625,61.654,61.650,62.631,0.000,64.742,62.811,62.775,63.755,0.000,65.764,63.936,63.898,64.871,0.000,66.425,64.911,64.991,65.871,0.000,66.483,65.536,65.938,66.483,0.000,56.985,54.974,56.020,57.004,0.000,58.121,56.073,56.142,58.042,0.000,59.279,57.246,57.247,59.161,0.000,60.428,58.420,58.417,60.274,0.000,61.561,59.588,59.580,61.374,0.000,62.677,60.746,60.732,62.458,0.000,63.781,61.887,61.866,63.523,0.000,65.063,63.028,62.991,64.595,0.000,66.491,64.502,64.286,66.030,0.000,64.834,64.999,65.794,66.838,0.000,63.493,63.505,65.672,65.344,0.000,62.318,62.321,64.353,64.201,0.000,61.149,61.147,63.184,63.071,0.000,60.062,59.979,62.020,61.945,0.000,59.762,58.901,60.889,60.915,0.000,59.172,58.693,59.882,60.626,0.000,59.619,58.092,59.661,60.116,0.000,59.032,58.644,59.152,60.531,0.000,58.242,57.960,59.572,59.899,0.000,58.843,57.127,58.915,59.174,0.000,58.882,57.875,58.214,59.793,0.000,59.012,57.878,58.890,59.850,0.000,59.451,57.993,58.916,59.982,0.000,60.363,58.470,59.083,60.469,0.000,61.464,59.442,59.617,61.420,0.000,62.611,60.576,60.607,62.537,0.000,63.737,61.735,61.743,63.661,0.000,64.735,62.863,62.895,64.775,0.000,65.412,63.851,63.997,65.778,0.000,65.476,64.489,64.919,66.400,0.000,55.901,53.854,54.901,55.888,0.000,57.044,54.989,55.024,56.964,0.000,58.213,56.166,56.166,58.130,0.000,59.377,57.346,57.342,59.291,0.000,60.533,58.524,58.517,60.442,0.000,61.673,59.697,59.686,61.577,0.000,62.806,60.862,60.844,62.695,0.000,64.101,62.025,61.993,63.809,0.000,65.444,63.526,63.321,65.265,0.000,63.772,63.938,64.830,65.908,0.000,62.420,62.429,64.613,64.374,0.000,61.241,61.243,63.285,63.196,0.000,60.068,60.067,62.109,62.028,0.000,58.955,58.897,60.941,60.864,0.000,58.694,57.792,59.808,59.812,0.000,58.047,57.629,58.777,59.557,0.000,58.567,56.964,58.595,58.997,0.000,57.962,57.597,58.030,59.480,0.000,57.115,56.886,58.520,58.824,0.000,57.787,55.993,57.838,58.049,0.000,57.803,56.824,57.086,58.737,0.000,57.927,56.797,57.835,58.771,0.000,58.359,56.904,57.833,58.894,0.000,59.280,57.376,57.993,59.377,0.000,60.385,58.359,58.523,60.338,0.000,61.535,59.496,59.524,61.465,0.000,62.665,60.657,60.665,62.619,0.000,63.674,61.788,61.819,63.741,0.000,64.365,62.786,62.924,64.719,0.000,64.430,63.441,63.858,65.357,0.000,54.811,52.718,53.773,54.758,0.000,55.965,53.911,53.907,55.883,0.000,57.141,55.128,55.084,57.055,0.000,58.317,56.342,56.265,58.227,0.000,59.488,57.553,57.447,59.393,0.000,60.651,58.760,58.627,60.551,0.000,61.806,59.962,59.802,61.693,0.000,63.124,61.194,60.976,62.835,0.000,64.396,62.750,62.324,64.303,0.000,62.706,62.995,63.851,64.854,0.000,61.345,61.433,63.551,63.305,0.000,60.163,60.218,62.212,62.122,0.000,58.987,59.014,61.033,60.950,0.000,57.846,57.815,59.862,59.783,0.000,57.630,56.680,58.727,58.707,0.000,56.919,56.570,57.670,58.493,0.000,57.519,55.831,57.533,57.874,0.000,56.893,56.554,56.905,58.432,0.000,55.985,55.814,57.471,57.751,0.000,56.735,54.854,56.762,56.921,0.000,56.725,55.778,55.954,57.685,0.000,56.842,55.716,56.784,57.693,0.000,57.267,55.816,56.750,57.807,0.000,58.198,56.282,56.903,58.285,0.000,59.307,57.276,57.429,59.256,0.000,60.458,58.417,58.441,60.387,0.000,61.592,59.578,59.585,61.543,0.000,62.611,60.713,60.741,62.668,0.000,63.317,61.722,61.850,63.658,0.000,63.383,62.393,62.795,64.311,0.000,53.712,51.574,52.631,53.619,0.000,54.965,53.982,52.825,54.834,0.000,56.176,55.162,54.049,56.019,0.000,57.382,56.307,55.266,57.196,0.000,58.583,57.458,56.480,58.371,0.000,59.780,58.619,57.691,59.543,0.000,61.005,59.872,58.902,60.711,0.000,62.405,61.909,60.142,61.904,0.000,63.490,63.479,61.551,63.387,0.000,61.766,63.329,63.126,63.847,0.000,60.355,61.268,62.631,62.268,0.000,59.141,59.984,61.243,61.077,0.000,57.936,58.703,60.033,59.900,0.000,56.736,56.751,58.809,58.704,0.000,56.570,55.566,57.648,57.600,0.000,55.788,55.517,56.562,57.432,0.000,56.474,54.694,56.476,56.749,0.000,55.827,55.515,55.777,57.388,0.000,54.850,54.742,56.426,56.680,0.000,55.688,53.710,55.687,55.789,0.000,55.646,54.738,54.817,56.637,0.000,55.758,54.635,55.738,56.614,0.000,56.175,54.728,55.666,56.720,0.000,57.117,55.187,55.814,57.193,0.000,58.229,56.194,56.334,58.175,0.000,59.382,57.338,57.358,59.310,0.000,60.518,58.500,58.505,60.466,0.000,61.547,59.638,59.663,61.595,0.000,62.269,60.657,60.776,62.595,0.000,62.335,61.344,61.732,63.265,0.000,53.730,50.430,51.528,52.520,0.000,56.144,71.338,52.971,54.988,0.000,56.186,55.380,54.160,55.102,0.000,57.294,55.458,55.300,56.271,0.000,58.449,56.636,56.446,57.475,0.000,59.696,57.944,57.605,58.682,0.000,61.752,60.940,58.861,59.971,0.000,63.953,71.533,60.957,62.004,0.000,63.864,65.876,62.388,62.829,0.000,62.188,71.370,64.425,63.506,0.000,60.248,62.953,63.023,61.435,0.000,58.964,62.261,61.176,60.217,0.000,57.678,71.153,60.502,59.612,0.000,55.673,56.343,58.492,57.675,0.000,55.516,54.450,56.583,56.491,0.000,54.651,54.469,55.451,56.375,0.000,55.433,53.552,55.424,55.619,0.000,54.764,54.480,54.644,56.347,0.000,53.710,53.668,55.384,55.611,0.000,54.646,52.560,54.613,54.652,0.000,54.593,54.458,53.703,55.620,0.000,54.674,53.553,54.697,55.535,0.000,55.083,53.641,54.582,55.634,0.000,56.036,54.093,54.725,56.101,0.000,57.152,55.113,55.240,57.095,0.000,58.306,56.260,56.276,58.233,0.000,59.445,57.422,57.427,59.390,0.000,60.482,58.563,58.585,60.522,0.000,61.221,59.592,59.702,61.533,0.000,61.287,60.297,60.668,62.218,0.000,71.417,49.240,51.553,52.579,0.000,70.000,0.000,0.000,0.000,0.000,56.443,54.388,71.525,56.246,0.000,56.475,54.388,55.437,56.244,0.000,57.739,55.682,55.566,57.361,0.000,60.705,58.917,56.882,58.650,0.000,71.479,71.224,59.976,61.631,0.000,70.000,0.000,0.000,0.000,0.000,71.473,66.139,71.473,64.935,0.000,70.000,0.000,0.000,0.000,0.000,63.050,65.628,71.290,62.041,0.000,71.183,71.099,64.021,61.412,0.000,70.000,0.000,0.000,0.000,0.000,55.326,55.284,71.178,57.360,0.000,54.488,53.329,56.125,55.402,0.000,53.510,53.427,54.337,55.324,0.000,54.396,52.404,54.377,54.485,0.000,53.704,53.449,53.507,55.310,0.000,52.594,53.411,54.375,54.574,0.000,54.337,51.404,53.565,53.536,0.000,54.394,71.022,53.484,55.463,0.000,53.617,52.470,54.390,54.482,0.000,53.981,52.555,53.497,54.548,0.000,54.957,52.998,53.637,55.007,0.000,56.076,54.033,54.146,56.015,0.000,57.230,55.183,55.195,57.156,0.000,58.371,56.345,56.348,58.314,0.000,59.418,57.488,57.507,59.449,0.000,60.173,58.527,58.628,60.469,0.000,60.240,59.249,59.605,61.172,0.000,51.451,46.703,47.897,50.102,0.000,55.370,71.280,50.797,71.280,0.000,54.173,52.209,52.051,55.146,0.000,55.477,53.489,53.265,55.285,0.000,58.648,56.916,54.604,56.611,0.000,71.412,71.189,57.916,59.838,0.000,70.000,0.000,0.000,0.000,0.000,70.000,0.000,0.000,0.000,0.000,63.811,64.258,71.632,66.383,0.000,65.924,61.930,65.563,71.466,0.000,71.279,71.180,64.612,64.269,0.000,70.000,0.000,0.000,0.000,0.000,57.109,71.053,71.053,71.053,0.000,53.458,53.375,57.757,56.176,0.000,53.418,52.181,54.298,54.259,0.000,52.393,53.244,53.228,54.308,0.000,53.363,51.250,53.336,53.346,0.000,53.417,52.992,52.424,54.310,0.000,52.396,71.057,54.348,54.482,0.000,71.032,50.198,54.169,53.309,0.000,70.000,0.000,0.000,0.000,0.000,53.384,51.356,71.020,54.250,0.000,52.866,51.469,52.385,53.463,0.000,53.870,51.902,52.550,53.901,0.000,55.000,52.954,53.052,54.936,0.000,56.154,54.106,54.115,56.081,0.000,57.298,55.268,55.270,57.238,0.000,58.353,56.413,56.429,58.376,0.000,59.126,57.462,57.554,59.406,0.000,59.194,58.203,58.541,60.124,0.000,71.341,45.461,47.925,49.002,0.000,70.000,0.000,0.000,0.000,0.000,54.513,51.128,71.434,54.201,0.000,56.571,52.567,52.411,54.244,0.000,71.345,71.156,55.929,57.776,0.000,70.000,0.000,0.000,0.000,0.000,70.000,0.000,0.000,0.000,0.000,64.995,64.192,71.362,71.362,0.000,62.552,71.360,65.727,65.394,0.000,71.508,60.451,64.139,63.605,0.000,70.000,0.000,0.000,0.000,0.000,71.054,57.430,71.054,71.054,0.000,70.000,0.000,0.000,0.000,0.000,53.123,52.207,71.138,55.140,0.000,53.198,51.057,53.168,53.145,0.000,52.279,71.079,53.105,54.263,0.000,52.955,50.088,53.154,52.262,0.000,71.098,51.985,52.255,54.252,0.000,70.000,0.000,0.000,0.000,0.000,50.079,47.891,71.015,52.019,0.000,51.181,47.959,50.057,71.013,0.000,51.329,50.209,49.236,52.178,0.000,51.728,50.635,50.386,52.353,0.000,52.776,50.794,51.465,52.787,0.000,53.925,51.876,51.957,53.851,0.000,55.080,53.030,53.036,55.005,0.000,56.225,54.192,54.193,56.163,0.000,57.289,55.339,55.353,57.303,0.000,58.079,56.397,56.480,58.343,0.000,58.148,57.157,57.478,59.073,0.000,46.473,42.760,43.920,46.275,0.000,50.736,47.036,45.690,71.325,0.000,53.497,71.251,48.597,53.258,0.000,71.425,58.072,51.403,54.653,0.000,70.000,0.000,0.000,0.000,0.000,67.964,71.193,71.193,71.193,0.000,65.104,71.380,69.816,71.380,0.000,71.558,62.439,66.557,65.771,0.000,70.000,0.000,0.000,0.000,0.000,59.225,58.380,71.371,62.159,0.000,57.067,59.458,60.315,71.353,0.000,54.695,71.116,58.716,59.030,0.000,52.405,53.311,56.367,71.139,0.000,51.033,50.128,53.242,53.070,0.000,71.117,49.899,52.147,52.952,0.000,70.000,0.000,0.000,0.000,0.000,51.934,48.791,71.073,52.076,0.000,49.905,71.038,51.075,53.769,0.000,47.980,47.530,51.714,71.023,0.000,47.806,45.564,48.418,48.731,0.000,49.954,47.286,46.824,48.872,0.000,51.538,71.007,49.203,51.233,0.000,50.648,49.587,50.244,51.291,0.000,51.690,49.675,50.670,51.683,0.000,52.842,50.795,50.860,52.757,0.000,54.005,51.955,51.958,53.931,0.000,55.152,53.116,53.117,55.089,0.000,56.224,54.265,54.276,56.230,0.000,57.029,55.332,55.406,57.280,0.000,57.101,56.113,56.414,58.023,0.000,46.621,41.562,42.723,43.777,0.000,71.201,71.089,46.042,49.565,0.000,70.000,0.000,0.000,0.000,0.000,71.139,71.000,71.139,56.213,0.000,70.000,0.000,0.000,0.000,0.000,70.000,0.000,0.000,0.000,0.000,70.000,0.000,0.000,0.000,0.000,60.431,60.582,71.495,63.938,0.000,58.393,58.351,62.030,71.445,0.000,59.332,56.198,59.250,59.275,0.000,71.340,60.059,58.446,59.192,0.000,70.000,0.000,0.000,0.000,0.000,52.299,71.037,71.084,55.228,0.000,48.978,51.154,53.043,51.144,0.000,47.617,48.779,49.891,50.692,0.000,48.626,46.321,49.689,71.079,0.000,71.075,46.344,48.574,50.714,0.000,70.000,0.000,0.000,0.000,0.000,46.739,46.430,71.015,49.477,0.000,47.078,44.342,47.289,46.538,0.000,71.006,46.187,46.712,48.828,0.000,70.000,0.000,0.000,0.000,0.000,50.594,48.506,71.004,51.496,0.000,50.594,48.546,49.586,50.567,0.000,51.751,49.707,49.741,51.661,0.000,52.931,50.880,50.881,52.851,0.000,54.079,52.040,52.041,54.014,0.000,55.160,53.191,53.200,55.158,0.000,55.979,54.267,54.333,56.217,0.000,56.052,55.069,55.351,56.974,0.000,71.229,40.311,42.984,44.076,0.000,70.000,0.000,0.000,0.000,0.000,70.000,0.000,0.000,0.000,0.000,66.143,71.188,71.188,71.188,0.000,63.032,65.689,67.522,71.565,0.000,60.915,63.764,64.606,71.531,0.000,58.688,62.491,61.807,61.388,0.000,57.266,71.278,60.465,60.173,0.000,58.949,54.939,58.150,57.224,0.000,71.270,71.121,58.188,61.165,0.000,70.000,0.000,0.000,0.000,0.000,70.000,0.000,0.000,0.000,0.000,50.164,54.353,71.112,51.192,0.000,47.767,71.059,52.019,49.814,0.000,45.183,46.355,48.518,47.264,0.000,45.922,43.889,46.137,47.144,0.000,46.470,44.935,46.293,71.041,0.000,44.287,44.132,45.931,47.204,0.000,44.840,43.099,45.065,45.248,0.000,45.938,43.871,44.288,46.946,0.000,48.269,45.024,46.269,71.000,0.000,48.305,46.216,46.259,49.251,0.000,49.462,47.414,47.415,49.404,0.000,50.657,48.612,48.612,50.565,0.000,51.852,49.804,49.804,51.762,0.000,53.007,50.966,50.966,52.941,0.000,54.096,52.117,52.124,54.086,0.000,54.930,53.202,53.260,55.154,0.000,55.003,54.026,54.288,55.926,0.000,71.197,37.369,40.219,42.769,0.000,70.000,0.000,0.000,0.000,0.000,70.000,0.000,0.000,0.000,0.000,64.757,69.025,71.579,64.890,0.000,63.512,71.368,66.185,62.879,0.000,71.344,71.187,65.177,61.657,0.000,70.000,0.000,0.000,0.000,0.000,71.215,53.639,71.215,57.910,0.000,70.000,0.000,0.000,0.000,0.000,52.409,51.168,71.076,71.076,0.000,54.315,49.073,53.189,71.122,0.000,71.074,71.038,52.468,53.307,0.000,70.000,0.000,0.000,0.000,0.000,45.302,47.752,71.053,47.422,0.000,44.862,42.697,46.088,44.863,0.000,44.219,45.037,43.887,45.794,0.000,43.091,43.065,44.836,45.030,0.000,43.732,41.933,43.989,44.019,0.000,44.806,42.769,43.087,44.753,0.000,45.983,43.932,43.959,45.895,0.000,47.175,45.125,45.127,47.084,0.000,48.369,46.322,46.322,48.277,0.000,49.566,47.520,47.520,49.473,0.000,50.763,48.720,48.719,50.670,0.000,51.935,49.891,49.891,51.862,0.000,53.032,51.044,51.049,53.014,0.000,53.881,52.137,52.188,54.091,0.000,53.956,52.982,53.224,54.879,0.000,71.169,34.291,37.265,39.917,0.000,70.000,0.000,0.000,0.000,0.000,70.000,0.000,0.000,0.000,0.000,71.202,71.000,71.202,67.652,0.000,70.000,0.000,0.000,0.000,0.000,70.000,0.000,0.000,0.000,0.000,54.887,71.094,71.094,71.094,0.000,53.807,50.144,55.668,54.586,0.000,52.482,71.132,53.702,71.132,0.000,49.073,48.993,53.138,51.999,0.000,71.097,47.769,51.053,51.122,0.000,70.000,0.000,0.000,0.000,0.000,70.000,0.000,0.000,0.000,0.000,45.530,71.010,71.029,48.800,0.000,44.957,41.454,46.217,43.761,0.000,44.478,71.012,44.077,46.121,0.000,41.999,42.517,44.899,44.052,0.000,42.630,40.760,42.917,42.859,0.000,43.714,41.668,41.922,43.651,0.000,44.894,42.841,42.858,44.805,0.000,46.085,44.035,44.035,45.994,0.000,47.279,45.231,45.230,47.187,0.000,48.475,46.430,46.428,48.382,0.000,49.672,47.632,47.627,49.578,0.000,50.859,48.824,48.817,50.776,0.000,51.967,49.971,49.975,51.943,0.000,52.834,51.072,51.115,53.028,0.000,52.910,51.936,52.161,53.832,0.000,71.146,31.087,34.183,36.946,0.000,70.000,0.000,0.000,0.000,0.000,70.000,0.000,0.000,0.000,0.000,70.000,0.000,0.000,0.000,0.000,71.166,48.675,71.166,53.477,0.000,70.000,0.000,0.000,0.000,0.000,47.825,49.184,71.086,50.991,0.000,45.308,45.365,48.595,48.547,0.000,44.017,71.028,48.782,71.028,0.000,71.016,39.743,47.555,71.016,0.000,70.000,0.000,0.000,0.000,0.000,71.012,40.108,71.012,45.208,0.000,70.000,0.000,0.000,0.000,0.000,42.164,41.436,71.006,44.265,0.000,41.556,39.582,42.313,41.721,0.000,42.623,40.570,40.750,42.551,0.000,43.805,41.751,41.760,43.715,0.000,44.996,42.944,42.944,44.905,0.000,46.191,44.144,44.139,46.097,0.000,47.391,45.391,45.338,47.293,0.000,48.590,46.629,46.540,48.491,0.000,49.776,47.808,47.741,49.687,0.000,50.903,48.898,48.907,50.868,0.000,51.788,50.007,50.043,51.965,0.000,51.865,50.892,51.098,52.788,0.000,35.703,27.753,29.106,31.984,0.000,71.041,71.041,35.378,71.041,0.000,70.000,0.000,0.000,0.000,0.000,70.000,0.000,0.000,0.000,0.000,70.000,0.000,0.000,0.000,0.000,70.000,0.000,0.000,0.000,0.000,50.131,71.072,71.072,71.072,0.000,49.717,44.764,50.832,49.571,0.000,50.567,71.099,48.844,71.099,0.000,46.972,71.096,51.134,50.083,0.000,71.058,44.237,49.015,47.573,0.000,70.000,0.000,0.000,0.000,0.000,37.214,36.842,71.009,41.941,0.000,38.386,34.278,39.343,71.005,0.000,40.896,36.573,35.738,40.795,0.000,42.861,71.005,40.224,71.005,0.000,39.557,38.846,41.147,42.195,0.000,40.410,38.393,39.866,40.503,0.000,41.532,39.475,39.571,41.452,0.000,42.716,40.662,40.665,42.627,0.000,43.912,41.859,41.854,43.817,0.000,45.156,43.146,43.054,45.013,0.000,46.434,45.674,44.304,46.256,0.000,47.606,46.703,45.543,47.449,0.000,48.689,46.721,46.735,48.605,0.000,49.834,47.826,47.897,49.787,0.000,50.744,48.942,48.971,50.902,0.000,50.822,49.849,50.035,51.744,0.000,71.104,26.364,29.582,30.777,0.000,70.000,0.000,0.000,0.000,0.000,41.396,31.355,71.096,71.096,0.000,47.427,71.112,36.938,71.112,0.000,71.056,71.056,43.554,71.056,0.000,70.000,0.000,0.000,0.000,0.000,70.000,0.000,0.000,0.000,0.000,70.000,0.000,0.000,0.000,0.000,71.125,43.336,71.125,48.506,0.000,70.000,0.000,0.000,0.000,0.000,70.000,0.000,0.000,0.000,0.000,41.567,71.005,71.022,47.758,0.000,37.158,37.029,43.638,71.014,0.000,34.316,34.080,37.788,37.626,0.000,36.252,33.037,35.076,35.247,0.000,71.003,35.438,35.930,38.266,0.000,70.000,0.000,0.000,0.000,0.000,39.850,37.727,71.003,41.231,0.000,39.315,37.252,38.744,39.323,0.000,40.443,38.384,38.433,40.358,0.000,41.633,39.573,39.573,41.539,0.000,42.912,40.811,40.769,42.733,0.000,45.431,43.320,42.060,44.021,0.000,47.773,71.003,44.681,46.567,0.000,46.570,45.696,45.777,46.494,0.000,47.638,45.631,46.763,47.618,0.000,48.757,46.742,46.818,48.696,0.000,49.700,47.876,47.897,49.832,0.000,49.779,48.808,48.972,50.701,0.000,25.161,22.831,23.991,27.047,0.000,30.737,24.187,26.432,71.097,0.000,71.116,28.088,27.816,34.007,0.000,70.000,0.000,0.000,0.000,0.000,70.000,0.000,0.000,0.000,0.000,70.000,0.000,0.000,0.000,0.000,71.047,43.459,71.047,71.047,0.000,70.000,0.000,0.000,0.000,0.000,45.013,71.053,71.053,71.053,0.000,38.983,71.105,47.132,45.679,0.000,39.609,35.596,41.463,71.136,0.000,71.085,36.843,40.148,71.085,0.000,70.000,0.000,0.000,0.000,0.000,35.889,35.887,71.007,39.439,0.000,33.053,32.929,36.592,35.027,0.000,33.587,31.822,33.867,33.961,0.000,34.704,32.606,33.015,36.170,0.000,37.524,33.746,35.513,71.000,0.000,37.044,34.925,34.985,38.447,0.000,38.171,36.108,36.110,38.134,0.000,39.354,37.295,37.295,39.267,0.000,40.583,38.485,38.485,40.454,0.000,42.994,39.723,39.722,41.691,0.000,71.001,42.273,42.313,44.312,0.000,70.000,0.000,0.000,0.000,0.000,46.742,44.643,71.003,47.781,0.000,46.544,44.496,45.704,46.529,0.000,47.672,45.649,45.690,47.602,0.000,48.658,46.810,46.824,48.758,0.000,48.738,47.768,47.908,49.660,0.000,23.905,21.665,22.748,23.755,0.000,25.698,25.417,23.004,25.178,0.000,33.215,31.103,24.787,28.938,0.000,71.035,71.035,32.751,71.035,0.000,70.000,0.000,0.000,0.000,0.000,43.464,41.906,71.096,71.096,0.000,71.152,39.053,44.382,45.728,0.000,70.000,0.000,0.000,0.000,0.000,70.000,0.000,0.000,0.000,0.000,70.000,0.000,0.000,0.000,0.000,36.776,34.317,71.118,38.233,0.000,37.423,33.917,35.529,37.704,0.000,36.108,36.213,36.931,71.046,0.000,33.090,33.207,36.860,36.668,0.000,31.841,31.780,33.965,33.825,0.000,32.486,30.664,32.719,32.756,0.000,33.562,31.511,31.805,33.513,0.000,34.727,32.662,32.685,34.645,0.000,35.904,33.841,33.841,35.819,0.000,37.084,35.023,35.023,36.998,0.000,38.267,36.211,36.208,38.180,0.000,39.455,37.402,37.395,39.366,0.000,40.647,38.595,38.587,40.595,0.000,41.874,39.782,39.825,43.006,0.000,44.406,40.967,42.374,71.000,0.000,44.257,42.161,42.209,45.370,0.000,45.406,43.358,43.360,45.355,0.000,46.586,44.555,44.556,46.508,0.000,47.613,45.735,45.744,47.676,0.000,47.699,46.730,46.844,48.621,0.000,25.111,20.500,21.669,22.679,0.000,32.848,71.050,24.472,26.583,0.000,71.059,71.024,30.232,30.441,0.000,70.000,0.000,0.000,0.000,0.000,70.000,0.000,0.000,0.000,0.000,39.214,43.236,71.155,44.291,0.000,36.026,41.597,40.135,39.996,0.000,34.409,71.060,40.476,71.060,0.000,33.042,28.919,36.954,71.070,0.000,34.055,29.895,32.131,71.075,0.000,33.522,31.189,31.197,34.982,0.000,36.460,34.450,32.632,34.948,0.000,35.210,71.038,35.834,38.741,0.000,32.073,35.578,36.011,34.174,0.000,30.691,30.762,32.944,32.690,0.000,31.392,29.505,31.627,31.604,0.000,32.479,30.419,30.651,32.420,0.000,33.645,31.579,31.593,33.562,0.000,34.821,32.757,32.757,34.736,0.000,36.003,33.945,33.938,35.915,0.000,37.191,35.196,35.125,37.098,0.000,38.380,36.435,36.315,38.283,0.000,39.562,37.601,37.507,39.470,0.000,40.739,38.693,38.697,40.657,0.000,41.928,39.877,39.884,41.839,0.000,43.121,41.071,41.071,43.029,0.000,44.314,42.267,42.267,44.223,0.000,45.500,43.464,43.464,45.416,0.000,46.564,44.652,44.656,46.593,0.000,46.661,45.693,45.773,47.578,0.000,71.036,19.240,22.745,23.839,0.000,70.000,0.000,0.000,0.000,0.000,70.000,0.000,0.000,0.000,0.000,70.000,0.000,0.000,0.000,0.000,46.631,71.059,71.059,71.059,0.000,42.136,46.255,47.192,40.733,0.000,71.098,71.059,44.868,40.832,0.000,70.000,0.000,0.000,0.000,0.000,31.758,27.555,71.053,31.877,0.000,30.931,28.852,28.781,30.769,0.000,33.990,30.273,30.082,32.124,0.000,71.091,35.586,33.342,35.501,0.000,70.000,0.000,0.000,0.000,0.000,34.685,71.001,71.002,36.717,0.000,29.679,29.679,35.231,31.769,0.000,30.303,28.343,30.605,30.455,0.000,31.397,29.331,29.495,31.330,0.000,32.563,30.496,30.503,32.481,0.000,33.745,31.679,31.674,33.655,0.000,34.992,32.984,32.861,34.839,0.000,36.286,35.948,34.115,36.085,0.000,37.442,36.911,35.356,37.265,0.000,38.479,36.520,36.535,38.395,0.000,39.654,37.604,37.699,39.573,0.000,40.840,38.787,38.795,40.750,0.000,42.031,39.980,39.980,41.940,0.000,43.224,41.175,41.175,43.133,0.000,44.414,42.372,42.372,44.326,0.000,45.518,43.565,43.566,45.509,0.000,45.625,44.658,44.699,46.532,0.000,71.023,15.392,19.122,22.464,0.000,70.000,0.000,0.000,0.000,0.000,70.000,0.000,0.000,0.000,0.000,70.000,0.000,0.000,0.000,0.000,71.137,54.277,71.137,45.341,0.000,70.000,0.000,0.000,0.000,0.000,29.613,25.397,71.016,71.016,0.000,28.526,24.067,26.517,28.355,0.000,32.053,71.032,27.752,31.764,0.000,33.361,30.712,29.115,31.091,0.000,39.161,71.043,32.701,36.284,0.000,71.042,36.631,37.685,71.042,0.000,70.000,0.000,0.000,0.000,0.000,30.300,28.433,71.002,32.512,0.000,29.235,27.176,29.353,29.320,0.000,30.315,28.245,28.335,30.242,0.000,31.488,29.415,29.417,31.401,0.000,32.782,30.651,30.597,32.580,0.000,35.734,33.587,31.906,33.885,0.000,38.454,71.003,34.994,36.874,0.000,36.429,35.939,36.044,36.360,0.000,37.446,35.436,36.950,37.453,0.000,38.567,36.512,36.613,38.486,0.000,39.751,37.697,37.702,39.662,0.000,40.942,38.890,38.890,40.851,0.000,42.134,40.084,40.084,42.043,0.000,43.327,41.281,41.281,43.236,0.000,44.472,42.480,42.476,44.425,0.000,44.591,43.628,43.620,45.489,0.000,19.078,11.391,12.766,16.244,0.000,32.534,71.021,18.662,71.021,0.000,71.009,71.009,27.453,71.009,0.000,70.000,0.000,0.000,0.000,0.000,70.000,0.000,0.000,0.000,0.000,71.069,71.000,71.069,50.735,0.000,70.000,0.000,0.000,0.000,0.000,26.095,21.892,71.019,28.358,0.000,71.020,22.786,25.307,27.164,0.000,70.000,0.000,0.000,0.000,0.000,71.027,29.645,71.027,34.165,0.000,70.000,0.000,0.000,0.000,0.000,33.756,71.008,71.029,40.921,0.000,28.744,28.325,36.160,71.019,0.000,27.165,25.198,29.113,29.259,0.000,28.082,26.016,26.329,28.094,0.000,29.234,27.162,27.181,29.157,0.000,30.457,28.334,28.335,30.323,0.000,33.262,29.569,29.571,31.561,0.000,71.000,32.560,32.619,34.649,0.000,70.000,0.000,0.000,0.000,0.000,37.034,34.905,71.003,38.460,0.000,36.356,34.293,35.908,36.369,0.000,37.478,35.421,35.475,37.394,0.000,38.663,36.608,36.610,38.574,0.000,39.853,37.800,37.800,39.763,0.000,41.045,38.994,38.994,40.954,0.000,42.242,40.195,40.190,42.147,0.000,43.440,41.487,41.390,43.343,0.000,43.610,44.002,42.588,44.497,0.000,71.005,10.014,13.866,15.073,0.000,70.000,0.000,0.000,0.000,0.000,70.000,0.000,0.000,0.000,0.000,70.000,0.000,0.000,0.000,0.000,70.000,0.000,0.000,0.000,0.000,22.642,18.168,71.009,24.973,0.000,25.837,19.203,19.611,23.589,0.000,29.499,71.009,25.379,71.009,0.000,71.021,24.038,28.658,32.318,0.000,70.000,0.000,0.000,0.000,0.000,70.000,0.000,0.000,0.000,0.000,27.369,27.157,71.010,31.141,0.000,25.989,23.975,27.881,26.203,0.000,26.998,24.928,25.123,26.940,0.000,28.154,26.083,26.092,28.076,0.000,29.321,27.252,27.253,29.243,0.000,30.494,28.425,28.427,30.466,0.000,31.728,29.600,29.663,33.272,0.000,34.700,30.779,32.654,71.000,0.000,34.084,31.961,32.023,35.610,0.000,35.206,33.145,33.147,35.173,0.000,36.389,34.331,34.331,36.303,0.000,37.576,35.520,35.520,37.487,0.000,38.765,36.711,36.711,38.675,0.000,39.960,37.906,37.904,39.865,0.000,41.247,39.150,39.104,41.062,0.000,43.806,41.742,40.402,42.356,0.000,45.327,71.002,43.064,44.906,0.000,7.962,5.789,6.979,10.658,0.000,14.542,6.904,10.055,71.002,0.000,71.000,10.926,13.939,71.000,0.000,70.000,0.000,0.000,0.000,0.000,70.000,0.000,0.000,0.000,0.000,70.000,0.000,0.000,0.000,0.000,20.603,15.697,71.000,71.000,0.000,18.731,14.290,16.821,18.948,0.000,71.004,17.917,18.166,22.405,0.000,70.000,0.000,0.000,0.000,0.000,24.820,20.435,71.007,27.023,0.000,71.002,21.496,26.226,71.002,0.000,70.000,0.000,0.000,0.000,0.000,26.108,23.850,71.005,29.947,0.000,24.803,22.732,24.829,24.898,0.000,25.918,23.845,23.914,25.837,0.000,27.077,25.006,25.008,27.000,0.000,28.243,26.173,26.173,28.163,0.000,29.412,27.344,27.344,29.331,0.000,30.585,28.519,28.518,30.502,0.000,31.760,29.696,29.696,31.676,0.000,32.938,30.876,30.876,32.853,0.000,34.119,32.059,32.059,34.033,0.000,35.303,33.245,33.244,35.215,0.000,36.489,34.433,34.432,36.400,0.000,37.678,35.623,35.622,37.587,0.000,38.913,36.817,36.816,38.778,0.000,41.403,38.062,38.060,40.022,0.000,71.000,40.697,40.737,42.731,0.000,70.000,0.000,0.000,0.000,0.000,6.666,4.632,5.721,6.745,0.000,7.854,5.698,5.840,7.850,0.000,9.156,6.909,7.014,11.581,0.000,13.180,8.128,11.040,71.000,0.000,14.335,9.348,12.205,71.000,0.000,15.491,10.568,13.370,71.000,0.000,13.995,11.788,11.881,16.326,0.000,15.120,13.008,13.014,15.173,0.000,16.413,14.228,14.314,18.553,0.000,20.121,15.448,18.029,71.000,0.000,18.842,16.668,16.756,21.050,0.000,20.052,17.888,17.971,22.121,0.000,23.600,19.108,21.525,71.000,0.000,22.479,20.329,20.409,24.473,0.000,23.616,21.549,21.551,23.584,0.000,24.828,22.761,22.761,24.729,0.000,26.001,23.930,23.929,25.924,0.000,27.166,25.096,25.095,27.087,0.000,28.333,26.266,26.264,28.253,0.000,29.505,27.440,27.437,29.422,0.000,30.679,28.617,28.613,30.595,0.000,31.856,29.797,29.792,31.771,0.000,33.036,30.980,30.974,32.949,0.000,34.219,32.165,32.159,34.131,0.000,35.404,33.353,33.346,35.314,0.000,36.591,34.544,34.535,36.501,0.000,37.782,35.736,35.726,37.690,0.000,38.980,36.931,36.922,38.926,0.000,40.131,38.123,38.163,41.413,0.000,41.677,39.218,40.746,71.000,0.000,5.561,3.477,4.570,5.597,0.000,6.754,4.590,4.686,6.659,0.000,7.962,5.807,5.810,7.860,0.000,9.171,7.026,7.026,9.069,0.000,10.381,8.247,8.246,10.279,0.000,11.592,9.467,9.466,11.490,0.000,12.803,10.687,10.686,12.701,0.000,14.015,11.908,11.906,13.913,0.000,15.228,13.129,13.126,15.125,0.000,16.441,14.351,14.346,16.339,0.000,17.655,15.573,15.566,17.552,0.000,18.869,16.795,16.786,18.766,0.000,20.084,18.017,18.006,19.981,0.000,21.299,19.240,19.226,21.196,0.000,22.514,20.463,20.447,22.412,0.000,23.731,21.686,21.667,23.627,0.000,24.928,22.868,22.855,24.839,0.000,26.091,24.035,24.019,26.011,0.000,27.258,25.207,25.187,27.176,0.000,28.429,26.382,26.359,28.344,0.000,29.602,27.560,27.535,29.515,0.000,30.779,28.742,28.714,30.690,0.000,31.959,29.927,29.895,31.868,0.000,33.142,31.116,31.080,33.048,0.000,34.327,32.307,32.267,34.231,0.000,35.515,33.500,33.456,35.417,0.000,36.704,34.696,34.648,36.604,0.000,37.895,35.895,35.842,37.796,0.000,39.038,37.091,37.036,38.991,0.000,39.152,38.191,38.177,40.054,0.000,4.457,2.320,3.417,4.450,0.000,5.657,3.485,3.534,5.558,0.000,6.865,4.705,4.704,6.763,0.000,8.074,5.928,5.924,7.972,0.000,9.284,7.153,7.145,9.181,0.000,10.495,8.380,8.365,10.392,0.000,11.708,9.607,9.586,11.603,0.000,12.921,10.836,10.806,12.815,0.000,14.135,12.066,12.028,14.028,0.000,15.349,13.296,13.249,15.241,0.000,16.565,14.527,14.471,16.454,0.000,17.781,15.760,15.693,17.669,0.000,18.998,16.992,16.916,18.884,0.000,20.216,18.226,18.139,20.099,0.000,21.435,19.459,19.362,21.315,0.000,22.654,20.675,20.585,22.531,0.000,23.862,21.872,21.792,23.748,0.000,25.036,23.047,22.960,24.940,0.000,26.204,24.226,24.130,26.104,0.000,27.376,25.410,25.303,27.271,0.000,28.552,26.598,26.480,28.443,0.000,29.731,27.789,27.661,29.617,0.000,30.914,28.984,28.845,30.795,0.000,32.100,30.183,30.033,31.975,0.000,33.288,31.384,31.223,33.159,0.000,34.479,32.588,32.416,34.345,0.000,35.673,33.794,33.611,35.534,0.000,36.867,35.003,34.809,36.724,0.000,38.015,36.210,36.007,37.914,0.000,38.131,37.318,37.153,39.018,0.000,3.355,1.161,2.263,3.303,0.000,4.560,2.381,2.381,4.458,0.000,5.772,3.654,3.603,5.666,0.000,6.986,4.925,4.826,6.876,0.000,8.202,6.194,6.052,8.086,0.000,9.421,7.462,7.279,9.298,0.000,10.641,8.729,8.507,10.511,0.000,11.863,9.994,9.736,11.724,0.000,13.086,11.258,10.966,12.939,0.000,14.311,12.521,12.197,14.155,0.000,15.537,13.783,13.429,15.371,0.000,16.764,15.044,14.662,16.589,0.000,17.993,16.272,15.896,17.807,0.000,19.222,17.491,17.130,19.026,0.000,20.452,18.714,18.364,20.246,0.000,21.677,19.940,19.593,21.467,0.000,22.877,21.133,20.795,22.688,0.000,24.062,22.332,21.977,23.888,0.000,25.239,23.534,23.155,25.058,0.000,26.421,24.741,24.338,26.229,0.000,27.607,25.951,25.525,27.403,0.000,28.796,27.164,26.716,28.580,0.000,29.989,28.380,27.910,29.762,0.000,31.185,29.599,29.108,30.946,0.000,32.384,30.820,30.309,32.134,0.000,33.586,32.030,31.512,33.324,0.000,34.791,33.228,32.718,34.517,0.000,35.996,34.428,33.927,35.713,0.000,37.153,35.628,35.136,36.907,0.000,37.272,36.732,36.291,38.014,0.000,0.000,0.000,0.000,0.000,0.000,3.517,2.326,1.279,3.366,0.000,4.777,3.598,2.555,4.581,0.000,6.037,4.868,3.830,5.798,0.000,7.297,6.137,5.102,7.018,0.000,8.556,7.405,6.373,8.240,0.000,9.814,8.671,7.643,9.464,0.000,11.071,9.936,8.911,10.689,0.000,12.329,11.200,10.177,11.916,0.000,13.585,12.463,11.443,13.144,0.000,14.841,13.725,12.707,14.373,0.000,16.097,14.986,13.969,15.604,0.000,17.320,16.215,15.206,16.835,0.000,18.537,17.435,16.426,18.068,0.000,19.757,18.658,17.650,19.301,0.000,20.981,19.883,18.876,20.534,0.000,22.184,21.096,20.082,21.738,0.000,23.381,22.294,21.280,22.941,0.000,24.581,23.496,22.483,24.119,0.000,25.786,24.701,23.689,25.300,0.000,26.994,25.911,24.899,26.485,0.000,28.205,27.124,26.112,27.675,0.000,29.420,28.339,27.328,28.868,0.000,30.636,29.557,28.547,30.064,0.000,31.856,30.778,29.768,31.264,0.000,33.065,31.989,30.982,32.466,0.000,34.262,33.186,32.180,33.671,0.000,35.459,34.387,33.381,34.879,0.000,36.610,35.587,34.582,36.084,0.000,36.714,36.695,35.732,37.198,0.000,
