States
897
Policy
[south, south, west, west, south, south, south, south, south, south, south, south, south, south, east, east, south, south, south, south, west, west, south, south, west, west, west, west, west, south, south, south, south, south, south, south, south, south, south, south, south, south, south, south, south, south, south, south, south, south, south, south, south, south, south, west, west, west, south, south, south, south, south, south, south, south, south, south, south, south, south, south, south, south, south, south, south, south, south, south, south, south, south, south, south, south, south, south, south, south, south, south, south, south, south, south, south, south, south, south, south, south, south, south, south, south, south, south, south, south, south, south, south, south, south, south, south, south, south, south, south, south, west, west, south, south, south, south, south, south, south, south, south, south, east, east, south, south, south, south, south, south, south, south, south, south, south, south, south, south, south, south, west, west, south, south, south, south, south, south, south, south, south, east, east, east, east, south, south, south, south, south, south, south, south, south, south, south, south, south, south, south, obstacle, obstacle, obstacle, south, south, south, south, south, south, south, west, east, east, east, east, obstacle, west, south, south, south, south, south, south, south, south, south, south, south, south, south, west, west, obstacle, obstacle, west, south, south, south, south, west, west, west, east, east, east, north, east, south, west, west, south, south, south, south, west, south, south, south, south, west, west, west, west, west, west, obstacle, obstacle, east, obstacle, west, west, west, west, east, east, east, east, obstacle, west, west, south, south, south, west, west, west, west, south, south, west, obstacle, south, west, obstacle, south, east, obstacle, south, north, west, west, west, west, east, east, east, north, north, north, south, south, south, west, west, west, west, west, west, south, south, obstacle, south, obstacle, obstacle, south, west, east, obstacle, west, south, west, west, west, south, south, south, north, north, east, south, south, west, west, west, west, west, west, west, south, south, west, west, west, west, west, west, west, north, south, south, south, west, west, south, south, south, south, south, east, east, obstacle, west, west, west, west, west, west, west, south, west, west, obstacle, north, north, west, west, south, south, east, obstacle, west, west, west, east, east, south, south, south, west, north, north, west, west, west, west, west, west, west, south, west, obstacle, obstacle, obstacle, north, obstacle, obstacle, obstacle, south, north, south, south, west, east, east, obstacle, east, obstacle, west, west, north, north, west, west, west, west, west, west, south, west, obstacle, obstacle, south, east, south, south, south, south, west, south, south, south, west, east, north, north, north, north, west, north, south, south, west, west, west, west, west, south, south, obstacle, obstacle, obstacle, east, south, south, south, south, obstacle, south, south, south, west, west, north, north, north, south, south, south, south, south, west, west, west, west, west, south, south, west, west, obstacle, south, obstacle, south, south, east, south, south, south, south, south, west, west, west, north, south, south, south, south, south, west, west, west, west, west, west, south, south, west, obstacle, obstacle, east, south, west, west, obstacle, south, south, south, south, south, west, west, south, south, south, south, west, east, obstacle, west, west, west, west, west, west, south, south, west, obstacle, obstacle, east, south, west, west, south, south, south, south, south, west, west, west, west, east, east, obstacle, west, north, north, west, west, west, west, west, west, south, west, west, obstacle, obstacle, obstacle, south, obstacle, east, east, south, south, south, south, west, west, west, south, south, north, north, north, north, north, north, west, west, west, west, north, south, west, west, west, west, west, west, obstacle, obstacle, east, south, south, south, west, west, west, obstacle, south, south, west, north, west, north, north, north, north, west, west, west, north, south, west, obstacle, south, obstacle, obstacle, obstacle, south, obstacle, obstacle, south, south, south, south, south, obstacle, south, south, south, west, west, west, west, north, north, west, west, west, west, west, south, west, west, west, west, obstacle, south, south, south, obstacle, south, south, south, south, south, south, south, south, south, west, west, west, west, west, west, west, west, west, west, south, south, south, obstacle, north, west, east, south, west, south, south, south, south, south, south, west, west, west, west, west, west, west, west, west, west, west, west, west, west, west, south, south, south, south, obstacle, obstacle, obstacle, south, obstacle, south, south, south, south, west, west, west, west, west, west, west, west, west, west, west, west, west, west, west, west, west, south, south, south, south, south, south, south, south, south, south, south, west, west, west, west, west, west, west, west, west, west, west, west, west, west, west, west, west, west, west, south, south, south, south, west, west, west, west, west, west, west, west, west, west, west, west, west, west, west, west, west, west, west, west, west, west, west, west, west, west, west, south, south, west, west, west, west, west, west, west, west, west, west, west, west, west, west, west, west, west, west, west, west, west, west, west, west, west, west, west, west, south, south, west, west, west, west, west, west, west, west, west, west, west, west, west, west, west, west, west, west, west, west, west, west, west, west, west, west, west, west, null, west, west, west, west, west, west, west, west, west, west, west, west, west, west, west, west, west, west, west, west, west, west, west, west, west, west, west, west, west]
Alpha value
1.0
Max number of actions
5
34.154,32.325,33.320,33.320,0.000,35.221,33.287,33.422,34.256,0.000,36.325,34.420,34.400,35.365,0.000,37.295,35.538,35.508,36.468,0.000,38.317,36.462,36.602,37.429,0.000,39.241,37.487,37.560,38.448,0.000,39.499,38.402,38.550,39.343,0.000,39.694,38.582,39.390,39.546,0.000,40.200,38.753,39.581,39.729,0.000,39.989,39.297,39.763,40.234,0.000,40.714,39.014,40.258,40.013,0.000,41.590,39.822,40.089,40.790,0.000,41.800,40.745,40.884,41.684,0.000,40.975,40.879,41.692,41.808,0.000,39.918,39.949,41.712,40.879,0.000,38.809,38.820,40.735,39.774,0.000,37.934,37.697,39.634,38.669,0.000,38.571,36.848,38.601,37.866,0.000,39.514,37.662,37.927,38.633,0.000,40.610,38.678,38.765,39.646,0.000,41.719,39.801,39.791,40.756,0.000,42.786,40.925,40.903,41.866,0.000,43.865,41.964,42.009,42.929,0.000,44.975,43.044,43.073,44.010,0.000,46.089,44.179,44.158,45.123,0.000,47.206,45.328,45.273,46.239,0.000,48.323,46.476,46.389,47.356,0.000,49.433,47.621,47.505,48.473,0.000,50.419,48.732,48.616,49.577,0.000,50.517,49.589,49.676,50.517,0.000,33.111,31.219,32.252,33.211,0.000,34.204,32.210,32.356,34.148,0.000,35.323,33.351,33.361,35.259,0.000,36.258,34.474,34.492,36.362,0.000,37.286,35.388,35.600,37.323,0.000,38.229,36.419,36.523,38.341,0.000,38.464,37.357,37.518,39.237,0.000,38.647,37.511,38.378,39.439,0.000,39.191,37.668,38.546,39.622,0.000,38.919,38.255,38.715,40.127,0.000,39.674,37.903,39.248,39.905,0.000,40.578,38.747,39.019,40.683,0.000,40.801,39.701,39.847,41.579,0.000,39.976,39.847,40.684,41.705,0.000,38.894,38.885,40.712,40.773,0.000,37.767,37.749,39.733,39.668,0.000,36.845,36.616,38.606,38.560,0.000,37.527,35.717,37.555,37.756,0.000,38.473,36.584,36.838,38.524,0.000,39.584,37.603,37.723,39.538,0.000,40.706,38.731,38.753,40.649,0.000,41.750,39.857,39.877,41.760,0.000,42.829,40.892,40.997,42.822,0.000,43.960,41.972,42.038,43.903,0.000,45.107,43.109,43.123,45.018,0.000,46.256,44.261,44.261,46.136,0.000,47.402,45.414,45.411,47.255,0.000,48.520,46.563,46.559,48.373,0.000,49.423,47.675,47.695,49.476,0.000,49.523,48.555,48.761,50.417,0.000,32.031,30.112,31.146,32.106,0.000,33.131,31.133,31.253,33.070,0.000,34.259,32.280,32.285,34.207,0.000,35.185,33.410,33.423,35.325,0.000,36.217,34.313,34.535,36.249,0.000,37.183,35.351,35.448,37.274,0.000,37.395,36.314,36.452,38.190,0.000,37.563,36.439,37.331,38.369,0.000,38.148,36.581,37.475,38.539,0.000,37.811,37.217,37.631,39.081,0.000,38.597,36.789,38.203,38.798,0.000,39.531,37.672,37.910,39.607,0.000,39.767,38.659,38.776,40.535,0.000,38.914,38.815,39.641,40.671,0.000,37.825,37.820,39.678,39.738,0.000,36.688,36.678,38.667,38.607,0.000,35.716,35.536,37.532,37.478,0.000,36.446,34.582,36.471,36.628,0.000,37.395,35.507,35.709,37.443,0.000,38.512,36.528,36.647,38.464,0.000,39.638,37.659,37.679,39.588,0.000,40.678,38.789,38.807,40.711,0.000,41.756,39.819,39.928,41.750,0.000,42.888,40.898,40.965,42.831,0.000,44.036,42.038,42.051,43.967,0.000,45.189,43.190,43.191,45.118,0.000,46.339,44.343,44.343,46.268,0.000,47.461,45.493,45.495,47.415,0.000,48.387,46.612,46.635,48.525,0.000,48.485,47.516,47.702,49.384,0.000,30.952,29.005,30.040,31.000,0.000,32.059,30.057,30.148,31.993,0.000,33.195,31.209,31.210,33.137,0.000,34.109,32.347,32.352,34.260,0.000,35.148,33.236,33.471,35.174,0.000,36.138,34.283,34.374,36.207,0.000,36.325,35.272,35.385,37.145,0.000,36.476,35.367,36.286,37.297,0.000,37.110,35.492,36.403,37.455,0.000,36.699,36.183,36.544,38.039,0.000,37.521,35.671,37.163,37.688,0.000,38.484,36.596,36.798,38.531,0.000,38.734,37.617,37.704,39.492,0.000,37.851,37.785,38.600,39.638,0.000,36.756,36.753,38.644,38.674,0.000,35.611,35.607,37.600,37.535,0.000,34.584,34.458,36.458,36.397,0.000,35.367,33.444,35.389,35.497,0.000,36.318,34.432,34.577,36.365,0.000,37.440,35.453,35.572,37.388,0.000,38.570,36.588,36.604,38.516,0.000,39.605,37.721,37.735,39.643,0.000,40.683,38.746,38.859,40.677,0.000,41.816,39.825,39.891,41.757,0.000,42.965,40.966,40.977,42.895,0.000,44.118,42.118,42.119,44.047,0.000,45.269,43.272,43.272,45.200,0.000,46.398,44.423,44.424,46.349,0.000,47.346,45.549,45.566,47.463,0.000,47.446,46.477,46.642,48.345,0.000,29.873,27.895,28.932,29.893,0.000,30.986,28.982,29.043,30.916,0.000,32.133,30.199,30.138,32.068,0.000,33.036,31.354,31.284,33.199,0.000,34.079,32.159,32.407,34.099,0.000,35.095,33.213,33.299,35.139,0.000,35.255,34.233,34.317,36.102,0.000,35.388,34.295,35.242,36.226,0.000,36.076,34.400,35.330,36.368,0.000,35.584,35.155,35.456,37.001,0.000,36.444,34.548,36.127,36.574,0.000,37.438,35.522,35.681,37.456,0.000,37.703,36.576,36.633,38.449,0.000,36.787,36.756,37.559,38.606,0.000,35.686,35.690,37.611,37.608,0.000,34.535,34.536,36.533,36.464,0.000,33.448,33.381,35.384,35.317,0.000,34.289,32.301,34.309,34.363,0.000,35.240,33.359,33.441,35.288,0.000,36.369,34.377,34.499,36.313,0.000,37.502,35.517,35.529,37.445,0.000,38.532,36.654,36.664,38.575,0.000,39.609,37.672,37.791,39.604,0.000,40.744,38.751,38.818,40.684,0.000,41.893,39.894,39.904,41.823,0.000,43.047,41.047,41.048,42.975,0.000,44.199,42.200,42.200,44.129,0.000,45.333,43.352,43.353,45.279,0.000,46.306,44.485,44.497,46.401,0.000,46.407,45.439,45.580,47.306,0.000,28.796,26.785,27.823,28.785,0.000,29.972,27.908,27.938,29.842,0.000,31.203,30.940,29.132,31.064,0.000,31.987,31.007,30.298,32.163,0.000,33.011,31.081,31.411,33.025,0.000,34.055,32.143,32.223,34.070,0.000,34.184,33.195,33.249,35.060,0.000,34.296,33.222,34.201,35.154,0.000,35.047,33.306,34.258,35.279,0.000,34.464,34.132,34.365,35.968,0.000,35.368,33.420,35.095,35.456,0.000,36.393,34.447,34.559,36.380,0.000,36.674,35.536,35.563,37.408,0.000,35.730,35.833,36.522,37.580,0.000,34.621,34.753,36.585,36.547,0.000,33.464,33.538,35.470,35.395,0.000,32.307,32.310,34.310,34.238,0.000,33.214,31.153,33.230,33.224,0.000,34.162,32.289,32.301,34.213,0.000,35.297,33.301,33.429,35.238,0.000,36.434,34.445,34.454,36.374,0.000,37.459,35.586,35.593,37.507,0.000,38.536,36.599,36.723,38.531,0.000,39.672,37.677,37.745,39.610,0.000,40.822,38.822,38.830,40.751,0.000,41.975,39.975,39.976,41.904,0.000,43.128,41.129,41.129,43.057,0.000,44.268,42.282,42.282,44.209,0.000,45.266,43.420,43.428,45.337,0.000,45.369,44.402,44.518,46.268,0.000,27.717,25.674,26.712,27.676,0.000,30.642,26.833,26.893,28.830,0.000,30.000,0.000,0.000,0.000,0.000,30.000,0.000,0.000,0.000,0.000,30.000,0.000,0.000,0.000,0.000,33.016,31.072,31.143,33.001,0.000,33.113,32.161,32.181,34.021,0.000,33.202,32.148,33.161,34.081,0.000,34.023,32.208,33.185,34.187,0.000,33.340,33.116,33.271,34.939,0.000,34.292,32.287,34.069,34.333,0.000,35.348,33.374,33.433,35.305,0.000,35.746,34.497,34.497,36.370,0.000,34.816,35.516,35.512,36.581,0.000,33.693,35.553,35.725,35.556,0.000,32.471,34.466,34.598,34.400,0.000,31.239,33.308,33.381,33.239,0.000,30.000,0.000,0.000,0.000,0.000,33.151,33.087,31.222,33.206,0.000,34.226,32.225,32.361,34.163,0.000,35.367,33.374,33.378,35.302,0.000,36.386,34.519,34.522,36.439,0.000,37.462,35.525,35.656,37.458,0.000,38.600,36.603,36.671,38.536,0.000,39.750,37.750,37.757,39.679,0.000,40.904,38.904,38.904,40.832,0.000,42.057,40.058,40.058,41.986,0.000,43.201,41.211,41.211,43.139,0.000,44.226,42.354,42.359,44.273,0.000,44.332,43.366,43.455,45.230,0.000,26.577,24.561,25.599,26.563,0.000,27.765,25.690,25.717,27.687,0.000,29.044,27.019,26.924,30.659,0.000,30.802,28.221,28.136,30.802,0.000,30.000,0.000,0.000,0.000,0.000,30.000,0.000,0.000,0.000,0.000,32.060,31.612,31.128,33.001,0.000,32.105,31.074,32.124,33.008,0.000,33.005,31.106,32.111,33.093,0.000,32.210,32.106,32.174,33.916,0.000,33.217,31.147,33.049,33.205,0.000,34.301,32.305,32.301,34.231,0.000,35.400,33.525,33.454,35.357,0.000,35.555,34.701,34.546,35.726,0.000,34.618,35.753,35.492,34.753,0.000,33.537,35.569,35.473,33.613,0.000,32.385,34.455,34.384,32.392,0.000,33.100,33.375,33.297,31.231,0.000,32.157,32.228,32.228,32.220,0.000,33.218,31.149,33.092,33.151,0.000,34.300,32.309,32.303,34.231,0.000,35.315,33.513,33.453,35.374,0.000,36.388,34.451,34.589,36.384,0.000,37.528,35.530,35.597,37.463,0.000,38.679,36.679,36.683,38.608,0.000,39.832,37.832,37.833,39.761,0.000,40.986,38.986,38.986,40.915,0.000,42.134,40.140,40.140,42.068,0.000,43.188,41.287,41.289,43.208,0.000,43.296,42.330,42.392,44.193,0.000,25.498,23.449,24.488,25.451,0.000,26.787,24.743,24.615,26.557,0.000,28.138,30.725,25.955,27.957,0.000,29.197,27.749,27.133,29.023,0.000,30.409,29.015,28.337,30.822,0.000,31.500,30.965,29.524,30.965,0.000,31.030,31.228,30.618,32.008,0.000,30.000,0.000,0.000,0.000,0.000,30.000,0.000,0.000,0.000,0.000,31.105,31.969,31.105,32.930,0.000,30.000,0.000,0.000,0.000,0.000,33.367,33.193,31.234,33.228,0.000,34.578,34.318,32.461,34.385,0.000,35.707,35.440,33.677,35.483,0.000,35.643,36.487,34.804,35.620,0.000,34.645,36.559,35.748,34.650,0.000,33.532,35.521,35.493,33.534,0.000,32.383,34.414,34.377,32.383,0.000,31.231,33.301,33.296,33.100,0.000,30.000,0.000,0.000,0.000,0.000,33.362,33.299,31.238,33.233,0.000,34.305,34.235,32.452,34.372,0.000,35.317,33.376,33.580,35.313,0.000,36.456,34.456,34.523,36.389,0.000,37.607,35.607,35.609,37.536,0.000,38.761,36.761,36.761,38.690,0.000,39.915,37.915,37.915,39.843,0.000,41.066,39.070,39.069,40.997,0.000,42.150,40.221,40.220,42.142,0.000,42.260,41.296,41.327,43.157,0.000,24.540,22.336,23.380,24.345,0.000,30.316,23.784,23.674,25.649,0.000,30.000,0.000,0.000,0.000,0.000,28.948,26.720,30.687,28.202,0.000,30.835,30.891,27.993,29.394,0.000,30.000,0.000,0.000,0.000,0.000,31.910,30.261,31.027,31.562,0.000,31.019,31.287,31.245,31.019,0.000,30.000,0.000,0.000,0.000,0.000,32.071,31.038,31.075,32.033,0.000,33.110,32.214,32.049,31.149,0.000,34.195,33.223,32.262,32.336,0.000,35.317,34.338,33.379,33.551,0.000,36.407,35.451,34.498,34.756,0.000,36.586,36.494,35.581,35.846,0.000,35.658,36.462,36.514,35.703,0.000,34.593,35.452,36.474,34.632,0.000,33.488,34.405,35.406,33.490,0.000,32.387,34.369,34.336,32.380,0.000,33.298,33.413,33.302,31.239,0.000,34.164,34.239,32.377,32.375,0.000,33.307,33.302,33.373,33.439,0.000,34.305,32.299,34.235,34.300,0.000,35.384,33.382,33.446,35.315,0.000,36.536,34.536,34.536,36.464,0.000,37.690,35.695,35.690,37.618,0.000,38.845,36.856,36.844,38.772,0.000,39.999,38.019,37.999,39.927,0.000,41.114,39.180,39.152,41.077,0.000,41.226,40.266,40.263,42.121,0.000,23.410,21.217,22.261,23.231,0.000,30.205,22.542,22.593,24.723,0.000,30.000,0.000,0.000,0.000,0.000,30.694,25.486,30.694,27.851,0.000,30.000,0.000,0.000,0.000,0.000,30.000,0.000,0.000,0.000,0.000,31.212,29.172,30.953,31.180,0.000,31.904,30.316,30.298,31.899,0.000,31.025,31.421,31.283,31.025,0.000,30.000,0.000,0.000,0.000,0.000,33.107,33.044,31.183,32.179,0.000,34.154,32.220,32.289,33.225,0.000,35.267,33.338,33.335,34.339,0.000,36.347,34.486,34.449,35.458,0.000,36.425,35.556,35.524,36.505,0.000,35.521,35.489,36.457,36.573,0.000,34.508,34.444,36.319,35.543,0.000,34.437,33.399,35.307,34.478,0.000,33.471,34.138,34.324,33.441,0.000,34.208,33.328,34.323,32.415,0.000,33.308,33.368,33.408,33.374,0.000,32.300,32.299,34.167,34.161,0.000,33.230,31.154,33.223,33.223,0.000,34.311,32.310,32.308,34.239,0.000,35.472,33.538,33.465,35.395,0.000,36.635,34.761,34.624,36.552,0.000,37.800,35.980,35.785,37.709,0.000,38.965,37.194,36.949,38.867,0.000,40.093,38.402,38.112,40.021,0.000,40.207,39.529,39.234,41.099,0.000,22.137,20.098,21.137,22.106,0.000,23.488,21.252,21.267,23.386,0.000,25.122,22.960,22.660,30.242,0.000,26.529,30.604,24.093,26.542,0.000,27.811,27.763,25.472,30.591,0.000,29.010,28.897,26.791,30.716,0.000,30.171,30.057,28.031,30.094,0.000,31.348,31.161,29.260,31.225,0.000,32.053,31.986,30.440,31.970,0.000,32.950,32.085,31.502,31.121,0.000,32.145,32.111,32.123,32.177,0.000,33.185,31.146,33.049,33.144,0.000,34.266,32.267,32.296,34.193,0.000,35.377,33.448,33.419,35.310,0.000,35.423,34.543,34.527,36.351,0.000,34.483,34.453,35.484,36.317,0.000,33.434,33.372,35.309,35.301,0.000,34.103,32.289,34.292,34.315,0.000,33.291,33.154,33.322,34.320,0.000,33.356,32.254,34.036,33.396,0.000,32.369,33.196,33.254,34.167,0.000,31.232,33.229,33.285,33.225,0.000,30.000,0.000,0.000,0.000,0.000,33.381,33.313,31.239,33.239,0.000,34.605,34.472,32.472,34.401,0.000,35.823,35.631,33.700,35.565,0.000,37.038,36.791,34.922,36.730,0.000,38.247,37.951,36.140,37.897,0.000,39.414,39.109,37.353,39.061,0.000,39.529,40.190,38.519,40.149,0.000,21.053,18.985,20.025,20.989,0.000,22.705,20.439,20.171,22.135,0.000,30.428,30.672,21.909,24.066,0.000,30.000,0.000,0.000,0.000,0.000,29.030,30.933,30.782,26.857,0.000,30.006,30.866,28.035,27.978,0.000,31.080,31.159,29.130,29.176,0.000,31.885,31.006,30.227,30.340,0.000,31.987,31.043,31.255,31.440,0.000,32.070,31.072,32.013,32.080,0.000,31.109,31.120,32.038,32.938,0.000,30.000,0.000,0.000,0.000,0.000,33.257,32.194,31.195,33.160,0.000,34.391,33.210,32.380,34.307,0.000,34.415,34.231,33.515,35.376,0.000,33.418,33.476,34.470,35.283,0.000,32.301,32.307,34.268,34.229,0.000,33.084,31.148,33.219,33.209,0.000,32.213,32.146,32.215,33.953,0.000,33.152,31.146,33.081,33.174,0.000,33.232,32.266,32.228,33.288,0.000,32.308,33.340,33.167,32.304,0.000,33.308,33.422,33.234,31.237,0.000,34.388,34.425,32.390,32.391,0.000,35.544,35.535,33.543,33.615,0.000,36.700,36.648,34.698,34.833,0.000,37.857,37.762,35.853,36.048,0.000,39.013,38.878,37.010,37.258,0.000,40.132,39.993,38.165,38.462,0.000,40.245,41.036,39.279,39.586,0.000,20.217,17.872,18.921,19.886,0.000,29.878,19.664,19.366,21.359,0.000,30.000,0.000,0.000,0.000,0.000,30.000,0.000,0.000,0.000,0.000,30.000,0.000,0.000,0.000,0.000,30.988,31.488,30.988,30.235,0.000,30.000,0.000,0.000,0.000,0.000,30.000,0.000,0.000,0.000,0.000,30.000,0.000,0.000,0.000,0.000,31.946,30.090,31.038,31.999,0.000,32.083,31.161,31.125,31.047,0.000,33.058,31.195,32.059,32.187,0.000,34.086,32.200,32.301,33.328,0.000,33.467,33.272,33.254,34.394,0.000,32.445,34.211,34.193,34.335,0.000,31.237,33.297,33.357,33.232,0.000,30.000,0.000,0.000,0.000,0.000,31.146,33.075,31.146,33.005,0.000,30.000,0.000,0.000,0.000,0.000,33.299,33.300,31.233,33.164,0.000,33.418,34.369,32.383,33.312,0.000,34.387,34.487,33.420,32.427,0.000,35.420,34.421,33.532,33.499,0.000,36.527,35.466,34.606,34.645,0.000,37.640,36.584,35.716,35.795,0.000,38.755,37.704,36.827,36.946,0.000,39.870,38.824,37.940,38.098,0.000,40.951,39.943,39.054,39.249,0.000,41.061,40.989,40.129,40.325,0.000,19.133,16.747,17.798,18.773,0.000,29.773,18.504,18.287,20.558,0.000,30.000,0.000,0.000,0.000,0.000,30.000,0.000,0.000,0.000,0.000,31.471,31.017,31.017,31.017,0.000,30.523,30.540,31.888,31.210,0.000,31.185,29.443,31.423,30.969,0.000,30.937,30.249,30.472,30.955,0.000,30.061,29.979,31.155,30.939,0.000,31.044,28.987,30.916,31.012,0.000,31.085,30.969,30.127,31.912,0.000,32.024,30.093,31.157,32.083,0.000,33.120,31.127,31.234,33.060,0.000,34.138,32.268,32.272,34.116,0.000,33.372,33.344,33.280,33.434,0.000,32.374,34.279,34.146,32.376,0.000,33.162,33.440,33.292,31.235,0.000,32.301,34.170,32.301,32.224,0.000,33.297,33.436,33.162,31.235,0.000,34.326,34.297,32.381,32.379,0.000,34.474,35.153,33.479,33.483,0.000,34.381,34.363,34.438,33.526,0.000,35.321,33.414,34.515,34.492,0.000,36.397,34.456,34.524,35.558,0.000,37.516,35.604,35.575,36.667,0.000,38.637,36.753,36.695,37.780,0.000,39.758,37.902,37.816,38.895,0.000,40.844,39.048,38.936,40.009,0.000,40.954,40.119,40.017,41.051,0.000,17.939,15.620,16.669,17.646,0.000,29.650,17.085,17.188,19.499,0.000,30.000,0.000,0.000,0.000,0.000,30.000,0.000,0.000,0.000,0.000,30.000,0.000,0.000,0.000,0.000,29.491,30.943,30.961,31.415,0.000,30.164,28.304,30.403,30.361,0.000,29.931,29.216,29.386,31.072,0.000,28.959,28.933,30.151,30.813,0.000,30.819,27.840,29.895,29.942,0.000,30.000,0.000,0.000,0.000,0.000,30.977,28.983,30.933,31.013,0.000,32.051,30.052,30.128,31.986,0.000,33.192,31.202,31.205,33.126,0.000,34.209,32.350,32.345,34.147,0.000,33.443,33.427,33.352,33.377,0.000,34.247,34.484,34.285,32.450,0.000,33.501,35.192,33.505,33.308,0.000,34.291,34.361,34.243,32.446,0.000,35.052,33.364,33.498,33.440,0.000,34.357,34.238,34.363,34.463,0.000,33.406,33.357,35.085,34.468,0.000,34.307,32.301,34.286,34.335,0.000,35.383,33.381,33.447,35.315,0.000,36.531,34.536,34.534,36.435,0.000,37.682,35.694,35.686,37.559,0.000,38.830,36.855,36.837,38.683,0.000,39.941,38.014,37.986,39.805,0.000,40.053,39.099,39.093,40.854,0.000,16.494,14.497,15.534,16.508,0.000,18.046,15.605,15.675,17.918,0.000,20.616,17.235,17.232,29.708,0.000,30.574,30.574,19.509,30.574,0.000,30.000,0.000,0.000,0.000,0.000,30.868,27.315,30.868,30.868,0.000,30.000,0.000,0.000,0.000,0.000,29.177,27.158,30.748,29.278,0.000,28.886,28.187,28.251,30.035,0.000,27.891,30.828,29.221,29.868,0.000,27.861,26.652,28.775,28.731,0.000,28.800,26.835,27.773,30.674,0.000,29.832,27.837,27.976,29.837,0.000,30.977,28.977,28.990,30.909,0.000,32.130,30.130,30.131,32.059,0.000,33.276,31.284,31.283,33.203,0.000,34.346,32.434,32.429,34.222,0.000,35.131,33.561,33.495,33.513,0.000,34.364,34.328,34.479,34.317,0.000,33.366,33.363,35.120,33.498,0.000,34.169,32.294,34.285,34.285,0.000,33.354,33.230,33.356,35.042,0.000,32.298,32.291,34.098,34.208,0.000,33.230,31.153,33.216,33.224,0.000,34.310,32.310,32.307,34.239,0.000,35.472,33.539,33.464,35.394,0.000,36.635,34.762,34.624,36.549,0.000,37.798,35.981,35.785,37.703,0.000,38.924,37.193,36.946,38.854,0.000,39.039,38.324,38.067,39.928,0.000,15.402,13.386,14.423,15.386,0.000,16.940,14.515,14.553,16.476,0.000,29.561,16.567,16.141,18.496,0.000,30.000,0.000,0.000,0.000,0.000,30.000,0.000,0.000,0.000,0.000,26.052,26.281,30.574,28.248,0.000,27.009,24.782,27.099,30.521,0.000,28.011,26.062,25.948,28.007,0.000,30.675,27.233,27.163,29.104,0.000,30.000,0.000,0.000,0.000,0.000,26.859,25.530,30.556,27.655,0.000,27.651,25.735,26.585,27.716,0.000,28.757,26.761,26.876,28.698,0.000,29.905,27.905,27.914,29.835,0.000,31.059,29.059,29.059,30.987,0.000,32.212,30.213,30.213,32.141,0.000,33.351,31.368,31.366,33.286,0.000,34.199,32.503,32.504,34.350,0.000,33.371,33.321,33.550,35.122,0.000,32.299,32.296,34.180,34.217,0.000,33.156,31.151,33.217,33.215,0.000,32.291,32.227,32.225,34.027,0.000,31.227,33.220,33.156,33.213,0.000,30.000,0.000,0.000,0.000,0.000,33.382,33.316,31.239,33.239,0.000,34.605,34.478,32.472,34.401,0.000,35.825,35.642,33.700,35.565,0.000,37.039,36.807,34.923,36.730,0.000,38.210,37.971,36.141,37.894,0.000,38.325,39.058,37.311,38.981,0.000,14.310,12.274,13.312,14.276,0.000,15.884,13.425,13.445,15.386,0.000,29.454,15.553,15.089,17.442,0.000,30.000,0.000,0.000,0.000,0.000,30.000,0.000,0.000,0.000,0.000,25.130,30.787,30.656,27.235,0.000,25.909,23.624,26.025,25.723,0.000,27.150,30.658,24.997,27.011,0.000,26.461,26.743,26.109,27.986,0.000,25.544,25.403,27.119,30.492,0.000,25.641,24.292,26.307,26.417,0.000,26.569,24.634,25.361,26.612,0.000,27.684,25.685,25.777,27.621,0.000,28.834,26.834,26.839,28.763,0.000,29.988,27.988,27.987,29.916,0.000,31.144,29.150,29.142,31.070,0.000,32.292,30.363,30.298,32.225,0.000,33.192,31.495,31.443,33.354,0.000,32.315,32.504,32.501,34.128,0.000,31.229,33.177,33.235,33.218,0.000,30.000,0.000,0.000,0.000,0.000,33.223,33.293,31.230,33.158,0.000,32.309,34.235,32.302,32.299,0.000,33.312,33.460,33.231,31.239,0.000,34.396,34.472,32.393,32.393,0.000,35.557,35.626,33.550,33.619,0.000,36.720,36.780,34.709,34.839,0.000,37.883,37.934,35.870,36.056,0.000,39.010,39.085,37.032,37.266,0.000,39.124,40.153,38.153,38.395,0.000,13.218,11.161,12.201,13.165,0.000,14.832,12.338,12.336,14.298,0.000,29.350,14.625,14.041,16.427,0.000,30.000,0.000,0.000,0.000,0.000,30.000,0.000,0.000,0.000,0.000,30.000,0.000,0.000,0.000,0.000,30.482,22.450,30.482,24.956,0.000,30.000,0.000,0.000,0.000,0.000,25.782,30.812,30.682,27.309,0.000,24.346,24.704,26.611,26.283,0.000,24.540,23.168,25.240,25.193,0.000,25.491,23.537,24.241,25.511,0.000,26.611,24.610,24.683,26.545,0.000,27.763,25.762,25.764,27.691,0.000,28.925,26.927,26.916,28.845,0.000,30.142,28.266,28.080,30.008,0.000,31.339,30.951,29.296,31.218,0.000,32.368,30.437,30.444,32.305,0.000,33.132,31.516,31.560,33.188,0.000,32.253,32.568,32.499,32.250,0.000,33.290,33.330,33.182,31.232,0.000,34.236,34.344,32.376,32.375,0.000,33.524,35.275,33.443,33.378,0.000,34.471,34.670,34.322,32.469,0.000,35.552,35.631,33.615,33.549,0.000,36.703,36.776,34.703,34.703,0.000,37.856,37.924,35.857,35.862,0.000,39.008,39.071,37.010,37.022,0.000,40.115,40.212,38.162,38.181,0.000,40.227,41.257,39.272,39.264,0.000,12.128,10.048,11.088,12.053,0.000,13.881,11.773,11.248,13.231,0.000,16.204,29.870,13.086,15.507,0.000,18.233,16.062,14.846,29.505,0.000,20.585,30.128,16.994,30.128,0.000,22.322,30.261,18.990,30.261,0.000,30.381,30.633,20.839,23.838,0.000,30.000,0.000,0.000,0.000,0.000,30.000,0.000,0.000,0.000,0.000,23.649,30.735,30.546,25.646,0.000,23.454,22.042,24.501,24.084,0.000,24.413,22.441,23.118,24.414,0.000,25.538,23.536,23.589,25.469,0.000,26.701,24.691,24.690,26.619,0.000,28.036,25.974,25.856,27.785,0.000,30.798,30.862,27.206,29.134,0.000,30.000,0.000,0.000,0.000,0.000,31.367,29.367,30.971,31.349,0.000,32.432,30.457,30.513,32.375,0.000,33.206,31.593,31.582,33.136,0.000,34.226,32.730,32.634,32.331,0.000,35.218,33.849,33.418,33.455,0.000,34.674,34.908,34.443,34.408,0.000,35.623,35.761,35.365,33.685,0.000,36.702,36.729,34.823,34.706,0.000,37.844,37.821,35.855,35.853,0.000,38.988,38.920,37.000,37.004,0.000,40.130,40.023,38.146,38.155,0.000,41.214,41.124,39.289,39.303,0.000,41.324,42.154,40.389,40.368,0.000,11.538,8.934,9.992,10.958,0.000,28.974,10.736,10.717,12.722,0.000,30.000,0.000,0.000,0.000,0.000,29.926,15.064,29.926,16.792,0.000,30.000,0.000,0.000,0.000,0.000,30.000,0.000,0.000,0.000,0.000,30.000,0.000,0.000,0.000,0.000,30.580,19.244,30.580,30.580,0.000,30.000,0.000,0.000,0.000,0.000,30.000,0.000,0.000,0.000,0.000,22.594,20.899,30.096,23.198,0.000,23.336,21.344,21.980,23.317,0.000,24.466,22.463,22.495,24.394,0.000,25.737,23.619,23.621,25.552,0.000,30.439,24.905,24.909,26.847,0.000,30.000,0.000,0.000,0.000,0.000,29.278,27.212,30.808,30.808,0.000,30.237,28.235,28.355,30.223,0.000,31.383,29.384,29.388,31.314,0.000,32.522,30.537,30.536,32.441,0.000,33.646,31.690,31.675,33.230,0.000,34.769,32.841,32.811,34.322,0.000,35.637,33.981,33.934,35.317,0.000,36.607,35.117,34.992,34.776,0.000,37.690,36.243,35.858,35.797,0.000,38.787,37.373,36.890,36.938,0.000,39.889,38.506,37.986,38.082,0.000,40.992,39.637,39.086,39.224,0.000,42.061,40.766,40.186,40.363,0.000,42.170,41.816,41.249,41.406,0.000,9.917,7.799,8.841,9.824,0.000,12.307,9.459,9.041,11.570,0.000,14.934,29.732,11.567,29.732,0.000,16.066,16.070,12.926,15.956,0.000,29.989,18.053,15.191,29.989,0.000,30.000,0.000,0.000,0.000,0.000,19.154,16.306,30.070,30.070,0.000,18.726,17.404,17.455,20.001,0.000,30.123,17.773,19.206,30.123,0.000,30.000,0.000,0.000,0.000,0.000,21.521,19.486,29.972,22.084,0.000,22.251,20.249,20.601,22.211,0.000,23.390,21.390,21.402,23.320,0.000,24.543,22.543,22.544,24.476,0.000,25.702,23.697,23.702,25.748,0.000,26.987,24.851,24.987,30.449,0.000,28.009,26.005,26.009,28.056,0.000,29.159,27.159,27.159,29.091,0.000,30.312,28.312,28.312,30.241,0.000,31.466,29.466,29.466,31.394,0.000,32.618,30.620,30.619,32.533,0.000,33.769,31.774,31.772,33.672,0.000,34.909,32.927,32.923,34.797,0.000,36.038,34.079,34.064,35.670,0.000,37.170,35.231,35.201,36.703,0.000,38.304,36.382,36.336,37.801,0.000,39.438,37.533,37.471,38.901,0.000,40.569,38.682,38.605,40.004,0.000,41.660,39.826,39.737,41.107,0.000,41.767,40.824,40.826,42.136,0.000,9.202,6.683,7.739,8.706,0.000,28.744,8.372,8.536,10.579,0.000,30.000,0.000,0.000,0.000,0.000,18.495,30.558,29.989,15.191,0.000,18.127,30.066,16.738,16.738,0.000,16.794,30.048,18.554,30.048,0.000,17.276,14.706,17.653,17.231,0.000,17.721,30.033,16.359,18.696,0.000,17.847,16.278,17.384,18.610,0.000,19.280,16.893,17.778,29.670,0.000,20.025,18.012,18.056,20.304,0.000,21.165,19.164,19.166,21.105,0.000,22.318,20.318,20.318,22.247,0.000,23.472,21.472,21.472,23.400,0.000,24.626,22.626,22.626,24.554,0.000,25.779,23.779,23.779,25.708,0.000,26.933,24.933,24.933,26.862,0.000,28.087,26.087,26.087,28.016,0.000,29.241,27.241,27.241,29.170,0.000,30.395,28.395,28.395,30.323,0.000,31.549,29.549,29.549,31.477,0.000,32.702,30.703,30.702,32.629,0.000,33.855,31.856,31.856,33.781,0.000,35.008,33.010,33.009,34.923,0.000,36.159,34.164,34.162,36.061,0.000,37.310,35.318,35.314,37.199,0.000,38.461,36.471,36.466,38.335,0.000,39.607,37.624,37.616,39.471,0.000,40.647,38.770,38.762,40.600,0.000,40.757,39.791,39.865,41.651,0.000,7.485,5.551,6.586,7.567,0.000,9.219,6.588,6.738,9.183,0.000,29.441,8.413,9.150,29.441,0.000,30.000,0.000,0.000,0.000,0.000,30.000,0.000,0.000,0.000,0.000,30.000,0.000,0.000,0.000,0.000,29.865,13.501,29.865,16.611,0.000,30.000,0.000,0.000,0.000,0.000,17.218,15.182,29.521,17.629,0.000,17.805,15.803,16.282,17.765,0.000,18.939,16.939,16.955,18.870,0.000,20.093,18.093,18.093,20.021,0.000,21.246,19.246,19.246,21.175,0.000,22.400,20.400,20.400,22.329,0.000,23.554,21.554,21.554,23.483,0.000,24.708,22.708,22.708,24.637,0.000,25.862,23.862,23.862,25.790,0.000,27.016,25.016,25.016,26.944,0.000,28.170,26.170,26.170,28.098,0.000,29.323,27.324,27.323,29.252,0.000,30.477,28.478,28.477,30.406,0.000,31.631,29.632,29.631,31.560,0.000,32.785,30.786,30.785,32.713,0.000,33.939,31.940,31.939,33.867,0.000,35.093,33.094,33.093,35.019,0.000,36.246,34.248,34.246,36.172,0.000,37.400,35.402,35.400,37.323,0.000,38.550,36.556,36.554,38.474,0.000,39.613,37.705,37.703,39.618,0.000,39.722,38.757,38.809,40.618,0.000,6.384,4.443,5.478,6.438,0.000,7.487,5.488,5.586,7.446,0.000,8.660,6.636,6.665,9.200,0.000,10.495,7.790,8.495,28.743,0.000,11.610,8.944,9.610,28.859,0.000,12.725,10.098,10.725,28.974,0.000,13.291,11.252,11.291,14.241,0.000,14.956,12.405,12.956,29.205,0.000,15.578,13.559,13.578,15.984,0.000,16.714,14.713,14.714,16.659,0.000,17.867,15.867,15.867,17.796,0.000,19.021,17.022,17.021,18.950,0.000,20.175,18.176,18.175,20.104,0.000,21.329,19.330,19.329,21.257,0.000,22.483,20.484,20.483,22.411,0.000,23.637,21.638,21.637,23.565,0.000,24.791,22.793,22.791,24.719,0.000,25.945,23.947,23.945,25.873,0.000,27.099,25.102,25.099,27.027,0.000,28.253,26.256,26.253,28.181,0.000,29.407,27.411,27.407,29.335,0.000,30.561,28.566,28.561,30.489,0.000,31.715,29.720,29.715,31.642,0.000,32.869,30.875,30.869,32.796,0.000,34.023,32.030,32.023,33.950,0.000,35.177,33.185,33.177,35.104,0.000,36.331,34.341,34.331,36.258,0.000,37.483,35.496,35.485,37.411,0.000,38.576,36.647,36.637,38.559,0.000,38.687,37.723,37.745,39.583,0.000,5.305,3.334,4.370,5.331,0.000,6.414,4.413,4.480,6.347,0.000,7.565,5.565,5.567,7.493,0.000,8.719,6.719,6.719,8.647,0.000,9.872,7.873,7.872,9.801,0.000,11.026,9.027,9.026,10.955,0.000,12.180,10.181,10.180,12.109,0.000,13.334,11.336,11.334,13.263,0.000,14.488,12.491,12.488,14.417,0.000,15.642,13.646,13.642,15.571,0.000,16.796,14.801,14.796,16.725,0.000,17.951,15.956,15.950,17.879,0.000,19.105,17.112,17.104,19.033,0.000,20.259,18.268,18.258,20.186,0.000,21.413,19.424,19.413,21.340,0.000,22.568,20.580,20.567,22.495,0.000,23.722,21.737,21.721,23.649,0.000,24.877,22.893,22.876,24.803,0.000,26.032,24.050,24.030,25.957,0.000,27.186,25.207,25.185,27.111,0.000,28.341,26.365,26.340,28.265,0.000,29.496,27.522,27.495,29.419,0.000,30.651,28.680,28.649,30.573,0.000,31.806,29.838,29.804,31.728,0.000,32.962,30.996,30.959,32.882,0.000,34.117,32.154,32.115,34.036,0.000,35.272,33.313,33.270,35.191,0.000,36.426,34.471,34.425,36.345,0.000,37.542,35.627,35.579,37.496,0.000,37.654,36.707,36.691,38.549,0.000,4.228,2.224,3.261,4.223,0.000,5.341,3.339,3.374,5.271,0.000,6.493,4.493,4.493,6.422,0.000,7.647,5.650,5.647,7.576,0.000,8.802,6.807,6.801,8.730,0.000,9.956,7.966,7.955,9.884,0.000,11.111,9.125,9.110,11.038,0.000,12.266,10.285,10.265,12.192,0.000,13.421,11.446,11.419,13.346,0.000,14.577,12.607,12.574,14.501,0.000,15.732,13.769,13.730,15.655,0.000,16.888,14.932,14.885,16.810,0.000,18.044,16.095,16.041,17.964,0.000,19.201,17.258,17.197,19.119,0.000,20.357,18.422,18.353,20.273,0.000,21.514,19.586,19.510,21.428,0.000,22.671,20.750,20.666,22.583,0.000,23.829,21.914,21.823,23.738,0.000,24.986,23.079,22.980,24.893,0.000,26.144,24.244,24.138,26.048,0.000,27.302,25.409,25.295,27.204,0.000,28.460,26.575,26.453,28.359,0.000,29.618,27.740,27.611,29.514,0.000,30.776,28.906,28.769,30.670,0.000,31.935,30.071,29.927,31.826,0.000,33.094,31.237,31.086,32.981,0.000,34.253,32.403,32.244,34.137,0.000,35.410,33.569,33.403,35.293,0.000,36.531,34.732,34.560,36.446,0.000,36.644,35.819,35.676,37.523,0.000,3.151,1.113,2.151,3.114,0.000,4.268,2.266,2.267,4.196,0.000,5.426,3.457,3.422,5.352,0.000,6.584,4.647,4.578,6.507,0.000,7.744,5.836,5.736,7.663,0.000,8.904,7.024,6.895,8.818,0.000,10.065,8.210,8.055,9.974,0.000,11.227,9.396,9.215,11.130,0.000,12.390,10.581,10.376,12.287,0.000,13.553,11.765,11.538,13.443,0.000,14.716,12.948,12.701,14.600,0.000,15.880,14.131,13.864,15.757,0.000,17.044,15.313,15.027,16.914,0.000,18.209,16.494,16.191,18.071,0.000,19.373,17.675,17.355,19.229,0.000,20.538,18.855,18.520,20.387,0.000,21.704,20.034,19.684,21.545,0.000,22.869,21.214,20.850,22.703,0.000,24.035,22.392,22.015,23.862,0.000,25.201,23.570,23.180,25.020,0.000,26.367,24.748,24.346,26.179,0.000,27.533,25.925,25.512,27.338,0.000,28.699,27.102,26.678,28.497,0.000,29.865,28.278,27.844,29.656,0.000,31.032,29.454,29.010,30.816,0.000,32.198,30.630,30.177,31.975,0.000,33.365,31.805,31.343,33.135,0.000,34.530,32.980,32.509,34.295,0.000,35.657,34.152,33.674,35.452,0.000,35.771,35.247,34.797,36.533,0.000,0.000,0.000,0.000,0.000,0.000,3.265,2.195,1.195,3.159,0.000,4.456,3.388,2.389,4.318,0.000,5.646,4.581,3.581,5.479,0.000,6.835,5.772,4.772,6.640,0.000,8.023,6.961,5.961,7.802,0.000,9.209,8.150,7.150,8.964,0.000,10.395,9.337,8.337,10.127,0.000,11.580,10.524,9.524,11.291,0.000,12.764,11.710,10.710,12.455,0.000,13.948,12.895,11.895,13.620,0.000,15.130,14.079,13.079,14.785,0.000,16.312,15.262,14.262,15.950,0.000,17.493,16.444,15.444,17.116,0.000,18.674,17.626,16.626,18.282,0.000,19.854,18.807,17.807,19.448,0.000,21.034,19.988,18.988,20.615,0.000,22.213,21.168,20.168,21.781,0.000,23.392,22.348,21.348,22.948,0.000,24.570,23.527,22.527,24.115,0.000,25.747,24.705,23.705,25.282,0.000,26.925,25.883,24.883,26.449,0.000,28.101,27.061,26.061,27.616,0.000,29.278,28.238,27.238,28.783,0.000,30.454,29.414,28.415,29.951,0.000,31.630,30.591,29.591,31.118,0.000,32.805,31.767,30.767,32.285,0.000,33.978,32.942,31.942,33.452,0.000,35.114,34.115,33.116,34.617,0.000,35.228,35.210,34.248,35.705,0.000,
