States
900
Policy
[south, south, south, south, south, south, south, south, south, south, south, south, south, east, south, south, south, south, south, south, south, south, south, south, south, south, south, south, west, south, south, south, south, south, south, south, south, south, south, south, south, south, south, south, south, south, south, south, south, south, south, south, south, south, south, south, south, south, south, south, south, south, south, south, south, south, south, south, south, south, south, south, south, south, south, south, south, south, south, south, south, south, south, south, south, south, south, south, south, south, south, south, south, south, south, south, south, south, south, south, south, south, south, east, south, south, south, south, south, south, south, south, south, south, south, south, south, south, south, south, south, south, south, south, south, south, south, south, south, south, south, south, south, east, south, south, south, south, south, south, south, south, south, south, south, south, south, west, west, south, south, south, south, south, south, south, south, south, south, south, east, south, south, east, south, south, south, south, south, south, south, south, south, south, east, south, west, west, west, west, east, obstacle, east, obstacle, west, south, obstacle, west, west, south, east, east, obstacle, east, south, south, south, south, south, south, south, south, south, south, east, obstacle, west, west, west, west, south, obstacle, south, north, east, obstacle, south, south, south, south, south, north, north, south, south, south, south, south, south, south, obstacle, west, south, south, south, north, north, west, west, west, obstacle, east, obstacle, obstacle, west, east, obstacle, obstacle, west, south, south, south, south, south, south, south, south, south, south, south, south, west, south, south, south, south, south, south, south, south, obstacle, west, north, south, south, south, north, north, east, obstacle, west, south, east, south, south, south, south, south, south, south, south, obstacle, south, south, south, south, south, south, south, south, south, south, east, obstacle, obstacle, obstacle, west, east, south, north, east, obstacle, south, south, south, south, south, east, south, south, south, south, south, south, south, south, south, south, south, south, obstacle, obstacle, west, north, south, north, west, east, obstacle, west, south, south, south, south, south, south, west, east, south, south, south, south, south, south, south, south, south, south, south, south, south, obstacle, west, south, obstacle, west, west, east, obstacle, south, obstacle, south, east, east, south, south, west, obstacle, south, south, south, south, south, south, south, south, south, south, south, south, south, obstacle, south, obstacle, west, west, south, south, south, east, south, south, east, east, south, south, west, south, south, south, south, south, south, south, south, south, south, south, south, south, south, obstacle, south, north, south, south, south, east, east, east, east, south, south, east, south, south, obstacle, south, south, south, south, south, south, south, south, south, south, south, south, south, east, south, south, obstacle, south, obstacle, south, south, east, east, east, south, south, obstacle, east, south, south, south, south, south, south, south, south, south, south, south, south, south, south, south, east, east, south, south, obstacle, south, south, south, obstacle, south, obstacle, south, south, obstacle, south, south, south, south, south, south, south, south, south, south, south, south, south, south, south, south, obstacle, east, south, south, south, west, west, south, south, obstacle, south, south, south, east, south, south, south, south, south, south, south, south, south, south, south, south, south, south, south, south, south, obstacle, south, south, west, west, west, east, east, east, east, east, south, obstacle, south, south, south, south, south, south, south, south, south, south, south, south, south, south, south, south, east, south, south, west, obstacle, north, north, east, east, east, east, east, east, south, south, south, west, west, west, south, south, west, south, south, south, south, south, south, south, south, obstacle, south, south, west, south, obstacle, south, north, north, north, obstacle, obstacle, south, south, south, west, west, west, west, south, west, west, west, south, south, south, south, south, south, south, obstacle, south, south, obstacle, south, south, obstacle, south, obstacle, obstacle, south, south, south, south, west, west, west, west, west, south, west, west, west, south, south, south, south, south, south, south, east, east, south, south, west, west, south, obstacle, east, south, east, east, south, west, west, west, west, west, west, south, west, west, south, south, south, south, south, south, south, south, obstacle, east, south, south, obstacle, obstacle, south, obstacle, obstacle, south, obstacle, south, south, west, west, north, south, west, east, south, south, obstacle, south, south, south, south, west, west, south, south, south, obstacle, south, south, south, obstacle, south, south, south, south, south, south, south, south, obstacle, south, south, obstacle, south, south, south, south, south, south, west, west, west, west, west, south, south, south, south, south, south, south, south, south, west, west, west, west, south, south, south, south, south, south, south, south, west, west, west, west, west, west, west, west, west, south, south, south, south, west, west, west, west, west, west, west, west, west, west, west, west, west, west, west, west, west, west, west, west, west, west, west, west, west, west, west, south, south, west, west, west, west, west, west, west, west, west, west, west, west, west, west, west, west, west, west, west, west, west, west, west, west, west, west, west, west, south, south, west, west, west, west, west, west, west, west, west, west, west, west, west, west, west, west, west, west, west, west, west, west, west, west, west, west, west, west, null, west, west, west, west, west, west, west, west, west, west, west, west, west, west, west, west, west, west, west, west, west, west, west, west, west, west, west, west, west]
Alpha value
0.7
Max number of actions
5
80.900,80.143,81.048,81.048,0.000,80.851,79.836,81.000,80.852,0.000,80.809,79.852,80.826,80.824,0.000,80.949,79.807,80.839,80.824,0.000,81.011,80.069,80.865,80.990,0.000,81.151,80.099,81.031,81.053,0.000,81.788,80.238,81.171,81.269,0.000,82.723,81.164,81.559,82.078,0.000,83.353,82.121,82.426,83.071,0.000,83.367,82.594,83.247,83.492,0.000,82.769,82.352,83.451,83.276,0.000,82.287,81.581,83.060,82.554,0.000,82.354,81.180,82.592,82.219,0.000,80.700,80.811,82.263,81.669,0.000,79.534,79.061,81.030,80.001,0.000,79.183,78.247,79.664,79.197,0.000,79.298,78.230,79.146,79.132,0.000,79.695,78.456,79.241,79.382,0.000,80.751,78.968,79.643,79.957,0.000,81.866,80.210,80.467,81.160,0.000,82.447,81.076,81.617,82.032,0.000,82.992,81.770,82.246,82.648,0.000,83.142,82.315,82.838,83.168,0.000,82.597,82.263,83.142,83.101,0.000,82.080,81.359,82.850,82.347,0.000,82.500,80.853,82.263,81.970,0.000,83.782,81.820,82.252,82.782,0.000,85.227,83.348,83.372,84.317,0.000,86.465,84.889,84.862,85.772,0.000,86.766,85.947,86.154,86.766,0.000,79.624,78.773,79.856,80.727,0.000,79.599,78.461,79.789,80.477,0.000,79.504,78.495,79.521,80.463,0.000,79.726,78.435,79.585,80.446,0.000,79.770,78.698,79.579,80.667,0.000,79.830,78.692,79.814,80.722,0.000,80.569,78.782,79.917,80.910,0.000,81.542,79.720,80.281,81.711,0.000,82.167,80.897,81.255,82.684,0.000,82.183,81.332,82.042,83.168,0.000,81.612,81.140,82.256,82.891,0.000,81.036,80.154,81.918,82.204,0.000,81.179,79.623,81.257,81.797,0.000,79.516,79.507,81.034,81.282,0.000,78.324,77.654,79.910,79.605,0.000,78.015,76.879,78.461,78.809,0.000,78.091,76.907,77.932,78.741,0.000,78.467,77.147,78.059,78.998,0.000,79.502,77.569,78.458,79.543,0.000,80.699,78.844,79.264,80.767,0.000,81.312,79.733,80.447,81.652,0.000,81.875,80.489,81.071,82.292,0.000,82.035,81.098,81.740,82.796,0.000,81.404,81.069,82.026,82.743,0.000,80.697,80.035,81.758,81.944,0.000,81.217,79.363,80.962,81.542,0.000,82.515,80.319,80.900,82.392,0.000,84.134,82.009,82.131,83.955,0.000,85.334,83.632,83.713,85.411,0.000,85.702,84.740,85.023,86.469,0.000,78.290,77.461,78.529,79.329,0.000,78.287,76.942,78.465,79.032,0.000,78.158,77.110,78.172,79.041,0.000,78.405,76.918,78.275,79.003,0.000,78.419,77.373,78.246,79.250,0.000,78.432,77.301,78.474,79.263,0.000,79.130,77.207,78.537,79.383,0.000,80.221,78.381,78.847,80.330,0.000,80.956,79.541,79.860,81.404,0.000,80.984,80.078,80.839,81.858,0.000,80.186,79.797,81.049,81.637,0.000,79.509,78.745,80.569,80.746,0.000,79.939,78.103,79.913,80.345,0.000,78.153,78.134,79.588,80.000,0.000,76.945,76.243,78.551,78.247,0.000,76.667,75.482,77.040,77.421,0.000,76.784,75.617,76.581,77.438,0.000,77.065,75.822,76.737,77.657,0.000,78.105,76.160,77.108,78.156,0.000,79.391,77.452,77.875,79.428,0.000,80.008,78.400,79.143,80.324,0.000,80.659,79.199,79.731,81.035,0.000,80.832,79.874,80.474,81.593,0.000,80.092,79.862,80.807,81.509,0.000,79.226,78.590,80.485,80.599,0.000,79.731,77.689,79.589,79.993,0.000,81.132,78.921,79.407,80.950,0.000,82.770,80.607,80.692,82.563,0.000,84.182,82.330,82.374,84.215,0.000,84.522,83.573,83.808,85.235,0.000,76.768,76.114,77.174,78.068,0.000,76.859,75.505,77.076,77.613,0.000,76.619,75.795,76.630,77.703,0.000,77.013,75.486,76.847,77.586,0.000,77.000,76.034,76.717,77.973,0.000,76.848,75.917,77.090,77.931,0.000,77.693,75.699,77.075,77.907,0.000,78.921,76.888,77.297,78.958,0.000,79.628,78.330,78.576,80.103,0.000,79.655,78.816,79.493,80.660,0.000,78.869,78.600,79.719,80.338,0.000,77.955,77.261,79.285,79.398,0.000,78.649,76.359,78.430,78.872,0.000,76.752,76.755,78.119,78.676,0.000,75.528,74.803,77.130,76.822,0.000,75.341,74.099,75.626,76.055,0.000,75.484,74.311,75.208,76.129,0.000,75.670,74.534,75.445,76.341,0.000,76.680,74.711,75.760,76.729,0.000,78.075,76.021,76.478,78.051,0.000,78.735,76.948,77.829,79.004,0.000,79.418,77.949,78.409,79.742,0.000,79.629,78.624,79.261,80.358,0.000,78.786,78.650,79.585,80.294,0.000,77.646,77.259,79.236,79.194,0.000,78.232,76.072,78.084,78.425,0.000,79.725,77.370,77.765,79.506,0.000,81.480,79.287,79.322,81.218,0.000,82.913,81.023,81.040,82.878,0.000,83.328,82.384,82.520,84.106,0.000,75.347,74.800,75.881,76.662,0.000,75.606,73.834,75.793,76.168,0.000,75.155,74.425,75.162,76.315,0.000,75.742,73.822,75.597,76.148,0.000,75.685,74.723,75.291,76.570,0.000,75.356,74.490,75.794,76.483,0.000,76.273,73.950,75.731,76.374,0.000,77.559,75.494,75.823,77.504,0.000,78.436,76.961,77.115,78.849,0.000,78.471,77.551,78.294,79.353,0.000,77.407,77.264,78.526,79.102,0.000,76.255,75.821,77.900,77.871,0.000,77.296,74.578,76.993,77.226,0.000,75.334,75.368,76.578,77.301,0.000,74.125,73.334,75.723,75.382,0.000,74.031,72.696,74.202,74.668,0.000,74.182,73.021,73.854,74.820,0.000,74.285,73.248,74.128,75.044,0.000,75.208,73.261,74.437,75.298,0.000,76.746,74.516,75.076,76.638,0.000,77.408,75.453,76.481,77.619,0.000,78.183,76.596,76.990,78.493,0.000,78.405,77.331,78.007,79.120,0.000,77.494,77.410,78.341,79.089,0.000,76.044,75.773,78.021,77.840,0.000,76.758,74.239,76.687,76.834,0.000,78.281,75.937,76.189,77.995,0.000,80.120,77.831,77.822,79.839,0.000,81.761,79.760,79.719,81.636,0.000,82.172,81.223,81.271,82.870,0.000,73.726,73.457,74.502,75.395,0.000,74.158,72.145,74.357,74.595,0.000,73.532,73.160,73.536,74.968,0.000,74.318,72.140,74.152,74.581,0.000,74.218,73.405,73.674,75.299,0.000,73.677,73.103,74.393,75.123,0.000,74.736,72.194,74.180,74.724,0.000,76.296,73.973,74.110,76.167,0.000,77.076,75.755,75.808,77.526,0.000,77.151,76.271,76.948,78.153,0.000,76.093,76.100,77.170,77.797,0.000,74.450,74.291,76.635,76.486,0.000,75.932,72.477,75.390,75.488,0.000,73.927,73.964,74.835,75.907,0.000,72.705,71.856,74.307,73.927,0.000,72.695,71.272,72.769,73.260,0.000,72.922,71.763,72.487,73.538,0.000,72.868,71.988,72.841,73.738,0.000,73.655,71.814,73.083,73.862,0.000,75.356,72.918,73.645,75.184,0.000,76.057,73.966,75.111,76.177,0.000,76.949,75.271,75.520,77.165,0.000,77.142,75.981,76.777,77.856,0.000,76.179,76.106,77.058,77.869,0.000,74.363,74.455,76.759,76.427,0.000,75.174,72.347,75.113,75.080,0.000,76.914,74.409,74.383,76.598,0.000,78.842,76.803,76.511,78.486,0.000,80.556,78.812,78.393,80.337,0.000,81.028,80.404,80.063,81.795,0.000,72.182,72.801,73.276,74.044,0.000,70.000,0.000,0.000,0.000,0.000,71.929,72.683,71.929,73.682,0.000,70.000,0.000,0.000,0.000,0.000,72.996,73.037,72.166,73.997,0.000,71.979,71.645,73.142,73.685,0.000,70.000,0.000,0.000,0.000,0.000,74.930,73.286,72.535,74.674,0.000,75.899,74.706,74.363,76.306,0.000,75.994,74.985,75.759,76.834,0.000,74.749,75.796,76.052,76.662,0.000,72.862,75.140,75.463,75.158,0.000,70.000,0.000,0.000,0.000,0.000,72.488,72.525,72.957,74.508,0.000,71.255,70.374,72.856,72.473,0.000,71.378,69.851,71.302,71.855,0.000,71.660,70.485,71.109,72.252,0.000,71.467,70.770,71.577,72.479,0.000,72.018,70.334,71.755,72.383,0.000,73.872,71.192,72.188,73.666,0.000,74.755,72.127,73.700,74.733,0.000,75.692,73.984,74.069,75.844,0.000,75.821,74.554,75.587,76.547,0.000,74.911,74.725,75.670,76.571,0.000,72.902,75.375,75.725,75.464,0.000,70.000,0.000,0.000,0.000,0.000,75.937,75.675,72.974,75.345,0.000,78.083,77.678,75.343,77.416,0.000,79.966,79.391,77.595,79.383,0.000,80.409,80.774,79.358,80.834,0.000,71.806,71.587,72.718,73.014,0.000,70.000,0.000,0.000,0.000,0.000,72.811,71.608,71.801,72.885,0.000,72.915,71.792,72.716,71.792,0.000,72.023,73.024,72.945,73.136,0.000,70.000,0.000,0.000,0.000,0.000,72.808,71.626,71.626,71.626,0.000,74.101,71.970,73.040,73.514,0.000,74.562,73.485,73.585,75.031,0.000,75.607,73.632,74.796,75.779,0.000,75.338,74.721,74.955,75.659,0.000,74.336,74.878,75.483,74.272,0.000,73.634,73.860,75.397,72.821,0.000,71.217,70.973,74.631,73.322,0.000,69.789,68.864,71.332,70.975,0.000,70.086,68.425,69.834,70.452,0.000,70.438,69.239,69.745,70.980,0.000,70.101,69.564,70.307,71.226,0.000,70.258,68.871,70.442,70.895,0.000,72.267,69.281,70.727,72.053,0.000,70.000,0.000,0.000,0.000,0.000,74.280,73.000,72.495,74.768,0.000,74.478,73.026,74.339,75.180,0.000,75.137,73.331,74.263,75.302,0.000,74.602,74.464,74.811,74.560,0.000,75.901,75.907,75.648,72.981,0.000,77.253,77.207,75.015,74.932,0.000,79.013,78.618,76.790,77.098,0.000,80.473,79.722,78.581,79.014,0.000,80.871,80.345,79.986,80.562,0.000,70.000,0.000,0.000,0.000,0.000,71.626,72.911,71.626,71.626,0.000,70.000,0.000,0.000,0.000,0.000,70.000,0.000,0.000,0.000,0.000,72.927,72.899,71.991,73.031,0.000,71.809,72.930,72.910,71.809,0.000,70.000,0.000,0.000,0.000,0.000,70.000,0.000,0.000,0.000,0.000,73.234,73.103,72.217,74.091,0.000,74.252,72.023,73.495,74.352,0.000,74.643,73.493,73.667,75.335,0.000,75.043,73.819,74.808,75.291,0.000,72.122,72.099,75.124,74.495,0.000,69.270,69.037,72.132,71.434,0.000,68.289,67.345,69.523,69.422,0.000,68.764,66.953,68.380,69.007,0.000,69.251,68.018,68.372,69.743,0.000,68.728,68.428,69.082,70.017,0.000,68.327,67.454,69.120,69.412,0.000,69.399,67.102,68.607,69.718,0.000,72.135,68.761,69.584,72.102,0.000,72.916,71.991,71.541,73.623,0.000,72.834,71.358,72.595,73.513,0.000,73.775,71.943,72.688,73.886,0.000,75.063,73.151,73.486,75.010,0.000,76.415,74.570,74.751,74.963,0.000,77.837,76.042,76.216,76.685,0.000,79.006,77.372,77.615,78.283,0.000,79.796,78.428,78.843,79.782,0.000,80.097,79.009,79.766,80.955,0.000,70.000,0.000,0.000,0.000,0.000,73.008,72.927,71.973,72.827,0.000,72.940,73.156,73.016,72.008,0.000,72.815,71.808,72.919,71.808,0.000,72.930,71.791,72.926,73.012,0.000,73.060,71.814,72.922,72.932,0.000,73.190,73.443,72.998,72.067,0.000,73.221,74.158,73.221,72.194,0.000,72.068,73.072,73.191,73.205,0.000,70.000,0.000,0.000,0.000,0.000,73.312,73.105,72.203,74.090,0.000,73.601,72.063,73.687,74.575,0.000,70.312,70.669,74.006,72.952,0.000,67.719,67.534,70.386,69.595,0.000,66.802,65.895,68.039,67.927,0.000,67.470,65.472,66.929,67.568,0.000,68.086,66.782,66.977,68.489,0.000,67.432,67.303,67.870,68.851,0.000,66.862,66.079,67.929,68.006,0.000,67.851,65.535,67.134,67.735,0.000,71.966,67.275,68.024,69.877,0.000,70.000,0.000,0.000,0.000,0.000,71.875,69.995,72.293,72.330,0.000,72.439,70.559,71.313,72.494,0.000,73.771,71.854,72.147,73.690,0.000,75.208,73.275,73.464,75.093,0.000,76.608,74.751,74.895,76.545,0.000,77.796,76.138,76.317,77.892,0.000,78.551,77.213,77.547,78.918,0.000,78.772,77.835,78.415,79.503,0.000,72.809,71.788,72.797,71.788,0.000,73.037,71.809,72.928,73.014,0.000,72.014,73.068,72.947,73.041,0.000,70.000,0.000,0.000,0.000,0.000,70.000,0.000,0.000,0.000,0.000,70.000,0.000,0.000,0.000,0.000,74.074,74.466,72.379,73.376,0.000,73.263,73.532,73.466,73.363,0.000,73.214,71.984,73.918,73.220,0.000,73.116,73.426,73.091,72.049,0.000,72.045,73.147,73.117,73.202,0.000,70.000,0.000,0.000,0.000,0.000,68.886,68.748,72.492,71.316,0.000,66.262,66.089,68.847,68.106,0.000,65.299,64.457,66.603,66.485,0.000,66.194,63.965,65.488,66.124,0.000,66.974,65.580,65.582,67.263,0.000,66.252,67.095,66.785,67.822,0.000,65.362,64.697,66.735,66.638,0.000,65.754,63.949,65.620,66.123,0.000,67.000,64.923,65.538,67.540,0.000,69.195,66.395,67.523,71.921,0.000,69.776,67.845,68.115,70.278,0.000,71.043,69.174,69.430,71.058,0.000,72.459,70.527,70.773,72.375,0.000,73.948,71.992,72.170,73.816,0.000,75.356,73.485,73.621,75.273,0.000,76.558,74.880,75.048,76.636,0.000,77.355,76.009,76.314,77.721,0.000,77.592,76.621,77.208,78.308,0.000,70.000,0.000,0.000,0.000,0.000,70.000,0.000,0.000,0.000,0.000,73.062,73.237,72.044,73.079,0.000,72.947,72.940,73.040,71.981,0.000,73.096,71.852,72.944,71.852,0.000,74.218,73.700,73.180,72.255,0.000,73.740,75.049,73.634,73.699,0.000,72.442,73.868,74.386,74.150,0.000,70.000,0.000,0.000,0.000,0.000,73.424,73.816,72.264,73.434,0.000,73.226,72.019,73.533,73.395,0.000,70.119,69.361,73.435,72.276,0.000,66.630,66.517,69.438,69.094,0.000,64.750,64.672,66.858,66.607,0.000,63.779,63.003,65.144,65.013,0.000,64.882,62.392,64.061,64.627,0.000,66.752,65.415,64.391,66.280,0.000,66.310,71.750,66.996,68.012,0.000,64.012,63.313,66.352,65.388,0.000,64.372,62.448,64.185,64.600,0.000,65.573,63.569,63.984,65.468,0.000,67.013,65.085,65.220,66.909,0.000,68.393,66.555,66.713,68.368,0.000,69.749,67.899,68.151,69.713,0.000,71.157,69.224,69.480,71.059,0.000,72.645,70.678,70.856,72.509,0.000,74.106,72.205,72.328,74.015,0.000,75.335,73.648,73.803,75.396,0.000,76.155,74.778,75.074,76.494,0.000,76.386,75.439,76.009,77.111,0.000,72.651,72.368,75.557,72.651,0.000,70.000,0.000,0.000,0.000,0.000,73.135,74.881,72.207,73.324,0.000,71.842,71.644,73.097,72.944,0.000,70.000,0.000,0.000,0.000,0.000,74.850,74.767,72.505,73.628,0.000,74.532,77.199,74.327,75.009,0.000,72.787,75.063,75.250,74.134,0.000,70.000,0.000,0.000,0.000,0.000,72.105,71.560,72.105,73.416,0.000,70.000,0.000,0.000,0.000,0.000,67.968,67.062,72.380,70.471,0.000,65.126,65.131,67.351,67.036,0.000,63.344,63.435,65.466,65.194,0.000,62.227,61.583,63.782,63.572,0.000,64.395,60.744,62.712,63.192,0.000,71.894,65.376,64.358,66.451,0.000,70.000,0.000,0.000,0.000,0.000,63.753,61.733,71.606,65.182,0.000,62.945,60.882,62.647,63.072,0.000,64.261,62.229,62.504,64.122,0.000,65.736,63.809,63.907,65.614,0.000,67.092,65.274,65.423,67.070,0.000,68.433,66.580,66.846,68.412,0.000,69.871,67.922,68.183,69.774,0.000,71.366,69.389,69.567,71.214,0.000,72.834,70.920,71.034,72.722,0.000,74.110,72.383,72.519,74.153,0.000,74.946,73.579,73.854,75.282,0.000,75.196,74.237,74.788,75.928,0.000,73.224,69.295,72.034,73.809,0.000,70.000,0.000,0.000,0.000,0.000,72.043,71.934,72.043,73.336,0.000,70.000,0.000,0.000,0.000,0.000,74.314,73.854,72.132,72.132,0.000,77.140,74.121,73.944,74.143,0.000,75.480,75.226,75.799,76.045,0.000,73.117,72.611,75.911,75.197,0.000,71.018,70.596,73.515,73.050,0.000,68.342,68.420,70.973,71.578,0.000,67.438,66.200,69.798,72.498,0.000,65.327,64.272,66.739,67.274,0.000,63.829,64.237,65.099,65.649,0.000,62.178,63.745,64.354,64.075,0.000,60.503,60.178,62.501,62.151,0.000,62.788,58.865,61.197,61.554,0.000,62.916,71.550,62.778,65.938,0.000,61.881,59.255,64.617,71.579,0.000,60.348,58.220,60.291,61.791,0.000,61.383,59.314,59.774,61.374,0.000,62.923,60.885,61.002,62.744,0.000,64.449,62.511,62.579,64.328,0.000,65.820,64.012,64.151,65.805,0.000,67.128,65.288,65.573,67.112,0.000,68.549,66.597,66.872,68.448,0.000,70.077,68.077,68.249,69.923,0.000,71.589,69.656,69.758,71.454,0.000,72.872,71.134,71.256,72.894,0.000,73.761,72.344,72.598,74.069,0.000,74.005,73.047,73.598,74.720,0.000,73.154,65.698,68.904,71.015,0.000,70.000,0.000,0.000,0.000,0.000,73.656,66.627,72.419,74.599,0.000,73.753,72.127,74.065,72.127,0.000,73.469,72.869,73.315,73.289,0.000,76.549,72.386,74.310,74.964,0.000,73.630,73.109,74.986,76.027,0.000,71.250,71.919,73.590,73.229,0.000,69.359,71.888,71.813,71.427,0.000,67.133,69.620,69.800,69.192,0.000,64.867,66.400,67.477,66.912,0.000,64.302,62.757,65.305,64.945,0.000,63.946,63.179,63.870,64.530,0.000,62.885,71.694,65.525,64.846,0.000,58.898,58.776,62.512,60.863,0.000,71.565,56.893,61.491,61.533,0.000,70.000,0.000,0.000,0.000,0.000,60.073,57.668,71.459,61.628,0.000,58.703,56.627,58.518,58.852,0.000,60.035,57.961,58.256,59.872,0.000,61.639,59.596,59.676,61.423,0.000,63.167,61.228,61.282,63.031,0.000,64.507,62.722,62.853,64.515,0.000,65.830,63.987,64.286,65.831,0.000,67.252,65.297,65.588,67.142,0.000,68.779,66.769,66.938,68.607,0.000,70.309,68.351,68.443,70.166,0.000,71.662,69.883,69.987,71.662,0.000,72.543,71.131,71.370,72.842,0.000,72.807,71.861,72.371,73.546,0.000,61.522,63.326,62.865,65.405,0.000,63.703,59.220,64.758,72.766,0.000,72.633,59.641,63.604,68.015,0.000,70.000,0.000,0.000,0.000,0.000,71.728,71.429,71.728,73.357,0.000,70.000,0.000,0.000,0.000,0.000,72.875,70.330,73.248,74.331,0.000,72.177,70.805,71.896,72.140,0.000,71.273,72.307,72.414,71.497,0.000,68.953,73.226,72.276,69.866,0.000,65.478,71.932,69.978,67.579,0.000,63.158,61.142,65.295,63.640,0.000,71.868,61.951,64.215,65.417,0.000,70.000,0.000,0.000,0.000,0.000,57.197,58.635,71.501,61.178,0.000,53.884,52.054,57.012,56.827,0.000,56.952,52.031,56.198,71.362,0.000,55.779,53.430,53.984,57.357,0.000,57.067,55.035,55.149,57.071,0.000,58.680,56.606,56.732,58.479,0.000,60.340,58.278,58.335,60.121,0.000,61.911,59.957,59.997,61.766,0.000,63.220,61.467,61.586,63.241,0.000,64.505,62.677,63.002,64.513,0.000,65.937,63.963,64.263,65.832,0.000,67.507,65.475,65.637,67.316,0.000,69.045,67.073,67.155,68.879,0.000,70.409,68.616,68.705,70.389,0.000,71.359,69.912,70.121,71.644,0.000,71.633,70.665,71.171,72.338,0.000,62.795,72.293,65.824,65.059,0.000,57.571,62.089,62.571,60.396,0.000,59.049,54.466,58.423,59.667,0.000,72.060,58.637,62.712,72.060,0.000,70.000,0.000,0.000,0.000,0.000,71.331,66.353,72.537,72.537,0.000,70.290,66.667,68.224,70.535,0.000,73.016,69.383,70.425,72.228,0.000,70.000,0.000,0.000,0.000,0.000,71.762,71.429,71.762,72.846,0.000,70.000,0.000,0.000,0.000,0.000,61.646,59.191,71.749,63.434,0.000,71.698,58.073,62.334,63.975,0.000,70.000,0.000,0.000,0.000,0.000,55.314,55.034,71.405,59.512,0.000,51.958,50.101,54.620,52.873,0.000,52.632,50.543,51.435,52.597,0.000,54.149,52.077,52.231,53.955,0.000,55.739,53.745,53.803,55.579,0.000,57.388,55.310,55.444,57.154,0.000,59.049,56.978,57.028,58.808,0.000,60.621,58.661,58.689,60.468,0.000,61.929,60.196,60.297,61.979,0.000,63.206,61.394,61.743,63.222,0.000,64.621,62.640,62.959,64.503,0.000,66.189,64.146,64.304,65.996,0.000,67.782,65.781,65.850,67.608,0.000,69.186,67.376,67.452,69.140,0.000,70.148,68.687,68.878,70.405,0.000,70.429,69.499,69.959,71.158,0.000,70.000,0.000,0.000,0.000,0.000,61.630,71.673,72.082,64.631,0.000,55.298,52.227,60.005,55.699,0.000,59.126,53.797,54.648,58.500,0.000,64.802,59.653,59.920,72.538,0.000,65.162,62.973,62.132,66.143,0.000,67.743,65.949,64.718,67.306,0.000,67.871,66.682,67.254,69.542,0.000,72.103,66.596,70.273,72.103,0.000,70.000,0.000,0.000,0.000,0.000,61.846,59.890,71.596,71.596,0.000,55.646,54.946,59.571,59.150,0.000,58.572,53.336,56.297,58.184,0.000,58.703,71.434,60.295,71.434,0.000,50.967,50.658,57.344,55.119,0.000,50.137,48.098,51.045,50.722,0.000,51.242,49.127,49.649,51.104,0.000,52.835,50.758,50.836,52.608,0.000,54.407,52.436,52.474,54.257,0.000,56.073,53.974,54.131,55.846,0.000,57.775,55.683,55.725,57.527,0.000,59.368,57.396,57.411,59.191,0.000,60.625,58.939,59.018,60.698,0.000,61.877,60.063,60.450,61.915,0.000,63.324,61.321,61.650,63.200,0.000,64.898,62.845,62.996,64.686,0.000,66.499,64.485,64.543,66.302,0.000,67.946,66.095,66.154,67.881,0.000,68.958,67.483,67.644,69.197,0.000,69.262,68.299,68.749,69.968,0.000,71.914,60.788,67.250,71.914,0.000,70.000,0.000,0.000,0.000,0.000,56.081,49.483,72.020,56.242,0.000,57.579,51.944,51.986,54.566,0.000,64.549,72.091,58.771,63.231,0.000,65.360,68.695,61.855,63.818,0.000,66.945,69.089,64.676,66.265,0.000,65.351,66.763,66.641,67.329,0.000,63.405,64.300,65.897,66.653,0.000,61.187,61.641,65.387,71.927,0.000,56.236,58.843,61.006,60.212,0.000,53.208,53.719,56.273,55.499,0.000,71.437,51.113,56.648,56.725,0.000,70.000,0.000,0.000,0.000,0.000,51.366,48.608,71.259,53.931,0.000,48.585,46.344,49.129,48.808,0.000,49.858,47.717,47.994,49.654,0.000,51.548,49.455,49.481,51.309,0.000,53.108,51.168,51.186,52.966,0.000,54.764,52.652,52.836,54.520,0.000,56.466,54.363,54.394,56.205,0.000,58.104,56.099,56.104,57.917,0.000,59.350,57.707,57.753,59.454,0.000,60.556,58.756,59.193,60.604,0.000,61.986,59.973,60.322,61.857,0.000,63.598,61.524,61.662,63.385,0.000,65.243,63.212,63.257,65.024,0.000,66.708,64.837,64.882,66.614,0.000,67.766,66.244,66.384,67.970,0.000,68.067,67.140,67.554,68.784,0.000,55.632,71.792,60.054,63.104,0.000,50.266,48.062,58.129,71.839,0.000,49.800,42.373,48.606,49.443,0.000,71.893,53.245,50.072,55.723,0.000,70.000,0.000,0.000,0.000,0.000,72.664,71.957,72.385,69.067,0.000,69.106,73.618,71.352,68.854,0.000,65.873,70.616,69.480,67.124,0.000,63.295,67.522,66.312,64.820,0.000,60.812,66.673,63.954,62.714,0.000,57.969,71.587,62.833,60.131,0.000,52.421,71.442,59.926,57.115,0.000,45.158,45.212,51.482,50.684,0.000,48.255,41.946,49.620,71.194,0.000,45.484,42.881,43.897,47.900,0.000,46.790,44.606,44.703,46.766,0.000,48.502,46.377,46.370,48.240,0.000,50.240,48.166,48.135,49.979,0.000,51.780,49.890,49.870,51.681,0.000,53.470,51.327,51.553,53.222,0.000,55.186,53.076,53.091,54.904,0.000,56.854,54.847,54.815,56.629,0.000,58.031,56.457,56.459,58.186,0.000,59.243,57.437,57.927,59.314,0.000,60.676,58.648,59.018,60.529,0.000,62.288,60.205,60.330,62.055,0.000,63.949,61.897,61.932,63.725,0.000,65.484,63.570,63.602,65.370,0.000,66.571,65.037,65.154,66.750,0.000,66.899,65.954,66.334,67.614,0.000,70.000,0.000,0.000,0.000,0.000,46.790,46.510,71.664,51.984,0.000,47.398,39.305,46.272,43.793,0.000,56.680,71.611,48.333,54.658,0.000,71.619,53.447,58.217,71.619,0.000,70.000,0.000,0.000,0.000,0.000,73.104,71.814,72.342,73.255,0.000,70.952,73.005,73.449,70.259,0.000,69.263,72.022,71.268,67.241,0.000,71.885,71.727,70.338,66.818,0.000,70.000,0.000,0.000,0.000,0.000,70.000,0.000,0.000,0.000,0.000,46.090,43.324,71.165,49.095,0.000,42.447,40.112,43.550,42.736,0.000,43.657,41.465,41.759,43.420,0.000,45.421,43.308,43.259,45.130,0.000,47.248,45.210,45.075,46.947,0.000,49.023,47.126,46.893,48.717,0.000,50.486,48.843,48.626,50.412,0.000,52.145,49.970,50.265,51.877,0.000,53.912,51.797,51.754,53.610,0.000,55.673,53.906,53.575,55.410,0.000,56.772,55.531,55.258,56.981,0.000,57.897,56.100,56.671,57.979,0.000,59.350,57.291,57.671,59.199,0.000,61.006,58.906,59.012,60.753,0.000,62.674,60.611,60.635,62.429,0.000,64.229,62.291,62.312,64.083,0.000,65.399,63.801,63.889,65.538,0.000,65.725,64.797,65.148,66.429,0.000,70.000,0.000,0.000,0.000,0.000,43.549,40.144,71.501,49.850,0.000,71.461,35.887,45.210,44.714,0.000,70.000,0.000,0.000,0.000,0.000,57.523,47.813,71.701,57.145,0.000,71.578,54.060,57.961,71.578,0.000,70.000,0.000,0.000,0.000,0.000,71.814,71.429,71.814,73.652,0.000,70.000,0.000,0.000,0.000,0.000,70.000,0.000,0.000,0.000,0.000,51.132,50.402,71.297,71.297,0.000,44.449,39.937,52.559,71.205,0.000,39.611,36.769,40.634,42.700,0.000,40.521,38.212,38.512,40.520,0.000,42.404,40.584,40.126,42.061,0.000,44.307,42.668,42.016,43.896,0.000,46.233,44.706,43.923,45.748,0.000,48.083,46.963,45.858,47.625,0.000,49.294,48.447,47.642,49.305,0.000,50.908,48.631,49.193,50.577,0.000,52.954,50.892,50.503,52.376,0.000,55.015,55.445,52.693,54.515,0.000,55.625,55.334,54.384,55.916,0.000,56.605,54.781,55.673,56.697,0.000,58.020,55.937,56.334,57.843,0.000,59.680,57.572,57.655,59.427,0.000,61.396,59.311,59.325,61.149,0.000,63.003,61.038,61.050,62.824,0.000,64.201,62.577,62.641,64.304,0.000,64.559,63.634,63.925,65.280,0.000,47.487,71.480,56.282,71.480,0.000,32.540,40.875,45.094,40.654,0.000,29.987,26.585,32.709,34.722,0.000,43.697,28.066,35.746,71.288,0.000,52.125,71.443,39.912,51.597,0.000,53.617,71.458,48.668,57.019,0.000,71.453,48.398,57.822,71.453,0.000,70.000,0.000,0.000,0.000,0.000,58.185,71.391,71.391,71.391,0.000,51.793,43.050,59.288,71.333,0.000,45.716,71.290,49.141,53.317,0.000,37.677,38.131,44.223,40.745,0.000,37.602,34.880,38.096,37.562,0.000,39.532,37.228,36.831,38.830,0.000,42.153,43.607,39.357,41.305,0.000,44.020,43.850,41.503,43.075,0.000,46.278,45.655,43.603,45.046,0.000,48.283,50.497,45.975,47.302,0.000,48.170,48.200,47.453,48.431,0.000,49.969,47.190,48.644,49.351,0.000,54.262,51.207,49.647,51.630,0.000,57.646,71.260,54.875,56.608,0.000,54.641,54.464,55.561,55.256,0.000,55.352,53.359,55.265,55.462,0.000,56.712,54.592,54.959,56.506,0.000,58.380,56.270,56.324,58.109,0.000,60.100,58.007,58.013,59.835,0.000,61.744,59.736,59.740,61.547,0.000,63.044,61.352,61.390,63.100,0.000,63.409,62.484,62.728,64.098,0.000,70.000,0.000,0.000,0.000,0.000,40.496,71.345,71.341,45.247,0.000,27.676,24.307,36.723,28.396,0.000,71.149,25.375,32.010,34.228,0.000,70.000,0.000,0.000,0.000,0.000,70.000,0.000,0.000,0.000,0.000,71.333,41.467,71.333,56.165,0.000,70.000,0.000,0.000,0.000,0.000,70.000,0.000,0.000,0.000,0.000,71.249,39.289,71.249,51.837,0.000,70.000,0.000,0.000,0.000,0.000,39.755,36.209,71.055,42.580,0.000,36.435,32.939,36.575,35.793,0.000,42.245,38.906,35.962,38.283,0.000,47.569,71.237,43.409,45.328,0.000,45.110,43.280,44.266,43.102,0.000,49.377,44.818,44.937,45.217,0.000,51.794,71.246,50.457,51.024,0.000,47.329,47.401,50.241,48.469,0.000,49.811,45.546,48.215,48.152,0.000,71.076,49.927,50.868,53.258,0.000,70.000,0.000,0.000,0.000,0.000,55.817,53.233,71.106,57.417,0.000,53.973,51.773,53.995,54.054,0.000,55.345,53.213,53.434,55.118,0.000,57.075,54.954,54.974,56.807,0.000,58.831,56.729,56.729,58.550,0.000,60.497,58.462,58.460,60.266,0.000,61.853,60.106,60.121,61.854,0.000,62.251,61.348,61.519,62.962,0.000,71.176,18.499,34.275,71.176,0.000,70.000,0.000,0.000,0.000,0.000,24.943,20.675,71.068,30.285,0.000,23.446,15.371,21.762,24.544,0.000,71.152,23.529,32.438,71.152,0.000,70.000,0.000,0.000,0.000,0.000,31.701,27.051,71.097,43.457,0.000,31.218,21.873,33.691,71.030,0.000,32.033,22.991,30.365,71.005,0.000,28.281,24.759,26.138,35.918,0.000,35.153,26.597,33.002,71.001,0.000,31.644,28.451,29.106,34.895,0.000,36.537,30.807,30.957,33.636,0.000,71.033,37.730,38.318,41.328,0.000,70.000,0.000,0.000,0.000,0.000,47.676,41.753,71.101,47.740,0.000,71.095,43.010,47.175,48.967,0.000,70.000,0.000,0.000,0.000,0.000,48.775,45.946,71.053,51.054,0.000,45.757,43.475,46.418,46.199,0.000,47.332,44.807,45.482,49.370,0.000,52.303,46.540,50.263,71.025,0.000,50.820,48.322,48.689,52.706,0.000,52.285,50.118,50.147,52.214,0.000,54.009,51.893,51.887,53.740,0.000,55.764,53.660,53.643,55.481,0.000,57.524,55.432,55.408,57.247,0.000,59.249,57.200,57.172,59.005,0.000,60.702,58.906,58.885,60.633,0.000,61.127,60.213,60.309,61.799,0.000,10.249,7.096,9.414,16.187,0.000,19.638,8.611,17.702,71.000,0.000,13.571,10.388,11.334,18.609,0.000,14.750,12.290,12.464,15.467,0.000,17.231,14.207,15.010,21.724,0.000,26.043,16.029,23.868,71.000,0.000,20.894,17.882,18.667,25.282,0.000,22.062,19.756,19.830,22.225,0.000,23.792,21.600,21.599,23.530,0.000,25.594,23.413,23.403,25.298,0.000,27.426,25.244,25.227,27.131,0.000,29.294,27.093,27.076,29.010,0.000,31.160,28.928,28.958,31.188,0.000,33.483,30.738,31.294,36.586,0.000,40.273,32.559,38.152,71.001,0.000,37.173,34.392,34.988,40.499,0.000,38.948,36.236,36.770,41.934,0.000,44.992,38.035,42.888,71.003,0.000,42.484,39.842,40.312,45.071,0.000,43.848,41.657,41.684,43.849,0.000,45.608,43.476,43.458,45.351,0.000,47.382,45.286,45.246,47.086,0.000,49.154,47.069,47.015,48.860,0.000,50.935,48.860,48.794,50.645,0.000,52.724,50.658,50.582,52.434,0.000,54.518,52.462,52.378,54.206,0.000,56.275,54.251,54.149,55.963,0.000,58.006,56.017,55.909,57.717,0.000,59.549,57.730,57.634,59.408,0.000,59.985,59.109,59.127,60.676,0.000,7.766,5.538,6.793,7.785,0.000,9.463,7.081,7.319,9.204,0.000,11.331,9.059,9.077,11.006,0.000,13.179,10.908,10.905,12.862,0.000,15.063,12.798,12.786,14.759,0.000,16.959,14.719,14.698,16.631,0.000,18.772,16.587,16.551,18.455,0.000,20.610,18.432,18.384,20.302,0.000,22.465,20.299,20.240,22.167,0.000,24.318,22.182,22.112,23.990,0.000,26.122,24.020,23.927,25.795,0.000,27.946,25.850,25.745,27.625,0.000,29.787,27.694,27.583,29.484,0.000,31.637,29.550,29.434,31.318,0.000,33.441,31.395,31.255,33.124,0.000,35.253,33.209,33.065,34.942,0.000,37.076,35.035,34.887,36.771,0.000,38.908,36.871,36.720,38.610,0.000,40.732,38.715,38.557,40.413,0.000,42.528,40.531,40.354,42.215,0.000,44.329,42.340,42.158,44.009,0.000,46.136,44.155,43.968,45.810,0.000,47.950,45.977,45.784,47.611,0.000,49.746,47.805,47.591,49.384,0.000,51.529,49.604,49.375,51.165,0.000,53.319,51.400,51.166,52.953,0.000,55.110,53.201,52.962,54.747,0.000,56.880,55.000,54.759,56.521,0.000,58.447,56.749,56.505,58.219,0.000,58.914,58.111,57.996,59.565,0.000,6.327,3.810,5.191,6.250,0.000,8.011,5.659,5.813,7.704,0.000,9.927,7.574,7.568,9.613,0.000,11.883,9.581,9.545,11.539,0.000,13.725,11.533,11.455,13.384,0.000,15.601,13.434,13.324,15.264,0.000,17.500,15.363,15.225,17.166,0.000,19.377,17.306,17.145,19.003,0.000,21.213,19.190,18.977,20.838,0.000,23.066,21.062,20.830,22.692,0.000,24.933,22.948,22.699,24.559,0.000,26.797,24.842,24.580,26.381,0.000,28.618,26.720,26.407,28.203,0.000,30.451,28.562,28.240,30.039,0.000,32.295,30.414,30.084,31.886,0.000,34.148,32.274,31.939,33.720,0.000,35.974,34.141,33.779,35.529,0.000,37.790,35.982,35.595,37.348,0.000,39.614,37.809,37.420,39.177,0.000,41.446,39.643,39.254,41.014,0.000,43.284,41.483,41.094,42.821,0.000,45.091,43.329,42.911,44.621,0.000,46.896,45.153,44.717,46.427,0.000,48.707,46.966,46.530,48.239,0.000,50.524,48.784,48.349,50.058,0.000,52.345,50.607,50.173,51.847,0.000,54.135,52.434,51.976,53.634,0.000,55.896,54.238,53.764,55.419,0.000,57.487,55.971,55.520,57.155,0.000,57.947,57.359,57.050,58.538,0.000,4.729,2.083,3.515,4.538,0.000,6.654,4.120,4.121,6.338,0.000,8.587,6.400,6.236,8.217,0.000,10.537,8.425,8.155,10.154,0.000,12.515,10.475,10.140,12.122,0.000,14.465,12.524,12.149,14.008,0.000,16.355,14.532,14.047,15.887,0.000,18.262,16.466,15.959,17.786,0.000,20.179,18.405,17.885,19.700,0.000,22.094,20.347,19.820,21.550,0.000,23.950,22.290,21.692,23.402,0.000,25.817,24.183,23.562,25.267,0.000,27.692,26.062,25.442,27.143,0.000,29.573,27.946,27.330,28.996,0.000,31.433,29.834,29.207,30.826,0.000,33.270,31.726,31.046,32.666,0.000,35.114,33.577,32.893,34.514,0.000,36.964,35.424,34.747,36.371,0.000,38.821,37.276,36.608,38.193,0.000,40.657,39.133,38.455,40.013,0.000,42.477,40.994,40.277,41.839,0.000,44.304,42.827,42.106,43.673,0.000,46.136,44.652,43.941,45.511,0.000,47.973,46.483,45.781,47.318,0.000,49.796,48.318,47.613,49.125,0.000,51.602,50.157,49.421,50.937,0.000,53.408,51.980,51.233,52.753,0.000,55.192,53.778,53.045,54.566,0.000,56.807,55.527,54.824,56.297,0.000,57.257,56.934,56.356,57.676,0.000,0.000,0.000,0.000,0.000,0.000,5.376,3.846,2.673,4.893,0.000,7.527,6.114,4.880,6.981,0.000,9.662,8.198,7.108,9.026,0.000,11.669,10.288,9.219,10.970,0.000,13.651,12.365,11.231,12.941,0.000,15.635,14.361,13.245,14.923,0.000,17.616,16.315,15.253,16.856,0.000,19.562,18.269,17.237,18.754,0.000,21.463,20.224,19.151,20.662,0.000,23.368,22.177,21.069,22.577,0.000,25.276,24.062,22.989,24.491,0.000,27.187,25.949,24.912,26.348,0.000,29.066,27.841,26.810,28.213,0.000,30.925,29.736,28.675,30.084,0.000,32.789,31.632,30.545,31.961,0.000,34.657,33.478,32.419,33.829,0.000,36.529,35.330,34.298,35.663,0.000,38.380,37.186,36.161,37.504,0.000,40.213,39.047,37.997,39.350,0.000,42.051,40.912,39.839,41.202,0.000,43.894,42.739,41.686,43.048,0.000,45.741,44.568,43.537,44.865,0.000,47.578,46.402,45.383,46.688,0.000,49.393,48.240,47.200,48.515,0.000,51.212,50.082,49.022,50.348,0.000,53.031,51.900,50.848,52.181,0.000,54.827,53.701,52.672,53.973,0.000,56.439,55.452,54.464,55.715,0.000,56.899,56.863,55.978,57.116,0.000,
