States
25
Policy
[south, west, west, obstacle, obstacle, south, west, west, south, west, south, west, west, west, obstacle, south, west, obstacle, north, obstacle, null, west, west, west, west]
Alpha value
1.0
Max number of actions
5
6.859,4.983,5.983,5.983,0.000,7.983,6.205,6.094,6.983,0.000,28.620,9.584,7.205,8.094,0.000,30.000,0.000,0.000,0.000,0.000,30.000,0.000,0.000,0.000,0.000,5.734,3.748,4.872,5.859,0.000,6.959,4.994,4.983,6.859,0.000,8.463,6.268,6.205,7.983,0.000,11.494,7.738,9.584,28.620,0.000,13.867,29.096,10.964,28.774,0.000,4.498,2.500,3.625,4.623,0.000,5.744,3.749,3.748,5.734,0.000,9.641,28.627,4.994,6.959,0.000,28.964,12.677,6.268,8.463,0.000,30.000,0.000,0.000,0.000,0.000,3.250,1.250,2.375,3.375,0.000,28.125,5.125,2.500,4.498,0.000,30.000,0.000,0.000,0.000,0.000,28.658,9.919,28.627,9.641,0.000,30.000,0.000,0.000,0.000,0.000,0.000,0.000,0.000,0.000,0.000,5.737,2.637,1.250,3.250,0.000,7.431,6.270,5.125,28.125,0.000,10.585,7.911,6.577,10.190,0.000,10.919,10.919,9.919,28.658,0.000,
