States
884
Policy
[south, south, west, west, west, west, east, east, east, east, east, east, east, south, south, south, south, south, south, south, south, south, south, south, south, south, west, west, south, south, south, south, west, west, west, west, east, east, east, east, east, east, south, south, south, south, south, south, south, south, south, south, south, south, south, south, south, south, south, south, south, south, west, west, west, west, east, east, east, east, east, east, south, south, south, south, south, south, south, south, south, south, south, south, south, south, south, south, south, south, south, west, west, west, west, west, east, east, east, east, east, east, east, south, south, south, south, south, south, south, south, south, south, south, south, south, south, south, south, south, south, west, west, west, west, west, east, east, east, east, east, east, east, east, south, south, south, south, south, south, south, south, south, south, south, south, south, south, south, south, south, west, west, west, west, west, east, east, east, east, east, east, east, east, south, south, south, east, south, south, west, south, south, south, south, south, south, south, south, south, south, obstacle, south, south, west, west, south, obstacle, north, obstacle, north, north, obstacle, south, south, south, south, east, east, south, west, south, south, south, south, south, south, south, south, south, south, west, west, west, west, west, obstacle, obstacle, east, south, north, obstacle, east, south, south, east, south, south, east, south, obstacle, south, south, south, south, south, south, south, south, south, south, obstacle, south, west, west, obstacle, obstacle, east, east, south, obstacle, south, obstacle, south, south, east, south, south, obstacle, south, south, west, west, south, south, south, south, south, south, south, south, west, west, west, obstacle, south, south, east, obstacle, east, east, east, east, south, south, obstacle, south, east, south, south, west, west, south, south, south, south, south, south, south, south, south, west, obstacle, north, obstacle, obstacle, obstacle, east, east, north, north, obstacle, east, east, east, south, south, obstacle, south, south, south, obstacle, south, south, south, south, south, south, south, south, south, obstacle, obstacle, south, north, north, south, east, south, north, obstacle, obstacle, east, east, east, south, south, south, south, south, south, south, south, south, south, south, south, south, south, south, obstacle, obstacle, west, south, south, obstacle, south, obstacle, south, south, west, obstacle, east, south, east, east, south, south, south, south, south, west, west, west, south, south, south, south, obstacle, obstacle, south, obstacle, obstacle, east, south, east, south, south, obstacle, obstacle, east, south, east, east, south, south, south, south, west, west, west, west, south, south, south, south, obstacle, obstacle, obstacle, south, obstacle, east, east, east, south, obstacle, south, obstacle, south, south, south, south, west, west, west, west, west, south, south, south, south, west, obstacle, obstacle, obstacle, obstacle, east, south, east, east, south, obstacle, south, south, west, west, south, south, south, south, west, west, west, west, south, south, south, south, south, obstacle, south, west, west, obstacle, obstacle, obstacle, south, obstacle, obstacle, east, south, south, south, south, obstacle, south, south, south, south, west, west, west, south, south, south, south, south, south, south, west, obstacle, obstacle, obstacle, south, obstacle, east, east, south, south, obstacle, east, south, south, south, south, south, south, west, west, west, south, obstacle, south, south, south, south, south, south, west, west, west, obstacle, south, south, obstacle, obstacle, obstacle, south, south, east, east, south, south, south, south, south, west, west, west, west, south, south, south, south, south, south, south, south, west, north, obstacle, obstacle, east, east, east, south, south, south, west, east, east, east, south, south, south, west, west, west, west, west, south, south, south, south, south, south, south, south, obstacle, obstacle, obstacle, east, north, north, obstacle, south, west, west, west, obstacle, east, east, south, south, south, west, west, west, west, south, south, south, south, south, south, south, south, south, obstacle, obstacle, obstacle, north, obstacle, south, south, west, west, west, south, obstacle, south, south, south, south, west, west, west, north, south, south, south, south, west, west, west, west, south, west, west, obstacle, obstacle, north, obstacle, south, south, obstacle, south, obstacle, east, south, south, south, south, south, south, south, obstacle, south, south, south, south, south, west, west, west, west, south, obstacle, obstacle, obstacle, obstacle, south, south, west, south, obstacle, obstacle, east, south, south, south, south, south, south, south, south, south, south, west, west, west, west, west, west, south, south, south, obstacle, obstacle, obstacle, south, south, south, obstacle, south, south, obstacle, south, south, south, south, south, west, west, west, west, west, west, west, west, west, west, south, obstacle, south, south, south, south, south, south, south, south, south, south, south, south, south, south, south, west, west, west, west, west, west, west, west, west, west, west, west, west, south, south, south, south, south, west, west, west, west, west, west, west, west, west, west, west, west, west, west, west, west, west, west, west, west, west, west, west, west, west, west, west, south, south, west, west, west, west, west, west, west, west, west, west, west, west, west, west, west, west, west, west, west, west, west, west, west, west, west, west, west, west, south, south, west, west, west, west, west, west, west, west, west, west, west, west, west, west, west, west, west, west, west, west, west, west, west, west, west, west, west, west, null, west, west, west, west, west, west, west, west, west, west, west, west, west, west, west, west, west, west, west, west, west, west, west, west, west, west, west, west, west]
Alpha value
0.5
Max number of actions
5
67.895,65.959,66.962,66.962,0.000,68.995,67.036,67.095,68.004,0.000,70.111,68.209,68.167,69.131,0.000,71.271,69.370,69.283,70.241,0.000,73.074,70.576,70.423,71.430,0.000,74.314,73.114,72.296,73.894,0.000,72.707,73.116,75.181,73.833,0.000,71.402,71.633,73.490,72.364,0.000,70.263,70.465,72.219,71.236,0.000,69.117,69.281,71.081,70.092,0.000,67.970,68.094,69.939,68.948,0.000,66.826,66.909,68.798,67.805,0.000,65.685,65.724,67.657,66.664,0.000,64.640,64.546,66.523,65.529,0.000,64.556,63.516,65.427,64.527,0.000,64.118,63.544,64.476,64.503,0.000,63.482,63.102,64.469,64.079,0.000,62.406,62.401,63.980,63.365,0.000,61.579,61.295,63.238,62.285,0.000,62.035,60.495,62.220,61.519,0.000,61.782,61.082,61.519,62.036,0.000,61.601,60.764,62.016,61.752,0.000,61.866,60.559,61.724,61.562,0.000,62.706,60.875,61.591,61.883,0.000,63.786,61.787,61.977,62.784,0.000,64.904,62.908,62.913,63.897,0.000,66.026,64.067,64.037,65.026,0.000,67.013,65.185,65.163,66.145,0.000,67.668,66.140,66.258,67.109,0.000,67.721,66.760,67.168,67.721,0.000,66.837,64.821,65.871,66.854,0.000,67.997,65.940,66.017,67.903,0.000,69.164,67.139,67.139,69.040,0.000,70.341,68.311,68.305,70.154,0.000,72.197,69.531,69.497,71.345,0.000,73.532,72.038,71.387,73.781,0.000,71.915,72.105,74.334,73.755,0.000,70.574,70.612,72.720,72.284,0.000,69.394,69.420,71.414,71.138,0.000,68.204,68.221,70.231,69.992,0.000,67.015,67.025,69.050,68.847,0.000,65.827,65.831,67.867,67.703,0.000,64.642,64.639,66.684,66.561,0.000,63.566,63.457,65.506,65.426,0.000,63.523,62.393,64.370,64.422,0.000,63.062,62.472,63.393,64.390,0.000,62.449,62.011,63.435,63.971,0.000,61.361,61.335,62.939,63.265,0.000,60.488,60.212,62.210,62.196,0.000,61.014,59.358,61.167,61.413,0.000,60.731,60.035,60.428,61.943,0.000,60.538,59.682,61.004,61.664,0.000,60.797,59.465,60.680,61.474,0.000,61.646,59.777,60.535,61.797,0.000,62.732,60.701,60.918,62.697,0.000,63.878,61.827,61.867,63.810,0.000,64.997,62.986,62.998,64.936,0.000,65.976,64.108,64.151,66.054,0.000,66.649,65.074,65.243,67.022,0.000,66.707,65.710,66.145,67.638,0.000,65.740,63.683,64.734,65.721,0.000,66.906,64.843,64.881,66.812,0.000,68.102,66.051,66.050,68.007,0.000,69.290,67.242,67.235,69.178,0.000,71.113,68.471,68.435,70.382,0.000,72.516,70.990,70.339,72.870,0.000,70.888,71.070,73.265,72.948,0.000,69.535,69.570,71.704,71.442,0.000,68.331,68.353,70.372,70.251,0.000,67.133,67.146,69.177,69.068,0.000,65.936,65.943,67.983,67.882,0.000,64.742,64.745,66.792,66.697,0.000,63.553,63.552,65.603,65.514,0.000,62.443,62.367,64.419,64.337,0.000,62.450,61.269,63.281,63.304,0.000,61.970,61.405,62.274,63.317,0.000,61.389,60.918,62.366,62.885,0.000,60.282,60.269,61.848,62.202,0.000,59.354,59.131,61.145,61.114,0.000,59.967,58.218,60.085,60.282,0.000,59.653,58.995,59.295,60.896,0.000,59.449,58.601,59.957,60.585,0.000,59.696,58.371,59.595,60.382,0.000,60.562,58.680,59.439,60.701,0.000,61.652,59.616,59.820,61.613,0.000,62.799,60.746,60.781,62.731,0.000,63.922,61.905,61.917,63.884,0.000,64.912,63.030,63.071,64.998,0.000,65.589,64.007,64.166,65.958,0.000,65.650,64.661,65.079,66.579,0.000,64.642,62.546,63.598,64.587,0.000,65.815,63.763,63.747,65.718,0.000,67.025,65.025,64.955,66.921,0.000,68.237,66.284,66.163,68.119,0.000,70.071,67.555,67.372,69.334,0.000,71.485,70.120,69.285,71.789,0.000,69.850,70.351,72.239,71.937,0.000,68.478,68.777,70.676,70.404,0.000,67.264,67.490,69.327,69.200,0.000,66.056,66.225,68.116,68.003,0.000,64.854,64.964,66.912,66.808,0.000,63.657,63.729,65.714,65.617,0.000,62.465,62.500,64.520,64.430,0.000,61.318,61.279,63.333,63.248,0.000,61.382,60.141,62.193,62.185,0.000,60.853,60.345,61.153,62.248,0.000,60.331,59.781,61.302,61.797,0.000,59.204,59.198,60.755,61.141,0.000,58.216,58.051,60.079,60.034,0.000,58.925,57.075,59.004,59.149,0.000,58.575,57.960,58.159,59.853,0.000,58.361,57.520,58.915,59.507,0.000,58.577,57.279,58.510,59.291,0.000,59.470,57.582,58.344,59.596,0.000,60.573,58.532,58.723,60.530,0.000,61.721,59.666,59.695,61.652,0.000,62.847,60.826,60.835,62.806,0.000,63.847,61.953,61.989,63.923,0.000,64.531,62.942,63.089,64.894,0.000,64.592,63.608,64.014,65.522,0.000,63.563,61.409,62.462,63.455,0.000,64.843,64.264,62.671,64.681,0.000,66.098,65.475,63.934,65.888,0.000,67.368,66.635,65.197,67.099,0.000,69.246,67.829,66.463,68.334,0.000,70.777,70.409,68.424,70.804,0.000,69.147,71.770,71.490,70.998,0.000,67.704,69.880,70.026,69.446,0.000,66.414,68.212,68.591,68.209,0.000,65.147,66.976,67.310,66.999,0.000,63.882,65.057,66.028,65.774,0.000,62.646,63.745,64.770,64.575,0.000,61.416,62.430,63.538,63.381,0.000,60.192,60.215,62.282,62.163,0.000,60.321,59.011,61.107,61.063,0.000,59.688,59.291,60.030,61.186,0.000,59.276,58.609,60.244,60.668,0.000,58.128,58.127,59.659,60.082,0.000,57.076,56.972,59.013,58.955,0.000,57.890,55.927,57.924,58.013,0.000,57.498,56.932,57.019,58.816,0.000,57.266,56.439,57.880,58.429,0.000,57.448,56.188,57.425,58.201,0.000,58.364,56.465,57.251,58.473,0.000,59.496,57.450,57.626,59.439,0.000,60.644,58.587,58.612,60.574,0.000,61.773,59.747,59.754,61.728,0.000,62.782,60.877,60.909,62.849,0.000,63.474,61.877,62.013,63.830,0.000,63.534,62.551,62.950,64.465,0.000,64.004,60.274,61.383,62.377,0.000,66.854,71.473,63.286,65.276,0.000,66.514,66.191,64.491,65.028,0.000,67.650,65.893,65.649,66.229,0.000,69.535,67.157,66.820,67.521,0.000,72.185,70.440,68.786,70.115,0.000,70.701,72.732,72.431,70.853,0.000,68.957,71.319,71.875,69.307,0.000,67.264,70.312,69.808,67.597,0.000,66.026,71.266,68.672,66.881,0.000,64.051,66.964,66.860,64.994,0.000,62.736,66.434,64.977,63.759,0.000,61.417,71.199,64.460,63.316,0.000,59.132,60.060,62.206,61.145,0.000,59.267,57.877,60.044,59.939,0.000,58.516,58.246,58.904,60.129,0.000,58.224,57.428,59.194,59.508,0.000,57.054,57.079,58.502,59.027,0.000,55.931,55.895,57.948,57.876,0.000,56.861,54.774,56.846,56.874,0.000,56.443,56.937,55.912,57.820,0.000,56.159,55.357,56.851,57.351,0.000,56.319,55.097,56.340,57.098,0.000,57.251,55.332,56.158,57.343,0.000,58.408,56.355,56.525,58.333,0.000,59.568,57.509,57.529,59.497,0.000,60.699,58.668,58.674,60.651,0.000,61.719,59.802,59.830,61.775,0.000,62.417,60.812,60.938,62.767,0.000,62.479,61.496,61.886,63.410,0.000,71.584,59.061,61.854,62.874,0.000,70.000,0.000,0.000,0.000,0.000,67.272,65.220,71.735,66.993,0.000,66.961,64.812,66.253,66.596,0.000,69.440,66.232,66.069,67.785,0.000,73.095,71.474,68.728,71.023,0.000,71.480,71.306,73.105,72.618,0.000,70.000,0.000,0.000,0.000,0.000,71.288,70.654,71.288,69.427,0.000,70.000,0.000,0.000,0.000,0.000,67.357,69.819,71.376,66.072,0.000,71.240,71.130,68.261,65.618,0.000,70.000,0.000,0.000,0.000,0.000,59.038,59.005,71.229,61.069,0.000,58.251,56.739,59.820,58.843,0.000,57.334,57.211,57.774,59.080,0.000,57.149,56.236,58.148,58.337,0.000,56.011,56.655,57.337,58.005,0.000,54.820,55.946,56.922,56.837,0.000,56.825,53.586,55.801,55.761,0.000,56.523,71.029,55.998,57.942,0.000,55.078,54.266,56.816,56.291,0.000,55.190,53.992,55.255,55.982,0.000,56.139,54.199,55.067,56.214,0.000,57.306,55.246,55.406,57.221,0.000,58.493,56.433,56.448,58.412,0.000,59.626,57.591,57.596,59.575,0.000,60.655,58.727,58.751,60.702,0.000,61.362,59.748,59.863,61.705,0.000,61.424,60.441,60.823,62.355,0.000,61.742,55.946,57.204,59.895,0.000,66.612,71.391,61.170,71.391,0.000,64.581,62.656,62.437,65.934,0.000,65.942,63.972,63.659,65.697,0.000,69.902,68.259,65.095,67.149,0.000,71.570,71.264,69.233,72.237,0.000,70.000,0.000,0.000,0.000,0.000,70.000,0.000,0.000,0.000,0.000,68.487,69.087,71.406,70.780,0.000,69.843,66.658,69.981,71.390,0.000,71.259,71.128,68.994,68.375,0.000,70.000,0.000,0.000,0.000,0.000,61.421,71.068,71.068,71.068,0.000,56.892,56.801,61.985,59.892,0.000,57.176,55.562,57.728,57.674,0.000,56.185,57.301,56.649,58.078,0.000,56.693,55.037,57.127,57.171,0.000,56.027,55.653,56.190,56.969,0.000,54.955,71.041,57.763,57.007,0.000,71.041,52.313,57.003,55.840,0.000,70.000,0.000,0.000,0.000,0.000,55.147,53.117,71.026,56.331,0.000,54.059,52.874,54.133,54.862,0.000,55.029,53.066,53.972,55.085,0.000,56.200,54.135,54.274,56.111,0.000,57.409,55.344,55.356,57.313,0.000,58.554,56.515,56.518,58.500,0.000,59.592,57.653,57.674,59.629,0.000,60.308,58.685,58.789,60.643,0.000,60.370,59.388,59.760,61.302,0.000,71.477,54.645,57.668,58.768,0.000,70.000,0.000,0.000,0.000,0.000,65.418,61.584,71.608,65.022,0.000,67.852,63.113,62.894,64.674,0.000,71.483,71.218,67.304,69.047,0.000,70.000,0.000,0.000,0.000,0.000,70.000,0.000,0.000,0.000,0.000,70.447,72.442,71.202,71.202,0.000,67.463,71.249,71.745,70.047,0.000,71.351,65.425,68.970,68.272,0.000,70.000,0.000,0.000,0.000,0.000,71.070,61.808,71.070,71.070,0.000,70.000,0.000,0.000,0.000,0.000,56.814,55.597,71.177,58.845,0.000,57.220,54.419,56.572,56.543,0.000,56.369,71.101,56.825,58.356,0.000,55.690,53.818,57.179,56.025,0.000,71.090,54.615,56.354,57.770,0.000,70.000,0.000,0.000,0.000,0.000,51.792,49.554,71.019,54.459,0.000,52.909,49.235,52.113,71.015,0.000,52.702,51.909,50.562,53.879,0.000,52.902,52.128,51.758,53.718,0.000,53.920,51.933,52.867,53.955,0.000,55.095,53.026,53.141,55.002,0.000,56.311,54.242,54.250,56.208,0.000,57.482,55.440,55.442,57.419,0.000,58.530,56.580,56.597,58.558,0.000,59.255,57.621,57.716,59.582,0.000,59.318,58.336,58.698,60.250,0.000,55.677,51.304,52.516,55.413,0.000,61.141,56.820,54.949,71.455,0.000,64.437,71.352,58.540,64.143,0.000,71.595,70.273,61.923,65.608,0.000,70.000,0.000,0.000,0.000,0.000,72.130,71.071,71.071,71.071,0.000,72.324,71.145,72.076,71.145,0.000,71.358,72.176,72.371,72.462,0.000,70.000,0.000,0.000,0.000,0.000,63.352,66.372,71.306,67.035,0.000,61.016,64.231,65.125,71.261,0.000,58.509,71.142,62.918,63.605,0.000,55.839,57.048,60.433,71.177,0.000,54.365,53.160,56.655,56.446,0.000,71.149,53.231,55.534,56.625,0.000,70.000,0.000,0.000,0.000,0.000,54.596,52.542,71.089,56.111,0.000,52.113,71.044,55.108,56.738,0.000,49.692,49.223,54.254,71.022,0.000,49.092,46.773,50.086,50.372,0.000,51.633,48.824,48.076,50.183,0.000,53.412,71.009,50.908,52.953,0.000,51.820,51.092,51.957,52.651,0.000,52.831,50.799,52.152,52.843,0.000,53.991,51.918,52.008,53.895,0.000,55.207,53.137,53.141,55.104,0.000,56.403,54.355,54.357,56.324,0.000,57.468,55.507,55.522,57.486,0.000,58.204,56.559,56.643,58.521,0.000,58.267,57.286,57.636,59.200,0.000,56.297,50.070,51.279,52.355,0.000,71.281,71.124,55.853,59.940,0.000,70.000,0.000,0.000,0.000,0.000,71.194,71.000,71.194,68.104,0.000,70.000,0.000,0.000,0.000,0.000,70.000,0.000,0.000,0.000,0.000,70.000,0.000,0.000,0.000,0.000,70.043,73.316,71.345,72.508,0.000,66.884,70.589,71.459,71.443,0.000,64.667,66.565,67.716,64.641,0.000,71.306,68.004,66.430,63.383,0.000,70.000,0.000,0.000,0.000,0.000,56.053,71.047,71.107,59.275,0.000,51.985,54.919,56.745,54.238,0.000,50.554,52.118,52.933,54.031,0.000,52.355,49.203,53.063,71.099,0.000,71.094,49.645,51.932,54.789,0.000,70.000,0.000,0.000,0.000,0.000,48.407,48.112,71.012,51.557,0.000,48.602,45.519,48.941,47.780,0.000,71.007,47.722,48.358,50.513,0.000,70.000,0.000,0.000,0.000,0.000,52.108,50.011,71.005,53.359,0.000,51.726,49.648,51.064,51.714,0.000,52.887,50.813,50.860,52.788,0.000,54.104,52.032,52.034,54.000,0.000,55.311,53.257,53.257,55.220,0.000,56.398,54.435,54.447,56.409,0.000,57.153,55.496,55.571,57.460,0.000,57.217,56.237,56.575,58.150,0.000,71.321,48.762,52.071,53.188,0.000,70.000,0.000,0.000,0.000,0.000,70.000,0.000,0.000,0.000,0.000,72.197,71.074,71.074,71.074,0.000,72.265,72.210,72.083,71.219,0.000,73.211,72.214,72.275,71.284,0.000,72.666,72.233,72.540,72.296,0.000,69.008,71.303,73.430,69.419,0.000,67.489,64.730,70.235,65.988,0.000,71.260,71.165,68.760,66.336,0.000,70.000,0.000,0.000,0.000,0.000,70.000,0.000,0.000,0.000,0.000,53.954,59.682,71.148,54.649,0.000,51.140,71.074,56.111,53.196,0.000,48.039,49.627,51.859,50.177,0.000,47.825,46.694,49.028,50.420,0.000,48.191,46.569,49.586,71.028,0.000,45.479,45.352,47.497,48.834,0.000,45.922,44.236,46.285,46.430,0.000,47.034,44.933,45.436,48.455,0.000,49.785,46.082,47.803,71.001,0.000,49.415,47.284,47.343,50.729,0.000,50.572,48.494,48.496,50.519,0.000,51.784,49.709,49.709,51.683,0.000,53.002,50.929,50.929,52.898,0.000,54.210,52.152,52.152,54.117,0.000,55.324,53.355,53.365,55.320,0.000,56.104,54.434,54.500,56.389,0.000,56.168,55.189,55.514,57.102,0.000,71.275,45.107,48.645,51.801,0.000,70.000,0.000,0.000,0.000,0.000,70.000,0.000,0.000,0.000,0.000,72.136,72.005,71.212,72.202,0.000,72.081,71.143,72.203,72.265,0.000,71.210,71.071,72.202,73.210,0.000,70.000,0.000,0.000,0.000,0.000,71.294,62.883,71.294,68.243,0.000,70.000,0.000,0.000,0.000,0.000,57.466,55.804,71.106,71.106,0.000,59.690,53.288,58.214,71.169,0.000,71.099,71.053,57.523,57.834,0.000,70.000,0.000,0.000,0.000,0.000,48.577,51.903,71.068,50.776,0.000,46.758,45.420,49.341,47.708,0.000,45.500,47.231,46.702,47.560,0.000,44.260,44.310,46.374,46.246,0.000,44.810,43.062,45.186,45.165,0.000,45.882,43.826,44.211,45.836,0.000,47.064,44.987,45.020,46.972,0.000,48.265,46.188,46.190,48.168,0.000,49.472,47.396,47.396,49.373,0.000,50.684,48.609,48.609,50.583,0.000,51.900,49.827,49.826,51.797,0.000,53.110,51.048,51.048,53.015,0.000,54.244,52.261,52.269,54.220,0.000,55.056,53.366,53.429,55.316,0.000,55.121,54.142,54.454,56.055,0.000,71.237,41.272,44.987,48.291,0.000,70.000,0.000,0.000,0.000,0.000,70.000,0.000,0.000,0.000,0.000,71.074,71.000,71.074,72.191,0.000,70.000,0.000,0.000,0.000,0.000,70.000,0.000,0.000,0.000,0.000,64.566,71.129,71.129,71.129,0.000,59.214,58.518,65.221,63.776,0.000,57.640,71.182,62.908,71.182,0.000,53.291,53.208,58.218,56.627,0.000,71.136,51.926,55.675,55.744,0.000,70.000,0.000,0.000,0.000,0.000,70.000,0.000,0.000,0.000,0.000,49.239,71.013,71.038,53.003,0.000,47.413,44.072,49.871,46.562,0.000,46.285,71.015,47.280,48.240,0.000,43.223,44.767,47.063,45.308,0.000,43.706,41.886,44.140,44.001,0.000,44.789,42.722,43.040,44.731,0.000,45.971,43.893,43.915,45.879,0.000,47.170,45.093,45.094,47.074,0.000,48.375,46.299,46.299,48.277,0.000,49.586,47.512,47.509,49.485,0.000,50.800,48.732,48.725,50.697,0.000,52.010,49.954,49.945,51.913,0.000,53.154,51.159,51.165,53.120,0.000,54.003,52.291,52.350,54.239,0.000,54.075,53.097,53.387,55.009,0.000,71.204,37.234,41.135,44.608,0.000,70.000,0.000,0.000,0.000,0.000,70.000,0.000,0.000,0.000,0.000,70.000,0.000,0.000,0.000,0.000,71.228,56.964,71.228,62.684,0.000,70.000,0.000,0.000,0.000,0.000,52.001,53.870,71.117,55.615,0.000,48.964,49.058,52.746,52.681,0.000,47.628,71.038,53.363,71.038,0.000,71.022,42.200,52.113,71.022,0.000,70.000,0.000,0.000,0.000,0.000,71.015,42.581,71.015,48.855,0.000,70.000,0.000,0.000,0.000,0.000,43.866,43.664,71.008,46.032,0.000,42.670,40.708,44.423,42.900,0.000,43.697,41.621,41.867,43.629,0.000,44.879,42.801,42.813,44.788,0.000,46.077,43.999,43.999,45.982,0.000,47.283,45.210,45.203,47.183,0.000,48.497,46.487,46.414,48.391,0.000,49.713,47.754,47.632,49.603,0.000,50.914,48.944,48.852,50.816,0.000,52.064,50.057,50.070,52.020,0.000,52.945,51.210,51.260,53.151,0.000,53.031,52.054,52.313,53.954,0.000,43.313,33.018,34.474,38.128,0.000,71.058,71.058,43.216,71.058,0.000,70.000,0.000,0.000,0.000,0.000,70.000,0.000,0.000,0.000,0.000,70.000,0.000,0.000,0.000,0.000,70.000,0.000,0.000,0.000,0.000,58.929,71.099,71.099,71.099,0.000,57.075,52.033,59.687,57.984,0.000,55.806,71.134,57.137,71.134,0.000,51.220,71.074,57.970,54.672,0.000,71.078,47.912,53.670,51.715,0.000,70.000,0.000,0.000,0.000,0.000,39.027,38.642,71.012,44.893,0.000,40.271,35.412,41.712,71.007,0.000,43.334,38.335,36.980,43.224,0.000,45.670,71.007,42.708,71.007,0.000,40.771,40.533,43.543,44.393,0.000,41.506,39.484,41.486,41.665,0.000,42.604,40.524,40.655,42.527,0.000,43.789,41.710,41.714,43.698,0.000,44.991,42.912,42.906,44.891,0.000,46.262,44.243,44.115,46.096,0.000,47.582,47.269,45.395,47.366,0.000,48.760,48.246,46.663,48.572,0.000,49.819,47.850,47.869,49.730,0.000,50.977,48.956,49.056,50.924,0.000,51.888,50.118,50.160,52.063,0.000,51.989,51.008,51.240,52.899,0.000,71.145,31.526,35.591,36.866,0.000,70.000,0.000,0.000,0.000,0.000,50.666,37.636,71.134,71.134,0.000,58.582,71.157,44.881,71.157,0.000,71.078,71.078,53.593,71.078,0.000,70.000,0.000,0.000,0.000,0.000,70.000,0.000,0.000,0.000,0.000,70.000,0.000,0.000,0.000,0.000,71.173,50.271,71.173,56.749,0.000,70.000,0.000,0.000,0.000,0.000,70.000,0.000,0.000,0.000,0.000,44.664,71.007,71.030,52.376,0.000,39.044,38.873,47.186,71.019,0.000,35.470,35.245,39.609,39.409,0.000,37.947,34.155,36.270,36.415,0.000,71.003,37.195,37.704,40.140,0.000,70.000,0.000,0.000,0.000,0.000,41.540,39.412,71.005,43.453,0.000,40.410,38.326,40.359,40.454,0.000,41.514,39.433,39.501,41.431,0.000,42.706,40.621,40.621,42.609,0.000,44.023,41.880,41.821,43.807,0.000,47.035,44.905,43.155,45.136,0.000,49.771,71.005,46.307,48.151,0.000,47.735,47.264,47.378,47.658,0.000,48.773,46.752,48.299,48.772,0.000,49.887,47.851,47.956,49.825,0.000,50.833,49.027,49.056,50.974,0.000,50.939,49.955,50.160,51.845,0.000,29.511,27.039,28.219,32.124,0.000,36.849,28.511,31.623,71.136,0.000,71.163,33.538,33.135,40.974,0.000,70.000,0.000,0.000,0.000,0.000,70.000,0.000,0.000,0.000,0.000,70.000,0.000,0.000,0.000,0.000,71.066,51.242,71.066,71.066,0.000,70.000,0.000,0.000,0.000,0.000,52.568,71.074,71.074,71.074,0.000,44.576,71.146,55.107,53.134,0.000,45.053,40.234,47.648,71.190,0.000,71.120,41.581,46.207,71.120,0.000,70.000,0.000,0.000,0.000,0.000,37.713,37.715,71.009,41.859,0.000,34.175,34.077,38.375,36.228,0.000,34.622,32.932,35.010,35.092,0.000,35.786,33.648,34.129,37.839,0.000,39.242,34.825,37.263,71.000,0.000,38.149,35.993,36.075,40.096,0.000,39.247,37.166,37.168,39.231,0.000,40.426,38.345,38.345,40.340,0.000,41.670,39.533,39.532,41.524,0.000,44.558,40.790,40.789,42.782,0.000,71.001,43.870,43.927,45.930,0.000,70.000,0.000,0.000,0.000,0.000,48.331,46.219,71.005,49.777,0.000,47.671,45.595,47.244,47.675,0.000,48.794,46.747,46.803,48.722,0.000,49.779,47.934,47.953,49.886,0.000,49.887,48.903,49.071,50.793,0.000,28.184,25.869,26.936,27.972,0.000,30.269,30.708,27.283,29.546,0.000,40.269,37.639,29.344,34.316,0.000,71.049,71.049,39.976,71.049,0.000,70.000,0.000,0.000,0.000,0.000,51.249,49.068,71.134,71.134,0.000,71.213,45.474,52.135,54.019,0.000,70.000,0.000,0.000,0.000,0.000,70.000,0.000,0.000,0.000,0.000,70.000,0.000,0.000,0.000,0.000,41.503,38.896,71.165,43.526,0.000,39.594,37.900,40.141,42.403,0.000,38.069,38.268,41.704,71.064,0.000,34.263,34.429,38.788,38.480,0.000,32.957,32.892,35.147,34.958,0.000,33.481,31.732,33.809,33.860,0.000,34.587,32.516,32.909,34.519,0.000,35.813,33.727,33.757,35.703,0.000,36.993,34.914,34.915,36.913,0.000,38.164,36.085,36.084,38.081,0.000,39.341,37.265,37.261,39.255,0.000,40.526,38.454,38.444,40.437,0.000,41.720,39.646,39.635,41.682,0.000,42.966,40.833,40.894,44.569,0.000,45.994,42.021,43.975,71.000,0.000,45.364,43.224,43.290,46.912,0.000,46.509,44.433,44.435,46.466,0.000,47.701,45.645,45.646,47.618,0.000,48.726,46.842,46.852,48.797,0.000,48.836,47.853,47.982,49.742,0.000,30.346,24.701,25.889,26.926,0.000,40.149,71.081,29.814,31.912,0.000,71.084,71.034,37.385,36.827,0.000,70.000,0.000,0.000,0.000,0.000,70.000,0.000,0.000,0.000,0.000,45.699,50.530,71.218,52.008,0.000,41.650,48.636,46.589,46.394,0.000,39.913,71.084,47.467,71.084,0.000,37.690,32.776,43.083,71.099,0.000,38.664,33.690,36.773,71.105,0.000,37.473,35.007,35.016,39.519,0.000,38.647,39.081,36.536,38.985,0.000,37.215,71.053,40.569,41.378,0.000,33.279,38.158,38.000,35.435,0.000,31.770,31.868,34.124,33.768,0.000,32.349,30.510,32.681,32.648,0.000,33.470,31.387,31.714,33.389,0.000,34.703,32.610,32.631,34.587,0.000,35.916,33.837,33.837,35.824,0.000,37.088,35.014,35.005,37.003,0.000,38.271,36.283,36.183,38.177,0.000,39.456,37.538,37.369,39.356,0.000,40.634,38.690,38.559,40.541,0.000,41.811,39.743,39.749,41.728,0.000,43.005,40.927,40.938,42.912,0.000,44.205,42.128,42.129,44.109,0.000,45.411,43.335,43.335,45.313,0.000,46.609,44.546,44.546,46.519,0.000,47.675,45.748,45.754,47.707,0.000,47.787,46.805,46.893,48.693,0.000,71.051,23.337,27.843,28.977,0.000,70.000,0.000,0.000,0.000,0.000,70.000,0.000,0.000,0.000,0.000,70.000,0.000,0.000,0.000,0.000,55.152,71.083,71.083,71.083,0.000,49.390,54.280,55.598,47.426,0.000,71.137,71.083,52.783,47.965,0.000,70.000,0.000,0.000,0.000,0.000,36.346,31.373,71.074,36.515,0.000,34.783,32.682,32.581,34.601,0.000,38.571,34.171,33.901,36.002,0.000,71.128,41.111,37.971,40.196,0.000,70.000,0.000,0.000,0.000,0.000,37.341,71.001,71.002,39.285,0.000,30.751,31.574,37.720,32.876,0.000,31.225,29.282,31.647,31.438,0.000,32.355,30.263,30.495,32.262,0.000,33.589,31.495,31.505,33.474,0.000,34.836,32.749,32.741,34.717,0.000,36.111,34.109,33.936,35.935,0.000,37.439,37.749,35.208,37.194,0.000,38.549,38.487,36.466,38.338,0.000,39.553,37.612,37.636,39.471,0.000,40.724,38.653,38.786,40.644,0.000,41.913,39.835,39.846,41.821,0.000,43.111,41.034,41.034,43.016,0.000,44.315,42.238,42.238,44.217,0.000,45.517,43.447,43.447,45.423,0.000,46.626,44.654,44.656,46.618,0.000,46.740,45.758,45.803,47.645,0.000,71.032,18.349,23.171,27.450,0.000,70.000,0.000,0.000,0.000,0.000,70.000,0.000,0.000,0.000,0.000,70.000,0.000,0.000,0.000,0.000,71.192,64.780,71.192,53.373,0.000,70.000,0.000,0.000,0.000,0.000,34.297,29.210,71.022,71.022,0.000,32.369,27.003,30.273,32.179,0.000,36.713,71.045,31.592,36.354,0.000,38.130,35.191,32.995,34.997,0.000,44.315,71.053,37.515,41.693,0.000,71.052,41.097,44.045,71.052,0.000,70.000,0.000,0.000,0.000,0.000,32.020,30.230,71.002,34.313,0.000,30.128,28.048,31.117,30.248,0.000,31.241,29.143,29.270,31.139,0.000,32.484,30.381,30.384,32.361,0.000,33.896,31.711,31.636,33.612,0.000,37.562,35.371,33.041,35.029,0.000,40.665,71.001,36.850,38.645,0.000,37.591,37.657,37.839,37.535,0.000,38.513,36.531,38.491,38.558,0.000,39.636,37.560,37.701,39.557,0.000,40.822,38.744,38.751,40.731,0.000,42.018,39.940,39.941,41.924,0.000,43.220,41.143,41.143,43.123,0.000,44.424,42.350,42.350,44.327,0.000,45.578,43.564,43.559,45.527,0.000,45.695,44.738,44.713,46.601,0.000,23.109,13.147,14.673,19.142,0.000,41.507,71.030,22.927,71.030,0.000,71.013,71.013,34.833,71.013,0.000,70.000,0.000,0.000,0.000,0.000,70.000,0.000,0.000,0.000,0.000,71.096,71.000,71.096,60.336,0.000,70.000,0.000,0.000,0.000,0.000,29.888,24.822,71.027,32.954,0.000,71.027,25.673,29.087,30.970,0.000,70.000,0.000,0.000,0.000,0.000,71.037,34.140,71.037,39.615,0.000,70.000,0.000,0.000,0.000,0.000,37.463,71.006,71.029,46.598,0.000,30.648,30.364,40.418,71.017,0.000,28.003,26.104,31.071,30.956,0.000,28.913,26.823,27.284,28.932,0.000,30.127,28.027,28.054,30.019,0.000,31.439,29.268,29.269,31.253,0.000,34.967,30.596,30.599,32.585,0.000,71.001,34.367,34.450,36.485,0.000,70.000,0.000,0.000,0.000,0.000,38.784,36.643,71.001,40.664,0.000,37.450,35.366,37.573,37.505,0.000,38.547,36.468,36.541,38.466,0.000,39.733,37.654,37.656,39.642,0.000,40.926,38.848,38.848,40.833,0.000,42.126,40.048,40.048,42.030,0.000,43.335,41.260,41.253,43.232,0.000,44.561,42.602,42.468,44.442,0.000,44.744,45.648,43.697,45.625,0.000,71.008,11.619,16.613,17.903,0.000,70.000,0.000,0.000,0.000,0.000,70.000,0.000,0.000,0.000,0.000,70.000,0.000,0.000,0.000,0.000,70.000,0.000,0.000,0.000,0.000,25.520,20.134,71.013,28.728,0.000,29.527,21.120,21.628,26.485,0.000,33.987,71.012,29.183,71.012,0.000,71.029,26.793,33.262,37.529,0.000,70.000,0.000,0.000,0.000,0.000,70.000,0.000,0.000,0.000,0.000,29.155,29.633,71.009,33.950,0.000,26.773,24.789,29.768,27.123,0.000,27.797,25.699,25.984,27.716,0.000,29.016,26.917,26.929,28.907,0.000,30.250,28.153,28.154,30.140,0.000,31.492,29.394,29.397,31.453,0.000,32.820,30.640,30.728,34.981,0.000,36.470,31.856,34.456,71.000,0.000,35.188,33.024,33.111,37.306,0.000,36.280,34.199,34.201,36.270,0.000,37.458,35.379,35.379,37.374,0.000,38.644,36.565,36.565,38.555,0.000,39.836,37.757,37.757,39.744,0.000,41.039,38.957,38.955,40.938,0.000,42.371,40.230,40.165,42.145,0.000,45.462,43.371,41.514,43.487,0.000,47.496,71.003,44.747,46.549,0.000,8.347,6.105,7.371,12.121,0.000,17.159,7.265,11.677,71.002,0.000,71.000,12.497,16.714,71.000,0.000,70.000,0.000,0.000,0.000,0.000,70.000,0.000,0.000,0.000,0.000,70.000,0.000,0.000,0.000,0.000,23.590,17.576,71.000,71.000,0.000,20.605,15.206,18.717,20.908,0.000,71.005,19.784,20.129,25.237,0.000,70.000,0.000,0.000,0.000,0.000,27.482,22.200,71.010,30.570,0.000,71.002,23.229,29.801,71.002,0.000,70.000,0.000,0.000,0.000,0.000,27.813,25.478,71.003,32.716,0.000,25.582,23.467,26.373,25.761,0.000,26.685,24.583,24.680,26.591,0.000,27.908,25.808,25.811,27.799,0.000,29.140,27.042,27.042,29.029,0.000,30.377,28.282,28.282,30.263,0.000,31.619,29.526,29.526,31.503,0.000,32.851,30.766,30.766,32.747,0.000,34.024,31.946,31.945,33.944,0.000,35.196,33.117,33.117,35.113,0.000,36.374,34.295,34.294,36.288,0.000,37.557,35.479,35.478,37.469,0.000,38.748,36.669,36.667,38.655,0.000,40.006,37.866,37.865,39.850,0.000,43.004,39.137,39.135,41.120,0.000,71.001,42.338,42.399,44.401,0.000,70.000,0.000,0.000,0.000,0.000,6.932,4.885,6.009,7.044,0.000,8.196,5.977,6.176,8.190,0.000,9.618,7.273,7.419,13.013,0.000,14.852,8.580,12.656,71.000,0.000,16.069,9.888,13.887,71.000,0.000,17.288,11.195,15.117,71.000,0.000,14.793,12.503,12.634,18.056,0.000,15.967,13.811,13.819,16.042,0.000,17.308,15.081,15.202,20.354,0.000,21.918,16.256,19.870,71.000,0.000,19.670,17.439,17.563,22.762,0.000,20.856,18.632,18.748,23.801,0.000,25.275,19.832,23.215,71.000,0.000,23.257,21.039,21.152,26.051,0.000,24.362,22.254,22.257,24.356,0.000,25.578,23.475,23.475,25.475,0.000,26.802,24.702,24.701,26.694,0.000,28.032,25.935,25.933,27.921,0.000,29.267,27.173,27.170,29.154,0.000,30.506,28.416,28.412,30.391,0.000,31.750,29.663,29.659,31.633,0.000,32.947,30.871,30.868,32.863,0.000,34.116,32.041,32.037,34.034,0.000,35.291,33.217,33.212,35.206,0.000,36.472,34.399,34.393,36.384,0.000,37.659,35.587,35.580,37.568,0.000,38.854,36.781,36.773,38.760,0.000,40.056,37.981,37.974,40.018,0.000,41.226,39.179,39.242,43.012,0.000,43.308,40.277,42.388,71.000,0.000,5.785,3.668,4.798,5.836,0.000,7.055,4.827,4.960,6.923,0.000,8.346,6.129,6.134,8.204,0.000,9.639,7.437,7.437,9.496,0.000,10.933,8.745,8.745,10.790,0.000,12.228,10.054,10.052,12.085,0.000,13.524,11.362,11.360,13.381,0.000,14.821,12.672,12.668,14.678,0.000,16.098,13.975,13.972,15.976,0.000,17.280,15.177,15.173,17.196,0.000,18.461,16.358,16.353,18.372,0.000,19.649,17.548,17.541,19.557,0.000,20.846,18.747,18.738,20.750,0.000,22.049,19.953,19.942,21.950,0.000,23.260,21.167,21.154,23.158,0.000,24.477,22.388,22.372,24.371,0.000,25.699,23.616,23.596,25.590,0.000,26.928,24.850,24.827,26.816,0.000,28.161,26.089,26.062,28.046,0.000,29.400,27.334,27.303,29.281,0.000,30.643,28.584,28.549,30.522,0.000,31.871,29.811,29.785,31.766,0.000,33.042,30.988,30.962,32.957,0.000,34.216,32.165,32.135,34.126,0.000,35.395,33.348,33.315,35.302,0.000,36.581,34.538,34.500,36.484,0.000,37.772,35.734,35.692,37.671,0.000,38.967,36.936,36.889,38.867,0.000,40.113,38.138,38.089,40.065,0.000,40.218,39.241,39.234,41.132,0.000,4.640,2.448,3.584,4.631,0.000,5.919,3.679,3.748,5.781,0.000,7.211,4.987,4.986,7.068,0.000,8.504,6.299,6.294,8.360,0.000,9.798,7.614,7.602,9.654,0.000,11.094,8.931,8.911,10.949,0.000,12.391,10.250,10.220,12.244,0.000,13.689,11.570,11.529,13.541,0.000,14.988,12.892,12.839,14.839,0.000,16.205,14.129,14.097,16.111,0.000,17.383,15.314,15.274,17.290,0.000,18.570,16.510,16.460,18.471,0.000,19.765,17.715,17.655,19.661,0.000,20.968,18.929,18.858,20.858,0.000,22.179,20.152,20.069,22.063,0.000,23.396,21.383,21.288,23.274,0.000,24.620,22.621,22.513,24.492,0.000,25.850,23.866,23.744,25.716,0.000,27.085,25.117,24.981,26.945,0.000,28.327,26.374,26.224,28.180,0.000,29.573,27.618,27.473,29.420,0.000,30.807,28.837,28.717,30.664,0.000,31.995,30.024,29.912,31.887,0.000,33.170,31.210,31.086,33.056,0.000,34.351,32.404,32.267,34.230,0.000,35.539,33.604,33.454,35.411,0.000,36.733,34.811,34.648,36.597,0.000,37.930,36.025,35.848,37.790,0.000,39.080,37.239,37.050,38.983,0.000,39.187,38.350,38.200,40.094,0.000,3.498,1.225,2.369,3.424,0.000,4.784,2.533,2.533,4.641,0.000,6.081,3.915,3.844,5.933,0.000,7.381,5.295,5.157,7.226,0.000,8.683,6.672,6.472,8.521,0.000,9.989,8.047,7.790,9.817,0.000,11.297,9.421,9.109,11.115,0.000,12.608,10.725,10.430,12.414,0.000,13.921,12.003,11.753,13.715,0.000,15.167,13.264,13.033,15.012,0.000,16.351,14.481,14.234,16.219,0.000,17.545,15.709,15.426,17.399,0.000,18.748,16.948,16.628,18.588,0.000,19.960,18.195,17.840,19.786,0.000,21.181,19.452,19.060,20.991,0.000,22.409,20.716,20.288,22.204,0.000,23.644,21.987,21.524,23.423,0.000,24.886,23.237,22.768,24.649,0.000,26.135,24.464,24.017,25.882,0.000,27.389,25.698,25.273,27.120,0.000,28.633,26.940,26.533,28.364,0.000,29.850,28.144,27.750,29.613,0.000,31.046,29.349,28.955,30.837,0.000,32.232,30.563,30.139,32.020,0.000,33.424,31.784,31.330,33.197,0.000,34.623,33.011,32.529,34.381,0.000,35.829,34.246,33.734,35.571,0.000,37.038,35.486,34.946,36.767,0.000,38.198,36.709,36.161,37.964,0.000,38.309,37.807,37.321,39.077,0.000,0.000,0.000,0.000,0.000,0.000,3.723,2.457,1.390,3.512,0.000,5.088,3.837,2.777,4.813,0.000,6.452,5.215,4.161,6.117,0.000,7.815,6.592,5.543,7.425,0.000,9.178,7.966,6.923,8.736,0.000,10.539,9.339,8.300,10.049,0.000,11.809,10.646,9.632,11.364,0.000,13.083,11.923,10.909,12.682,0.000,14.343,13.208,12.194,13.972,0.000,15.560,14.438,13.416,15.206,0.000,16.788,15.665,14.643,16.395,0.000,18.025,16.901,15.879,17.594,0.000,19.271,18.147,17.126,18.802,0.000,20.526,19.402,18.381,20.020,0.000,21.788,20.665,19.644,21.245,0.000,23.057,21.935,20.915,22.479,0.000,24.295,23.186,22.175,23.719,0.000,25.521,24.411,23.400,24.967,0.000,26.755,25.644,24.634,26.220,0.000,27.995,26.885,25.875,27.480,0.000,29.201,28.109,27.094,28.699,0.000,30.406,29.313,28.298,29.921,0.000,31.620,30.526,29.511,31.107,0.000,32.840,31.745,30.730,32.296,0.000,34.067,32.972,31.957,33.493,0.000,35.300,34.205,33.191,34.697,0.000,36.537,35.445,34.431,35.906,0.000,37.702,36.668,35.661,37.118,0.000,37.791,37.774,36.806,38.237,0.000,
