States
32
Policy
[south, east, west, east, south, south, south, south, south, south, obstacle, obstacle, south, south, south, south, south, south, obstacle, obstacle, south, south, south, south, east, east, null, null, west, west, west, west]
Alpha value
1.0
Max number of actions
4
15.800,14.005,14.935,15.635,17.080,21.395,18.070,21.390,15.550,15.290,0.000,0.000,15.665,17.660,0.000,0.000,16.230,14.260,15.910,17.245,16.235,14.260,16.260,17.245,16.625,15.635,15.660,18.615,16.630,15.635,15.660,18.620,25.150,10.560,11.535,14.615,27.115,17.150,18.130,20.665,29.850,0.000,0.000,0.000,29.850,0.000,0.000,0.000,11.950,9.985,24.955,15.970,11.950,9.985,24.955,15.970,12.360,11.365,11.405,17.355,12.360,11.365,11.405,17.350,23.630,5.510,6.500,9.875,24.895,9.805,10.795,17.365,29.850,0.000,0.000,0.000,29.850,0.000,0.000,0.000,7.695,5.710,23.700,11.695,7.695,5.710,23.700,11.695,8.110,7.115,7.125,13.100,8.110,7.115,7.125,13.100,1.425,2.420,2.420,4.355,1.425,6.400,2.420,10.410,0.000,0.000,0.000,0.000,0.000,0.000,0.000,0.000,3.425,4.410,1.425,7.410,3.425,4.410,1.425,7.410,3.840,5.830,2.845,8.835,3.840,5.830,2.845,8.835,
