States
13
Policy
[null, null, null, null, null, null, null, null, null, null, null, null, null]
Alpha value
0.2
Max number of actions
1
0.000,0.000,0.000,0.000,0.000,0.000,0.000,0.000,0.000,0.000,0.000,0.000,0.000,
