States
4096
Policy
[east, east, obstacle, west, west, west, south, west, south, south, west, west, west, west, west, west, west, west, west, west, east, east, east, east, east, east, east, east, east, east, east, east, east, east, east, east, south, west, south, south, west, west, west, west, south, south, south, west, south, south, south, south, south, south, east, east, east, east, east, east, south, west, west, west, east, south, north, west, west, south, south, south, south, south, west, west, west, west, west, west, west, west, west, west, east, east, east, east, east, east, east, east, east, east, east, east, east, east, east, east, obstacle, west, south, south, west, west, west, west, south, south, south, south, south, south, south, south, south, south, east, east, east, east, east, east, obstacle, west, west, west, east, obstacle, west, west, west, east, south, south, south, south, west, west, west, west, west, west, west, west, west, south, east, east, east, east, east, east, south, south, south, south, south, east, east, east, east, east, north, north, east, obstacle, west, west, west, west, south, south, south, south, south, south, south, south, south, south, south, east, east, east, north, north, north, north, west, west, north, north, north, west, east, east, obstacle, west, west, south, west, west, west, west, west, west, west, west, west, south, east, east, east, east, east, east, east, south, south, south, south, south, east, south, south, east, north, north, north, north, west, west, west, west, south, south, south, south, south, south, south, south, south, south, south, south, east, east, east, east, north, north, north, west, north, north, north, north, north, north, north, north, south, south, west, west, west, west, west, west, west, west, south, south, east, east, east, east, east, east, east, east, south, south, south, south, east, east, south, south, west, north, north, north, north, west, west, east, south, south, south, south, south, south, south, south, south, south, south, south, south, east, east, east, north, north, north, south, north, north, north, north, north, north, north, east, east, obstacle, west, west, west, west, west, west, west, west, south, south, east, east, east, east, east, east, east, east, east, south, south, south, east, east, east, south, west, west, east, south, south, west, south, east, east, south, south, south, south, south, south, east, south, south, south, west, south, south, east, east, south, south, south, south, north, north, north, north, north, north, north, north, north, north, west, west, west, west, west, west, south, south, south, south, south, east, east, east, east, east, east, east, east, east, south, south, east, east, east, obstacle, west, west, east, east, south, south, south, east, east, east, obstacle, west, south, south, south, east, east, south, south, west, south, south, east, east, east, south, south, south, north, north, north, north, south, north, north, north, north, north, north, west, west, west, west, south, south, south, south, south, south, east, east, east, east, east, east, east, east, east, south, south, south, east, east, north, north, west, east, east, obstacle, west, west, west, north, north, north, east, south, south, south, east, east, east, obstacle, west, west, west, east, east, east, east, south, south, north, north, south, south, south, south, west, north, north, north, north, north, west, west, south, south, south, south, south, south, south, south, east, east, east, east, east, east, east, east, east, obstacle, west, west, west, north, north, west, north, north, north, north, west, west, north, north, north, east, obstacle, west, west, west, east, east, obstacle, west, west, west, west, east, east, east, obstacle, west, east, east, east, south, south, south, south, south, north, north, south, south, south, south, south, south, south, south, south, south, south, south, east, east, east, east, east, east, east, east, east, north, west, west, west, north, north, north, north, north, north, north, north, west, north, north, north, north, north, north, west, west, north, north, north, north, west, west, west, north, east, east, north, north, east, east, east, east, south, south, south, south, south, south, south, south, south, south, south, south, south, south, south, south, south, south, south, east, east, east, east, east, south, south, east, north, north, west, west, north, north, north, north, north, north, north, north, north, north, north, north, north, north, north, north, west, north, north, north, north, north, west, west, south, east, east, north, north, east, east, east, east, east, south, south, south, south, south, south, south, south, south, south, south, south, south, south, south, south, south, south, east, east, east, east, east, east, south, south, west, north, north, west, north, north, north, north, north, north, north, north, north, south, south, north, north, north, north, north, north, north, east, north, north, north, north, south, south, south, east, north, north, east, east, east, east, east, obstacle, south, south, south, east, south, south, south, south, south, east, south, south, south, south, south, south, south, east, east, east, east, east, east, east, south, west, west, west, west, west, north, north, north, north, north, north, south, south, south, south, west, north, north, north, north, south, south, south, south, north, north, east, east, south, south, south, west, north, north, north, east, east, east, east, obstacle, west, west, east, east, obstacle, west, west, south, east, east, obstacle, west, west, west, west, west, west, east, east, east, east, east, east, obstacle, west, west, west, west, west, west, west, north, east, east, east, east, south, south, south, west, west, north, north, east, south, south, south, south, south, east, east, east, east, south, south, west, south, north, east, east, east, east, east, north, north, west, north, east, north, west, south, south, south, east, north, west, west, west, west, west, west, south, south, east, east, east, east, north, north, west, west, west, west, west, west, east, east, east, east, east, east, south, south, west, west, west, east, east, east, south, south, south, south, south, east, east, east, obstacle, west, west, west, south, south, east, north, north, north, north, north, north, south, south, north, east, east, obstacle, west, west, north, north, west, south, west, west, south, south, south, south, east, east, east, north, north, north, west, west, west, west, west, east, east, east, east, east, east, south, south, west, west, south, east, east, east, east, south, south, south, south, south, east, east, north, north, west, west, south, south, south, east, east, east, north, north, east, south, south, west, east, east, north, west, west, north, north, south, south, west, south, south, south, south, south, south, east, east, north, north, north, north, west, west, west, south, south, south, east, east, east, east, east, obstacle, west, west, west, west, east, east, east, east, obstacle, west, west, west, west, north, north, north, north, west, south, south, south, south, east, east, east, east, east, east, south, south, south, south, north, north, west, east, east, south, south, south, south, south, south, south, south, south, south, east, north, north, north, north, north, west, south, south, south, south, south, east, east, east, east, north, west, west, west, west, east, east, east, east, north, south, west, west, west, north, north, north, north, west, south, south, south, south, east, east, east, east, east, east, obstacle, west, south, south, west, west, west, east, east, east, obstacle, west, west, west, south, south, south, south, south, south, north, north, north, north, north, east, east, south, south, south, south, south, east, east, east, north, north, west, west, west, east, east, east, east, east, obstacle, west, west, west, west, north, south, south, south, south, south, south, south, south, east, east, east, east, east, north, north, east, obstacle, west, west, west, west, north, north, north, west, west, east, south, south, south, south, south, south, south, south, west, west, east, east, east, east, south, south, south, south, south, east, east, north, north, north, west, south, south, east, east, east, east, north, north, west, west, west, south, south, south, south, south, south, south, south, south, south, east, east, east, south, south, east, east, north, west, west, west, west, north, north, north, north, east, east, east, obstacle, west, west, west, west, south, south, west, south, east, east, east, east, east, south, south, south, south, south, east, north, north, north, south, south, south, south, east, east, east, north, north, north, west, east, east, south, south, south, east, south, south, south, south, south, east, east, east, east, south, east, south, west, west, west, west, west, north, north, north, north, north, north, north, north, west, west, west, south, south, south, south, south, east, east, east, east, east, east, south, south, south, south, south, north, north, south, south, south, south, south, south, east, east, north, north, north, east, east, east, east, south, south, east, east, obstacle, west, west, west, east, east, east, east, obstacle, east, obstacle, west, west, west, west, west, west, north, north, north, north, north, north, north, north, west, east, south, south, south, south, south, south, east, east, east, east, east, obstacle, west, west, west, south, south, east, east, south, south, south, south, south, south, south, north, north, north, east, east, east, east, obstacle, west, north, north, north, west, west, west, east, east, east, east, south, east, north, west, west, south, west, west, west, west, north, north, north, north, north, north, north, north, east, east, south, south, south, south, south, south, east, east, east, east, north, north, west, south, south, south, east, east, east, south, south, south, south, south, south, west, north, north, north, east, east, east, north, north, north, north, north, north, west, west, east, east, east, east, obstacle, west, west, west, south, south, west, west, west, west, west, north, north, north, north, north, north, east, east, east, east, obstacle, west, west, west, west, west, north, north, north, north, north, south, south, south, south, east, east, east, east, obstacle, west, west, west, south, west, west, south, south, east, east, east, north, north, north, north, north, north, north, east, east, south, south, east, north, west, west, east, east, obstacle, west, west, west, west, west, west, west, east, east, east, south, south, south, east, east, north, west, west, west, west, west, west, north, north, north, east, east, south, south, south, south, east, north, east, north, west, west, south, south, south, south, south, south, south, east, east, north, north, north, north, north, north, east, east, east, east, south, south, west, west, west, north, north, north, west, west, west, west, west, west, west, east, east, east, east, south, south, south, east, north, north, west, west, west, west, west, north, east, east, east, east, east, obstacle, west, west, west, east, east, north, north, east, south, south, south, south, south, south, south, south, east, north, north, north, north, north, east, east, east, east, east, obstacle, obstacle, west, west, west, west, north, north, north, west, west, west, west, west, east, east, east, east, east, east, south, south, south, west, north, north, west, west, west, west, east, east, east, east, east, east, north, west, west, west, south, south, south, east, east, east, obstacle, west, west, south, south, south, south, south, north, north, north, north, north, east, east, east, east, east, obstacle, west, west, west, west, west, east, north, north, north, west, west, west, east, east, east, east, east, east, east, east, obstacle, west, west, west, west, west, west, south, south, south, east, east, east, east, east, north, north, west, east, east, south, south, south, south, east, north, west, south, south, south, south, south, south, west, north, north, north, north, north, north, north, north, north, north, north, north, west, west, south, south, north, north, north, north, west, west, east, east, east, east, east, east, east, south, north, west, west, west, west, west, south, south, south, south, east, east, south, south, south, north, north, north, east, east, east, south, south, south, south, north, north, east, south, south, south, south, south, south, south, north, north, north, north, north, north, north, north, north, north, north, north, east, south, south, west, west, west, west, west, south, south, south, east, east, east, east, east, obstacle, west, west, west, west, west, west, south, south, south, south, east, east, east, south, south, south, west, south, east, east, east, obstacle, west, obstacle, west, west, east, east, obstacle, east, obstacle, west, west, west, west, north, north, north, north, north, north, north, north, north, north, north, east, east, east, south, west, west, west, west, west, south, south, south, south, east, east, east, east, north, north, west, west, west, west, east, south, south, south, south, east, east, east, east, south, south, west, west, west, north, north, north, north, north, west, west, north, north, north, north, north, west, west, west, west, north, north, north, north, north, north, north, north, north, north, east, east, east, east, obstacle, west, west, west, west, west, south, south, south, south, south, east, east, east, north, north, north, west, west, east, east, east, south, south, south, south, east, east, east, east, obstacle, west, west, west, west, north, north, north, north, north, north, north, north, north, north, north, north, west, south, south, south, north, north, north, north, north, north, north, north, north, north, north, north, north, north, north, west, west, west, west, south, south, south, south, south, south, east, east, north, north, north, north, east, east, east, east, east, south, south, south, south, east, east, east, north, west, west, west, west, north, north, east, south, south, west, west, north, north, north, north, north, south, south, south, south, west, north, north, north, north, north, north, north, north, north, north, north, north, north, north, north, west, west, east, east, south, south, south, south, south, south, east, north, north, north, north, east, east, east, east, east, obstacle, west, west, west, east, south, south, north, north, west, west, west, east, east, east, east, south, west, west, west, north, north, north, east, east, south, south, south, south, south, south, north, north, north, north, north, north, north, north, north, north, north, north, north, north, east, east, east, east, south, south, south, south, south, south, north, north, north, north, north, east, east, east, east, north, north, west, east, east, east, south, west, west, west, west, west, east, east, east, east, obstacle, west, west, west, west, north, east, east, east, east, south, south, south, south, south, west, north, north, north, north, north, north, north, north, north, north, north, north, north, east, east, east, east, east, obstacle, west, west, west, west, south, south, south, south, south, east, east, east, east, north, north, north, east, east, east, obstacle, west, west, west, west, west, north, north, north, north, north, north, west, west, west, west, east, east, east, east, obstacle, south, south, south, south, west, west, north, north, north, north, north, north, north, north, north, north, north, north, north, east, east, east, east, north, west, west, south, south, south, south, south, south, south, south, east, east, east, north, north, north, north, north, north, north, north, west, west, west, west, west, north, north, north, north, north, north, west, west, west, north, north, north, north, north, south, south, south, south, west, west, west, east, north, north, north, north, east, north, north, north, north, north, north, east, east, east, east, north, north, south, south, south, south, south, south, south, south, south, south, east, east, north, north, north, north, north, north, north, north, north, west, west, west, west, north, north, north, north, north, north, north, west, west, north, north, north, north, north, south, south, west, west, west, west, west, south, south, south, south, south, south, east, north, north, north, north, east, east, east, east, east, north, east, east, south, south, south, south, south, south, south, south, south, south, east, north, north, north, north, north, north, north, north, north, north, west, west, west, north, north, north, north, north, north, north, north, west, north, north, north, north, north, south, south, south, west, west, west, west, south, south, south, south, south, south, south, north, north, north, north, east, east, east, east, east, east, east, east, obstacle, west, south, south, south, south, south, south, south, south, south, north, north, north, north, north, north, north, north, north, north, north, west, west, north, east, east, north, north, north, north, north, north, north, north, north, north, north, south, south, south, west, west, south, west, south, south, south, south, south, south, south, west, north, north, east, east, east, east, east, east, east, east, east, north, east, obstacle, west, east, obstacle, west, west, west, west, west, west, north, north, north, south, south, north, north, south, north, north, west, west, south, south, south, south, south, north, north, north, north, north, north, east, east, north, south, south, west, south, south, south, west, south, south, south, south, south, south, south, west, west, west, east, east, east, east, east, east, east, east, east, east, south, north, west, north, north, west, west, west, west, west, west, west, west, east, south, south, south, south, south, south, south, south, south, south, south, south, south, south, south, west, west, west, south, east, east, east, north, south, south, south, south, south, south, west, south, south, south, south, south, south, south, west, west, south, south, east, east, east, east, east, east, east, east, east, obstacle, west, west, west, north, north, west, west, west, west, west, west, east, east, east, south, south, south, south, south, south, south, south, south, south, south, south, south, south, south, south, south, south, south, south, south, south, south, south, south, south, south, south, west, south, east, south, south, south, south, south, west, south, south, south, east, east, east, east, east, east, east, east, east, north, north, west, west, north, north, north, west, west, west, west, east, east, east, east, east, south, south, south, south, south, south, south, east, south, south, south, south, south, south, west, south, south, south, south, south, south, south, south, south, south, south, south, west, south, east, east, south, south, south, south, south, south, south, south, south, east, east, east, east, east, east, east, east, south, west, west, west, north, north, north, north, west, west, east, east, east, east, east, east, east, south, south, south, south, south, south, east, east, south, south, south, south, south, west, west, south, south, south, south, south, south, south, south, south, south, south, west, south, east, east, east, south, south, south, south, south, south, south, south, south, east, east, east, east, east, east, east, obstacle, west, west, west, west, west, west, west, west, west, east, east, east, east, east, east, east, east, obstacle, west, west, west, west, east, east, east, south, south, south, south, west, west, west, south, south, south, south, south, south, south, south, south, south, west, west, east, east, east, east, south, south, south, south, south, south, south, south, south, east, east, east, east, east, east, north, north, west, west, west, west, west, west, west, west, east, east, east, east, east, east, east, east, north, west, west, west, west, east, east, east, east, east, obstacle, west, west, west, west, south, south, south, south, south, south, south, south, south, south, west, west, south, east, east, east, east, obstacle, west, west, west, west, west, west, west, west, north, north, north, north, north, north, north, north, west, west, west, west, west, west, east, east, east, east, east, south, south, south, east, north, north, west, west, east, east, east, east, east, obstacle, west, west, west, west, west, east, south, south, south, south, south, south, south, south, south, west, west, west, east, east, east, east, north, west, west, west, south, south, west, west, west, west, north, north, north, north, north, north, north, north, west, west, west, west, east, east, east, east, east, east, east, south, south, south, north, north, north, west, south, south, south, east, east, north, north, west, west, west, west, east, east, south, south, south, south, south, south, south, south, west, west, west, south, south, south, south, north, north, south, south, south, south, west, west, west, west, west, north, north, north, north, north, north, north, north, west, west, west, east, east, east, east, east, east, east, east, south, south, west, west, west, east, east, south, south, south, east, north, north, north, west, west, east, east, east, east, south, south, south, south, south, south, south, west, west, west, west, south, south, south, south, south, south, south, south, south, west, west, west, west, west, west, north, north, north, north, north, north, north, north, south, south, east, east, east, east, east, east, east, east, obstacle, west, west, west, west, east, east, east, south, south, south, north, north, north, north, west, east, east, east, east, obstacle, south, south, south, south, south, south, west, west, west, west, east, south, south, south, east, south, south, south, south, west, west, west, west, west, west, west, east, north, north, north, north, north, south, south, south, south, east, east, east, east, east, east, east, north, north, west, west, west, east, east, east, obstacle, west, west, west, north, north, north, north, north, east, east, east, north, south, south, south, south, south, south, west, west, west, west, east, east, obstacle, west, east, obstacle, west, east, obstacle, west, west, west, west, west, west, west, south, south, south, south, south, south, south, south, south, south, south, east, east, east, east, east, east, north, north, north, west, west, north, north, east, north, north, west, west, west, west, west, west, north, north, east, east, north, south, south, south, south, west, south, south, west, west, west, west, north, north, west, north, north, east, obstacle, west, west, west, west, west, west, west, west, south, south, south, south, south, south, south, south, south, south, south, south, east, east, east, east, east, north, north, north, north, west, north, north, east, north, north, north, west, west, west, west, west, north, north, north, north, north, south, south, south, west, obstacle, south, south, west, west, west, west, south, north, north, north, north, north, north, north, west, west, west, west, west, west, west, south, south, south, south, south, south, south, south, south, south, south, south, east, east, east, east, south, south, south, west, west, west, north, north, east, north, north, north, north, west, west, west, west, north, north, north, north, north, south, south, south, south, south, south, south, west, west, west, south, south, south, south, west, north, north, north, north, north, west, west, west, west, west, east, south, south, south, south, south, south, south, south, south, south, south, south, east, east, east, east, east, south, south, west, west, west, west, east, east, north, north, south, south, west, west, west, west, west, north, north, north, north, south, south, south, south, south, south, south, west, west, west, west, south, south, south, south, west, north, north, north, north, north, west, west, west, east, east, east, south, south, south, south, east, south, south, south, south, south, south, east, east, east, east, east, east, south, west, west, west, west, east, east, south, south, south, south, west, west, west, west, west, west, north, north, north, south, south, west, south, south, south, south, west, west, west, west, west, west, west, west, west, west, north, north, north, north, north, west, east, east, east, east, east, south, south, south, east, east, south, south, south, south, south, south, east, east, east, east, east, obstacle, west, west, west, west, west, east, east, south, south, south, west, west, west, west, west, west, west, north, north, south, west, obstacle, south, south, south, south, west, west, west, west, west, west, west, west, west, west, west, south, south, west, west, east, east, east, east, east, east, east, south, south, east, east, east, obstacle, west, west, west, west, west, north, north, north, north, north, north, west, west, west, east, east, east, east, south, south, west, west, west, west, west, west, west, west, north, south, south, south, south, south, south, west, obstacle, south, west, west, west, west, west, west, west, west, west, south, south, west, west, south, east, east, east, east, east, east, obstacle, west, west, west, north, north, west, west, west, west, west, west, north, north, north, north, north, north, west, west, east, east, east, east, east, obstacle, west, west, west, west, west, west, west, west, west, south, south, south, south, south, south, west, south, south, west, west, west, west, west, west, west, west, west, south, south, west, west, west, south, east, east, east, east, east, north, north, west, west, north, north, north, west, west, west, west, west, north, north, east, north, north, north, north, west, west, east, east, east, east, north, west, west, west, west, west, west, west, west, west, south, south, south, south, south, south, south, south, south, west, west, west, west, west, west, west, west, west, south, south, west, west, west, south, south, east, east, east, east, north, north, north, west, north, north, north, north, west, west, west, west, north, east, east, north, north, north, north, north, west, east, east, east, east, north, north, west, west, west, west, west, west, west, west, null, west, west, west, west, west, west, west, west, west, west, west, west, west, west, west, west, west, east, obstacle, west, west, west, west, west, west, east, east, east, north, north, north, north, north, north, north, north, north, west, west, west, east, east, east, north, north, north, north, north, east, east, east, east, east, north, north, north, west, west, west, west, west, west, west]
Alpha value
0.1
Max number of actions
5
34.594,36.191,36.315,36.315,0.000,32.585,34.277,36.285,34.638,0.000,30.000,0.000,0.000,0.000,0.000,36.329,36.180,32.585,34.277,0.000,38.284,37.736,34.645,36.314,0.000,39.497,38.648,36.555,38.218,0.000,41.100,38.382,38.434,39.473,0.000,42.344,40.044,39.800,41.138,0.000,43.445,41.321,41.339,42.416,0.000,44.709,42.240,42.682,43.500,0.000,46.070,43.936,43.703,44.799,0.000,47.580,45.623,45.168,46.127,0.000,48.869,47.133,46.409,47.616,0.000,50.195,48.533,47.832,48.924,0.000,51.678,50.027,49.278,50.231,0.000,52.929,51.592,50.504,51.701,0.000,54.249,52.848,51.912,52.963,0.000,55.721,54.243,53.295,54.271,0.000,56.902,55.752,54.530,55.735,0.000,57.542,56.852,55.936,56.922,0.000,56.280,56.872,57.117,57.555,0.000,55.165,55.633,57.502,56.362,0.000,53.769,54.357,56.106,55.261,0.000,52.479,53.276,54.920,53.832,0.000,51.301,51.869,53.613,52.551,0.000,49.834,50.703,52.255,51.343,0.000,48.562,49.423,51.122,49.881,0.000,47.251,48.083,49.635,48.610,0.000,45.743,47.002,48.275,47.273,0.000,44.415,45.531,47.082,45.759,0.000,43.023,44.205,45.494,44.424,0.000,41.372,43.030,44.055,43.007,0.000,39.865,41.265,42.818,41.352,0.000,38.572,39.413,41.085,39.894,0.000,36.736,37.416,39.512,38.583,0.000,35.022,35.107,38.270,36.831,0.000,36.765,33.564,36.613,35.310,0.000,38.289,35.871,35.370,36.792,0.000,37.400,36.791,37.017,38.347,0.000,39.026,36.230,38.410,37.580,0.000,40.652,38.201,37.730,39.062,0.000,41.940,39.939,39.306,40.719,0.000,43.425,41.610,40.974,41.980,0.000,44.998,43.307,42.355,43.448,0.000,44.382,43.680,43.735,45.011,0.000,45.166,43.264,45.050,44.573,0.000,46.404,44.035,44.563,45.311,0.000,47.752,45.674,45.549,46.484,0.000,48.251,46.754,46.804,47.810,0.000,48.012,47.239,47.941,48.353,0.000,47.074,46.981,48.374,48.138,0.000,45.981,45.754,48.006,47.188,0.000,45.371,44.878,47.032,46.174,0.000,44.296,44.161,45.951,45.490,0.000,43.145,44.485,45.366,44.497,0.000,41.489,43.400,44.179,43.111,0.000,39.943,41.580,42.914,41.427,0.000,38.606,39.620,41.150,39.935,0.000,36.749,37.515,39.546,38.598,0.000,35.025,35.133,38.283,36.835,0.000,36.765,33.564,36.616,35.310,0.000,38.602,36.004,35.370,36.792,0.000,40.026,37.923,37.081,38.616,0.000,40.114,39.323,38.818,40.058,0.000,34.378,34.941,36.220,36.304,0.000,34.277,32.585,36.191,34.594,0.000,36.147,34.585,34.277,32.585,0.000,37.524,36.443,34.308,34.308,0.000,38.511,38.264,36.180,36.329,0.000,37.482,36.827,37.736,38.284,0.000,39.360,36.332,38.648,39.497,0.000,40.921,38.254,38.382,41.100,0.000,41.590,39.549,40.044,42.344,0.000,43.433,40.480,41.321,43.445,0.000,45.016,42.299,42.240,44.709,0.000,46.519,44.067,43.936,46.070,0.000,48.069,45.816,45.623,47.580,0.000,49.677,47.529,47.133,48.869,0.000,51.047,48.979,48.533,50.195,0.000,52.432,50.489,50.027,51.678,0.000,53.927,52.059,51.592,52.929,0.000,55.295,53.590,52.848,54.249,0.000,56.597,54.933,54.243,55.721,0.000,56.853,56.116,55.752,56.902,0.000,55.699,55.848,56.852,57.542,0.000,54.462,54.712,56.872,56.280,0.000,53.339,53.480,55.633,55.165,0.000,51.971,52.220,54.357,53.769,0.000,50.865,51.138,53.276,52.479,0.000,49.518,49.746,51.869,51.301,0.000,48.239,48.656,50.703,49.834,0.000,47.121,47.304,49.423,48.562,0.000,45.674,46.047,48.083,47.251,0.000,44.454,44.962,47.002,45.743,0.000,43.199,43.864,45.531,44.415,0.000,41.695,43.411,44.205,43.023,0.000,40.063,42.177,43.030,41.372,0.000,38.291,40.847,41.265,39.865,0.000,36.263,39.090,39.413,38.572,0.000,33.682,37.251,37.416,36.736,0.000,30.000,0.000,0.000,0.000,0.000,36.709,36.657,33.564,36.765,0.000,35.127,35.099,35.871,38.289,0.000,37.328,33.695,36.791,37.400,0.000,39.317,36.324,36.230,39.026,0.000,41.166,38.426,38.201,40.652,0.000,42.855,40.281,39.939,41.940,0.000,43.486,41.909,41.610,43.425,0.000,42.985,42.524,43.307,44.998,0.000,43.483,41.551,43.680,44.382,0.000,45.047,42.295,43.264,45.166,0.000,46.200,43.943,44.035,46.404,0.000,47.064,45.309,45.674,47.752,0.000,46.920,45.753,46.754,48.251,0.000,45.706,45.542,47.239,48.012,0.000,44.801,44.678,46.981,47.074,0.000,44.053,43.329,45.754,45.981,0.000,44.473,43.041,44.878,45.371,0.000,43.517,43.517,44.161,44.296,0.000,42.178,44.450,44.485,43.145,0.000,40.468,43.384,43.400,41.489,0.000,38.548,41.558,41.580,39.943,0.000,36.382,39.583,39.620,38.606,0.000,33.712,37.450,37.515,36.749,0.000,30.000,0.000,0.000,0.000,0.000,37.219,36.717,33.564,36.765,0.000,39.146,38.529,36.004,38.602,0.000,39.259,39.540,37.923,40.026,0.000,33.564,36.765,35.228,36.216,0.000,30.000,0.000,0.000,0.000,0.000,36.298,36.220,32.585,34.277,0.000,38.204,37.770,34.585,36.147,0.000,36.823,37.441,36.443,37.524,0.000,35.132,35.136,38.264,38.511,0.000,37.343,33.697,36.827,37.482,0.000,39.112,36.248,36.332,39.360,0.000,39.621,37.848,38.254,40.921,0.000,41.569,38.550,39.549,41.590,0.000,43.475,40.489,40.480,43.433,0.000,45.165,42.329,42.299,45.016,0.000,46.747,44.127,44.067,46.519,0.000,48.355,45.910,45.816,48.069,0.000,49.995,47.692,47.529,49.677,0.000,51.603,49.208,48.979,51.047,0.000,52.991,50.756,50.489,52.432,0.000,54.462,52.350,52.059,53.927,0.000,55.900,53.988,53.590,55.295,0.000,55.793,54.846,54.933,56.597,0.000,54.745,54.753,56.116,