States
32
Policy
[east, east, east, east, south, south, west, west, south, south, obstacle, obstacle, south, south, west, west, south, south, obstacle, obstacle, south, south, south, south, east, east, null, null, west, west, west, west]
Alpha value
0.1
Max number of actions
4
19.480,20.449,20.694,20.694,19.480,26.649,20.694,24.694,17.984,20.559,0.000,0.000,17.984,20.559,0.000,0.000,19.274,16.655,19.274,19.804,19.274,16.655,19.274,19.804,19.345,17.984,17.984,21.345,19.345,17.984,17.984,21.345,32.007,18.511,19.786,21.333,32.018,22.098,23.423,24.921,30.000,0.000,0.000,0.000,30.000,0.000,0.000,0.000,15.153,12.485,32.000,19.639,15.153,12.485,32.000,19.639,15.223,13.854,13.854,21.222,15.223,13.854,13.854,21.222,32.000,11.199,12.407,18.647,32.001,14.289,15.366,26.002,30.000,0.000,0.000,0.000,30.000,0.000,0.000,0.000,10.882,7.935,32.000,15.490,10.882,7.935,32.000,15.490,10.943,9.489,9.489,17.107,10.943,9.489,9.489,17.107,2.585,4.308,4.308,11.254,2.585,8.308,4.308,18.246,0.000,0.000,0.000,0.000,0.000,0.000,0.000,0.000,6.314,6.308,2.585,11.117,6.314,6.308,2.585,11.117,6.347,8.347,4.645,12.849,6.347,8.347,4.645,12.849,
