States
25
Policy
[south, west, west, obstacle, obstacle, south, south, west, south, west, south, south, west, west, obstacle, south, west, obstacle, north, obstacle, null, west, west, west, north]
Alpha value
0.2
Max number of actions
5
8.951,7.000,7.950,7.950,0.000,10.000,8.401,8.101,9.001,0.000,29.451,20.401,9.201,10.100,0.000,28.500,0.000,0.000,0.000,0.000,28.500,0.000,0.000,0.000,0.000,7.850,5.651,6.800,7.900,0.000,9.251,7.000,7.000,8.951,0.000,11.751,8.551,8.401,10.000,0.000,22.001,11.101,20.401,29.451,0.000,30.051,29.501,22.050,29.451,0.000,6.500,4.301,5.401,6.550,0.000,7.850,5.651,5.651,7.850,0.000,20.501,29.451,7.000,9.251,0.000,29.501,29.901,8.551,11.751,0.000,28.500,0.000,0.000,0.000,0.000,5.051,2.150,3.700,5.101,0.000,29.451,17.500,4.301,6.500,0.000,28.500,0.000,0.000,0.000,0.000,29.551,30.351,29.451,20.501,0.000,28.500,0.000,0.000,0.000,0.000,0.000,0.000,0.000,0.000,0.000,16.950,5.051,2.150,5.051,0.000,20.550,18.650,17.500,29.451,0.000,30.301,21.850,19.651,21.450,0.000,31.301,31.301,30.351,29.551,0.000,
