States
32
Policy
[south, east, west, east, south, south, west, west, south, south, obstacle, obstacle, south, south, west, west, south, south, obstacle, obstacle, south, south, west, west, east, east, null, null, west, west, west, west]
Alpha value
1.0
Max number of actions
4
15.957,14.070,15.041,15.722,17.141,21.493,18.137,21.456,15.605,15.434,0.000,0.000,15.714,17.710,0.000,0.000,16.279,14.286,16.030,17.285,16.285,14.286,16.285,17.286,16.706,15.712,15.711,18.706,16.714,15.714,15.714,18.714,25.180,10.609,11.599,14.707,27.165,17.225,18.215,20.722,30.000,0.000,0.000,0.000,30.000,0.000,0.000,0.000,12.000,10.000,25.000,16.000,12.000,10.000,25.000,16.000,12.429,11.429,11.429,17.422,12.429,11.429,11.429,17.428,23.651,5.505,6.504,9.906,24.956,9.852,10.852,17.430,30.000,0.000,0.000,0.000,30.000,0.000,0.000,0.000,7.714,5.714,23.714,11.714,7.714,5.714,23.714,11.714,8.143,7.143,7.143,13.143,8.143,7.143,7.143,13.143,1.429,2.429,2.429,4.385,1.429,6.429,2.429,10.472,0.000,0.000,0.000,0.000,0.000,0.000,0.000,0.000,3.429,4.429,1.429,7.429,3.429,4.429,1.429,7.429,3.857,5.857,2.857,8.857,3.857,5.857,2.857,8.857,
