States
25
Policy
[south, west, west, obstacle, obstacle, south, south, west, south, west, south, south, west, west, obstacle, south, west, obstacle, north, obstacle, null, west, west, west, west]
Alpha value
0.3
Max number of actions
5
8.634,6.667,7.634,7.634,0.000,9.667,7.934,7.734,8.667,0.000,29.967,16.500,8.800,9.734,0.000,29.000,0.000,0.000,0.000,0.000,29.000,0.000,0.000,0.000,0.000,7.567,5.300,6.500,7.600,0.000,8.834,6.667,6.667,8.634,0.000,10.834,8.034,7.934,9.667,0.000,18.334,10.067,16.500,29.967,0.000,24.934,30.000,18.167,29.967,0.000,6.000,3.534,4.900,6.134,0.000,7.567,5.300,5.300,7.567,0.000,16.600,29.967,6.667,8.834,0.000,30.000,23.934,8.034,10.834,0.000,29.000,0.000,0.000,0.000,0.000,4.367,1.767,3.134,4.400,0.000,29.967,12.334,3.534,6.000,0.000,29.000,0.000,0.000,0.000,0.000,30.034,23.234,29.967,16.600,0.000,29.000,0.000,0.000,0.000,0.000,0.000,0.000,0.000,0.000,0.000,12.300,4.034,1.767,4.367,0.000,15.534,13.734,12.334,29.967,0.000,23.300,16.734,14.767,17.500,0.000,24.200,24.200,23.234,30.034,0.000,
