States
895
Policy
[south, south, west, west, west, south, south, south, south, south, south, south, south, south, south, south, south, south, south, south, south, south, south, south, south, west, west, west, west, south, south, south, south, south, south, south, south, south, south, south, south, south, south, south, south, south, south, south, south, south, south, south, south, south, south, south, west, west, south, south, south, south, south, south, south, south, south, south, south, south, south, south, south, south, south, south, south, south, south, south, south, south, south, south, south, south, south, south, south, south, south, south, south, west, south, south, south, south, south, south, south, south, south, south, south, south, south, south, south, south, south, south, south, south, south, south, south, south, south, south, south, south, west, west, west, south, south, south, south, south, south, south, south, south, south, south, south, south, south, south, south, south, south, south, south, south, south, south, south, south, south, south, west, west, south, south, south, south, south, south, south, south, south, south, south, south, south, south, south, south, south, south, south, south, south, south, west, south, south, south, south, south, obstacle, obstacle, south, south, south, south, south, south, south, south, south, south, south, south, south, south, south, south, south, south, south, south, south, west, west, west, west, south, south, south, south, west, west, obstacle, obstacle, west, west, east, south, obstacle, west, south, south, south, south, south, south, south, south, south, south, south, west, west, west, west, west, west, south, south, west, west, obstacle, obstacle, west, south, west, east, obstacle, west, west, south, south, south, south, south, south, south, east, east, south, west, west, west, west, west, west, west, south, west, west, west, obstacle, south, south, obstacle, west, west, north, north, east, obstacle, west, west, south, south, west, west, east, east, obstacle, west, west, west, west, west, west, west, south, south, obstacle, south, south, obstacle, south, west, south, south, north, north, east, north, south, west, east, obstacle, west, west, east, north, north, north, west, west, west, west, west, west, south, south, west, west, west, west, west, west, south, south, south, south, east, east, obstacle, west, north, north, west, west, north, north, north, north, west, west, west, west, west, west, south, west, west, obstacle, north, north, west, south, south, south, south, south, west, north, north, north, north, north, south, west, west, north, north, north, west, west, west, west, west, west, south, west, obstacle, obstacle, obstacle, east, south, south, west, south, south, south, west, north, north, south, south, south, south, south, south, south, south, west, west, west, west, west, west, south, west, west, obstacle, obstacle, obstacle, east, south, obstacle, south, south, south, west, south, south, east, south, south, south, west, south, south, south, south, west, west, west, west, south, south, south, obstacle, obstacle, obstacle, east, east, east, south, obstacle, south, west, west, west, south, east, east, obstacle, obstacle, west, west, south, south, south, west, west, west, west, west, west, south, south, west, west, obstacle, obstacle, north, obstacle, south, south, west, west, west, west, south, south, east, north, north, south, west, south, south, west, west, west, west, west, west, west, south, west, west, obstacle, obstacle, north, obstacle, south, south, west, obstacle, south, south, south, south, south, north, east, obstacle, west, east, obstacle, west, west, west, west, west, west, west, south, west, obstacle, obstacle, obstacle, east, south, south, west, obstacle, south, south, south, south, south, west, north, north, north, north, north, west, west, west, west, west, west, west, south, west, west, obstacle, south, obstacle, south, obstacle, south, south, west, obstacle, south, south, south, south, south, south, west, north, north, north, north, north, west, west, west, west, west, west, south, west, obstacle, obstacle, east, east, south, south, south, west, west, west, south, west, south, south, south, south, west, west, west, west, north, north, west, west, west, west, west, west, south, west, west, west, obstacle, obstacle, south, south, south, south, obstacle, east, south, obstacle, south, south, south, south, west, west, west, west, west, west, west, west, west, west, west, west, south, south, obstacle, obstacle, east, east, south, south, south, south, south, obstacle, south, south, south, south, south, west, west, west, west, west, west, west, west, west, west, west, west, south, south, south, south, west, obstacle, obstacle, south, south, south, south, south, south, south, south, south, west, west, west, west, west, west, west, west, west, west, west, west, west, west, south, south, south, south, obstacle, obstacle, obstacle, south, south, south, south, south, west, west, west, west, west, west, west, west, west, west, west, west, west, west, west, west, west, west, south, south, south, south, south, south, south, south, south, west, west, west, west, west, west, west, west, west, west, west, west, west, west, west, west, west, west, west, west, west, south, south, south, south, west, west, west, west, west, west, west, west, west, west, west, west, west, west, west, west, west, west, west, west, west, west, west, west, west, west, west, south, south, west, west, west, west, west, west, west, west, west, west, west, west, west, west, west, west, west, west, west, west, west, west, west, west, west, west, west, west, south, south, west, west, west, west, west, west, west, west, west, west, west, west, west, west, west, west, west, west, west, west, west, west, west, west, west, west, west, west, null, west, west, west, west, west, west, west, west, west, west, west, west, west, west, west, west, west, west, west, west, west, west, west, west, west, west, west, west, west]
Alpha value
1.0
Max number of actions
5
34.125,32.317,33.311,33.311,0.000,35.191,33.256,33.412,34.226,0.000,36.300,34.389,34.369,35.334,0.000,37.405,35.536,35.484,36.450,0.000,38.218,36.631,36.586,37.542,0.000,38.614,37.367,37.641,38.317,0.000,39.529,37.709,38.397,38.694,0.000,40.400,38.673,38.800,39.635,0.000,40.418,39.556,39.724,40.489,0.000,39.665,39.474,40.484,40.413,0.000,39.003,38.610,40.330,39.581,0.000,39.642,37.944,39.533,38.955,0.000,40.577,38.737,39.020,39.708,0.000,41.620,39.740,39.836,40.706,0.000,42.499,40.795,40.838,41.753,0.000,42.623,41.656,41.848,42.594,0.000,42.286,41.690,42.610,42.640,0.000,42.842,41.282,42.634,42.280,0.000,43.414,41.930,42.331,42.893,0.000,42.934,42.531,42.936,43.456,0.000,42.019,41.928,43.402,42.880,0.000,41.296,40.935,42.769,41.908,0.000,41.863,40.228,41.851,41.238,0.000,42.872,40.949,41.300,41.925,0.000,43.972,42.042,42.060,43.007,0.000,45.087,43.188,43.156,44.121,0.000,46.204,44.336,44.271,45.237,0.000,47.316,45.483,45.387,46.353,0.000,48.335,46.607,46.499,47.461,0.000,48.437,47.509,47.563,48.437,0.000,33.082,31.212,32.244,33.202,0.000,34.173,32.178,32.347,34.118,0.000,35.315,33.319,33.330,35.229,0.000,36.423,34.469,34.469,36.345,0.000,37.199,35.574,35.602,37.437,0.000,37.561,36.311,36.658,38.211,0.000,38.496,36.616,37.374,38.586,0.000,39.394,37.605,37.745,39.528,0.000,39.409,38.519,38.693,40.384,0.000,38.625,38.431,39.480,40.308,0.000,37.921,37.532,39.317,39.473,0.000,38.598,36.820,38.489,38.845,0.000,39.538,37.658,37.938,39.599,0.000,40.591,38.666,38.794,40.598,0.000,41.490,39.731,39.802,41.647,0.000,41.603,40.614,40.820,42.488,0.000,41.218,40.634,41.601,42.533,0.000,41.807,40.173,41.611,42.172,0.000,42.415,40.861,41.263,42.786,0.000,41.913,41.502,41.904,43.351,0.000,40.976,40.871,42.405,42.775,0.000,40.214,39.853,41.744,41.799,0.000,40.813,39.106,40.803,41.129,0.000,41.834,39.865,40.218,41.816,0.000,42.967,40.969,41.013,42.900,0.000,44.115,42.119,42.122,44.016,0.000,45.263,43.272,43.270,45.135,0.000,46.393,44.423,44.419,46.253,0.000,47.340,45.548,45.558,47.359,0.000,47.443,46.476,46.640,48.336,0.000,32.001,30.106,31.139,32.098,0.000,33.099,31.101,31.244,33.040,0.000,34.245,32.247,32.254,34.176,0.000,35.366,33.399,33.400,35.325,0.000,36.144,34.516,34.535,36.420,0.000,36.469,35.255,35.598,37.154,0.000,37.426,35.520,36.315,37.495,0.000,38.354,36.536,36.653,38.460,0.000,38.366,37.483,37.628,39.346,0.000,37.551,37.388,38.442,39.264,0.000,36.801,36.454,38.270,38.394,0.000,37.517,35.693,37.407,37.725,0.000,38.462,36.580,36.816,38.518,0.000,39.525,37.593,37.717,39.525,0.000,40.447,38.666,38.730,40.583,0.000,40.549,39.573,39.757,41.445,0.000,40.112,39.580,40.557,41.476,0.000,40.735,39.060,40.553,41.066,0.000,41.384,39.791,40.156,41.716,0.000,40.857,40.476,40.837,42.321,0.000,39.898,39.813,41.375,41.717,0.000,39.094,38.772,40.683,40.717,0.000,39.727,37.980,39.719,40.009,0.000,40.758,38.781,39.098,40.731,0.000,41.895,39.896,39.931,41.828,0.000,43.047,41.047,41.050,42.976,0.000,44.199,42.201,42.201,44.127,0.000,45.333,43.353,43.353,45.275,0.000,46.305,44.485,44.498,46.400,0.000,46.406,45.439,45.580,47.304,0.000,30.921,28.999,30.033,30.992,0.000,32.026,30.024,30.140,31.961,0.000,33.175,31.176,31.177,33.104,0.000,34.306,32.331,32.329,34.255,0.000,35.088,33.458,33.466,35.362,0.000,35.375,34.200,34.539,36.097,0.000,36.355,34.422,35.257,36.401,0.000,37.316,35.467,35.559,37.391,0.000,37.324,36.449,36.562,38.309,0.000,36.477,36.347,37.406,38.221,0.000,35.677,35.376,37.223,37.315,0.000,36.437,34.563,36.326,36.601,0.000,37.387,35.504,35.691,37.439,0.000,38.458,36.519,36.642,38.452,0.000,39.405,37.600,37.659,39.519,0.000,39.497,38.534,38.693,40.403,0.000,39.003,38.528,39.514,40.421,0.000,39.663,37.944,39.495,39.957,0.000,40.354,38.721,39.046,40.647,0.000,39.801,39.453,39.771,41.292,0.000,38.821,38.755,40.348,40.660,0.000,37.972,37.691,39.621,39.635,0.000,38.641,36.852,38.636,38.886,0.000,39.683,37.698,37.974,39.646,0.000,40.823,38.824,38.849,40.754,0.000,41.976,39.976,39.977,41.904,0.000,43.128,41.129,41.130,43.058,0.000,44.268,42.282,42.283,44.209,0.000,45.265,43.420,43.429,45.337,0.000,45.369,44.402,44.518,46.267,0.000,29.842,27.891,28.926,29.886,0.000,30.953,28.948,29.035,30.884,0.000,32.109,30.165,30.104,32.035,0.000,33.250,31.341,31.261,33.188,0.000,34.035,32.417,32.400,34.304,0.000,34.279,33.147,33.481,35.041,0.000,35.284,33.321,34.201,35.305,0.000,36.278,34.398,34.462,36.323,0.000,36.284,35.416,35.496,37.273,0.000,35.404,35.307,36.371,37.178,0.000,34.550,34.299,36.177,36.237,0.000,35.359,33.429,35.245,35.474,0.000,36.311,34.430,34.563,36.362,0.000,37.391,35.446,35.568,37.379,0.000,38.364,36.534,36.586,38.454,0.000,38.447,37.496,37.630,39.363,0.000,37.890,37.477,38.473,39.367,0.000,38.590,36.824,38.439,38.844,0.000,39.327,37.651,37.933,39.577,0.000,38.745,38.433,38.705,40.267,0.000,37.745,37.697,39.323,39.603,0.000,36.846,36.612,38.559,38.554,0.000,37.557,35.721,37.553,37.761,0.000,38.608,36.617,36.848,38.562,0.000,39.751,37.751,37.769,39.681,0.000,40.904,38.904,38.905,40.833,0.000,42.057,40.058,40.058,41.987,0.000,43.202,41.211,41.211,43.139,0.000,44.226,42.354,42.359,44.273,0.000,44.332,43.366,43.455,45.230,0.000,28.764,26.782,27.818,28.779,0.000,29.939,27.873,27.932,29.809,0.000,31.181,30.938,29.098,31.032,0.000,32.237,31.015,30.276,32.150,0.000,32.986,31.361,31.408,33.249,0.000,33.181,32.097,32.439,33.987,0.000,34.213,32.217,33.146,34.207,0.000,35.242,33.329,33.363,35.254,0.000,35.244,34.385,34.430,36.239,0.000,34.331,34.267,35.338,36.137,0.000,33.419,33.223,35.132,35.159,0.000,34.282,32.291,34.165,34.344,0.000,35.235,33.358,33.431,35.286,0.000,36.324,34.371,34.496,36.305,0.000,37.324,35.467,35.514,37.388,0.000,37.398,36.460,36.565,38.324,0.000,36.774,36.428,37.432,38.314,0.000,37.517,35.700,37.384,37.728,0.000,38.303,36.581,36.816,38.507,0.000,37.688,37.416,37.639,39.244,0.000,36.670,36.638,38.301,38.545,0.000,35.717,35.534,37.496,37.473,0.000,36.473,34.585,36.470,36.632,0.000,37.533,35.537,35.719,37.479,0.000,38.679,36.679,36.689,38.609,0.000,39.833,37.833,37.833,39.761,0.000,40.986,38.987,38.987,40.915,0.000,42.134,40.140,40.140,42.068,0.000,43.188,41.288,41.290,43.209,0.000,43.296,42.331,42.392,44.193,0.000,27.684,25.671,26.709,27.671,0.000,30.640,26.797,26.888,28.796,0.000,30.000,0.000,0.000,0.000,0.000,30.000,0.000,0.000,0.000,0.000,31.962,30.302,31.054,32.234,0.000,32.079,31.047,31.379,32.934,0.000,33.142,31.110,32.092,33.106,0.000,34.207,32.259,32.262,34.184,0.000,34.205,33.355,33.365,35.207,0.000,33.260,33.229,34.307,35.097,0.000,32.284,32.147,34.087,34.082,0.000,33.208,31.148,33.085,33.210,0.000,34.158,32.289,32.296,34.211,0.000,35.256,33.297,33.426,35.231,0.000,36.286,34.399,34.442,36.322,0.000,36.352,35.425,35.501,37.286,0.000,35.654,35.382,36.394,37.263,0.000,36.444,34.571,36.332,36.608,0.000,37.281,35.512,35.695,37.437,0.000,36.631,36.402,36.573,38.223,0.000,35.596,35.578,37.282,37.487,0.000,34.585,34.457,36.433,36.394,0.000,35.391,33.446,35.389,35.501,0.000,36.459,34.458,34.586,36.398,0.000,37.608,35.608,35.612,37.537,0.000,38.761,36.761,36.761,38.690,0.000,39.915,37.916,37.915,39.844,0.000,41.066,39.070,39.069,40.997,0.000,42.150,40.221,40.220,42.143,0.000,42.261,41.296,41.328,43.157,0.000,26.542,24.560,25.596,26.560,0.000,27.664,25.651,25.710,27.649,0.000,28.918,26.814,26.877,30.647,0.000,30.086,28.042,28.006,30.767,0.000,30.944,30.934,29.215,31.206,0.000,30.000,0.000,0.000,0.000,0.000,30.000,0.000,0.000,0.000,0.000,33.207,32.110,31.190,33.148,0.000,33.196,33.123,32.327,34.204,0.000,32.192,32.251,33.279,34.060,0.000,31.145,31.073,33.044,33.006,0.000,30.000,0.000,0.000,0.000,0.000,33.148,33.081,31.222,33.206,0.000,34.187,32.222,32.359,34.157,0.000,35.249,33.331,33.369,35.255,0.000,35.308,34.392,34.435,36.250,0.000,34.529,34.337,35.356,36.214,0.000,35.371,33.437,35.281,35.483,0.000,36.263,34.442,34.569,36.367,0.000,35.573,35.391,35.508,37.206,0.000,34.524,34.518,36.266,36.428,0.000,33.448,33.381,35.368,35.315,0.000,34.310,32.302,34.309,34.365,0.000,35.385,33.382,33.449,35.317,0.000,36.536,34.536,34.536,36.465,0.000,37.691,35.695,35.690,37.619,0.000,38.845,36.856,36.844,38.773,0.000,39.999,38.019,37.999,39.927,0.000,41.115,39.180,39.152,41.077,0.000,41.227,40.267,40.264,42.122,0.000,25.464,23.449,24.487,25.449,0.000,26.588,24.577,24.601,26.509,0.000,27.818,25.943,25.742,27.680,0.000,30.663,27.255,26.972,28.934,0.000,30.000,0.000,0.000,0.000,0.000,30.000,0.000,0.000,0.000,0.000,32.001,31.177,31.042,31.042,0.000,33.013,31.107,32.049,32.177,0.000,32.251,32.183,32.154,33.212,0.000,31.219,33.143,33.085,33.118,0.000,30.000,0.000,0.000,0.000,0.000,33.010,33.144,31.146,31.146,0.000,32.152,32.216,32.151,32.217,0.000,33.181,31.147,33.085,33.147,0.000,34.213,32.261,32.295,34.188,0.000,34.266,33.360,33.369,35.216,0.000,33.400,33.296,34.321,35.168,0.000,34.298,32.298,34.232,34.354,0.000,35.248,33.373,33.439,35.297,0.000,34.515,34.385,34.443,36.193,0.000,33.456,33.517,35.256,35.371,0.000,32.308,32.310,34.302,34.238,0.000,33.231,31.154,33.231,33.226,0.000,34.311,32.310,32.308,34.239,0.000,35.472,33.539,33.465,35.396,0.000,36.636,34.762,34.624,36.553,0.000,37.801,35.981,35.786,37.710,0.000,38.965,37.196,36.949,38.867,0.000,40.093,38.405,38.112,40.022,0.000,40.208,39.533,39.235,41.099,0.000,24.388,22.338,23.377,24.340,0.000,25.710,23.620,23.504,25.445,0.000,27.167,30.655,24.883,26.822,0.000,30.574,26.506,26.140,27.950,0.000,30.000,0.000,0.000,0.000,0.000,31.135,31.005,31.005,31.005,0.000,31.037,30.150,31.908,31.940,0.000,30.000,0.000,0.000,0.000,0.000,33.107,32.143,31.184,33.050,0.000,32.255,33.102,32.219,32.249,0.000,33.150,33.322,33.149,31.226,0.000,32.286,34.095,32.290,32.220,0.000,31.221,33.185,33.145,33.085,0.000,30.000,0.000,0.000,0.000,0.000,33.210,32.114,31.190,33.150,0.000,33.256,33.130,32.330,34.211,0.000,32.265,32.258,33.286,34.124,0.000,33.225,31.152,33.186,33.220,0.000,34.237,32.307,32.303,34.228,0.000,33.517,33.455,33.383,35.187,0.000,32.458,34.389,34.317,34.380,0.000,31.239,33.312,33.369,33.238,0.000,30.000,0.000,0.000,0.000,0.000,33.382,33.316,31.239,33.239,0.000,34.605,34.478,32.472,34.401,0.000,35.825,35.642,33.700,35.565,0.000,37.040,36.807,34.924,36.731,0.000,38.251,37.974,36.143,37.898,0.000,39.419,39.139,37.356,39.063,0.000,39.534,40.227,38.523,40.151,0.000,23.417,21.225,22.269,23.233,0.000,30.200,22.549,22.594,24.570,0.000,30.000,0.000,0.000,0.000,0.000,27.525,25.368,30.558,27.212,0.000,30.690,26.501,26.676,30.690,0.000,30.000,0.000,0.000,0.000,0.000,31.077,29.053,30.941,31.070,0.000,31.970,30.189,30.157,30.977,0.000,32.997,31.145,31.255,32.145,0.000,33.246,32.167,32.220,33.151,0.000,34.065,32.466,33.144,32.329,0.000,33.265,33.316,33.323,33.229,0.000,32.262,33.295,34.062,32.322,0.000,32.114,32.224,33.112,31.152,0.000,33.021,31.110,32.149,32.181,0.000,32.257,32.223,32.159,33.216,0.000,31.224,33.214,33.095,33.181,0.000,30.000,0.000,0.000,0.000,0.000,33.370,33.304,31.238,33.234,0.000,34.391,34.444,32.460,34.319,0.000,33.466,35.394,33.527,33.525,0.000,32.393,34.461,34.320,32.390,0.000,33.316,33.472,33.313,31.242,0.000,34.396,34.473,32.396,32.393,0.000,35.557,35.626,33.550,33.619,0.000,36.720,36.779,34.709,34.840,0.000,37.885,37.933,35.871,36.056,0.000,39.049,39.086,37.033,37.269,0.000,40.177,40.236,38.196,38.476,0.000,40.292,41.310,39.319,39.602,0.000,22.144,20.106,21.144,22.114,0.000,23.494,21.259,21.275,23.393,0.000,25.121,22.967,22.667,30.242,0.000,26.412,30.600,24.090,26.431,0.000,27.580,27.649,25.345,27.434,0.000,28.891,28.778,26.670,30.704,0.000,30.036,29.931,27.909,29.975,0.000,31.000,30.896,29.124,31.073,0.000,31.989,30.073,30.254,32.006,0.000,32.318,31.126,31.186,33.001,0.000,33.210,31.378,32.178,33.220,0.000,33.269,32.318,32.467,34.071,0.000,32.303,33.310,33.279,33.231,0.000,31.191,33.197,33.187,32.189,0.000,30.000,0.000,0.000,0.000,0.000,33.216,33.290,31.227,33.098,0.000,32.305,34.194,32.298,32.295,0.000,33.300,33.403,33.225,31.236,0.000,34.363,34.240,32.381,32.383,0.000,35.388,35.318,33.522,33.591,0.000,34.599,36.273,34.583,34.534,0.000,33.616,35.587,35.399,33.540,0.000,34.477,34.684,34.469,32.477,0.000,35.552,35.623,33.623,33.550,0.000,36.701,36.761,34.703,34.703,0.000,37.854,37.901,35.856,35.861,0.000,39.006,39.040,37.008,37.021,0.000,40.157,40.177,38.161,38.182,0.000,41.270,41.312,39.311,39.342,0.000,41.382,42.370,40.421,40.427,0.000,21.060,18.993,20.033,20.997,0.000,22.712,20.436,20.179,22.142,0.000,30.428,30.673,21.916,24.073,0.000,30.000,0.000,0.000,0.000,0.000,28.919,30.929,30.774,26.739,0.000,29.884,30.858,27.921,27.861,0.000,30.825,30.954,29.005,29.046,0.000,30.001,29.961,30.007,30.110,0.000,31.004,28.998,30.898,30.995,0.000,31.226,30.083,30.113,31.957,0.000,32.174,30.282,31.136,32.258,0.000,33.208,31.280,31.416,33.180,0.000,33.209,32.379,32.350,33.236,0.000,32.310,33.377,33.276,32.272,0.000,33.290,33.385,33.203,31.234,0.000,34.198,34.358,32.378,32.372,0.000,33.433,34.239,33.401,33.334,0.000,34.198,33.295,34.226,32.408,0.000,35.176,33.302,33.467,33.443,0.000,36.196,34.402,34.380,34.571,0.000,35.644,35.469,35.397,35.531,0.000,34.798,36.213,36.274,34.664,0.000,35.617,35.570,35.589,33.694,0.000,36.679,36.480,34.822,34.697,0.000,37.812,37.564,35.837,35.842,0.000,38.949,38.656,36.976,36.992,0.000,40.085,39.753,38.113,38.142,0.000,41.218,40.852,39.250,39.291,0.000,42.315,41.951,40.384,40.438,0.000,42.425,42.979,41.478,41.509,0.000,20.214,17.879,18.929,19.894,0.000,29.868,19.368,19.363,21.356,0.000,30.000,0.000,0.000,0.000,0.000,30.000,0.000,0.000,0.000,0.000,30.000,0.000,0.000,0.000,0.000,30.029,30.965,30.932,30.069,0.000,28.997,28.958,30.883,30.824,0.000,29.961,27.853,29.887,29.921,0.000,30.195,30.901,29.043,30.976,0.000,31.099,29.182,30.091,31.165,0.000,32.202,30.206,30.323,32.141,0.000,33.271,31.350,31.354,33.212,0.000,33.319,32.459,32.418,33.217,0.000,34.296,33.535,33.416,32.390,0.000,34.239,34.279,33.450,33.434,0.000,33.301,33.300,34.352,34.265,0.000,33.229,32.222,34.162,33.388,0.000,34.222,32.224,33.259,34.194,0.000,35.314,33.335,33.371,35.240,0.000,36.139,34.465,34.470,36.258,0.000,35.552,35.260,35.467,35.640,0.000,36.390,34.562,36.156,34.798,0.000,37.411,35.531,35.632,35.748,0.000,38.500,36.672,36.616,36.881,0.000,39.597,37.817,37.705,38.017,0.000,40.696,38.961,38.798,39.152,0.000,41.797,40.104,39.895,40.286,0.000,42.865,41.242,40.993,41.417,0.000,42.974,42.306,42.054,42.475,0.000,18.849,16.755,17.796,18.770,0.000,20.932,18.256,17.970,20.230,0.000,30.599,30.599,20.173,30.599,0.000,30.000,0.000,0.000,0.000,0.000,30.000,0.000,0.000,0.000,0.000,30.000,0.000,0.000,0.000,0.000,27.888,27.890,30.748,29.845,0.000,30.707,26.700,28.876,28.846,0.000,30.000,0.000,0.000,0.000,0.000,30.087,28.079,30.840,30.132,0.000,31.132,29.131,29.223,31.066,0.000,32.276,30.282,30.284,32.208,0.000,33.358,31.432,31.430,33.282,0.000,34.155,32.507,32.525,33.357,0.000,33.311,33.310,33.523,34.327,0.000,32.262,32.291,34.167,34.158,0.000,32.151,31.112,33.147,33.113,0.000,33.147,31.112,32.151,33.114,0.000,34.253,32.262,32.266,34.191,0.000,35.121,33.425,33.405,35.314,0.000,34.485,34.242,34.462,36.070,0.000,35.379,33.431,35.195,35.473,0.000,36.455,34.455,34.572,36.391,0.000,37.598,35.604,35.606,37.479,0.000,38.744,36.758,36.754,38.574,0.000,39.889,37.911,37.901,39.673,0.000,41.031,39.065,39.047,40.775,0.000,42.134,40.215,40.190,41.876,0.000,42.245,41.291,41.291,42.907,0.000,18.016,15.640,16.691,17.657,0.000,29.643,17.169,17.198,19.217,0.000,30.000,0.000,0.000,0.000,0.000,30.000,0.000,0.000,0.000,0.000,30.000,0.000,0.000,0.000,0.000,29.252,30.935,30.935,30.935,0.000,28.058,30.180,30.195,30.843,0.000,26.786,30.784,29.031,28.883,0.000,30.589,25.468,27.804,27.729,0.000,30.000,0.000,0.000,0.000,0.000,29.042,26.902,30.727,29.062,0.000,30.056,28.056,28.056,29.987,0.000,31.210,29.235,29.210,31.140,0.000,32.300,30.396,30.363,32.286,0.000,33.183,31.445,31.500,33.358,0.000,32.305,32.314,32.496,34.112,0.000,31.225,33.125,33.223,33.186,0.000,30.000,0.000,0.000,0.000,0.000,30.000,0.000,0.000,0.000,0.000,33.242,32.115,31.191,33.152,0.000,34.133,33.193,32.366,34.285,0.000,33.359,33.230,33.422,35.048,0.000,34.302,32.294,34.172,34.347,0.000,35.381,33.379,33.441,35.314,0.000,36.533,34.534,34.533,36.462,0.000,37.687,35.693,35.687,37.612,0.000,38.841,36.854,36.841,38.760,0.000,39.994,38.016,37.995,39.907,0.000,41.109,39.177,39.147,41.050,0.000,41.222,40.264,40.259,42.116,0.000,16.577,14.514,15.554,16.530,0.000,18.145,15.694,15.700,18.001,0.000,20.723,17.785,17.336,29.734,0.000,30.578,30.578,19.602,30.578,0.000,30.000,0.000,0.000,0.000,0.000,30.000,0.000,0.000,0.000,0.000,30.946,31.315,30.946,29.263,0.000,30.000,0.000,0.000,0.000,0.000,25.670,24.188,30.429,26.501,0.000,26.697,24.509,25.405,30.442,0.000,27.823,25.780,25.678,27.752,0.000,29.140,30.795,26.984,29.045,0.000,30.198,28.864,28.165,30.095,0.000,31.251,29.720,29.330,31.234,0.000,32.184,30.382,30.466,32.299,0.000,33.073,31.312,31.502,33.169,0.000,32.195,32.346,32.306,32.231,0.000,32.151,33.161,33.086,31.184,0.000,32.078,32.181,32.142,31.116,0.000,33.050,31.110,32.117,32.182,0.000,33.156,32.221,32.192,33.281,0.000,32.256,32.223,33.158,34.058,0.000,33.225,31.151,33.154,33.216,0.000,34.308,32.310,32.305,34.236,0.000,35.470,33.538,33.462,35.393,0.000,36.633,34.762,34.622,36.550,0.000,37.798,35.981,35.783,37.706,0.000,38.963,37.196,36.946,38.863,0.000,40.091,38.404,38.110,40.017,0.000,40.206,39.532,39.232,41.095,0.000,15.486,13.401,14.441,15.406,0.000,17.486,15.031,14.606,16.594,0.000,30.065,30.487,16.724,19.089,0.000,30.000,0.000,0.000,0.000,0.000,30.000,0.000,0.000,0.000,0.000,30.975,31.000,30.975,30.337,0.000,30.000,0.000,0.000,0.000,0.000,24.591,22.897,30.305,25.267,0.000,25.564,23.408,23.992,25.389,0.000,30.425,24.857,24.711,26.679,0.000,30.000,0.000,0.000,0.000,0.000,29.640,27.843,30.784,29.194,0.000,30.210,28.680,28.934,30.223,0.000,31.128,29.315,29.774,31.249,0.000,32.211,30.243,30.444,32.175,0.000,33.068,31.353,31.374,33.066,0.000,32.197,32.411,32.344,32.197,0.000,31.184,33.130,33.088,32.151,0.000,30.000,0.000,0.000,0.000,0.000,32.221,33.186,31.189,33.089,0.000,31.190,33.189,32.221,33.117,0.000,30.000,0.000,0.000,0.000,0.000,33.382,33.316,31.239,33.237,0.000,34.605,34.478,32.472,34.399,0.000,35.824,35.641,33.700,35.563,0.000,37.040,36.806,34.923,36.729,0.000,38.250,37.973,36.142,37.895,0.000,39.418,39.137,37.355,39.061,0.000,39.533,40.225,38.522,40.149,0.000,14.790,12.286,13.341,14.307,0.000,29.310,13.986,13.958,15.969,0.000,30.000,0.000,0.000,0.000,0.000,30.000,0.000,0.000,0.000,0.000,30.000,0.000,0.000,0.000,0.000,23.398,30.718,30.718,30.718,0.000,23.300,21.554,24.245,23.811,0.000,24.495,22.308,22.674,24.281,0.000,30.321,23.840,23.654,25.737,0.000,30.000,0.000,0.000,0.000,0.000,28.631,26.665,30.697,28.828,0.000,29.140,27.616,27.781,29.527,0.000,30.051,28.233,28.709,30.181,0.000,31.148,29.165,29.364,31.105,0.000,32.271,30.292,30.315,32.212,0.000,33.079,31.430,31.422,33.073,0.000,32.242,32.489,32.410,32.204,0.000,33.221,33.315,33.137,31.227,0.000,33.264,34.245,32.333,32.300,0.000,32.344,34.284,33.264,32.302,0.000,33.312,33.459,33.234,31.239,0.000,34.395,34.471,32.393,32.393,0.000,35.557,35.624,33.550,33.618,0.000,36.719,36.775,34.709,34.839,0.000,37.884,37.927,35.870,36.056,0.000,39.047,39.077,37.032,37.268,0.000,40.175,40.225,38.195,38.475,0.000,40.289,41.297,39.317,39.601,0.000,13.279,11.155,12.197,13.177,0.000,15.876,12.878,12.403,14.832,0.000,30.413,30.413,15.163,30.413,0.000,30.000,0.000,0.000,0.000,0.000,30.734,23.549,30.734,30.734,0.000,30.000,0.000,0.000,0.000,0.000,30.612,20.135,30.612,30.612,0.000,30.000,0.000,0.000,0.000,0.000,22.444,20.389,30.057,22.737,0.000,23.437,21.215,21.518,23.181,0.000,30.217,22.899,22.603,24.717,0.000,30.000,0.000,0.000,0.000,0.000,27.595,25.441,30.580,27.689,0.000,28.054,26.557,26.572,28.458,0.000,28.973,27.150,27.647,29.100,0.000,30.075,28.086,28.282,30.027,0.000,31.219,29.220,29.238,31.149,0.000,32.349,30.372,30.372,32.280,0.000,33.189,31.513,31.500,33.088,0.000,34.160,32.650,32.556,32.320,0.000,34.298,33.738,33.368,33.351,0.000,33.535,34.727,34.301,33.392,0.000,34.469,34.623,34.334,32.467,0.000,35.548,35.603,33.613,33.548,0.000,36.696,36.727,34.700,34.701,0.000,37.846,37.854,35.851,35.859,0.000,38.996,38.981,37.002,37.018,0.000,40.144,40.109,38.152,38.178,0.000,41.255,41.233,39.300,39.337,0.000,41.366,42.284,40.407,40.422,0.000,12.611,10.039,11.097,12.064,0.000,29.086,11.802,11.787,13.836,0.000,30.000,0.000,0.000,0.000,0.000,30.000,0.000,0.000,0.000,0.000,22.016,30.675,30.460,24.869,0.000,20.257,30.346,23.427,30.346,0.000,19.085,18.359,21.076,20.970,0.000,20.224,17.960,19.716,29.805,0.000,20.985,18.945,19.110,21.216,0.000,22.454,20.402,20.124,22.091,0.000,24.210,30.441,21.635,23.784,0.000,25.289,25.437,23.095,30.345,0.000,26.341,24.166,24.253,26.286,0.000,27.151,30.674,25.504,27.575,0.000,27.895,26.067,26.591,28.018,0.000,29.003,27.008,27.199,28.949,0.000,30.148,28.148,28.160,30.078,0.000,31.300,29.301,29.302,31.229,0.000,32.441,30.454,30.454,32.360,0.000,33.567,31.607,31.594,33.212,0.000,34.628,32.756,32.729,34.252,0.000,34.569,33.860,33.785,34.360,0.000,35.548,34.959,34.776,33.634,0.000,36.628,36.021,34.750,34.676,0.000,37.751,37.125,35.801,35.822,0.000,38.877,38.233,36.926,36.970,0.000,40.003,39.343,38.052,38.117,0.000,41.127,40.455,39.177,39.264,0.000,42.216,41.565,40.302,40.409,0.000,42.326,42.600,41.386,41.478,0.000,11.020,8.905,9.947,10.930,0.000,13.382,10.525,10.143,12.641,0.000,17.178,29.851,12.642,29.851,0.000,30.421,30.421,15.378,30.421,0.000,30.000,0.000,0.000,0.000,0.000,30.000,0.000,0.000,0.000,0.000,18.291,17.234,29.697,19.609,0.000,18.777,16.839,18.229,18.858,0.000,20.157,17.867,17.991,19.816,0.000,29.864,19.338,19.349,21.305,0.000,30.000,0.000,0.000,0.000,0.000,24.547,30.770,30.539,24.555,0.000,30.348,23.085,25.621,25.292,0.000,30.000,0.000,0.000,0.000,0.000,26.995,24.982,30.523,27.114,0.000,27.930,25.929,26.115,27.871,0.000,29.076,27.076,27.082,29.005,0.000,30.230,28.230,28.230,30.158,0.000,31.383,29.384,29.384,31.311,0.000,32.535,30.537,30.537,32.453,0.000,33.683,31.691,31.689,33.589,0.000,34.788,32.843,32.837,34.653,0.000,35.852,33.993,33.940,34.631,0.000,36.956,35.140,35.043,35.681,0.000,38.065,36.285,36.148,36.805,0.000,39.176,37.430,37.255,37.930,0.000,40.288,38.573,38.364,39.055,0.000,41.400,39.715,39.475,40.180,0.000,42.475,40.851,40.586,41.302,0.000,42.582,41.844,41.655,42.349,0.000,10.270,7.790,8.844,9.811,0.000,28.854,9.435,9.605,11.645,0.000,30.000,0.000,0.000,0.000,0.000,30.000,0.000,0.000,0.000,0.000,20.035,30.594,30.594,30.594,0.000,17.817,30.192,21.556,30.192,0.000,16.799,15.721,18.619,18.114,0.000,17.674,15.717,16.756,17.725,0.000,18.788,16.780,16.862,18.726,0.000,20.232,17.939,17.955,20.173,0.000,30.198,19.407,19.745,30.198,0.000,30.000,0.000,0.000,0.000,0.000,23.745,21.715,30.199,24.206,0.000,24.767,22.554,23.049,30.229,0.000,25.704,23.697,23.714,25.818,0.000,26.851,24.851,24.851,26.786,0.000,28.004,26.004,26.004,27.933,0.000,29.158,27.158,27.158,29.087,0.000,30.312,28.312,28.312,30.241,0.000,31.466,29.466,29.466,31.394,0.000,32.619,30.620,30.620,32.547,0.000,33.771,31.774,31.773,33.695,0.000,34.920,32.927,32.925,34.803,0.000,36.067,34.081,34.075,35.910,0.000,37.213,35.234,35.223,37.020,0.000,38.358,36.386,36.371,38.131,0.000,39.502,37.539,37.517,39.244,0.000,40.641,38.691,38.661,40.358,0.000,41.675,39.834,39.801,41.468,0.000,41.783,40.825,40.896,42.502,0.000,8.586,6.659,7.694,8.674,0.000,10.331,7.688,7.845,10.251,0.000,13.854,9.528,9.619,28.956,0.000,30.318,30.318,12.575,30.318,0.000,30.000,0.000,0.000,0.000,0.000,30.000,0.000,0.000,0.000,0.000,16.102,14.575,29.443,17.068,0.000,16.594,14.607,15.615,16.604,0.000,17.705,15.705,15.756,17.638,0.000,18.857,16.856,16.859,18.795,0.000,20.021,18.010,18.021,20.232,0.000,21.489,19.164,19.489,29.881,0.000,22.328,20.318,20.328,22.539,0.000,23.472,21.471,21.472,23.410,0.000,24.625,22.625,22.625,24.554,0.000,25.779,23.779,23.779,25.708,0.000,26.933,24.933,24.933,26.862,0.000,28.087,26.087,26.087,28.015,0.000,29.241,27.241,27.241,29.169,0.000,30.395,28.395,28.395,30.323,0.000,31.548,29.548,29.548,31.477,0.000,32.702,30.702,30.702,32.630,0.000,33.856,31.856,31.856,33.782,0.000,35.009,33.010,33.010,34.933,0.000,36.162,34.164,34.163,36.082,0.000,37.315,35.318,35.316,37.230,0.000,38.467,36.471,36.469,38.376,0.000,39.615,37.625,37.622,39.521,0.000,40.649,38.770,38.769,40.657,0.000,40.756,39.791,39.871,41.652,0.000,7.484,5.551,6.586,7.546,0.000,9.196,6.588,6.716,8.568,0.000,28.758,8.413,8.468,11.016,0.000,30.000,0.000,0.000,0.000,0.000,30.000,0.000,0.000,0.000,0.000,30.000,0.000,0.000,0.000,0.000,15.009,12.951,29.311,15.942,0.000,15.500,13.498,14.044,15.480,0.000,16.632,14.631,14.650,16.562,0.000,17.785,15.785,15.785,17.713,0.000,18.938,16.938,16.939,18.867,0.000,20.092,18.092,18.092,20.021,0.000,21.246,19.246,19.246,21.175,0.000,22.400,20.400,20.400,22.329,0.000,23.554,21.554,21.554,23.482,0.000,24.708,22.708,22.708,24.636,0.000,25.862,23.862,23.862,25.790,0.000,27.015,25.016,25.015,26.944,0.000,28.169,26.170,26.169,28.098,0.000,29.323,27.324,27.323,29.252,0.000,30.477,28.478,28.477,30.406,0.000,31.631,29.632,29.631,31.559,0.000,32.785,30.786,30.785,32.713,0.000,33.939,31.940,31.939,33.867,0.000,35.093,33.094,33.093,35.020,0.000,36.246,34.248,34.246,36.174,0.000,37.400,35.402,35.400,37.327,0.000,38.550,36.556,36.554,38.479,0.000,39.612,37.704,37.704,39.623,0.000,39.721,38.756,38.809,40.617,0.000,6.384,4.443,5.478,6.438,0.000,7.487,5.488,5.586,7.446,0.000,8.660,6.636,6.665,9.200,0.000,10.495,7.790,8.495,28.743,0.000,11.610,8.944,9.610,28.859,0.000,12.725,10.098,10.725,28.974,0.000,13.273,11.252,11.272,13.746,0.000,14.406,12.405,12.406,14.353,0.000,15.559,13.559,13.559,15.489,0.000,16.713,14.713,14.713,16.642,0.000,17.867,15.867,15.867,17.796,0.000,19.021,17.021,17.021,18.950,0.000,20.175,18.176,18.175,20.103,0.000,21.329,19.330,19.329,21.257,0.000,22.483,20.484,20.483,22.411,0.000,23.637,21.638,21.637,23.565,0.000,24.791,22.793,22.790,24.719,0.000,25.945,23.947,23.944,25.873,0.000,27.099,25.102,25.098,27.027,0.000,28.253,26.256,26.252,28.181,0.000,29.407,27.411,27.406,29.334,0.000,30.561,28.566,28.560,30.488,0.000,31.715,29.720,29.714,31.642,0.000,32.869,30.875,30.868,32.796,0.000,34.023,32.030,32.023,33.950,0.000,35.177,33.185,33.177,35.104,0.000,36.331,34.340,34.331,36.258,0.000,37.483,35.495,35.485,37.411,0.000,38.576,36.647,36.637,38.559,0.000,38.686,37.723,37.745,39.582,0.000,5.305,3.334,4.370,5.331,0.000,6.414,4.413,4.480,6.347,0.000,7.565,5.565,5.567,7.493,0.000,8.719,6.719,6.719,8.647,0.000,9.872,7.873,7.872,9.801,0.000,11.026,9.027,9.026,10.955,0.000,12.180,10.181,10.180,12.109,0.000,13.334,11.336,11.334,13.263,0.000,14.488,12.491,12.488,14.417,0.000,15.642,13.646,13.642,15.570,0.000,16.796,14.801,14.796,16.724,0.000,17.951,15.956,15.950,17.878,0.000,19.105,17.112,17.104,19.032,0.000,20.259,18.268,18.258,20.186,0.000,21.413,19.424,19.413,21.340,0.000,22.568,20.580,20.567,22.494,0.000,23.722,21.737,21.721,23.648,0.000,24.877,22.893,22.876,24.802,0.000,26.032,24.050,24.030,25.957,0.000,27.186,25.207,25.185,27.111,0.000,28.341,26.365,26.340,28.265,0.000,29.496,27.522,27.494,29.419,0.000,30.651,28.680,28.649,30.573,0.000,31.806,29.838,29.804,31.728,0.000,32.961,30.996,30.959,32.882,0.000,34.117,32.154,32.114,34.036,0.000,35.272,33.313,33.270,35.191,0.000,36.426,34.471,34.425,36.345,0.000,37.542,35.627,35.579,37.495,0.000,37.654,36.707,36.690,38.549,0.000,4.228,2.224,3.261,4.223,0.000,5.341,3.339,3.374,5.271,0.000,6.493,4.493,4.493,6.422,0.000,7.647,5.650,5.647,7.576,0.000,8.802,6.807,6.801,8.730,0.000,9.956,7.966,7.955,9.884,0.000,11.111,9.125,9.110,11.038,0.000,12.266,10.285,10.265,12.192,0.000,13.421,11.446,11.419,13.346,0.000,14.577,12.607,12.574,14.501,0.000,15.732,13.769,13.730,15.655,0.000,16.888,14.932,14.885,16.810,0.000,18.044,16.095,16.041,17.964,0.000,19.201,17.258,17.197,19.119,0.000,20.357,18.422,18.353,20.273,0.000,21.514,19.586,19.510,21.428,0.000,22.671,20.750,20.666,22.583,0.000,23.829,21.914,21.823,23.738,0.000,24.986,23.079,22.980,24.893,0.000,26.144,24.244,24.138,26.048,0.000,27.302,25.409,25.295,27.204,0.000,28.460,26.575,26.453,28.359,0.000,29.618,27.740,27.611,29.514,0.000,30.776,28.906,28.769,30.670,0.000,31.935,30.071,29.927,31.826,0.000,33.094,31.237,31.086,32.981,0.000,34.253,32.403,32.244,34.137,0.000,35.410,33.569,33.403,35.293,0.000,36.531,34.732,34.560,36.446,0.000,36.644,35.819,35.676,37.522,0.000,3.151,1.113,2.151,3.114,0.000,4.268,2.266,2.267,4.196,0.000,5.426,3.457,3.422,5.352,0.000,6.584,4.647,4.578,6.507,0.000,7.744,5.836,5.736,7.663,0.000,8.904,7.024,6.895,8.818,0.000,10.065,8.210,8.055,9.974,0.000,11.227,9.396,9.215,11.130,0.000,12.390,10.581,10.376,12.287,0.000,13.553,11.765,11.538,13.443,0.000,14.716,12.948,12.701,14.600,0.000,15.880,14.131,13.864,15.757,0.000,17.044,15.313,15.027,16.914,0.000,18.209,16.494,16.191,18.071,0.000,19.373,17.675,17.355,19.229,0.000,20.538,18.855,18.520,20.387,0.000,21.704,20.034,19.684,21.545,0.000,22.869,21.214,20.850,22.703,0.000,24.035,22.392,22.015,23.862,0.000,25.201,23.570,23.180,25.020,0.000,26.367,24.748,24.346,26.179,0.000,27.533,25.925,25.512,27.338,0.000,28.699,27.102,26.678,28.497,0.000,29.865,28.278,27.844,29.656,0.000,31.032,29.454,29.010,30.816,0.000,32.198,30.630,30.177,31.975,0.000,33.365,31.805,31.343,33.135,0.000,34.530,32.980,32.509,34.295,0.000,35.657,34.152,33.674,35.452,0.000,35.771,35.247,34.797,36.533,0.000,0.000,0.000,0.000,0.000,0.000,3.265,2.195,1.195,3.159,0.000,4.456,3.388,2.389,4.318,0.000,5.646,4.581,3.581,5.479,0.000,6.835,5.772,4.772,6.640,0.000,8.023,6.961,5.961,7.802,0.000,9.209,8.150,7.150,8.964,0.000,10.395,9.337,8.337,10.127,0.000,11.580,10.524,9.524,11.291,0.000,12.764,11.710,10.710,12.455,0.000,13.948,12.895,11.895,13.620,0.000,15.130,14.079,13.079,14.785,0.000,16.312,15.262,14.262,15.950,0.000,17.493,16.444,15.444,17.116,0.000,18.674,17.626,16.626,18.282,0.000,19.854,18.807,17.807,19.448,0.000,21.034,19.988,18.988,20.615,0.000,22.213,21.168,20.168,21.781,0.000,23.392,22.348,21.348,22.948,0.000,24.570,23.527,22.527,24.115,0.000,25.747,24.705,23.705,25.282,0.000,26.925,25.883,24.883,26.449,0.000,28.101,27.061,26.061,27.616,0.000,29.278,28.238,27.238,28.783,0.000,30.454,29.414,28.415,29.951,0.000,31.630,30.591,29.591,31.118,0.000,32.805,31.767,30.767,32.285,0.000,33.978,32.942,31.942,33.452,0.000,35.114,34.115,33.116,34.617,0.000,35.228,35.210,34.248,35.705,0.000,
