States
882
Policy
[south, south, west, west, west, east, east, east, east, east, east, east, east, east, east, south, south, south, south, south, south, south, south, south, south, south, west, west, south, south, south, south, west, west, west, east, east, east, east, east, east, east, east, east, south, south, south, south, south, south, south, south, south, south, south, south, south, south, south, south, south, south, west, west, west, east, east, east, east, east, east, east, east, south, south, south, south, south, south, south, south, south, south, south, south, south, south, south, south, south, south, west, west, west, west, east, east, east, east, east, east, east, east, south, south, south, south, south, south, south, south, south, south, south, south, south, south, south, south, south, south, west, west, west, west, east, east, east, east, east, east, east, east, east, south, south, south, south, south, south, south, south, south, south, south, south, south, south, south, south, south, west, west, south, south, south, east, east, east, east, east, east, east, east, south, south, south, south, south, south, west, south, south, south, south, south, south, south, south, south, south, obstacle, east, obstacle, obstacle, obstacle, west, north, north, north, obstacle, east, east, east, south, south, south, south, south, west, west, east, south, south, south, south, south, south, south, south, south, obstacle, south, north, east, obstacle, west, south, obstacle, south, obstacle, east, east, east, south, south, south, south, south, west, west, east, south, south, south, south, west, south, south, south, south, obstacle, obstacle, east, obstacle, obstacle, east, obstacle, east, east, east, east, east, east, east, south, south, south, south, south, obstacle, east, south, south, south, west, west, west, south, south, south, south, obstacle, south, obstacle, south, south, south, north, obstacle, south, east, east, east, east, south, south, south, south, south, south, obstacle, south, south, south, west, west, west, south, south, south, south, south, obstacle, obstacle, south, obstacle, obstacle, east, south, obstacle, obstacle, east, east, east, south, south, south, south, south, south, south, south, west, west, west, south, south, south, south, west, west, obstacle, obstacle, south, obstacle, east, south, obstacle, south, obstacle, south, obstacle, south, east, south, south, south, south, east, south, south, south, south, south, obstacle, south, south, south, south, west, west, west, obstacle, south, south, obstacle, south, south, south, west, east, south, south, east, south, south, south, south, east, south, south, south, south, south, south, south, south, south, south, west, obstacle, north, east, east, east, east, south, west, south, obstacle, obstacle, south, south, obstacle, south, south, south, south, obstacle, south, south, south, south, south, south, south, south, south, south, obstacle, obstacle, east, north, north, obstacle, south, east, south, west, east, east, east, south, south, south, south, south, south, south, south, south, west, west, west, south, south, south, south, obstacle, obstacle, north, north, obstacle, south, south, obstacle, south, west, obstacle, east, east, south, south, south, south, south, south, south, south, south, west, west, west, west, south, south, south, west, obstacle, obstacle, obstacle, east, east, south, south, south, obstacle, south, obstacle, obstacle, south, south, west, east, south, south, south, south, west, west, west, west, west, south, south, south, obstacle, obstacle, obstacle, south, south, west, west, west, east, south, south, west, west, east, south, south, south, west, west, west, west, west, south, south, south, south, obstacle, obstacle, south, south, west, west, west, west, east, east, south, south, obstacle, east, south, south, south, west, west, west, south, south, south, south, south, south, west, obstacle, obstacle, east, south, west, west, north, obstacle, south, obstacle, south, south, south, south, obstacle, south, south, south, west, west, obstacle, south, south, south, south, south, south, obstacle, obstacle, obstacle, south, south, obstacle, north, obstacle, east, south, south, south, east, south, south, south, west, west, west, west, south, south, west, west, west, south, south, obstacle, obstacle, obstacle, south, south, south, south, obstacle, obstacle, obstacle, east, south, east, south, east, east, south, west, west, south, south, obstacle, south, south, west, west, west, south, south, south, obstacle, east, south, east, east, south, west, south, west, west, obstacle, south, east, south, obstacle, south, south, south, obstacle, south, south, south, west, west, west, west, east, south, south, west, south, obstacle, south, obstacle, east, south, west, south, west, obstacle, obstacle, south, obstacle, south, south, south, south, south, south, south, west, west, west, south, obstacle, east, south, south, south, obstacle, south, obstacle, south, obstacle, obstacle, south, obstacle, south, obstacle, south, south, south, south, south, south, south, west, west, west, west, west, south, obstacle, south, south, obstacle, south, south, south, south, south, south, south, south, south, south, south, south, south, south, south, west, west, west, west, west, west, west, west, west, west, south, south, south, south, south, south, south, south, south, south, west, west, west, west, west, west, west, west, west, west, west, west, west, west, west, west, west, west, west, west, west, west, west, west, west, west, west, south, south, west, west, west, west, west, west, west, west, west, west, west, west, west, west, west, west, west, west, west, west, west, west, west, west, west, west, west, west, south, south, west, west, west, west, west, west, west, west, west, west, west, west, west, west, west, west, west, west, west, west, west, west, west, west, west, west, west, west, null, west, west, west, west, west, west, west, west, west, west, west, west, west, west, west, west, west, west, west, west, west, west, west, west, west, west, west, west, west]
Alpha value
0.5
Max number of actions
5
68.401,66.467,67.467,67.467,0.000,69.504,67.543,67.600,68.510,0.000,70.670,68.720,68.675,69.643,0.000,72.695,69.962,69.831,70.837,0.000,75.437,72.779,71.833,73.646,0.000,73.717,74.254,75.203,74.985,0.000,72.435,72.756,74.665,73.391,0.000,71.381,71.634,73.250,72.265,0.000,70.371,70.612,72.144,71.230,0.000,69.365,69.575,71.116,70.227,0.000,68.335,68.511,70.092,69.208,0.000,67.296,67.438,69.070,68.180,0.000,66.245,66.353,68.043,67.143,0.000,65.170,65.239,67.007,66.093,0.000,64.069,64.099,65.955,65.017,0.000,63.031,62.960,64.877,63.918,0.000,62.115,61.923,63.778,62.892,0.000,61.740,61.028,62.798,62.018,0.000,62.514,60.703,62.012,61.718,0.000,63.491,61.624,61.821,62.598,0.000,63.728,62.662,62.729,63.601,0.000,63.033,62.761,63.623,63.711,0.000,62.722,61.999,63.654,62.982,0.000,63.389,61.682,62.959,62.697,0.000,64.426,62.454,62.766,63.445,0.000,65.529,63.555,63.571,64.535,0.000,66.636,64.708,64.676,65.652,0.000,67.551,65.812,65.787,66.754,0.000,68.003,66.681,66.855,67.635,0.000,68.046,67.085,67.679,68.046,0.000,67.344,65.330,66.379,67.359,0.000,68.506,66.449,66.524,68.409,0.000,69.721,67.651,67.648,69.551,0.000,71.729,68.902,68.851,70.748,0.000,74.661,71.703,70.908,73.535,0.000,73.029,73.315,74.284,74.925,0.000,71.734,71.803,73.895,73.323,0.000,70.699,70.747,72.579,72.204,0.000,69.671,69.709,71.473,71.169,0.000,68.617,68.643,70.426,70.146,0.000,67.540,67.559,69.365,69.120,0.000,66.453,66.465,68.302,68.091,0.000,65.338,65.344,67.229,67.051,0.000,64.195,64.197,66.142,65.998,0.000,63.052,63.041,65.027,64.919,0.000,61.987,61.890,63.886,63.817,0.000,61.050,60.827,62.747,62.776,0.000,60.647,59.921,61.751,61.908,0.000,61.457,59.568,60.954,61.607,0.000,62.466,60.529,60.742,62.485,0.000,62.725,61.599,61.691,63.485,0.000,61.986,61.726,62.620,63.639,0.000,61.644,60.906,62.644,62.881,0.000,62.334,60.570,61.907,62.607,0.000,63.380,61.368,61.696,63.356,0.000,64.518,62.482,62.530,64.446,0.000,65.625,63.637,63.646,65.561,0.000,66.529,64.749,64.790,66.662,0.000,66.983,65.627,65.858,67.549,0.000,67.026,66.032,66.668,67.956,0.000,66.248,64.192,65.243,66.229,0.000,67.416,65.352,65.390,67.319,0.000,68.659,66.576,66.561,68.519,0.000,70.645,67.891,67.782,69.769,0.000,73.711,70.909,69.860,72.550,0.000,72.062,72.278,73.218,74.122,0.000,70.839,70.881,72.959,72.612,0.000,69.788,69.806,71.623,71.496,0.000,68.743,68.754,70.572,70.447,0.000,67.659,67.665,69.496,69.384,0.000,66.564,66.567,68.422,68.319,0.000,65.442,65.443,67.339,67.244,0.000,64.295,64.296,66.245,66.156,0.000,63.139,63.138,65.125,65.040,0.000,61.982,61.974,63.981,63.898,0.000,60.893,60.810,62.826,62.754,0.000,59.947,59.725,61.675,61.689,0.000,59.516,58.812,60.652,60.807,0.000,60.361,58.428,59.845,60.479,0.000,61.401,59.431,59.608,61.396,0.000,61.689,60.533,60.600,62.430,0.000,60.899,60.689,61.557,62.599,0.000,60.537,59.814,61.606,61.794,0.000,61.249,59.455,60.812,61.499,0.000,62.307,60.283,60.585,62.275,0.000,63.447,61.405,61.444,63.375,0.000,64.564,62.565,62.572,64.524,0.000,65.476,63.683,63.719,65.625,0.000,65.921,64.572,64.794,66.499,0.000,65.963,64.973,65.613,66.896,0.000,65.152,63.055,64.107,65.096,0.000,66.338,64.283,64.257,66.228,0.000,67.646,65.705,65.474,67.440,0.000,69.898,68.548,66.790,68.774,0.000,72.683,72.538,68.942,71.553,0.000,71.161,71.968,72.458,73.195,0.000,69.899,70.106,71.935,71.650,0.000,68.846,68.973,70.706,70.591,0.000,67.771,67.871,69.618,69.513,0.000,66.670,66.737,68.534,68.437,0.000,65.544,65.580,67.443,67.352,0.000,64.395,64.399,66.344,66.257,0.000,63.237,63.237,65.222,65.137,0.000,62.072,62.071,64.077,63.993,0.000,60.903,60.897,62.923,62.839,0.000,59.793,59.724,61.759,61.685,0.000,58.842,58.626,60.595,60.596,0.000,58.381,57.702,59.548,59.702,0.000,59.264,57.286,58.733,59.346,0.000,60.332,58.333,58.471,60.303,0.000,60.651,59.464,59.506,61.369,0.000,59.812,59.652,60.490,61.560,0.000,59.427,58.720,60.565,60.705,0.000,60.166,58.339,59.716,60.391,0.000,61.231,59.196,59.470,61.191,0.000,62.377,60.328,60.360,62.303,0.000,63.499,61.490,61.495,63.454,0.000,64.423,62.617,62.647,64.563,0.000,64.858,63.517,63.727,65.446,0.000,64.899,63.908,64.559,65.835,0.000,64.081,61.918,62.972,63.964,0.000,65.517,64.864,63.189,65.199,0.000,68.392,68.993,64.623,66.575,0.000,72.806,72.896,67.470,69.232,0.000,72.560,72.607,70.914,72.110,0.000,70.827,72.699,74.535,72.535,0.000,69.151,71.006,71.664,70.810,0.000,68.012,69.004,69.962,69.679,0.000,66.882,67.833,68.808,68.586,0.000,65.720,66.671,67.675,67.492,0.000,64.535,65.427,66.540,66.388,0.000,63.341,63.406,65.357,65.237,0.000,62.171,62.174,64.178,64.089,0.000,60.995,60.995,63.019,62.934,0.000,59.817,59.813,61.855,61.772,0.000,58.696,58.641,60.684,60.607,0.000,57.737,57.532,59.510,59.497,0.000,57.243,56.594,58.447,58.596,0.000,58.165,56.141,57.622,58.209,0.000,59.260,57.235,57.330,59.208,0.000,59.616,58.393,58.413,60.305,0.000,58.724,58.616,59.420,60.521,0.000,58.311,57.625,59.525,59.615,0.000,59.080,57.221,58.618,59.276,0.000,60.156,58.111,58.355,60.109,0.000,61.304,59.250,59.274,61.229,0.000,62.435,60.415,60.418,62.384,0.000,63.369,61.548,61.572,63.499,0.000,63.795,62.462,62.662,64.394,0.000,63.835,62.843,63.503,64.772,0.000,64.594,60.782,61.894,62.889,0.000,70.179,71.492,63.886,65.884,0.000,72.815,72.546,68.168,68.664,0.000,72.666,71.334,72.014,71.351,0.000,72.535,71.149,72.614,75.529,0.000,71.944,71.246,72.470,72.459,0.000,70.135,72.559,72.561,70.921,0.000,68.100,70.949,70.885,69.036,0.000,66.898,69.361,68.923,67.858,0.000,65.692,68.316,67.758,66.718,0.000,64.432,71.300,67.211,66.219,0.000,62.343,63.251,65.199,64.254,0.000,61.097,61.131,63.182,63.034,0.000,59.910,59.911,61.955,61.867,0.000,58.734,58.731,60.780,60.696,0.000,57.604,57.562,59.603,59.525,0.000,56.634,56.436,58.428,58.402,0.000,56.103,55.488,57.349,57.490,0.000,57.068,54.994,56.511,57.070,0.000,58.187,56.138,56.187,58.113,0.000,58.584,57.343,57.320,59.239,0.000,57.636,57.582,58.349,59.486,0.000,57.172,56.531,58.486,58.524,0.000,57.979,56.085,57.520,58.138,0.000,59.079,57.027,57.237,59.022,0.000,60.231,58.173,58.190,60.155,0.000,61.368,59.338,59.340,61.312,0.000,62.316,60.480,60.497,62.436,0.000,62.731,61.406,61.593,63.341,0.000,62.770,61.778,62.448,63.710,0.000,71.630,59.566,62.343,63.366,0.000,70.000,0.000,0.000,0.000,0.000,71.332,72.069,71.332,73.420,0.000,70.000,0.000,0.000,0.000,0.000,70.000,0.000,0.000,0.000,0.000,70.000,0.000,0.000,0.000,0.000,71.910,72.366,71.423,71.917,0.000,70.512,72.239,72.695,70.128,0.000,69.042,71.334,71.275,68.539,0.000,71.469,68.543,69.839,67.472,0.000,70.000,0.000,0.000,0.000,0.000,62.205,63.153,71.403,64.116,0.000,60.045,60.082,62.962,62.001,0.000,58.828,58.830,60.910,60.793,0.000,57.654,57.653,59.700,59.616,0.000,56.510,56.480,58.524,58.445,0.000,55.533,55.340,57.349,57.311,0.000,54.961,54.384,56.251,56.386,0.000,55.972,53.844,55.403,55.928,0.000,57.134,55.064,55.044,57.019,0.000,57.595,57.443,56.271,58.210,0.000,56.550,56.597,57.298,58.457,0.000,56.020,55.436,57.449,57.432,0.000,56.863,54.927,56.422,56.985,0.000,57.999,55.937,56.118,57.921,0.000,59.157,57.096,57.106,59.080,0.000,60.302,58.262,58.262,60.240,0.000,61.261,59.410,59.420,61.370,0.000,61.667,60.352,60.526,62.288,0.000,61.706,60.712,61.392,62.647,0.000,71.580,56.470,59.462,62.115,0.000,70.000,0.000,0.000,0.000,0.000,72.200,71.074,71.150,72.305,0.000,72.073,72.136,72.073,71.210,0.000,71.074,71.074,72.189,71.074,0.000,70.000,0.000,0.000,0.000,0.000,72.087,72.196,71.220,72.384,0.000,71.248,71.074,72.359,72.308,0.000,70.000,0.000,0.000,0.000,0.000,71.300,66.807,71.300,69.458,0.000,70.000,0.000,0.000,0.000,0.000,61.197,61.348,71.384,63.939,0.000,58.967,59.026,61.958,60.959,0.000,57.750,57.757,59.832,59.712,0.000,56.572,56.572,58.620,58.537,0.000,55.415,55.396,57.448,57.368,0.000,54.433,54.249,56.269,56.220,0.000,53.817,53.281,55.154,55.283,0.000,54.895,52.692,54.296,54.785,0.000,57.228,54.903,53.972,56.007,0.000,57.715,71.079,56.453,58.341,0.000,55.574,57.751,57.435,57.546,0.000,54.867,54.322,56.446,56.339,0.000,55.749,53.767,55.323,55.831,0.000,56.903,54.832,54.976,56.807,0.000,58.083,56.020,56.025,58.003,0.000,59.234,57.186,57.185,59.166,0.000,60.208,58.341,58.344,60.304,0.000,60.604,59.298,59.456,61.235,0.000,60.641,59.647,60.338,61.584,0.000,71.541,53.228,56.362,59.145,0.000,70.000,0.000,0.000,0.000,0.000,70.000,0.000,0.000,0.000,0.000,71.140,72.000,71.140,72.189,0.000,70.000,0.000,0.000,0.000,0.000,70.000,0.000,0.000,0.000,0.000,71.208,73.013,71.208,72.265,0.000,70.000,0.000,0.000,0.000,0.000,67.010,71.376,71.295,71.295,0.000,64.149,71.279,68.503,68.328,0.000,61.789,64.696,65.963,71.437,0.000,59.270,61.755,62.625,62.113,0.000,57.913,59.306,60.163,59.900,0.000,56.674,56.820,58.780,58.639,0.000,55.488,55.497,57.548,57.460,0.000,54.326,54.317,56.369,56.289,0.000,53.336,53.162,55.187,55.129,0.000,52.670,52.180,54.060,54.182,0.000,54.658,51.537,53.209,53.669,0.000,71.142,53.834,54.078,56.144,0.000,70.000,0.000,0.000,0.000,0.000,56.840,71.016,71.039,58.755,0.000,53.789,53.163,57.490,55.277,0.000,54.637,52.606,54.201,54.676,0.000,55.797,53.722,53.819,55.696,0.000,57.007,54.940,54.939,56.912,0.000,58.168,56.154,56.110,58.094,0.000,59.158,57.337,57.271,59.240,0.000,59.540,58.245,58.387,60.183,0.000,59.577,58.583,59.284,60.521,0.000,54.028,49.836,51.043,53.986,0.000,71.336,53.276,55.386,71.336,0.000,70.000,0.000,0.000,0.000,0.000,71.071,71.000,71.071,72.126,0.000,70.000,0.000,0.000,0.000,0.000,73.013,71.134,71.134,71.134,0.000,72.270,72.014,72.137,72.201,0.000,72.641,71.288,73.130,71.288,0.000,71.221,71.075,72.389,70.039,0.000,70.000,0.000,0.000,0.000,0.000,63.065,62.992,71.409,63.872,0.000,60.810,71.281,65.733,61.588,0.000,58.318,71.223,62.628,60.117,0.000,55.743,58.414,59.131,57.706,0.000,54.418,54.569,56.614,56.392,0.000,53.241,53.241,55.299,55.211,0.000,52.241,52.076,54.110,54.042,0.000,51.502,51.082,52.970,53.082,0.000,52.320,50.357,52.059,52.475,0.000,54.295,51.372,51.599,54.627,0.000,71.060,53.450,55.269,71.060,0.000,70.000,0.000,0.000,0.000,0.000,53.823,51.915,71.035,55.313,0.000,53.524,51.444,52.962,53.517,0.000,54.692,52.613,52.661,54.586,0.000,55.963,53.926,53.844,55.812,0.000,57.205,56.300,55.081,57.064,0.000,58.141,57.261,56.272,58.207,0.000,58.479,57.193,57.382,59.134,0.000,58.513,57.519,58.231,59.458,0.000,50.905,48.611,49.679,50.749,0.000,56.065,50.015,50.051,54.082,0.000,71.333,55.564,55.629,71.333,0.000,70.000,0.000,0.000,0.000,0.000,70.000,0.000,0.000,0.000,0.000,71.134,71.000,71.134,73.013,0.000,70.000,0.000,0.000,0.000,0.000,70.000,0.000,0.000,0.000,0.000,65.738,71.158,71.158,71.158,0.000,71.480,60.043,67.711,65.331,0.000,70.000,0.000,0.000,0.000,0.000,70.000,0.000,0.000,0.000,0.000,57.478,71.089,71.193,59.305,0.000,53.497,54.827,58.138,55.486,0.000,52.163,52.241,54.367,54.145,0.000,51.145,50.980,53.034,52.959,0.000,50.375,49.987,51.882,51.986,0.000,51.127,49.223,50.956,51.303,0.000,51.908,50.184,50.374,52.246,0.000,51.085,50.969,51.350,54.149,0.000,51.864,49.933,53.316,71.045,0.000,51.271,49.293,51.002,52.684,0.000,52.371,50.284,50.488,52.315,0.000,53.666,51.529,51.508,53.482,0.000,56.121,54.011,52.825,54.794,0.000,58.199,71.026,55.312,57.172,0.000,57.132,56.266,56.376,57.246,0.000,57.450,56.141,57.268,58.115,0.000,57.450,56.455,57.178,58.396,0.000,49.669,47.462,48.524,49.532,0.000,53.097,48.962,48.770,50.978,0.000,71.479,54.877,52.461,58.288,0.000,70.000,0.000,0.000,0.000,0.000,70.000,0.000,0.000,0.000,0.000,71.175,64.516,71.175,71.175,0.000,70.000,0.000,0.000,0.000,0.000,62.109,71.135,71.135,71.135,0.000,71.264,55.677,65.927,71.264,0.000,70.000,0.000,0.000,0.000,0.000,71.292,57.036,71.292,63.932,0.000,70.000,0.000,0.000,0.000,0.000,71.093,59.378,71.093,71.093,0.000,70.000,0.000,0.000,0.000,0.000,53.866,53.712,71.238,55.861,0.000,51.142,52.706,54.469,53.166,0.000,50.021,49.844,51.984,51.845,0.000,49.249,48.876,50.794,50.883,0.000,49.972,48.090,49.857,50.173,0.000,50.891,49.026,49.245,51.060,0.000,49.961,51.354,50.251,51.862,0.000,49.252,48.799,50.832,50.809,0.000,50.112,48.137,49.814,50.215,0.000,51.284,49.175,49.334,51.162,0.000,53.664,50.425,50.437,52.418,0.000,71.028,52.945,52.989,54.983,0.000,70.000,0.000,0.000,0.000,0.000,57.145,55.229,71.036,58.198,0.000,56.387,55.051,56.228,57.059,0.000,56.386,55.392,56.091,57.333,0.000,48.680,46.320,47.385,48.392,0.000,52.483,52.266,47.794,49.914,0.000,60.157,71.296,51.734,55.681,0.000,71.324,65.355,57.625,71.324,0.000,70.000,0.000,0.000,0.000,0.000,61.902,60.341,71.504,66.515,0.000,71.316,59.088,64.388,71.316,0.000,70.000,0.000,0.000,0.000,0.000,54.577,52.383,71.380,58.154,0.000,55.122,51.550,55.272,71.378,0.000,57.968,52.253,52.928,57.699,0.000,59.432,71.227,57.347,71.227,0.000,55.476,71.222,60.289,61.501,0.000,53.864,52.356,57.680,71.238,0.000,52.730,50.991,53.299,54.496,0.000,51.700,71.134,53.638,53.721,0.000,48.938,48.708,52.373,50.764,0.000,48.123,47.737,49.668,49.752,0.000,48.810,46.957,48.758,49.044,0.000,51.224,47.859,48.164,49.957,0.000,50.452,71.037,50.758,52.396,0.000,48.151,47.660,51.161,49.728,0.000,49.004,46.979,48.674,49.064,0.000,50.142,48.068,48.178,50.053,0.000,51.353,49.278,49.285,51.291,0.000,52.614,50.497,50.543,53.676,0.000,55.064,51.720,53.063,71.028,0.000,54.885,52.916,52.970,56.015,0.000,55.286,53.957,54.041,55.921,0.000,55.323,54.330,55.002,56.270,0.000,51.811,45.160,46.393,47.406,0.000,71.235,71.100,51.403,53.545,0.000,70.000,0.000,0.000,0.000,0.000,64.834,71.177,71.339,62.933,0.000,60.682,62.968,65.837,71.532,0.000,57.576,60.042,61.475,61.180,0.000,56.135,61.539,58.651,59.960,0.000,54.634,71.249,60.515,71.249,0.000,51.561,49.205,55.215,53.265,0.000,51.991,51.995,50.418,52.456,0.000,71.365,51.013,53.417,54.976,0.000,70.000,0.000,0.000,0.000,0.000,70.000,0.000,0.000,0.000,0.000,52.659,51.195,71.210,54.798,0.000,71.202,49.794,53.771,53.592,0.000,70.000,0.000,0.000,0.000,0.000,49.484,47.514,71.162,51.314,0.000,46.995,46.597,48.479,48.615,0.000,47.595,45.823,47.639,47.913,0.000,71.070,46.634,48.636,50.401,0.000,70.000,0.000,0.000,0.000,0.000,48.559,46.467,71.024,50.154,0.000,47.898,45.820,47.483,47.910,0.000,49.041,46.965,47.022,48.947,0.000,50.252,48.177,48.179,50.150,0.000,51.468,49.395,49.395,51.365,0.000,52.677,50.616,50.616,52.582,0.000,53.771,51.829,51.836,53.783,0.000,54.223,52.894,52.971,54.820,0.000,54.264,53.271,53.946,55.211,0.000,71.254,43.800,47.401,48.550,0.000,70.000,0.000,0.000,0.000,0.000,70.000,0.000,0.000,0.000,0.000,62.017,68.051,71.564,63.408,0.000,61.906,64.453,62.894,59.076,0.000,71.322,71.181,63.250,60.841,0.000,70.000,0.000,0.000,0.000,0.000,53.801,47.874,71.307,52.225,0.000,51.037,71.201,51.141,53.288,0.000,52.277,47.820,51.923,51.903,0.000,55.883,53.130,51.445,71.286,0.000,53.185,71.182,56.380,71.182,0.000,48.287,53.447,53.890,52.165,0.000,46.677,48.642,49.234,50.540,0.000,47.499,45.306,49.473,71.147,0.000,46.467,44.399,46.356,48.250,0.000,45.811,45.457,45.563,47.417,0.000,44.755,44.691,46.438,46.724,0.000,43.835,43.600,45.629,47.313,0.000,46.338,42.622,46.488,71.029,0.000,45.612,43.485,43.848,47.177,0.000,46.739,44.660,44.686,46.699,0.000,47.942,45.866,45.867,47.845,0.000,49.152,47.077,47.077,49.052,0.000,50.367,48.293,48.293,50.264,0.000,51.579,49.513,49.513,51.481,0.000,52.694,50.729,50.732,52.686,0.000,53.152,51.833,51.897,53.752,0.000,53.205,52.212,52.885,54.144,0.000,71.213,39.818,43.667,47.094,0.000,70.000,0.000,0.000,0.000,0.000,70.000,0.000,0.000,0.000,0.000,67.296,71.191,71.387,65.990,0.000,71.386,71.205,69.318,63.584,0.000,70.000,0.000,0.000,0.000,0.000,49.948,47.974,71.163,71.163,0.000,71.257,44.158,50.941,50.842,0.000,70.000,0.000,0.000,0.000,0.000,54.581,46.452,71.297,50.930,0.000,71.211,71.095,52.033,56.208,0.000,70.000,0.000,0.000,0.000,0.000,52.610,71.051,71.115,52.988,0.000,47.680,71.102,54.872,49.747,0.000,44.458,44.180,48.309,46.252,0.000,45.327,43.236,45.159,45.337,0.000,44.746,44.387,44.407,46.285,0.000,43.653,43.626,45.365,45.602,0.000,42.624,42.494,44.495,44.473,0.000,43.361,41.467,43.452,43.568,0.000,44.454,42.382,42.632,44.385,0.000,45.643,43.565,43.580,45.549,0.000,46.846,44.769,44.769,46.748,0.000,48.054,45.981,45.978,47.954,0.000,49.268,47.200,47.192,49.165,0.000,50.481,48.422,48.411,50.380,0.000,51.618,49.639,49.629,51.589,0.000,52.082,50.763,50.814,52.676,0.000,52.147,51.153,51.824,53.075,0.000,45.810,35.660,37.108,40.717,0.000,71.059,71.059,45.694,71.059,0.000,70.000,0.000,0.000,0.000,0.000,70.000,0.000,0.000,0.000,0.000,70.000,0.000,0.000,0.000,0.000,52.628,71.082,71.082,71.082,0.000,44.610,71.162,55.116,51.100,0.000,40.367,40.312,45.234,44.843,0.000,45.872,38.994,43.893,71.225,0.000,71.250,42.687,42.849,49.228,0.000,70.000,0.000,0.000,0.000,0.000,71.095,50.023,71.095,71.095,0.000,70.000,0.000,0.000,0.000,0.000,70.000,0.000,0.000,0.000,0.000,45.238,42.981,71.110,47.067,0.000,44.251,42.070,43.964,44.179,0.000,43.746,45.250,43.319,45.281,0.000,42.560,42.721,44.298,44.548,0.000,41.476,41.389,43.426,43.369,0.000,42.260,40.309,42.341,42.420,0.000,43.361,41.282,41.478,43.283,0.000,44.550,42.472,42.478,44.456,0.000,45.754,43.681,43.674,45.655,0.000,46.967,44.961,44.884,46.861,0.000,48.184,46.233,46.100,48.072,0.000,49.397,47.444,47.321,49.286,0.000,50.547,48.603,48.540,50.496,0.000,51.013,49.688,49.724,51.602,0.000,51.084,50.083,50.765,52.007,0.000,71.141,34.179,38.190,39.461,0.000,70.000,0.000,0.000,0.000,0.000,70.000,0.000,0.000,0.000,0.000,70.000,0.000,0.000,0.000,0.000,41.369,39.065,71.193,43.625,0.000,40.059,37.708,40.041,39.941,0.000,43.674,39.253,39.129,43.397,0.000,47.582,43.138,43.008,71.251,0.000,45.755,44.710,44.520,50.492,0.000,44.377,44.390,47.719,71.168,0.000,43.059,40.875,47.183,71.102,0.000,41.906,39.569,41.882,43.707,0.000,44.970,41.391,40.902,43.018,0.000,44.826,71.047,44.322,46.299,0.000,41.666,45.576,45.231,43.682,0.000,40.331,40.285,42.512,42.271,0.000,41.162,39.150,41.231,41.270,0.000,42.269,40.185,40.323,42.184,0.000,43.465,41.382,41.380,43.365,0.000,44.739,42.723,42.587,44.569,0.000,46.067,45.862,43.870,45.842,0.000,47.268,46.902,45.143,47.050,0.000,48.369,46.411,46.352,48.207,0.000,49.478,47.508,47.557,49.413,0.000,49.948,48.615,48.687,50.532,0.000,50.015,49.014,49.693,50.938,0.000,71.110,29.752,34.036,37.865,0.000,70.000,0.000,0.000,0.000,0.000,70.000,0.000,0.000,0.000,0.000,41.679,36.608,71.088,71.088,0.000,37.541,35.156,37.653,39.760,0.000,38.991,39.226,36.504,38.681,0.000,42.848,42.989,38.066,40.255,0.000,46.738,71.157,42.121,46.272,0.000,44.707,47.600,43.583,45.563,0.000,43.376,71.117,46.962,47.399,0.000,39.714,41.391,44.071,41.903,0.000,41.224,38.378,40.699,40.573,0.000,71.062,40.222,41.849,43.938,0.000,70.000,0.000,0.000,0.000,0.000,44.730,71.007,71.020,46.760,0.000,39.310,39.180,45.155,41.302,0.000,40.067,37.987,40.120,40.117,0.000,41.180,39.092,39.165,41.088,0.000,42.506,40.360,40.291,42.282,0.000,45.635,43.628,41.637,43.622,0.000,48.539,71.015,44.909,46.751,0.000,46.306,45.932,45.975,46.154,0.000,47.336,45.319,46.953,47.287,0.000,48.408,46.409,46.518,48.380,0.000,48.879,47.540,47.589,49.460,0.000,48.946,47.944,48.618,49.871,0.000,36.532,25.131,26.635,30.666,0.000,71.027,71.027,36.520,71.027,0.000,70.000,0.000,0.000,0.000,0.000,70.000,0.000,0.000,0.000,0.000,42.393,71.036,71.036,71.036,0.000,35.251,32.547,42.563,37.549,0.000,38.937,35.917,33.955,36.206,0.000,45.234,71.122,38.308,40.374,0.000,71.210,53.238,42.530,42.167,0.000,70.000,0.000,0.000,0.000,0.000,71.122,46.788,71.122,49.125,0.000,70.000,0.000,0.000,0.000,0.000,40.633,40.308,71.072,42.894,0.000,38.083,37.080,41.071,39.370,0.000,38.914,36.809,38.348,40.997,0.000,71.005,37.874,42.368,71.005,0.000,70.000,0.000,0.000,0.000,0.000,40.152,37.927,71.011,42.197,0.000,38.970,36.820,38.875,38.958,0.000,40.152,38.001,38.006,39.997,0.000,43.274,39.401,39.270,41.267,0.000,71.015,44.781,42.608,44.611,0.000,70.000,0.000,0.000,0.000,0.000,47.015,44.895,71.019,48.552,0.000,46.239,44.160,45.906,46.249,0.000,47.333,45.308,45.364,47.283,0.000,47.811,46.467,46.489,48.387,0.000,47.877,46.875,47.545,48.803,0.000,71.060,23.542,28.049,29.377,0.000,70.000,0.000,0.000,0.000,0.000,70.000,0.000,0.000,0.000,0.000,70.000,0.000,0.000,0.000,0.000,38.396,31.022,71.092,36.399,0.000,71.099,34.851,35.169,37.669,0.000,70.000,0.000,0.000,0.000,0.000,71.078,71.000,71.078,50.476,0.000,70.000,0.000,0.000,0.000,0.000,40.985,45.351,71.100,49.530,0.000,40.430,36.810,44.101,71.076,0.000,37.003,36.752,37.981,40.922,0.000,36.865,35.785,37.760,38.012,0.000,35.624,37.924,37.005,37.790,0.000,34.381,34.335,36.588,38.547,0.000,37.787,33.128,37.745,71.003,0.000,36.629,34.383,34.392,38.597,0.000,37.883,37.984,35.656,37.803,0.000,39.186,38.703,36.913,38.972,0.000,42.492,39.903,38.248,40.307,0.000,45.323,71.010,41.791,45.490,0.000,44.811,42.415,44.869,71.014,0.000,43.991,41.787,43.499,45.637,0.000,45.076,43.006,42.996,45.035,0.000,46.261,44.290,44.208,46.185,0.000,46.746,45.507,45.395,47.318,0.000,46.810,45.807,46.473,47.736,0.000,71.040,18.561,23.376,27.649,0.000,70.000,0.000,0.000,0.000,0.000,70.000,0.000,0.000,0.000,0.000,70.000,0.000,0.000,0.000,0.000,35.424,35.336,71.055,71.055,0.000,31.046,28.048,38.667,71.079,0.000,31.563,26.511,29.175,31.753,0.000,71.076,30.804,31.025,38.225,0.000,70.000,0.000,0.000,0.000,0.000,70.000,0.000,0.000,0.000,0.000,70.000,0.000,0.000,0.000,0.000,42.106,71.019,71.054,46.642,0.000,36.952,35.448,42.491,37.902,0.000,35.709,37.854,36.677,37.687,0.000,38.003,34.477,36.778,36.829,0.000,36.984,71.013,38.334,39.048,0.000,33.258,33.463,37.679,35.375,0.000,34.248,31.944,34.198,34.095,0.000,37.782,35.391,33.304,35.455,0.000,40.865,71.006,37.069,39.055,0.000,39.704,37.744,38.129,38.022,0.000,71.008,38.853,41.003,41.409,0.000,70.000,0.000,0.000,0.000,0.000,43.700,41.369,71.011,45.249,0.000,42.840,40.628,42.375,42.732,0.000,44.123,43.857,41.911,43.947,0.000,45.367,45.234,43.199,45.162,0.000,45.719,45.687,44.445,46.288,0.000,45.745,44.738,45.510,46.672,0.000,22.696,13.367,14.870,19.332,0.000,71.018,22.443,22.488,71.018,0.000,70.000,0.000,0.000,0.000,0.000,40.196,71.023,71.023,71.023,0.000,35.808,29.327,43.466,71.076,0.000,31.430,71.044,34.024,38.859,0.000,26.753,32.613,32.179,29.248,0.000,27.543,25.199,27.682,27.472,0.000,28.361,29.396,26.593,31.480,0.000,35.727,27.204,30.986,71.054,0.000,44.864,34.738,32.094,71.068,0.000,71.023,71.023,41.985,71.023,0.000,70.000,0.000,0.000,0.000,0.000,40.352,33.986,71.037,39.076,0.000,36.982,71.018,37.946,39.226,0.000,71.028,33.051,40.238,38.067,0.000,70.000,0.000,0.000,0.000,0.000,34.485,32.172,71.001,36.661,0.000,35.074,30.692,33.224,32.961,0.000,71.001,34.369,34.546,36.725,0.000,70.000,0.000,0.000,0.000,0.000,38.803,36.646,71.005,40.845,0.000,37.704,35.387,37.660,39.602,0.000,41.144,36.663,38.882,71.002,0.000,40.468,40.228,38.033,42.120,0.000,43.678,43.266,39.464,41.709,0.000,46.984,71.010,42.900,44.928,0.000,45.803,49.316,44.283,44.453,0.000,44.727,44.737,45.297,45.403,0.000,44.723,43.666,45.632,45.642,0.000,18.209,11.864,13.145,14.413,0.000,26.042,71.016,17.747,26.745,0.000,71.015,21.631,26.396,71.015,0.000,70.000,0.000,0.000,0.000,0.000,71.027,27.493,71.027,36.634,0.000,70.000,0.000,0.000,0.000,0.000,31.833,71.010,71.031,34.111,0.000,29.371,23.994,32.227,26.477,0.000,30.186,71.020,28.538,30.733,0.000,34.021,25.962,29.560,28.433,0.000,71.033,71.010,33.653,38.846,0.000,70.000,0.000,0.000,0.000,0.000,70.000,0.000,0.000,0.000,0.000,71.011,29.666,71.011,40.215,0.000,70.000,0.000,0.000,0.000,0.000,31.121,28.805,71.007,36.349,0.000,32.018,27.019,32.658,71.002,0.000,30.349,28.155,28.344,32.757,0.000,31.494,29.394,29.403,31.539,0.000,32.819,30.639,30.727,34.983,0.000,36.472,31.856,34.455,71.000,0.000,35.202,33.027,33.111,37.310,0.000,36.460,34.285,34.214,36.298,0.000,40.001,37.758,35.574,37.721,0.000,45.112,71.007,39.294,41.352,0.000,71.008,42.373,42.534,42.633,0.000,70.000,0.000,0.000,0.000,0.000,48.602,71.005,71.013,49.111,0.000,43.826,43.695,49.095,45.762,0.000,43.580,42.522,44.612,44.575,0.000,71.007,10.475,15.537,16.712,0.000,70.000,0.000,0.000,0.000,0.000,71.011,16.721,71.011,29.544,0.000,70.000,0.000,0.000,0.000,0.000,71.013,19.028,71.013,34.760,0.000,70.000,0.000,0.000,0.000,0.000,70.000,0.000,0.000,0.000,0.000,71.010,22.455,71.010,31.436,0.000,70.000,0.000,0.000,0.000,0.000,71.010,24.505,71.010,33.145,0.000,70.000,0.000,0.000,0.000,0.000,28.658,23.210,71.000,71.000,0.000,26.416,21.044,27.377,71.002,0.000,24.461,22.142,22.458,29.930,0.000,28.577,23.355,26.517,71.000,0.000,26.784,24.578,24.683,29.383,0.000,27.911,25.807,25.810,27.892,0.000,29.139,27.041,27.041,29.031,0.000,30.376,28.281,28.281,30.262,0.000,31.618,29.525,29.525,31.502,0.000,32.853,30.766,30.765,32.746,0.000,34.101,31.948,31.948,33.949,0.000,37.400,33.202,33.202,35.208,0.000,71.001,36.743,36.818,38.850,0.000,70.000,0.000,0.000,0.000,0.000,43.272,39.139,71.009,45.181,0.000,71.002,40.169,44.518,71.002,0.000,70.000,0.000,0.000,0.000,0.000,44.434,42.437,71.005,46.425,0.000,42.452,41.398,43.366,43.432,0.000,7.078,4.885,6.155,10.977,0.000,12.421,5.977,10.400,71.000,0.000,9.759,7.273,7.560,16.815,0.000,14.852,8.580,12.656,71.000,0.000,12.337,9.888,10.154,19.125,0.000,17.288,11.195,15.117,71.000,0.000,18.507,12.503,16.348,71.000,0.000,16.210,13.811,14.062,22.599,0.000,20.815,15.081,18.772,71.000,0.000,18.602,16.256,16.496,24.726,0.000,23.030,17.439,20.977,71.000,0.000,20.856,18.632,18.749,23.783,0.000,21.943,19.832,19.835,21.947,0.000,23.145,21.039,21.039,23.049,0.000,24.358,22.254,22.253,24.255,0.000,25.577,23.475,23.474,25.471,0.000,26.801,24.702,24.700,26.693,0.000,28.031,25.935,25.932,27.920,0.000,29.266,27.173,27.169,29.153,0.000,30.505,28.416,28.411,30.390,0.000,31.750,29.663,29.658,31.632,0.000,32.949,30.871,30.868,32.865,0.000,34.124,32.041,32.040,34.110,0.000,35.380,33.218,33.297,37.410,0.000,38.865,34.400,36.839,71.000,0.000,37.752,35.589,35.672,39.793,0.000,38.940,36.784,36.859,40.835,0.000,42.220,37.984,40.194,71.000,0.000,41.231,39.181,39.255,43.102,0.000,41.266,40.279,40.325,42.245,0.000,5.785,3.668,4.798,5.836,0.000,7.055,4.827,4.960,6.923,0.000,8.346,6.129,6.134,8.204,0.000,9.639,7.437,7.437,9.496,0.000,10.933,8.745,8.745,10.790,0.000,12.228,10.054,10.052,12.085,0.000,13.524,11.362,11.360,13.381,0.000,14.821,12.672,12.668,14.678,0.000,16.098,13.975,13.972,15.976,0.000,17.280,15.177,15.173,17.196,0.000,18.461,16.358,16.353,18.372,0.000,19.649,17.548,17.541,19.557,0.000,20.846,18.747,18.738,20.750,0.000,22.049,19.953,19.942,21.950,0.000,23.260,21.167,21.154,23.157,0.000,24.476,22.388,22.372,24.370,0.000,25.699,23.616,23.596,25.589,0.000,26.927,24.850,24.826,26.815,0.000,28.161,26.089,26.062,28.045,0.000,29.400,27.334,27.303,29.280,0.000,30.643,28.584,28.549,30.521,0.000,31.871,29.811,29.785,31.765,0.000,33.042,30.988,30.962,32.959,0.000,34.216,32.165,32.136,34.132,0.000,35.397,33.348,33.315,35.309,0.000,36.583,34.538,34.501,36.492,0.000,37.774,35.734,35.693,37.681,0.000,38.969,36.936,36.891,38.876,0.000,40.115,38.139,38.091,40.067,0.000,40.220,39.241,39.236,41.134,0.000,4.640,2.448,3.584,4.631,0.000,5.919,3.679,3.748,5.781,0.000,7.211,4.987,4.986,7.068,0.000,8.504,6.299,6.294,8.360,0.000,9.798,7.614,7.602,9.654,0.000,11.094,8.931,8.911,10.949,0.000,12.391,10.250,10.220,12.244,0.000,13.689,11.570,11.529,13.541,0.000,14.988,12.892,12.839,14.839,0.000,16.205,14.129,14.097,16.111,0.000,17.383,15.314,15.274,17.290,0.000,18.570,16.510,16.460,18.471,0.000,19.765,17.715,17.655,19.661,0.000,20.968,18.929,18.858,20.858,0.000,22.179,20.152,20.069,22.063,0.000,23.396,21.383,21.288,23.274,0.000,24.620,22.621,22.513,24.492,0.000,25.850,23.866,23.744,25.715,0.000,27.085,25.117,24.981,26.945,0.000,28.327,26.374,26.224,28.180,0.000,29.573,27.618,27.473,29.419,0.000,30.807,28.837,28.717,30.664,0.000,31.995,30.024,29.912,31.887,0.000,33.170,31.210,31.086,33.056,0.000,34.351,32.404,32.267,34.231,0.000,35.539,33.604,33.454,35.412,0.000,36.733,34.811,34.648,36.599,0.000,37.930,36.025,35.848,37.792,0.000,39.080,37.239,37.051,38.985,0.000,39.187,38.351,38.201,40.096,0.000,3.498,1.225,2.369,3.424,0.000,4.784,2.533,2.533,4.641,0.000,6.081,3.915,3.844,5.933,0.000,7.381,5.295,5.157,7.226,0.000,8.683,6.672,6.472,8.521,0.000,9.989,8.047,7.790,9.817,0.000,11.297,9.421,9.109,11.115,0.000,12.608,10.725,10.430,12.414,0.000,13.921,12.003,11.753,13.715,0.000,15.167,13.264,13.033,15.012,0.000,16.351,14.481,14.234,16.219,0.000,17.545,15.709,15.426,17.399,0.000,18.748,16.948,16.628,18.588,0.000,19.960,18.195,17.840,19.786,0.000,21.181,19.452,19.060,20.991,0.000,22.409,20.716,20.288,22.204,0.000,23.644,21.987,21.524,23.423,0.000,24.886,23.237,22.768,24.649,0.000,26.135,24.464,24.017,25.882,0.000,27.389,25.698,25.273,27.120,0.000,28.633,26.940,26.533,28.364,0.000,29.850,28.144,27.750,29.612,0.000,31.046,29.349,28.955,30.837,0.000,32.232,30.563,30.139,32.020,0.000,33.424,31.784,31.330,33.197,0.000,34.623,33.011,32.529,34.381,0.000,35.829,34.246,33.734,35.571,0.000,37.038,35.486,34.946,36.767,0.000,38.198,36.709,36.161,37.964,0.000,38.309,37.807,37.321,39.078,0.000,0.000,0.000,0.000,0.000,0.000,3.723,2.457,1.390,3.512,0.000,5.088,3.837,2.777,4.813,0.000,6.452,5.215,4.161,6.117,0.000,7.815,6.592,5.543,7.425,0.000,9.178,7.966,6.923,8.736,0.000,10.539,9.339,8.300,10.049,0.000,11.809,10.646,9.632,11.364,0.000,13.083,11.923,10.909,12.682,0.000,14.343,13.208,12.194,13.972,0.000,15.560,14.438,13.416,15.206,0.000,16.788,15.665,14.643,16.395,0.000,18.025,16.901,15.879,17.594,0.000,19.271,18.147,17.126,18.802,0.000,20.526,19.402,18.381,20.020,0.000,21.788,20.665,19.644,21.245,0.000,23.057,21.935,20.915,22.479,0.000,24.295,23.186,22.175,23.719,0.000,25.521,24.411,23.400,24.967,0.000,26.755,25.644,24.634,26.220,0.000,27.995,26.885,25.875,27.480,0.000,29.201,28.109,27.094,28.699,0.000,30.406,29.313,28.298,29.921,0.000,31.620,30.526,29.511,31.107,0.000,32.840,31.745,30.730,32.296,0.000,34.067,32.972,31.957,33.493,0.000,35.300,34.205,33.191,34.697,0.000,36.537,35.445,34.431,35.906,0.000,37.702,36.668,35.661,37.118,0.000,37.791,37.774,36.806,38.237,0.000,
