States
32
Policy
[south, east, west, east, south, south, west, west, south, south, obstacle, obstacle, south, south, west, west, south, south, obstacle, obstacle, south, south, south, south, east, east, null, null, west, west, west, west]
Alpha value
0.8
Max number of actions
4
13.170,11.135,12.135,13.132,13.667,18.575,14.667,18.652,12.592,12.274,0.000,0.000,12.528,14.602,0.000,0.000,13.471,11.389,13.310,14.389,13.471,11.389,13.471,14.389,13.528,12.528,12.528,15.528,13.528,12.528,12.528,15.528,31.000,8.081,9.081,12.708,31.001,13.675,14.674,18.491,30.000,0.000,0.000,0.000,30.000,0.000,0.000,0.000,10.063,7.972,31.000,14.265,10.063,7.972,31.000,14.265,10.111,9.111,9.111,15.392,10.111,9.111,9.111,15.392,31.000,4.171,5.171,8.809,31.000,7.636,8.636,17.110,30.000,0.000,0.000,0.000,30.000,0.000,0.000,0.000,6.657,4.556,31.000,10.881,6.657,4.556,31.000,10.881,6.694,5.694,5.694,12.007,6.694,5.694,5.694,12.007,1.139,2.139,2.139,4.371,1.139,6.139,2.139,11.407,0.000,0.000,0.000,0.000,0.000,0.000,0.000,0.000,3.251,4.139,1.139,7.500,3.251,4.139,1.139,7.500,3.278,5.278,2.278,8.625,3.278,5.278,2.278,8.625,
