States
900
Policy
[south, east, south, south, east, east, east, east, east, east, east, east, east, south, south, south, south, south, south, south, west, west, south, south, south, west, west, south, south, south, south, south, south, south, south, east, east, east, east, east, east, south, south, south, south, south, south, south, south, south, south, south, south, south, south, west, south, south, south, south, south, east, south, south, south, east, south, south, south, south, south, east, south, south, south, south, south, south, south, south, south, south, south, south, south, west, south, south, south, south, east, east, east, south, south, east, east, east, east, east, south, east, east, south, south, south, south, south, south, south, south, south, south, south, south, west, west, south, south, south, east, east, east, east, south, east, east, east, east, east, south, east, east, east, south, south, south, south, south, south, west, west, south, south, west, west, west, south, south, south, east, east, east, east, south, east, east, east, east, east, south, south, east, east, south, south, south, south, south, south, west, west, south, south, west, west, south, south, south, south, north, obstacle, south, obstacle, south, west, obstacle, east, south, east, south, south, obstacle, south, south, south, south, south, south, south, west, west, south, south, south, obstacle, south, south, south, south, north, obstacle, east, east, south, obstacle, east, east, south, east, east, east, south, south, south, south, south, south, south, south, obstacle, south, south, south, south, south, south, south, south, south, obstacle, south, obstacle, obstacle, south, south, obstacle, obstacle, south, east, east, east, east, south, south, south, south, south, south, south, south, west, south, south, south, south, south, south, south, south, obstacle, east, south, west, east, east, south, south, west, obstacle, east, east, east, east, south, south, south, west, south, south, south, obstacle, south, south, south, south, south, south, south, south, east, east, south, obstacle, obstacle, obstacle, south, south, west, south, south, obstacle, south, south, south, south, west, west, south, south, south, south, south, south, south, south, south, south, south, south, obstacle, obstacle, south, south, east, south, south, west, obstacle, south, east, south, south, south, south, south, west, west, south, south, south, south, south, south, south, south, west, south, south, south, south, obstacle, south, west, obstacle, south, south, south, obstacle, south, obstacle, south, south, east, south, south, west, obstacle, south, south, south, south, south, south, south, south, south, south, south, south, south, obstacle, south, obstacle, south, east, south, south, south, south, south, south, south, east, south, south, west, south, south, south, south, west, south, south, south, south, south, south, south, south, south, obstacle, south, west, west, east, south, south, west, east, east, south, south, east, south, south, obstacle, south, south, south, south, west, south, south, south, south, south, south, south, south, east, south, south, obstacle, north, obstacle, south, south, west, east, east, south, south, obstacle, east, south, south, south, south, south, south, south, south, south, south, south, south, south, south, south, east, east, south, south, obstacle, south, south, south, obstacle, north, obstacle, south, south, obstacle, south, south, south, south, west, south, south, south, west, south, south, south, south, south, south, south, obstacle, east, south, south, south, west, west, west, south, obstacle, south, south, south, east, south, south, south, south, west, south, south, south, west, south, south, south, south, south, south, south, south, obstacle, south, south, west, west, west, west, west, east, east, east, south, obstacle, south, south, south, south, south, south, south, south, south, south, south, south, south, south, south, south, east, south, south, west, obstacle, north, north, north, west, east, east, east, south, south, south, south, west, west, south, south, south, south, west, south, south, south, south, south, south, south, obstacle, south, south, west, south, obstacle, north, north, north, north, obstacle, obstacle, south, south, south, south, west, west, west, south, west, west, west, south, south, south, south, west, south, south, obstacle, south, south, obstacle, south, south, obstacle, north, obstacle, obstacle, south, south, south, south, west, west, west, west, west, south, west, west, west, south, south, south, south, south, south, south, east, east, south, south, west, west, south, obstacle, east, south, east, south, south, west, west, west, west, west, west, south, west, west, south, south, south, south, south, south, south, south, obstacle, east, south, south, obstacle, obstacle, south, obstacle, obstacle, south, obstacle, south, south, west, west, south, south, west, south, south, south, obstacle, south, south, south, south, south, south, south, south, south, obstacle, south, south, south, obstacle, south, south, south, south, south, south, south, south, obstacle, south, south, obstacle, south, south, south, south, south, south, west, west, west, south, south, south, south, south, south, west, south, south, south, west, west, west, west, west, west, south, south, south, south, south, south, west, west, west, west, west, west, west, west, west, west, south, south, south, south, south, west, south, west, west, west, west, west, west, west, west, west, west, west, west, west, west, west, west, west, west, west, west, west, west, west, west, south, south, south, west, west, west, west, west, west, west, west, west, west, west, west, west, west, west, west, west, west, west, west, west, west, west, west, west, west, west, south, south, west, west, west, west, west, west, west, west, west, west, west, west, west, west, west, west, west, west, west, west, west, west, west, west, west, west, west, west, null, west, west, west, west, west, west, west, west, west, west, west, west, west, west, west, west, west, west, west, west, west, west, west, west, west, west, west, west, west]
Alpha value
0.7
Max number of actions
5
69.447,69.401,70.343,70.343,0.000,68.357,68.361,70.253,69.356,0.000,67.416,67.236,69.227,68.231,0.000,67.157,66.346,68.263,67.469,0.000,65.441,65.761,67.540,66.807,0.000,63.894,64.270,66.264,64.896,0.000,62.746,62.937,64.753,63.730,0.000,61.611,61.776,63.603,62.600,0.000,60.479,60.616,62.474,61.464,0.000,59.353,59.463,61.340,60.334,0.000,58.226,58.313,60.200,59.194,0.000,57.093,57.163,59.069,58.064,0.000,55.957,55.990,57.924,56.929,0.000,54.854,54.809,56.780,55.781,0.000,54.291,53.720,55.650,54.714,0.000,54.869,53.251,54.667,54.260,0.000,55.746,53.951,54.316,54.921,0.000,56.257,54.883,55.033,55.840,0.000,57.187,55.364,55.937,56.339,0.000,58.311,56.347,56.484,57.319,0.000,59.430,57.470,57.469,58.436,0.000,60.263,58.606,58.581,59.557,0.000,60.687,59.363,59.637,60.337,0.000,61.686,59.744,60.416,60.754,0.000,62.781,60.800,60.866,61.783,0.000,63.903,61.963,61.926,62.909,0.000,64.841,63.116,63.051,64.031,0.000,65.737,63.971,64.153,64.947,0.000,66.339,64.870,65.059,65.834,0.000,66.390,65.431,65.894,66.390,0.000,68.410,68.336,69.350,70.257,0.000,67.310,67.301,69.251,69.269,0.000,66.211,66.187,68.179,68.119,0.000,65.594,65.063,67.059,67.193,0.000,64.779,64.461,66.349,66.773,0.000,63.214,63.424,65.911,65.021,0.000,61.874,61.904,64.070,63.653,0.000,60.711,60.734,62.747,62.519,0.000,59.553,59.570,61.587,61.387,0.000,58.399,58.419,60.433,60.250,0.000,57.246,57.257,59.286,59.111,0.000,56.089,56.087,58.119,57.973,0.000,54.909,54.900,56.943,56.819,0.000,53.786,53.716,55.753,55.670,0.000,53.214,52.601,54.597,54.594,0.000,53.797,52.133,53.589,54.169,0.000,54.696,52.851,53.240,54.823,0.000,55.190,53.809,53.983,55.741,0.000,56.123,54.259,54.910,56.234,0.000,57.261,55.244,55.436,57.213,0.000,58.424,56.397,56.423,58.350,0.000,59.229,57.536,57.543,59.467,0.000,59.623,58.297,58.626,60.253,0.000,60.637,58.641,59.386,60.659,0.000,61.770,59.723,59.804,61.697,0.000,62.919,60.889,60.886,62.816,0.000,63.796,62.039,62.046,63.939,0.000,64.703,62.894,63.174,64.851,0.000,65.313,63.804,64.019,65.741,0.000,65.371,64.377,64.866,66.309,0.000,67.351,67.309,68.287,69.230,0.000,66.277,66.279,68.189,68.183,0.000,65.130,65.123,67.114,67.037,0.000,64.306,63.937,66.007,65.963,0.000,63.921,63.181,65.054,65.500,0.000,62.183,62.380,64.627,64.314,0.000,60.827,60.826,63.041,62.773,0.000,59.661,59.659,61.714,61.601,0.000,58.501,58.496,60.547,60.447,0.000,57.344,57.339,59.387,59.297,0.000,56.174,56.169,58.214,58.133,0.000,55.001,55.003,57.027,56.950,0.000,53.816,53.811,55.851,55.763,0.000,52.673,52.619,54.661,54.576,0.000,52.100,51.484,53.500,53.477,0.000,52.691,51.016,52.470,53.050,0.000,53.614,51.749,52.124,53.717,0.000,54.064,52.731,52.897,54.659,0.000,55.024,53.129,53.840,55.130,0.000,56.170,54.143,54.316,56.111,0.000,57.346,55.313,55.330,57.263,0.000,58.159,56.464,56.470,58.424,0.000,58.521,57.229,57.554,59.186,0.000,59.561,57.537,58.316,59.563,0.000,60.696,58.646,58.701,60.619,0.000,61.847,59.813,59.811,61.779,0.000,62.723,60.967,60.973,62.924,0.000,63.637,61.819,62.101,63.774,0.000,64.259,62.737,62.944,64.676,0.000,64.316,63.324,63.801,65.254,0.000,66.324,66.391,67.264,68.173,0.000,65.210,65.266,67.166,67.123,0.000,64.009,64.021,66.083,66.009,0.000,63.031,62.844,64.931,64.854,0.000,62.886,61.913,63.930,64.214,0.000,61.133,61.414,63.351,63.291,0.000,59.754,59.816,61.994,61.720,0.000,58.587,58.609,60.639,60.556,0.000,57.424,57.431,59.476,59.397,0.000,56.266,56.267,58.310,58.221,0.000,55.094,55.077,57.123,57.031,0.000,53.917,53.970,55.940,55.863,0.000,52.727,52.756,54.766,54.676,0.000,51.561,51.530,53.576,53.486,0.000,50.981,50.366,52.409,52.361,0.000,51.583,49.893,51.353,51.931,0.000,52.530,50.647,51.007,52.614,0.000,52.964,51.651,51.806,53.579,0.000,53.926,52.046,52.767,54.020,0.000,55.080,53.046,53.214,55.013,0.000,56.260,54.220,54.233,56.176,0.000,57.097,55.393,55.397,57.346,0.000,57.420,56.167,56.479,58.106,0.000,58.484,56.433,57.239,58.466,0.000,59.619,57.567,57.596,59.543,0.000,60.779,58.759,58.736,60.706,0.000,61.649,59.919,59.897,61.850,0.000,62.570,60.741,61.030,62.701,0.000,63.206,61.667,61.864,63.611,0.000,63.261,62.270,62.733,64.199,0.000,65.364,66.591,66.383,67.197,0.000,64.166,65.439,66.274,66.146,0.000,62.956,63.620,65.099,64.966,0.000,61.787,62.363,63.840,63.733,0.000,61.899,60.569,62.820,62.943,0.000,60.164,61.534,62.120,62.293,0.000,58.749,59.847,61.057,60.699,0.000,57.537,58.003,59.643,59.500,0.000,56.360,56.594,58.427,58.324,0.000,55.183,55.183,57.234,57.133,0.000,54.069,53.990,56.037,55.946,0.000,52.886,53.696,54.884,54.807,0.000,51.673,52.704,53.771,53.627,0.000,50.444,50.481,52.521,52.400,0.000,49.860,49.247,51.317,51.251,0.000,50.484,48.749,50.233,50.786,0.000,51.453,49.547,49.887,51.513,0.000,51.880,50.576,50.706,52.500,0.000,52.824,50.937,51.690,52.914,0.000,53.993,51.943,52.126,53.917,0.000,55.176,53.154,53.131,55.089,0.000,56.027,54.370,54.319,56.260,0.000,56.319,55.106,55.413,57.044,0.000,57.407,55.329,56.173,57.363,0.000,58.566,56.499,56.490,58.469,0.000,59.753,58.377,57.680,59.656,0.000,60.581,59.176,58.850,60.789,0.000,61.503,59.664,59.977,61.629,0.000,62.151,60.600,60.787,62.546,0.000,62.209,61.216,61.666,63.147,0.000,65.626,68.274,66.666,66.439,0.000,64.450,71.464,67.091,65.833,0.000,62.610,65.306,65.326,64.019,0.000,61.313,71.397,64.160,63.457,0.000,61.969,59.170,62.316,61.669,0.000,60.394,62.014,60.711,61.624,0.000,58.844,71.127,61.821,60.386,0.000,56.939,58.281,59.859,58.747,0.000,55.506,55.919,57.973,57.497,0.000,54.094,54.216,56.334,56.049,0.000,53.761,52.899,54.979,54.886,0.000,52.803,52.673,53.831,53.813,0.000,51.689,71.064,54.484,53.606,0.000,49.396,50.271,52.466,51.379,0.000,48.714,48.131,50.264,50.134,0.000,49.389,47.596,49.116,49.639,0.000,50.376,48.450,48.749,50.417,0.000,50.777,49.501,49.609,51.423,0.000,51.721,49.813,50.610,51.816,0.000,52.923,50.840,51.021,52.816,0.000,54.176,53.037,52.070,54.027,0.000,54.996,54.170,53.289,55.207,0.000,55.209,54.057,54.400,55.989,0.000,56.341,54.219,55.117,56.260,0.000,58.171,55.867,55.426,57.433,0.000,59.676,71.003,57.349,59.283,0.000,59.527,58.136,58.444,59.763,0.000,60.451,58.583,59.226,60.566,0.000,61.097,59.536,59.710,61.477,0.000,61.156,60.163,60.601,62.089,0.000,71.776,70.831,68.941,67.429,0.000,70.000,0.000,0.000,0.000,0.000,71.387,64.401,71.387,64.981,0.000,70.000,0.000,0.000,0.000,0.000,62.526,57.757,71.520,61.029,0.000,71.240,71.170,60.910,62.739,0.000,70.000,0.000,0.000,0.000,0.000,56.814,57.596,71.379,59.001,0.000,54.693,54.460,57.929,56.807,0.000,53.131,53.277,55.774,55.167,0.000,52.703,51.773,53.986,53.794,0.000,71.103,51.610,53.696,54.486,0.000,70.000,0.000,0.000,0.000,0.000,49.300,49.211,71.079,51.327,0.000,47.587,47.016,49.990,49.049,0.000,48.287,46.443,48.001,48.491,0.000,49.299,47.356,47.600,49.323,0.000,49.656,48.429,48.511,50.349,0.000,50.629,48.707,49.530,50.717,0.000,52.756,49.737,49.929,51.750,0.000,54.911,71.023,52.017,53.973,0.000,53.999,53.847,53.157,54.216,0.000,54.113,53.011,54.161,54.944,0.000,55.663,53.106,54.091,55.169,0.000,71.003,54.801,55.034,57.051,0.000,70.000,0.000,0.000,0.000,0.000,59.093,57.073,71.003,59.661,0.000,59.389,57.483,58.160,59.487,0.000,60.039,58.469,58.613,60.413,0.000,60.101,59.111,59.537,61.029,0.000,71.530,71.264,71.257,69.503,0.000,70.000,0.000,0.000,0.000,0.000,61.811,71.166,71.353,66.559,0.000,58.813,71.336,64.219,71.336,0.000,71.484,55.576,60.511,59.590,0.000,70.000,0.000,0.000,0.000,0.000,59.644,71.161,71.161,71.161,0.000,55.620,71.319,61.270,58.814,0.000,53.774,53.224,56.500,55.489,0.000,52.050,53.271,54.519,54.221,0.000,50.649,50.780,52.880,52.639,0.000,49.436,49.464,51.547,52.377,0.000,49.309,48.214,51.366,71.081,0.000,47.089,47.027,49.110,49.977,0.000,46.403,45.867,47.913,47.903,0.000,47.193,45.286,46.854,47.346,0.000,48.227,46.263,46.450,48.226,0.000,48.536,47.359,47.417,49.276,0.000,49.494,47.580,48.441,49.591,0.000,71.024,48.603,49.784,51.606,0.000,70.000,0.000,0.000,0.000,0.000,53.866,52.861,71.033,54.939,0.000,52.999,51.921,53.791,53.910,0.000,53.881,51.974,52.984,54.016,0.000,55.009,52.944,53.154,55.630,0.000,56.880,54.089,54.879,71.000,0.000,57.294,55.246,55.279,57.891,0.000,58.297,56.384,56.406,58.369,0.000,58.981,57.400,57.517,59.349,0.000,59.046,58.059,58.470,59.973,0.000,70.000,0.000,0.000,0.000,0.000,71.117,54.551,71.117,71.117,0.000,70.000,0.000,0.000,0.000,0.000,70.000,0.000,0.000,0.000,0.000,53.280,53.263,71.436,57.261,0.000,71.280,50.871,56.327,71.280,0.000,70.000,0.000,0.000,0.000,0.000,70.000,0.000,0.000,0.000,0.000,54.444,51.904,71.329,55.249,0.000,52.109,71.181,54.320,54.153,0.000,49.697,51.897,52.913,51.651,0.000,48.381,49.670,50.591,50.350,0.000,47.129,47.267,49.237,49.086,0.000,45.940,45.936,47.993,47.906,0.000,45.244,44.757,46.821,46.757,0.000,46.097,44.124,45.743,46.199,0.000,47.161,45.169,45.296,47.133,0.000,47.416,46.296,46.326,48.207,0.000,47.391,46.456,47.337,48.434,0.000,49.263,46.370,47.579,49.423,0.000,52.559,48.429,48.756,71.014,0.000,52.783,71.006,50.797,54.587,0.000,51.843,50.791,51.841,52.784,0.000,52.774,50.851,51.873,52.873,0.000,53.909,51.867,52.023,53.839,0.000,55.059,53.013,53.024,54.989,0.000,56.196,54.169,54.171,56.143,0.000,57.229,55.309,55.327,57.271,0.000,57.926,56.334,56.441,58.283,0.000,57.991,57.006,57.407,58.916,0.000,70.000,0.000,0.000,0.000,0.000,51.016,52.121,71.340,56.374,0.000,54.327,48.384,53.233,71.320,0.000,54.461,71.246,52.309,71.246,0.000,51.036,71.246,54.531,55.271,0.000,48.407,71.261,53.097,52.973,0.000,49.037,45.671,50.554,71.377,0.000,51.399,46.691,48.197,71.381,0.000,71.401,50.589,49.289,53.794,0.000,70.000,0.000,0.000,0.000,0.000,50.921,51.410,71.121,51.836,0.000,48.663,71.056,52.729,50.524,0.000,46.180,46.981,49.513,48.181,0.000,44.849,44.857,47.043,46.814,0.000,44.093,43.650,45.731,45.649,0.000,45.001,42.961,44.631,45.043,0.000,46.094,44.074,44.146,46.040,0.000,46.353,45.249,45.234,47.140,0.000,46.226,45.389,46.267,47.306,0.000,48.139,45.203,46.474,47.314,0.000,71.006,47.331,47.573,50.330,0.000,70.000,0.000,0.000,0.000,0.000,51.716,49.700,71.003,52.650,0.000,51.679,49.724,50.784,51.747,0.000,52.824,50.786,50.914,52.747,0.000,53.986,51.936,51.946,53.911,0.000,55.120,53.090,53.096,55.069,0.000,56.166,54.231,54.250,56.199,0.000,56.864,55.271,55.366,57.217,0.000,56.933,55.950,56.343,57.861,0.000,53.657,71.217,56.923,71.217,0.000,49.867,71.201,55.567,53.283,0.000,71.284,47.040,52.001,50.703,0.000,70.000,0.000,0.000,0.000,0.000,70.000,0.000,0.000,0.000,0.000,70.000,0.000,0.000,0.000,0.000,47.880,44.447,71.350,47.950,0.000,49.023,45.641,45.673,47.643,0.000,52.090,71.194,48.317,51.580,0.000,51.400,49.871,50.787,71.256,0.000,71.160,49.157,52.036,53.001,0.000,70.000,0.000,0.000,0.000,0.000,46.240,45.761,71.087,48.359,0.000,43.784,43.757,46.673,45.833,0.000,42.921,42.547,44.630,44.534,0.000,43.901,41.797,43.526,43.884,0.000,45.046,43.001,42.983,44.951,0.000,45.333,45.446,44.184,46.124,0.000,45.063,44.323,45.214,46.239,0.000,46.001,44.033,45.371,46.117,0.000,47.179,45.091,45.259,48.100,0.000,49.461,46.279,47.434,71.000,0.000,49.484,47.469,47.511,50.456,0.000,50.546,48.596,48.664,50.584,0.000,51.731,49.696,49.793,51.651,0.000,52.906,50.857,50.867,52.831,0.000,54.047,52.013,52.016,53.991,0.000,55.103,53.154,53.169,55.129,0.000,55.809,54.206,54.290,56.156,0.000,55.876,54.897,55.280,56.801,0.000,70.000,0.000,0.000,0.000,0.000,70.000,0.000,0.000,0.000,0.000,49.279,44.297,71.243,49.300,0.000,50.597,46.994,47.074,71.264,0.000,48.377,71.206,50.803,71.206,0.000,44.591,44.306,50.269,71.323,0.000,45.377,41.676,45.217,45.331,0.000,71.326,45.317,44.494,47.776,0.000,70.000,0.000,0.000,0.000,0.000,49.146,48.803,71.184,51.843,0.000,46.743,71.114,50.884,51.191,0.000,45.787,43.987,48.816,71.143,0.000,43.933,43.246,44.979,46.507,0.000,42.644,42.636,44.297,44.696,0.000,41.760,41.460,43.500,43.437,0.000,42.830,40.629,42.436,42.724,0.000,45.243,43.187,41.911,43.946,0.000,45.614,71.020,44.473,46.416,0.000,44.000,43.256,45.367,45.216,0.000,44.910,42.901,44.304,44.951,0.000,46.049,44.004,44.090,45.966,0.000,47.233,45.187,45.191,47.153,0.000,48.359,46.376,46.380,48.336,0.000,49.453,47.504,47.569,49.456,0.000,50.634,48.603,48.701,50.554,0.000,51.827,49.780,49.791,51.743,0.000,52.976,50.940,50.940,52.913,0.000,54.037,52.081,52.093,54.053,0.000,54.757,53.136,53.217,55.094,0.000,54.824,53.843,54.213,55.746,0.000,71.136,39.646,43.934,71.136,0.000,70.000,0.000,0.000,0.000,0.000,48.126,41.417,71.201,46.727,0.000,71.153,71.060,45.903,50.716,0.000,70.000,0.000,0.000,0.000,0.000,43.184,43.097,71.300,46.547,0.000,43.659,40.409,44.011,42.757,0.000,71.300,42.730,43.190,46.714,0.000,70.000,0.000,0.000,0.000,0.000,71.111,46.491,71.111,52.011,0.000,70.000,0.000,0.000,0.000,0.000,44.587,42.814,71.123,46.213,0.000,42.809,42.086,43.770,44.139,0.000,41.563,41.604,43.119,43.574,0.000,40.603,40.380,42.457,42.359,0.000,42.930,39.456,41.394,41.606,0.000,71.030,43.486,42.140,44.254,0.000,70.000,0.000,0.000,0.000,0.000,44.144,42.149,71.006,45.457,0.000,43.821,41.766,43.193,43.826,0.000,44.959,42.911,42.959,44.877,0.000,46.144,44.099,44.101,46.059,0.000,47.269,45.286,45.290,47.249,0.000,48.366,46.413,46.480,48.370,0.000,49.541,47.511,47.607,49.463,0.000,50.737,48.699,48.710,50.646,0.000,51.900,49.864,49.866,51.833,0.000,52.969,51.006,51.019,52.981,0.000,53.704,52.069,52.143,54.026,0.000,53.771,52.791,53.144,54.694,0.000,71.186,36.776,39.546,42.087,0.000,70.000,0.000,0.000,0.000,0.000,71.107,38.307,71.107,45.504,0.000,70.000,0.000,0.000,0.000,0.000,44.801,42.884,71.163,71.163,0.000,40.494,41.970,43.733,44.033,0.000,41.039,39.223,41.444,41.350,0.000,42.453,40.074,40.354,43.559,0.000,45.181,41.456,42.901,71.234,0.000,42.621,42.610,42.904,47.166,0.000,42.850,41.344,44.919,71.120,0.000,41.956,40.209,42.353,43.627,0.000,41.729,40.919,41.300,42.943,0.000,40.531,41.964,42.021,42.577,0.000,39.394,39.294,41.421,41.276,0.000,41.827,38.240,40.303,40.443,0.000,42.484,71.009,41.049,44.374,0.000,42.124,39.946,43.420,71.014,0.000,41.600,39.561,41.023,42.943,0.000,42.684,40.629,40.747,42.649,0.000,43.870,41.816,41.820,43.787,0.000,45.056,43.007,43.007,44.969,0.000,46.180,44.197,44.201,46.157,0.000,47.279,45.326,45.389,47.281,0.000,48.456,46.421,46.516,48.373,0.000,49.644,47.607,47.621,49.554,0.000,50.821,48.789,48.793,50.747,0.000,51.903,49.931,49.947,51.906,0.000,52.653,51.004,51.069,52.960,0.000,52.721,51.743,52.083,53.646,0.000,71.166,33.714,36.619,39.260,0.000,70.000,0.000,0.000,0.000,0.000,41.086,33.376,71.147,40.846,0.000,44.317,71.116,38.563,71.116,0.000,42.187,46.824,40.140,43.800,0.000,41.004,71.146,42.809,43.110,0.000,40.009,38.071,41.696,40.157,0.000,41.189,39.057,39.230,40.993,0.000,42.821,42.001,40.313,42.539,0.000,41.510,43.141,41.661,43.633,0.000,40.274,41.753,42.453,42.289,0.000,40.793,39.053,41.226,41.164,0.000,42.043,39.789,40.221,41.837,0.000,40.996,71.033,42.439,43.017,0.000,38.227,38.211,41.700,40.240,0.000,71.013,37.017,40.703,40.717,0.000,70.000,0.000,0.000,0.000,0.000,40.964,38.846,71.003,42.290,0.000,40.463,38.423,39.874,40.493,0.000,41.593,39.540,39.610,41.513,0.000,42.780,40.724,40.730,42.696,0.000,43.967,41.917,41.916,43.880,0.000,45.093,43.106,43.109,45.067,0.000,46.183,44.236,44.300,46.197,0.000,47.367,45.327,45.427,47.286,0.000,48.551,46.513,46.526,48.466,0.000,49.734,47.706,47.713,49.656,0.000,50.837,48.859,48.873,50.827,0.000,51.603,49.939,49.996,51.896,0.000,51.673,50.694,51.019,52.600,0.000,30.504,32.346,31.631,34.407,0.000,33.027,29.200,33.467,71.130,0.000,71.121,29.947,32.353,36.013,0.000,70.000,0.000,0.000,0.000,0.000,71.064,71.000,71.064,46.226,0.000,70.000,0.000,0.000,0.000,0.000,40.611,36.779,71.216,40.667,0.000,41.671,37.960,38.083,39.953,0.000,44.717,71.117,41.003,43.019,0.000,42.160,48.320,42.456,42.844,0.000,40.791,71.067,44.444,42.833,0.000,39.666,37.899,41.573,40.064,0.000,71.070,38.634,40.583,42.196,0.000,70.000,0.000,0.000,0.000,0.000,37.077,38.131,71.016,40.641,0.000,36.033,34.129,37.874,37.850,0.000,38.647,34.934,36.960,71.000,0.000,38.219,36.101,36.166,39.583,0.000,39.327,37.283,37.286,39.309,0.000,40.507,38.453,38.471,40.423,0.000,41.690,39.637,39.641,41.606,0.000,42.880,40.826,40.827,42.793,0.000,44.009,42.016,42.016,43.979,0.000,45.093,43.147,43.210,45.107,0.000,46.277,44.234,44.339,46.194,0.000,47.461,45.421,45.431,47.376,0.000,48.644,46.614,46.620,48.564,0.000,49.764,47.787,47.799,49.740,0.000,50.554,48.873,48.926,50.829,0.000,50.626,49.646,49.954,51.553,0.000,31.446,71.084,34.376,33.510,0.000,28.034,31.903,32.226,30.283,0.000,30.467,26.594,29.083,30.724,0.000,71.066,29.659,32.079,71.066,0.000,70.000,0.000,0.000,0.000,0.000,38.451,34.390,71.109,71.109,0.000,37.576,33.663,35.510,37.613,0.000,71.203,36.744,36.781,40.434,0.000,70.000,0.000,0.000,0.000,0.000,71.044,71.000,71.044,47.614,0.000,70.000,0.000,0.000,0.000,0.000,38.571,36.694,71.057,40.407,0.000,71.054,35.799,39.374,41.057,0.000,70.000,0.000,0.000,0.000,0.000,35.869,35.430,71.010,39.504,0.000,34.861,32.910,36.241,35.137,0.000,35.906,33.846,34.080,35.833,0.000,37.080,35.016,35.026,36.999,0.000,38.241,36.199,36.197,38.177,0.000,39.421,37.364,37.383,39.336,0.000,40.603,38.549,38.551,40.519,0.000,41.789,39.737,39.739,41.706,0.000,42.919,40.927,40.926,42.891,0.000,44.003,42.057,42.116,44.017,0.000,45.184,43.143,43.247,45.106,0.000,46.373,44.331,44.339,46.283,0.000,47.556,45.523,45.526,47.473,0.000,48.690,46.706,46.720,48.656,0.000,49.506,47.809,47.854,49.757,0.000,49.577,48.600,48.891,50.504,0.000,70.000,0.000,0.000,0.000,0.000,31.026,71.024,71.066,33.281,0.000,27.506,25.306,31.504,27.674,0.000,30.637,26.397,26.661,30.394,0.000,34.020,29.913,29.914,71.111,0.000,33.354,31.450,31.214,35.029,0.000,34.657,32.781,32.454,34.530,0.000,38.083,34.144,33.807,37.547,0.000,71.120,37.347,38.657,71.120,0.000,70.000,0.000,0.000,0.000,0.000,38.446,36.870,71.033,71.033,0.000,34.060,33.803,37.654,37.490,0.000,38.040,32.797,34.937,36.683,0.000,37.283,71.014,37.539,71.014,0.000,33.014,32.570,37.844,36.259,0.000,33.716,31.711,33.544,33.873,0.000,34.823,32.760,32.883,34.746,0.000,35.996,33.931,33.936,35.914,0.000,37.156,35.116,35.113,37.093,0.000,38.337,36.279,36.299,38.251,0.000,39.520,37.463,37.463,39.433,0.000,40.701,38.649,38.651,40.617,0.000,41.829,39.841,39.840,41.801,0.000,42.911,40.966,41.030,42.929,0.000,44.091,42.050,42.156,44.014,0.000,45.281,43.237,43.247,45.196,0.000,46.464,44.431,44.434,46.383,0.000,47.607,45.616,45.627,47.564,0.000,48.461,46.741,46.784,48.686,0.000,48.531,47.554,47.827,49.457,0.000,71.061,30.869,35.920,71.061,0.000,70.000,0.000,0.000,0.000,0.000,28.384,23.944,71.069,28.471,0.000,29.530,25.206,25.233,27.360,0.000,33.251,71.067,28.894,32.913,0.000,32.737,36.291,30.366,32.324,0.000,33.929,34.120,31.697,33.387,0.000,35.379,35.141,33.011,34.776,0.000,38.244,36.540,34.471,38.219,0.000,37.051,37.220,37.506,71.100,0.000,34.054,35.860,37.847,37.719,0.000,32.664,32.784,34.949,34.713,0.000,71.029,31.494,35.430,35.549,0.000,70.000,0.000,0.000,0.000,0.000,33.489,31.353,71.003,35.243,0.000,32.636,30.569,32.336,32.677,0.000,33.744,31.679,31.737,33.661,0.000,34.919,32.851,32.851,34.831,0.000,36.071,34.031,34.033,36.011,0.000,37.253,35.194,35.214,37.167,0.000,38.433,36.377,36.377,38.347,0.000,39.617,37.560,37.563,39.531,0.000,40.739,38.751,38.753,40.717,0.000,41.824,39.876,39.941,41.839,0.000,43.007,40.961,41.066,42.923,0.000,44.193,42.147,42.154,44.107,0.000,45.376,43.340,43.346,45.293,0.000,46.527,44.527,44.536,46.474,0.000,47.409,45.669,45.707,47.604,0.000,47.486,46.510,46.763,48.413,0.000,27.459,71.049,30.763,33.667,0.000,24.093,23.717,30.333,71.060,0.000,24.886,20.277,24.589,24.809,0.000,71.060,26.217,24.026,28.326,0.000,70.000,0.000,0.000,0.000,0.000,38.037,71.060,71.097,35.649,0.000,35.346,38.989,36.594,33.190,0.000,36.364,36.684,34.379,34.180,0.000,37.456,39.404,35.473,35.724,0.000,36.241,41.623,36.853,38.180,0.000,34.856,71.030,38.764,36.889,0.000,31.707,71.017,37.367,35.493,0.000,28.531,28.309,32.451,32.261,0.000,31.251,27.237,31.290,71.003,0.000,30.397,28.260,28.460,32.081,0.000,31.494,29.430,29.431,31.474,0.000,32.666,30.601,30.599,32.584,0.000,33.840,31.773,31.771,33.751,0.000,34.990,32.950,32.950,34.930,0.000,36.170,34.110,34.133,36.084,0.000,37.349,35.291,35.294,37.263,0.000,38.534,36.474,36.474,38.444,0.000,39.650,37.664,37.663,39.633,0.000,40.733,38.787,38.854,40.749,0.000,41.916,39.871,39.976,41.831,0.000,43.101,41.056,41.061,43.020,0.000,44.290,42.247,42.250,44.206,0.000,45.446,43.439,43.441,45.387,0.000,46.356,44.591,44.623,46.527,0.000,46.441,45.467,45.691,47.360,0.000,70.000,0.000,0.000,0.000,0.000,22.630,22.627,71.044,26.809,0.000,23.663,18.906,23.413,21.377,0.000,29.111,71.031,22.893,27.311,0.000,71.030,26.160,28.693,71.030,0.000,70.000,0.000,0.000,0.000,0.000,40.340,71.076,71.129,38.166,0.000,39.571,42.957,39.193,35.733,0.000,43.310,71.100,38.781,38.567,0.000,71.099,71.076,42.951,40.869,0.000,70.000,0.000,0.000,0.000,0.000,70.000,0.000,0.000,0.000,0.000,29.233,27.143,71.003,31.174,0.000,28.163,26.093,28.106,28.207,0.000,29.259,27.186,27.254,29.181,0.000,30.421,28.351,28.353,30.343,0.000,31.590,29.526,29.523,31.504,0.000,32.761,30.700,30.696,32.674,0.000,33.907,31.880,31.869,33.850,0.000,35.087,33.023,33.049,35.004,0.000,36.264,34.209,34.206,36.179,0.000,37.451,35.451,35.390,37.363,0.000,38.570,36.686,36.577,38.547,0.000,39.644,37.699,37.769,39.661,0.000,40.829,38.781,38.889,40.740,0.000,42.013,39.967,39.973,41.926,0.000,43.201,41.156,41.160,43.117,0.000,44.366,42.349,42.347,44.301,0.000,45.306,43.511,43.534,45.447,0.000,45.401,44.427,44.626,46.309,0.000,70.000,0.000,0.000,0.000,0.000,21.233,19.070,71.033,25.681,0.000,71.027,17.527,22.421,22.316,0.000,70.000,0.000,0.000,0.000,0.000,29.400,22.727,71.049,29.244,0.000,71.029,26.396,28.569,71.029,0.000,70.000,0.000,0.000,0.000,0.000,71.076,71.000,71.076,42.190,0.000,70.000,0.000,0.000,0.000,0.000,70.000,0.000,0.000,0.000,0.000,30.541,30.404,71.010,71.010,0.000,27.259,25.007,33.017,71.014,0.000,25.939,23.803,26.033,27.877,0.000,27.009,24.937,25.010,26.969,0.000,28.184,26.180,26.113,28.106,0.000,29.350,27.411,27.276,29.271,0.000,30.519,28.643,28.447,30.437,0.000,31.694,29.944,29.621,31.603,0.000,32.830,31.171,30.800,32.771,0.000,34.006,31.939,31.977,33.923,0.000,35.247,33.236,33.121,35.100,0.000,36.533,36.200,34.370,36.334,0.000,37.537,36.987,35.607,37.514,0.000,38.560,36.610,36.783,38.577,0.000,39.741,37.690,37.800,39.656,0.000,40.927,38.879,38.883,40.834,0.000,42.114,40.069,40.073,42.027,0.000,43.286,41.260,41.261,43.213,0.000,44.256,42.431,42.447,44.369,0.000,44.361,43.381,43.553,45.263,0.000,21.887,71.019,27.551,71.019,0.000,15.301,20.087,22.464,20.063,0.000,15.654,13.596,16.317,18.221,0.000,22.131,14.579,17.510,71.016,0.000,26.106,71.017,18.906,25.860,0.000,28.526,71.019,22.987,29.397,0.000,71.019,25.363,28.740,71.019,0.000,70.000,0.000,0.000,0.000,0.000,32.143,71.006,71.006,71.006,0.000,30.530,24.254,34.753,71.023,0.000,27.320,71.009,27.833,33.066,0.000,23.844,23.741,27.907,25.926,0.000,24.761,22.619,24.727,24.740,0.000,25.976,23.903,23.837,25.800,0.000,27.313,27.283,25.106,27.089,0.000,28.534,28.171,26.339,28.263,0.000,29.826,29.286,27.569,29.427,0.000,31.111,32.297,28.867,30.661,0.000,31.813,31.476,30.097,31.766,0.000,33.036,30.861,31.219,32.840,0.000,35.953,33.653,32.153,34.133,0.000,38.520,71.003,35.230,37.111,0.000,36.510,36.013,36.263,36.597,0.000,37.521,35.521,37.031,37.544,0.000,38.653,36.599,36.710,38.569,0.000,39.840,37.789,37.789,39.749,0.000,41.027,38.980,38.983,40.937,0.000,42.204,40.173,40.173,42.130,0.000,43.206,41.351,41.356,43.291,0.000,43.314,42.336,42.477,44.217,0.000,70.000,0.000,0.000,0.000,0.000,19.160,71.003,71.011,21.619,0.000,14.540,12.387,19.510,14.717,0.000,71.006,13.380,16.186,18.121,0.000,70.000,0.000,0.000,0.000,0.000,70.000,0.000,0.000,0.000,0.000,71.013,21.936,71.013,30.661,0.000,70.000,0.000,0.000,0.000,0.000,70.000,0.000,0.000,0.000,0.000,71.006,22.719,71.006,29.621,0.000,70.000,0.000,0.000,0.000,0.000,24.791,22.536,71.003,26.794,0.000,23.720,21.439,23.530,23.559,0.000,27.019,24.741,22.800,24.839,0.000,30.139,71.003,26.350,28.294,0.000,29.186,27.233,27.431,27.457,0.000,32.119,28.337,28.389,28.740,0.000,33.341,71.006,31.474,31.937,0.000,30.860,30.517,32.323,31.130,0.000,33.406,29.777,31.559,31.877,0.000,71.000,32.627,32.809,34.883,0.000,70.000,0.000,0.000,0.000,0.000,37.103,34.977,71.003,38.527,0.000,36.437,34.377,35.991,36.456,0.000,37.563,35.510,35.566,37.477,0.000,38.754,36.700,36.700,38.661,0.000,39.943,37.890,37.890,39.849,0.000,41.120,39.084,39.086,41.040,0.000,42.157,40.270,40.274,42.211,0.000,42.267,41.290,41.393,43.170,0.000,71.001,8.870,15.660,71.001,0.000,70.000,0.000,0.000,0.000,0.000,13.343,11.003,71.003,15.964,0.000,14.063,9.401,12.117,14.227,0.000,71.000,13.223,16.176,71.000,0.000,70.000,0.000,0.000,0.000,0.000,18.043,15.659,71.006,24.817,0.000,18.906,14.186,19.239,71.001,0.000,19.974,15.319,17.967,71.000,0.000,18.780,16.534,16.693,23.074,0.000,22.291,17.754,20.210,71.000,0.000,21.194,18.976,19.049,23.184,0.000,24.344,20.261,20.266,22.377,0.000,71.000,23.706,23.771,25.947,0.000,70.000,0.000,0.000,0.000,0.000,30.171,26.157,71.004,30.207,0.000,71.004,27.190,29.301,31.221,0.000,70.000,0.000,0.000,0.000,0.000,31.580,29.440,71.003,33.280,0.000,30.640,28.571,30.420,30.739,0.000,31.807,29.686,29.806,33.349,0.000,34.769,30.866,32.726,71.000,0.000,34.167,32.047,32.104,35.696,0.000,35.293,33.231,33.233,35.259,0.000,36.476,34.423,34.421,36.387,0.000,37.664,35.614,35.613,37.574,0.000,38.857,36.806,36.801,38.760,0.000,40.039,37.994,37.994,39.953,0.000,41.113,39.186,39.187,41.130,0.000,41.221,40.247,40.317,42.123,0.000,6.753,4.627,5.810,9.547,0.000,10.839,5.693,8.830,71.000,0.000,9.146,6.907,7.003,11.674,0.000,10.264,8.126,8.123,10.337,0.000,11.557,9.343,9.427,13.894,0.000,15.457,10.560,13.340,71.000,0.000,13.974,11.777,11.864,16.311,0.000,15.101,13.000,12.997,15.086,0.000,16.313,14.219,14.216,16.214,0.000,17.527,15.440,15.433,17.423,0.000,18.737,16.660,16.654,18.639,0.000,19.951,17.877,17.873,19.850,0.000,21.170,19.096,19.091,21.131,0.000,22.456,20.316,20.384,24.359,0.000,25.893,21.537,23.827,71.000,0.000,24.887,22.750,22.817,26.860,0.000,26.060,23.916,23.986,27.911,0.000,29.257,25.087,27.213,71.000,0.000,28.386,26.259,26.324,30.151,0.000,29.497,27.431,27.426,29.477,0.000,30.669,28.606,28.601,30.586,0.000,31.843,29.784,29.783,31.763,0.000,33.023,30.971,30.964,32.936,0.000,34.207,32.154,32.147,34.119,0.000,35.393,33.343,33.333,35.304,0.000,36.579,34.537,34.526,36.490,0.000,37.769,35.727,35.717,37.674,0.000,38.956,36.920,36.906,38.864,0.000,40.069,38.113,38.097,40.054,0.000,40.179,39.206,39.233,41.081,0.000,5.556,3.474,4.566,5.596,0.000,6.751,4.586,4.683,6.656,0.000,7.959,5.804,5.806,7.853,0.000,9.167,7.021,7.023,9.061,0.000,10.373,8.243,8.241,10.276,0.000,11.584,9.460,9.460,11.481,0.000,12.796,10.681,10.679,12.690,0.000,14.007,11.901,11.899,13.903,0.000,15.220,13.126,13.117,15.114,0.000,16.434,14.346,14.336,16.326,0.000,17.643,15.567,15.560,17.540,0.000,18.857,16.789,16.779,18.754,0.000,20.074,18.013,17.996,19.964,0.000,21.289,19.233,19.216,21.183,0.000,22.501,20.450,20.439,22.401,0.000,23.721,21.676,21.654,23.616,0.000,24.920,22.861,22.841,24.830,0.000,26.083,24.029,24.009,26.003,0.000,27.250,25.197,25.181,27.166,0.000,28.420,26.371,26.354,28.331,0.000,29.594,27.550,27.526,29.504,0.000,30.767,28.730,28.703,30.683,0.000,31.949,29.919,29.887,31.859,0.000,33.131,31.107,31.071,33.039,0.000,34.319,32.296,32.257,34.221,0.000,35.506,33.489,33.447,35.409,0.000,36.694,34.687,34.640,36.596,0.000,37.886,35.883,35.831,37.779,0.000,39.026,37.079,37.027,38.970,0.000,39.141,38.180,38.166,40.043,0.000,4.457,2.321,3.417,4.447,0.000,5.656,3.483,3.531,5.553,0.000,6.861,4.703,4.703,6.760,0.000,8.070,5.926,5.921,7.969,0.000,9.280,7.150,7.140,9.176,0.000,10.490,8.376,8.360,10.387,0.000,11.701,9.601,9.580,11.594,0.000,12.916,10.831,10.803,12.807,0.000,14.129,12.060,12.023,14.020,0.000,15.347,13.290,13.243,15.233,0.000,16.556,14.521,14.466,16.450,0.000,17.777,15.751,15.689,17.664,0.000,18.994,16.986,16.910,18.874,0.000,20.206,18.219,18.134,20.091,0.000,21.426,19.451,19.357,21.306,0.000,22.650,20.663,20.574,22.519,0.000,23.854,21.866,21.779,23.737,0.000,25.026,23.040,22.954,24.934,0.000,26.194,24.220,24.124,26.099,0.000,27.370,25.403,25.296,27.261,0.000,28.546,26.591,26.471,28.434,0.000,29.723,27.779,27.651,29.606,0.000,30.906,28.974,28.837,30.789,0.000,32.089,30.171,30.024,31.970,0.000,33.280,31.377,31.211,33.150,0.000,34.467,32.581,32.406,34.340,0.000,35.663,33.791,33.601,35.527,0.000,36.860,35.003,34.799,36.717,0.000,38.006,36.209,35.997,37.903,0.000,38.121,37.313,37.141,39.004,0.000,3.354,1.164,2.267,3.301,0.000,4.561,2.380,2.383,4.457,0.000,5.771,3.650,3.601,5.666,0.000,6.984,4.923,4.826,6.871,0.000,8.200,6.193,6.050,8.080,0.000,9.417,7.463,7.276,9.294,0.000,10.639,8.727,8.503,10.507,0.000,11.857,9.990,9.730,11.720,0.000,13.081,11.254,10.961,12.934,0.000,14.304,12.517,12.190,14.147,0.000,15.531,13.781,13.421,15.366,0.000,16.756,15.043,14.657,16.586,0.000,17.986,16.269,15.890,17.806,0.000,19.217,17.484,17.123,19.021,0.000,20.444,18.709,18.359,20.234,0.000,21.670,19.933,19.584,21.457,0.000,22.870,21.129,20.786,22.679,0.000,24.056,22.327,21.970,23.883,0.000,25.233,23.531,23.150,25.050,0.000,26.416,24.737,24.331,26.224,0.000,27.600,25.947,25.520,27.397,0.000,28.789,27.160,26.709,28.571,0.000,29.980,28.377,27.901,29.753,0.000,31.181,29.594,29.099,30.937,0.000,32.379,30.820,30.303,32.124,0.000,33.584,32.030,31.509,33.316,0.000,34.790,33.230,32.717,34.511,0.000,35.997,34.434,33.926,35.707,0.000,37.150,35.636,35.134,36.901,0.000,37.269,36.737,36.289,38.006,0.000,0.000,0.000,0.000,0.000,0.000,3.517,2.327,1.277,3.366,0.000,4.774,3.596,2.553,4.580,0.000,6.036,4.864,3.827,5.799,0.000,7.296,6.134,5.101,7.016,0.000,8.554,7.403,6.373,8.236,0.000,9.813,8.669,7.641,9.461,0.000,11.069,9.934,8.909,10.687,0.000,12.329,11.197,10.174,11.910,0.000,13.581,12.461,11.440,13.136,0.000,14.841,13.719,12.703,14.367,0.000,16.091,14.981,13.969,15.597,0.000,17.314,16.213,15.204,16.830,0.000,18.536,17.431,16.423,18.064,0.000,19.754,18.656,17.647,19.296,0.000,20.979,19.880,18.873,20.529,0.000,22.179,21.091,20.079,21.730,0.000,23.379,22.290,21.277,22.934,0.000,24.580,23.493,22.480,24.116,0.000,25.783,24.697,23.686,25.296,0.000,26.996,25.906,24.896,26.481,0.000,28.203,27.120,26.110,27.667,0.000,29.419,28.336,27.327,28.859,0.000,30.637,29.556,28.544,30.059,0.000,31.860,30.780,29.769,31.257,0.000,33.070,31.990,30.983,32.463,0.000,34.270,33.191,32.186,33.671,0.000,35.469,34.393,33.387,34.881,0.000,36.616,35.594,34.590,36.086,0.000,36.719,36.700,35.737,37.196,0.000,
