States
893
Policy
[south, south, west, west, west, south, south, south, south, south, south, south, south, south, south, south, south, south, south, south, south, south, south, south, west, west, west, west, west, south, south, south, south, west, south, south, south, south, south, south, south, south, south, south, south, south, south, south, south, south, south, south, south, south, south, west, west, west, south, south, south, south, south, south, south, south, south, south, south, south, south, south, south, south, south, south, south, south, south, south, south, south, south, south, south, south, south, south, south, south, south, south, south, west, west, south, south, south, south, south, south, south, south, south, south, south, south, south, south, south, south, south, south, south, south, south, south, south, south, south, south, south, west, west, west, west, south, south, south, south, south, south, south, south, south, south, south, south, south, south, south, south, south, south, south, south, south, south, south, south, south, south, west, west, west, west, south, south, south, south, south, south, south, south, south, south, south, south, south, south, south, south, south, south, south, south, south, south, south, south, south, west, west, obstacle, west, south, south, south, south, south, south, south, south, south, south, south, south, south, south, south, south, south, south, south, south, south, south, south, south, south, south, south, obstacle, obstacle, south, south, obstacle, west, west, east, obstacle, south, south, south, south, south, south, south, south, south, south, south, south, south, south, south, south, south, south, south, south, south, west, west, obstacle, obstacle, obstacle, west, south, east, east, obstacle, south, west, west, south, south, south, south, south, south, south, south, south, south, west, west, west, south, south, south, west, west, obstacle, obstacle, south, south, south, east, obstacle, east, obstacle, west, west, south, south, south, south, south, south, south, south, south, west, west, west, west, west, south, south, south, obstacle, obstacle, south, west, obstacle, east, obstacle, west, north, south, south, south, south, south, south, south, south, south, south, west, west, west, west, west, west, west, south, south, west, obstacle, obstacle, south, south, obstacle, south, south, north, north, east, south, east, obstacle, west, east, obstacle, west, east, south, west, west, west, west, west, west, west, west, south, south, west, obstacle, east, south, south, south, west, south, south, south, east, obstacle, west, south, west, north, north, north, east, obstacle, west, west, west, west, west, west, west, west, south, west, west, obstacle, obstacle, south, south, west, west, south, obstacle, south, south, north, east, obstacle, west, west, north, north, north, north, west, west, west, west, west, west, west, west, south, south, obstacle, south, south, west, west, west, obstacle, south, south, south, south, west, north, north, west, west, north, south, south, north, west, west, west, west, west, west, west, west, south, south, west, west, west, west, west, west, south, south, south, south, south, south, west, north, west, west, east, east, south, west, west, west, west, west, west, west, west, west, south, west, west, obstacle, north, obstacle, north, east, south, south, south, south, south, west, west, west, south, south, east, east, obstacle, west, west, west, west, west, west, west, west, west, south, south, obstacle, obstacle, north, west, obstacle, east, south, south, south, south, south, south, obstacle, south, south, south, east, north, north, north, west, west, west, west, west, west, west, west, south, south, west, west, obstacle, obstacle, obstacle, south, south, west, south, south, west, west, south, south, south, west, north, north, north, west, south, south, west, west, west, west, west, south, west, west, obstacle, obstacle, obstacle, south, west, west, west, south, south, south, obstacle, south, south, south, west, west, north, north, south, south, south, south, west, west, west, south, south, south, obstacle, obstacle, east, south, south, west, west, obstacle, south, south, south, south, south, west, west, west, west, west, south, south, south, south, south, west, west, west, south, south, south, west, obstacle, obstacle, south, south, obstacle, obstacle, south, south, south, south, south, west, west, west, west, south, south, south, south, south, south, west, west, west, west, south, south, west, west, west, obstacle, obstacle, south, south, west, west, south, south, south, south, south, west, west, west, south, south, south, south, south, south, west, west, west, west, west, west, south, south, obstacle, obstacle, obstacle, south, south, south, obstacle, east, south, south, south, south, south, south, south, obstacle, south, south, south, south, east, obstacle, west, west, west, west, west, west, south, south, south, obstacle, obstacle, south, south, south, south, obstacle, south, south, south, south, west, south, south, south, south, south, west, west, west, north, west, west, west, west, west, west, south, south, south, south, south, south, south, south, south, south, south, south, west, west, west, west, west, west, west, west, west, west, west, west, west, west, west, west, west, west, south, south, south, west, west, west, west, west, west, west, west, west, west, west, west, west, west, west, west, west, west, west, west, west, west, west, west, west, west, west, south, south, west, west, west, west, west, west, west, west, west, west, west, west, west, west, west, west, west, west, west, west, west, west, west, west, west, west, west, west, south, south, west, west, west, west, west, west, west, west, west, west, west, west, west, west, west, west, west, west, west, west, west, west, west, west, west, west, west, west, null, west, west, west, west, west, west, west, west, west, west, west, west, west, west, west, west, west, west, west, west, west, west, west, west, west, west, west, west, west]
Alpha value
1.0
Max number of actions
5
34.141,32.314,33.309,33.309,0.000,35.208,33.274,33.411,34.243,0.000,36.319,34.408,34.387,35.353,0.000,37.434,35.557,35.502,36.469,0.000,38.502,36.697,36.616,37.582,0.000,38.710,37.678,37.692,38.611,0.000,39.532,37.791,38.681,38.779,0.000,40.234,38.660,38.866,39.619,0.000,39.706,39.370,39.674,40.289,0.000,39.004,38.696,40.242,39.658,0.000,39.548,37.942,39.606,38.952,0.000,40.502,38.629,39.009,39.605,0.000,41.584,39.664,39.734,40.631,0.000,42.533,40.764,40.770,41.723,0.000,42.966,41.698,41.835,42.645,0.000,43.558,42.069,42.719,43.041,0.000,43.650,42.666,43.095,43.612,0.000,43.368,42.710,43.624,43.662,0.000,43.886,42.371,43.659,43.366,0.000,44.433,42.972,43.415,43.936,0.000,44.412,43.546,43.992,44.489,0.000,45.081,43.457,44.525,44.447,0.000,46.091,44.188,44.530,45.163,0.000,47.190,45.259,45.296,46.225,0.000,48.304,46.400,46.373,47.338,0.000,49.421,47.549,47.488,48.454,0.000,50.538,48.696,48.604,49.571,0.000,51.646,49.840,49.720,50.687,0.000,52.611,50.944,50.830,51.788,0.000,52.708,51.781,51.885,52.708,0.000,33.098,31.209,32.241,33.200,0.000,34.191,32.197,32.345,34.135,0.000,35.336,33.338,33.349,35.247,0.000,36.479,34.491,34.489,36.365,0.000,37.498,35.633,35.635,37.478,0.000,37.654,36.640,36.736,38.507,0.000,38.502,36.693,37.675,38.673,0.000,39.242,37.594,37.808,39.513,0.000,38.675,38.348,38.645,40.184,0.000,37.924,37.628,39.249,39.551,0.000,38.499,36.819,38.571,38.843,0.000,39.462,37.545,37.926,39.495,0.000,40.553,38.590,38.687,40.523,0.000,41.515,39.699,39.733,41.617,0.000,41.924,40.647,40.805,42.538,0.000,42.540,40.990,41.702,42.934,0.000,42.627,41.614,42.053,43.506,0.000,42.303,41.652,42.605,43.554,0.000,42.851,41.266,42.634,43.258,0.000,43.418,41.902,42.350,43.828,0.000,43.351,42.499,42.957,44.382,0.000,44.034,42.356,43.509,44.340,0.000,45.053,43.104,43.467,45.054,0.000,46.180,44.186,44.250,46.118,0.000,47.328,45.331,45.338,47.233,0.000,48.476,46.484,46.482,48.351,0.000,49.622,47.636,47.632,49.470,0.000,50.733,48.784,48.779,50.588,0.000,51.617,49.888,49.913,51.687,0.000,51.715,50.747,50.972,52.608,0.000,32.018,30.102,31.136,32.095,0.000,33.118,31.120,31.242,33.058,0.000,34.266,32.266,32.273,34.195,0.000,35.413,33.420,33.420,35.347,0.000,36.461,34.567,34.569,36.487,0.000,36.558,35.603,35.670,37.467,0.000,37.434,35.591,36.633,37.577,0.000,38.217,36.528,36.711,38.447,0.000,37.610,37.329,37.582,39.160,0.000,36.805,36.559,38.223,38.482,0.000,37.414,35.692,37.498,37.723,0.000,38.386,36.463,36.805,38.410,0.000,39.486,37.517,37.605,39.449,0.000,40.464,38.633,38.661,40.551,0.000,40.845,39.597,39.740,41.485,0.000,41.488,39.908,40.650,41.857,0.000,41.570,40.564,40.975,42.453,0.000,41.201,40.595,41.552,42.495,0.000,41.779,40.158,41.574,42.155,0.000,42.369,40.832,41.246,42.757,0.000,42.252,41.454,41.887,43.332,0.000,42.950,41.253,42.459,43.241,0.000,43.978,42.021,42.366,43.970,0.000,45.108,43.113,43.168,45.045,0.000,46.259,44.259,44.266,46.188,0.000,47.412,45.412,45.413,47.339,0.000,48.561,46.566,46.566,48.489,0.000,49.676,47.715,47.717,49.635,0.000,50.582,48.827,48.855,50.737,0.000,50.677,49.708,49.914,51.576,0.000,30.939,28.994,30.029,30.989,0.000,32.045,30.044,30.137,31.980,0.000,33.195,31.195,31.198,33.124,0.000,34.346,32.349,32.348,34.277,0.000,35.423,33.501,33.499,35.422,0.000,35.458,34.569,34.603,36.427,0.000,36.366,34.485,35.593,36.479,0.000,37.196,35.461,35.611,37.381,0.000,36.545,36.314,36.519,38.138,0.000,35.683,35.491,37.200,37.413,0.000,36.330,34.563,36.426,36.600,0.000,37.310,35.381,35.680,37.326,0.000,38.419,36.443,36.525,38.376,0.000,39.414,37.567,37.588,39.486,0.000,39.764,38.549,38.674,40.434,0.000,40.436,38.824,39.600,40.777,0.000,40.515,39.515,39.894,41.402,0.000,40.096,39.541,40.501,41.438,0.000,40.707,39.047,40.515,41.050,0.000,41.323,39.762,40.140,41.687,0.000,41.152,40.412,40.818,42.284,0.000,41.867,40.147,41.411,42.140,0.000,42.903,40.938,41.263,42.887,0.000,44.036,42.039,42.086,43.971,0.000,45.187,43.188,43.192,45.116,0.000,46.341,44.341,44.341,46.269,0.000,47.491,45.494,45.495,47.422,0.000,48.614,46.645,46.647,48.571,0.000,49.540,47.764,47.786,49.677,0.000,49.638,48.669,48.854,50.538,0.000,29.861,27.885,28.921,29.882,0.000,30.972,28.969,29.032,30.903,0.000,32.124,30.126,30.123,32.052,0.000,33.279,31.308,31.278,33.207,0.000,34.391,32.485,32.432,34.357,0.000,34.357,33.563,33.538,35.390,0.000,35.298,33.376,34.556,35.377,0.000,36.177,34.394,34.508,36.315,0.000,35.481,35.302,35.456,37.119,0.000,34.558,34.424,36.181,36.345,0.000,35.247,33.429,35.353,35.473,0.000,36.234,34.301,34.552,36.244,0.000,37.352,35.370,35.445,37.302,0.000,38.365,36.500,36.516,38.420,0.000,38.681,37.503,37.609,39.384,0.000,39.386,37.738,38.551,39.696,0.000,39.462,38.467,38.812,40.351,0.000,38.987,38.488,39.450,40.381,0.000,39.635,37.933,39.458,39.942,0.000,40.280,38.693,39.031,40.617,0.000,40.049,39.373,39.750,41.239,0.000,40.784,39.038,40.367,41.037,0.000,41.828,39.855,40.157,41.803,0.000,42.964,40.966,41.004,42.897,0.000,44.116,42.116,42.119,44.045,0.000,45.269,43.269,43.270,45.198,0.000,46.421,44.423,44.423,46.351,0.000,47.550,45.574,45.576,47.501,0.000,48.499,46.701,46.718,48.616,0.000,48.599,47.630,47.794,49.499,0.000,28.783,26.775,27.812,28.774,0.000,29.901,27.895,27.926,29.827,0.000,31.086,29.173,29.055,30.986,0.000,32.288,31.016,30.239,32.166,0.000,33.412,32.166,31.419,33.320,0.000,33.270,33.029,32.539,34.375,0.000,34.229,32.263,33.546,34.272,0.000,35.162,33.327,33.401,35.248,0.000,34.418,34.294,34.392,36.104,0.000,33.428,33.356,35.165,35.277,0.000,34.165,32.291,34.281,34.343,0.000,35.158,33.222,33.420,35.162,0.000,36.284,34.296,34.368,36.229,0.000,37.319,35.434,35.444,37.354,0.000,37.596,36.459,36.543,38.336,0.000,38.337,36.649,37.504,38.612,0.000,38.410,37.421,37.727,39.302,0.000,37.876,37.437,38.402,39.327,0.000,38.564,36.814,38.402,38.831,0.000,39.239,37.624,37.919,39.547,0.000,38.943,38.338,38.682,40.198,0.000,39.702,37.925,39.325,39.931,0.000,40.753,38.773,39.047,40.720,0.000,41.892,39.893,39.923,41.824,0.000,43.044,41.044,41.047,42.973,0.000,44.198,42.198,42.198,44.127,0.000,45.350,43.352,43.352,45.280,0.000,46.485,44.504,44.505,46.431,0.000,47.459,45.637,45.649,47.553,0.000,47.560,46.592,46.732,48.460,0.000,27.706,25.664,26.702,27.665,0.000,28.941,26.828,26.822,28.756,0.000,30.863,30.894,28.109,30.043,0.000,30.000,0.000,0.000,0.000,0.000,32.920,32.034,31.150,32.380,0.000,32.186,32.042,32.192,33.396,0.000,33.176,31.143,32.988,33.180,0.000,34.150,32.259,32.289,34.181,0.000,33.355,33.291,33.329,35.093,0.000,32.295,32.290,34.153,34.210,0.000,33.084,31.148,33.208,33.209,0.000,34.081,32.146,32.284,34.081,0.000,35.216,33.222,33.292,35.155,0.000,36.274,34.366,34.372,36.288,0.000,36.508,35.418,35.476,37.290,0.000,37.289,35.557,36.459,37.526,0.000,37.360,36.376,36.639,38.255,0.000,36.761,36.389,37.354,38.274,0.000,37.493,35.691,37.347,37.716,0.000,38.203,36.556,36.803,38.478,0.000,37.834,37.307,37.615,39.159,0.000,38.620,36.809,38.286,38.822,0.000,39.678,37.692,37.935,39.637,0.000,40.820,38.821,38.843,40.751,0.000,41.973,39.973,39.974,41.902,0.000,43.127,41.127,41.127,43.055,0.000,44.279,42.280,42.280,44.209,0.000,45.419,43.433,43.434,45.361,0.000,46.419,44.572,44.580,46.489,0.000,46.522,45.555,45.670,47.421,0.000,26.632,24.551,25.591,26.555,0.000,30.532,25.752,25.809,27.778,0.000,30.000,0.000,0.000,0.000,0.000,30.000,0.000,0.000,0.000,0.000,31.969,31.034,31.073,32.069,0.000,31.103,31.034,31.999,32.872,0.000,30.000,0.000,0.000,0.000,0.000,33.177,32.151,31.190,33.147,0.000,32.321,33.056,32.292,34.113,0.000,31.223,33.048,33.210,33.207,0.000,30.000,0.000,0.000,0.000,0.000,33.005,31.072,31.143,33.003,0.000,34.147,32.148,32.218,34.081,0.000,35.232,33.298,33.299,35.221,0.000,35.417,34.379,34.409,36.246,0.000,36.243,34.461,35.416,36.437,0.000,36.313,35.334,35.549,37.208,0.000,35.642,35.342,36.309,37.223,0.000,36.422,34.564,36.295,36.598,0.000,37.170,35.489,35.683,37.410,0.000,36.721,36.280,36.548,38.124,0.000,37.539,35.688,37.251,37.710,0.000,38.604,36.612,36.818,38.555,0.000,39.748,37.748,37.764,39.678,0.000,40.901,38.901,38.902,40.830,0.000,42.055,40.055,40.055,41.984,0.000,43.209,41.209,41.209,43.138,0.000,44.353,42.362,42.362,44.290,0.000,45.379,43.506,43.510,45.425,0.000,45.485,44.519,44.607,46.383,0.000,25.458,23.436,24.474,25.440,0.000,26.694,24.572,24.596,26.603,0.000,28.197,26.069,25.857,30.562,0.000,30.862,30.862,27.272,30.862,0.000,30.000,0.000,0.000,0.000,0.000,30.000,0.000,0.000,0.000,0.000,30.000,0.000,0.000,0.000,0.000,32.985,32.225,31.151,32.183,0.000,33.052,32.116,32.219,33.208,0.000,32.113,32.172,33.019,32.245,0.000,31.070,31.070,32.901,31.070,0.000,30.000,0.000,0.000,0.000,0.000,33.078,31.074,31.146,33.008,0.000,34.195,32.290,32.229,34.156,0.000,34.324,33.390,33.343,35.206,0.000,35.199,33.361,34.376,35.345,0.000,35.268,34.293,34.455,36.164,0.000,34.519,34.299,35.265,36.174,0.000,35.352,33.432,35.245,35.475,0.000,36.141,34.422,34.559,36.342,0.000,35.604,35.258,35.483,37.093,0.000,36.459,34.562,36.220,36.593,0.000,37.530,35.533,35.698,37.474,0.000,38.676,36.676,36.686,38.606,0.000,39.830,37.830,37.830,39.759,0.000,40.984,38.984,38.984,40.912,0.000,42.137,40.138,40.138,42.066,0.000,43.286,41.291,41.291,43.219,0.000,44.341,42.439,42.441,44.360,0.000,44.449,43.483,43.543,45.346,0.000,24.378,22.324,23.363,24.327,0.000,25.821,23.595,23.495,25.443,0.000,30.645,30.783,25.008,27.055,0.000,30.000,0.000,0.000,0.000,0.000,30.000,0.000,0.000,0.000,0.000,32.083,30.178,31.010,31.010,0.000,32.023,31.237,31.242,32.085,0.000,32.140,31.079,32.222,32.984,0.000,31.142,32.042,32.078,32.973,0.000,30.000,0.000,0.000,0.000,0.000,31.038,32.071,31.038,31.038,0.000,30.000,0.000,0.000,0.000,0.000,33.271,33.083,31.225,33.156,0.000,33.257,33.151,32.362,34.197,0.000,34.158,32.257,33.384,34.251,0.000,34.225,33.255,33.357,35.122,0.000,33.391,33.259,34.223,35.128,0.000,34.282,32.294,34.198,34.348,0.000,35.117,33.356,33.430,35.274,0.000,34.483,34.241,34.418,36.066,0.000,35.380,33.431,35.194,35.473,0.000,36.456,34.455,34.572,36.393,0.000,37.605,35.605,35.609,37.534,0.000,38.759,36.759,36.758,38.687,0.000,39.912,37.913,37.912,39.841,0.000,41.066,39.067,39.066,40.995,0.000,42.218,40.222,40.220,42.148,0.000,43.303,41.373,41.371,43.294,0.000,43.413,42.449,42.479,44.310,0.000,23.387,21.211,22.255,23.219,0.000,30.198,22.518,22.581,24.560,0.000,30.000,0.000,0.000,0.000,0.000,30.000,0.000,0.000,0.000,0.000,31.125,29.076,30.944,31.099,0.000,31.010,30.969,30.209,32.083,0.000,30.000,0.000,0.000,0.000,0.000,31.078,32.123,31.078,32.068,0.000,30.000,0.000,0.000,0.000,0.000,32.171,33.083,31.147,32.047,0.000,33.043,33.116,32.176,31.181,0.000,33.079,32.148,32.214,32.251,0.000,32.221,32.180,33.088,33.273,0.000,33.145,31.147,33.111,33.178,0.000,33.186,32.219,32.254,34.081,0.000,32.258,32.222,33.183,34.085,0.000,33.213,31.150,33.153,33.215,0.000,34.098,32.291,32.296,34.208,0.000,33.357,33.230,33.354,35.044,0.000,34.302,32.295,34.172,34.347,0.000,35.382,33.379,33.442,35.314,0.000,36.533,34.534,34.533,36.462,0.000,37.688,35.693,35.687,37.616,0.000,38.843,36.854,36.841,38.770,0.000,39.998,38.016,37.996,39.924,0.000,41.152,39.180,39.151,41.078,0.000,42.268,40.343,40.305,42.229,0.000,42.380,41.430,41.416,43.275,0.000,22.113,20.093,21.131,22.100,0.000,23.632,21.226,21.266,23.368,0.000,30.427,22.850,22.823,30.427,0.000,30.000,0.000,0.000,0.000,0.000,30.000,0.000,0.000,0.000,0.000,29.002,27.131,30.795,30.795,0.000,30.767,27.931,28.281,29.966,0.000,30.000,0.000,0.000,0.000,0.000,32.054,30.219,31.011,31.011,0.000,32.082,31.204,31.277,32.022,0.000,33.046,32.096,32.191,31.148,0.000,33.059,32.439,32.191,32.190,0.000,32.150,32.189,33.086,32.212,0.000,32.175,31.110,33.045,33.043,0.000,31.147,32.076,32.109,33.036,0.000,30.000,0.000,0.000,0.000,0.000,32.216,33.050,31.185,33.108,0.000,31.189,33.151,32.216,33.115,0.000,30.000,0.000,0.000,0.000,0.000,33.156,33.219,31.227,33.213,0.000,32.225,32.226,32.291,34.027,0.000,33.225,31.151,33.156,33.216,0.000,34.308,32.310,32.305,34.236,0.000,35.470,33.538,33.462,35.393,0.000,36.633,34.761,34.622,36.550,0.000,37.798,35.979,35.783,37.707,0.000,38.964,37.194,36.946,38.864,0.000,40.130,38.404,38.111,40.022,0.000,41.259,39.609,39.276,41.177,0.000,41.373,40.733,40.399,42.255,0.000,21.022,18.981,20.020,20.983,0.000,22.398,20.138,20.145,22.091,0.000,30.128,22.150,21.581,23.908,0.000,30.000,0.000,0.000,0.000,0.000,27.336,30.864,30.864,30.864,0.000,27.774,25.929,28.226,28.049,0.000,28.822,26.814,27.057,28.792,0.000,29.998,27.966,28.000,30.761,0.000,31.030,29.207,29.120,31.073,0.000,31.929,30.169,30.253,32.059,0.000,32.326,31.053,31.238,32.087,0.000,32.161,31.424,32.072,33.057,0.000,31.156,32.080,32.390,33.019,0.000,30.000,0.000,0.000,0.000,0.000,32.074,32.107,31.113,32.107,0.000,32.976,31.109,32.074,31.109,0.000,33.154,32.261,32.154,32.220,0.000,32.300,33.333,33.099,32.262,0.000,33.224,33.408,33.193,31.233,0.000,32.299,34.197,32.302,32.298,0.000,31.229,33.255,33.220,33.157,0.000,30.000,0.000,0.000,0.000,0.000,33.381,33.312,31.239,33.237,0.000,34.604,34.471,32.472,34.399,0.000,35.823,35.630,33.699,35.563,0.000,37.037,36.790,34.922,36.728,0.000,38.248,37.951,36.140,37.895,0.000,39.454,39.111,37.354,39.062,0.000,40.618,40.270,38.563,40.228,0.000,40.733,41.351,39.725,41.317,0.000,19.938,17.868,18.908,19.872,0.000,21.658,19.317,19.057,21.024,0.000,30.355,30.635,20.870,23.058,0.000,30.000,0.000,0.000,0.000,0.000,30.000,0.000,0.000,0.000,0.000,26.807,24.775,30.505,26.976,0.000,27.746,25.733,25.910,27.677,0.000,28.985,26.991,26.894,28.829,0.000,30.060,30.867,28.145,30.075,0.000,30.878,29.104,29.271,31.025,0.000,30.000,0.000,0.000,0.000,0.000,32.020,30.376,31.061,32.295,0.000,32.056,31.106,31.416,32.092,0.000,32.107,32.165,32.073,31.114,0.000,31.146,33.047,32.111,32.111,0.000,30.000,0.000,0.000,0.000,0.000,33.292,33.296,31.230,33.097,0.000,33.408,34.370,32.379,33.274,0.000,34.242,34.473,33.411,32.417,0.000,33.369,34.279,33.441,33.338,0.000,32.341,33.268,34.162,32.334,0.000,33.307,33.379,33.259,31.237,0.000,34.387,34.415,32.389,32.391,0.000,35.542,35.528,33.542,33.614,0.000,36.699,36.644,34.697,34.833,0.000,37.856,37.761,35.852,36.047,0.000,39.014,38.880,37.009,37.258,0.000,40.170,40.002,38.166,38.465,0.000,41.290,41.122,39.322,39.666,0.000,41.404,42.170,40.437,40.787,0.000,19.092,16.755,17.804,18.769,0.000,29.754,18.242,18.274,20.269,0.000,30.000,0.000,0.000,0.000,0.000,23.745,21.375,30.409,30.409,0.000,24.555,22.310,22.728,30.203,0.000,25.515,23.741,23.483,25.620,0.000,26.769,24.977,24.654,26.604,0.000,30.556,26.280,25.923,27.864,0.000,30.000,0.000,0.000,0.000,0.000,29.902,28.034,30.830,30.053,0.000,30.226,28.930,29.137,30.840,0.000,30.972,29.292,29.991,31.245,0.000,32.030,30.061,30.404,31.977,0.000,32.981,31.185,31.168,32.080,0.000,32.224,32.259,32.172,32.153,0.000,33.286,33.303,33.094,31.228,0.000,34.327,34.314,32.375,32.377,0.000,34.470,35.294,33.480,33.484,0.000,34.319,34.419,34.438,33.517,0.000,33.345,33.343,34.429,34.274,0.000,33.370,32.266,34.204,33.330,0.000,34.332,33.311,33.273,32.381,0.000,35.411,34.399,33.489,33.496,0.000,36.525,35.524,34.599,34.645,0.000,37.641,36.651,35.711,35.796,0.000,38.760,37.780,36.826,36.948,0.000,39.880,38.912,37.943,38.101,0.000,41.001,40.046,39.061,39.255,0.000,42.088,41.179,40.181,40.406,0.000,42.199,42.239,41.262,41.484,0.000,17.686,15.630,16.669,17.644,0.000,19.195,16.803,16.812,19.075,0.000,21.118,18.800,18.380,29.817,0.000,22.432,30.320,19.962,22.558,0.000,23.592,23.817,21.230,23.265,0.000,25.023,30.505,22.688,24.640,0.000,26.045,26.301,23.925,25.629,0.000,26.998,26.969,25.134,26.865,0.000,27.846,26.076,26.349,30.567,0.000,28.753,26.861,27.191,28.889,0.000,29.139,27.877,27.974,29.767,0.000,29.889,28.206,28.936,30.161,0.000,30.979,28.977,29.321,30.929,0.000,32.111,30.119,30.129,32.027,0.000,33.159,31.297,31.264,33.027,0.000,34.173,32.441,32.337,32.306,0.000,35.189,33.504,33.382,33.442,0.000,34.423,34.497,34.391,34.476,0.000,33.419,33.518,35.228,34.470,0.000,32.304,32.308,34.268,34.202,0.000,33.196,31.152,33.225,33.192,0.000,34.213,32.307,32.271,33.335,0.000,35.341,33.530,33.393,34.448,0.000,36.471,34.748,34.518,35.563,0.000,37.604,35.959,35.646,36.680,0.000,38.739,37.166,36.777,37.799,0.000,39.875,38.368,37.910,38.920,0.000,41.012,39.566,39.045,40.043,0.000,42.113,40.757,40.180,41.164,0.000,42.225,41.869,41.276,42.213,0.000,16.597,14.517,15.557,16.522,0.000,18.527,16.088,15.717,17.699,0.000,30.137,30.524,17.758,20.066,0.000,30.000,0.000,0.000,0.000,0.000,30.524,25.867,30.524,22.924,0.000,30.000,0.000,0.000,0.000,0.000,27.232,30.868,30.665,25.401,0.000,26.039,26.345,26.377,26.146,0.000,26.736,25.010,26.959,26.991,0.000,27.700,25.781,26.122,27.726,0.000,28.055,26.830,26.896,28.712,0.000,28.806,27.118,27.885,29.077,0.000,29.907,27.893,28.234,29.845,0.000,31.075,29.057,29.048,30.978,0.000,32.250,31.014,30.231,32.152,0.000,33.295,31.403,31.378,33.176,0.000,34.358,32.444,32.515,34.252,0.000,33.524,33.504,33.511,35.199,0.000,32.458,34.327,34.422,34.348,0.000,31.238,33.305,33.369,33.235,0.000,30.000,0.000,0.000,0.000,0.000,33.377,33.315,31.238,33.206,0.000,34.596,34.475,32.468,34.336,0.000,35.809,35.631,33.692,35.469,0.000,37.016,36.782,34.910,36.604,0.000,38.219,37.934,36.123,37.740,0.000,39.418,39.086,37.330,38.879,0.000,40.611,40.237,38.532,40.018,0.000,41.762,41.385,39.729,41.157,0.000,41.876,42.456,40.879,42.220,0.000,15.851,13.402,14.456,15.421,0.000,29.419,15.013,15.035,17.041,0.000,30.000,0.000,0.000,0.000,0.000,30.000,0.000,0.000,0.000,0.000,27.209,30.868,30.632,24.500,0.000,30.817,30.817,26.050,30.817,0.000,30.000,0.000,0.000,0.000,0.000,25.355,30.796,30.664,27.231,0.000,25.666,23.874,26.234,25.935,0.000,26.650,24.700,24.993,26.646,0.000,26.969,25.786,25.817,27.663,0.000,27.722,26.029,26.836,27.991,0.000,28.841,26.808,27.147,28.761,0.000,30.758,27.985,27.991,29.933,0.000,30.000,0.000,0.000,0.000,0.000,32.256,30.336,31.066,32.260,0.000,33.359,31.373,31.478,33.304,0.000,34.267,32.507,32.514,34.360,0.000,33.395,33.569,33.504,33.461,0.000,32.385,34.329,34.252,32.382,0.000,33.314,33.462,33.306,31.241,0.000,34.393,34.467,32.395,32.392,0.000,35.546,35.595,33.547,33.613,0.000,36.689,36.565,34.698,34.824,0.000,37.833,37.554,35.845,36.029,0.000,38.981,38.646,36.992,37.233,0.000,40.129,39.742,38.140,38.432,0.000,41.275,40.841,39.287,39.627,0.000,42.385,41.941,40.433,40.816,0.000,42.497,42.969,41.539,41.925,0.000,14.345,12.273,13.314,14.292,0.000,15.997,13.464,13.465,15.839,0.000,18.844,15.704,15.194,29.526,0.000,30.506,30.506,17.675,30.506,0.000,30.000,0.000,0.000,0.000,0.000,30.000,0.000,0.000,0.000,0.000,30.000,0.000,0.000,0.000,0.000,24.765,22.721,30.295,24.986,0.000,25.602,23.619,23.848,25.563,0.000,25.889,24.930,24.745,26.623,0.000,26.637,24.939,25.790,26.904,0.000,27.741,25.722,26.056,27.676,0.000,29.005,26.935,26.884,28.845,0.000,30.212,30.871,28.170,30.871,0.000,31.157,29.240,29.313,31.191,0.000,32.295,30.298,30.384,32.232,0.000,33.426,31.445,31.450,33.365,0.000,34.273,32.586,32.578,34.268,0.000,33.474,33.650,33.570,33.401,0.000,34.463,34.549,34.339,32.467,0.000,35.518,35.540,33.610,33.544,0.000,36.475,36.179,34.670,34.672,0.000,37.408,35.627,35.731,35.756,0.000,38.490,36.605,36.700,36.889,0.000,39.582,37.741,37.693,38.028,0.000,40.681,38.887,38.785,39.172,0.000,41.782,40.031,39.881,40.316,0.000,42.849,41.170,40.979,41.458,0.000,42.958,42.181,42.039,42.524,0.000,13.251,11.159,12.200,13.165,0.000,15.391,12.848,12.373,14.370,0.000,29.919,30.412,14.642,17.087,0.000,30.000,0.000,0.000,0.000,0.000,30.000,0.000,0.000,0.000,0.000,30.000,0.000,0.000,0.000,0.000,22.846,20.191,30.336,30.336,0.000,23.393,21.372,21.357,23.550,0.000,24.748,23.062,22.540,24.500,0.000,25.038,30.546,23.905,25.817,0.000,25.560,23.846,24.925,25.821,0.000,26.714,24.637,24.966,26.592,0.000,30.540,25.863,25.892,27.839,0.000,30.000,0.000,0.000,0.000,0.000,30.175,28.169,30.849,30.190,0.000,31.224,29.223,29.313,31.158,0.000,32.373,30.374,30.377,32.302,0.000,33.507,31.527,31.526,33.436,0.000,34.417,32.671,32.659,34.284,0.000,35.411,33.809,33.721,33.554,0.000,36.063,34.855,34.618,34.609,0.000,35.549,35.222,35.596,35.648,0.000,36.452,34.555,36.185,36.537,0.000,37.526,35.529,35.691,37.467,0.000,38.668,36.673,36.680,38.555,0.000,39.814,37.826,37.823,39.653,0.000,40.956,38.979,38.971,40.754,0.000,42.009,40.126,40.113,41.854,0.000,42.118,41.158,41.213,42.882,0.000,12.599,10.045,11.102,12.068,0.000,29.084,11.773,11.790,13.807,0.000,30.000,0.000,0.000,0.000,0.000,30.000,0.000,0.000,0.000,0.000,20.088,30.596,30.596,30.596,0.000,20.081,17.875,21.260,29.850,0.000,21.127,18.727,19.025,21.032,0.000,23.156,30.358,20.301,22.580,0.000,30.428,30.677,22.022,23.962,0.000,30.000,0.000,0.000,0.000,0.000,24.703,22.745,30.293,24.960,0.000,25.547,23.550,23.863,25.503,0.000,26.691,24.687,24.706,26.710,0.000,27.943,25.841,25.944,30.548,0.000,28.998,26.994,26.998,29.016,0.000,30.149,28.149,28.148,30.080,0.000,31.303,29.307,29.302,31.231,0.000,32.456,30.465,30.457,32.384,0.000,33.597,31.617,31.609,33.518,0.000,34.664,32.756,32.750,34.436,0.000,35.114,33.817,33.861,35.472,0.000,34.489,34.196,34.829,36.046,0.000,35.375,33.425,35.153,35.464,0.000,36.452,34.452,34.566,36.390,0.000,37.601,35.601,35.605,37.530,0.000,38.755,36.755,36.755,38.680,0.000,39.905,37.909,37.909,39.829,0.000,40.979,39.059,39.059,40.970,0.000,41.088,40.124,40.165,41.985,0.000,10.993,8.912,9.952,10.934,0.000,13.210,10.112,10.128,12.608,0.000,29.703,12.583,12.467,29.703,0.000,30.000,0.000,0.000,0.000,0.000,30.000,0.000,0.000,0.000,0.000,18.967,16.694,29.687,19.179,0.000,29.719,17.630,18.187,19.949,0.000,30.000,0.000,0.000,0.000,0.000,30.000,0.000,0.000,0.000,0.000,22.902,21.068,30.368,30.368,0.000,23.357,21.385,22.145,23.598,0.000,24.465,22.467,22.532,24.408,0.000,25.615,23.615,23.620,25.545,0.000,26.769,24.769,24.769,26.698,0.000,27.923,25.923,25.923,27.852,0.000,29.082,27.086,27.077,29.006,0.000,30.244,28.365,28.236,30.165,0.000,31.396,29.504,29.394,31.318,0.000,32.535,30.546,30.547,32.467,0.000,33.623,31.688,31.696,33.607,0.000,34.090,32.770,32.809,34.654,0.000,33.364,33.165,33.780,35.016,0.000,34.296,32.290,34.114,34.339,0.000,35.378,33.376,33.437,35.311,0.000,36.530,34.530,34.530,36.459,0.000,37.684,35.689,35.684,37.612,0.000,38.837,36.849,36.838,38.766,0.000,39.943,38.007,37.991,39.915,0.000,40.054,39.091,39.101,40.950,0.000,9.879,7.797,8.837,9.803,0.000,11.756,9.439,9.000,11.006,0.000,15.208,29.763,10.978,13.983,0.000,30.366,30.366,13.880,30.366,0.000,30.000,0.000,0.000,0.000,0.000,30.000,0.000,0.000,0.000,0.000,17.541,15.114,29.544,18.012,0.000,18.966,16.150,16.298,18.479,0.000,21.275,30.195,18.192,30.195,0.000,20.985,21.275,19.708,29.941,0.000,21.236,19.666,20.734,21.914,0.000,22.262,20.287,20.766,22.255,0.000,23.392,21.393,21.436,23.325,0.000,24.544,22.544,22.546,24.473,0.000,25.698,23.698,23.698,25.626,0.000,26.860,24.856,24.852,26.781,0.000,28.139,26.132,26.015,27.944,0.000,29.404,30.815,27.303,29.228,0.000,30.330,28.440,28.447,30.260,0.000,31.470,29.475,29.582,31.407,0.000,32.574,30.619,30.626,32.544,0.000,33.061,31.723,31.743,33.607,0.000,32.233,32.139,32.732,33.982,0.000,33.220,31.148,33.079,33.209,0.000,34.305,32.304,32.302,34.233,0.000,35.466,33.526,33.459,35.390,0.000,36.628,34.741,34.618,36.546,0.000,37.790,35.952,35.778,37.703,0.000,38.915,37.154,36.939,38.856,0.000,39.029,38.276,38.058,39.923,0.000,9.202,6.683,7.739,8.704,0.000,28.742,8.372,8.534,10.542,0.000,30.000,0.000,0.000,0.000,0.000,30.000,0.000,0.000,0.000,0.000,30.000,0.000,0.000,0.000,0.000,15.521,13.496,29.844,29.844,0.000,15.904,13.474,14.563,15.966,0.000,29.437,15.043,15.115,17.434,0.000,30.000,0.000,0.000,0.000,0.000,20.371,30.619,30.276,21.356,0.000,20.193,18.571,21.210,20.599,0.000,21.187,19.198,19.671,21.158,0.000,22.320,20.320,20.349,22.251,0.000,23.472,21.472,21.474,23.401,0.000,24.630,22.626,22.626,24.555,0.000,25.898,23.784,23.784,25.713,0.000,30.455,25.064,25.068,27.002,0.000,30.000,0.000,0.000,0.000,0.000,29.380,27.372,30.767,29.415,0.000,30.400,28.400,28.513,30.336,0.000,31.525,29.549,29.552,31.475,0.000,32.036,30.676,30.676,32.561,0.000,31.118,31.705,31.704,32.972,0.000,30.000,0.000,0.000,0.000,0.000,33.364,33.165,31.233,33.228,0.000,34.579,34.283,32.459,34.388,0.000,35.788,35.405,33.679,35.550,0.000,36.991,36.530,34.893,36.712,0.000,38.151,37.655,36.100,37.873,0.000,38.265,38.707,37.260,38.957,0.000,7.485,5.551,6.586,7.567,0.000,9.219,6.588,6.738,9.183,0.000,29.441,8.413,9.150,29.441,0.000,30.000,0.000,0.000,0.000,0.000,30.000,0.000,0.000,0.000,0.000,13.898,11.836,29.198,14.895,0.000,14.363,12.346,12.926,14.346,0.000,15.921,13.493,13.530,15.867,0.000,29.902,15.105,15.596,29.902,0.000,30.000,0.000,0.000,0.000,0.000,19.446,17.413,29.752,19.847,0.000,20.110,18.109,18.521,20.068,0.000,21.247,19.247,19.261,21.177,0.000,22.401,20.401,20.401,22.329,0.000,23.555,21.555,21.555,23.483,0.000,24.709,22.709,22.709,24.641,0.000,25.867,23.862,23.867,25.909,0.000,27.147,25.016,25.147,30.466,0.000,28.175,26.170,26.175,28.216,0.000,29.324,27.324,27.324,29.257,0.000,30.476,28.478,28.478,30.406,0.000,31.582,29.630,29.629,31.534,0.000,32.029,30.756,30.732,32.022,0.000,33.061,31.880,31.761,31.127,0.000,34.152,32.981,32.232,32.324,0.000,35.271,34.106,33.342,33.539,0.000,36.393,35.231,34.457,34.749,0.000,37.516,36.358,35.576,35.953,0.000,38.607,37.482,36.696,37.151,0.000,38.719,38.534,37.780,38.268,0.000,6.384,4.443,5.478,6.438,0.000,7.487,5.488,5.586,7.446,0.000,8.660,6.636,6.665,9.200,0.000,10.495,7.790,8.495,28.743,0.000,11.610,8.944,9.610,28.859,0.000,12.120,10.098,10.120,12.626,0.000,13.252,11.252,11.252,13.201,0.000,14.406,12.405,12.406,14.349,0.000,15.575,13.559,13.575,15.915,0.000,17.187,14.713,15.187,29.436,0.000,17.883,15.867,15.883,18.223,0.000,19.022,17.022,17.022,18.964,0.000,20.175,18.176,18.175,20.104,0.000,21.329,19.330,19.329,21.258,0.000,22.483,20.484,20.483,22.412,0.000,23.637,21.638,21.637,23.566,0.000,24.791,22.793,22.791,24.720,0.000,25.945,23.947,23.945,25.874,0.000,27.099,25.102,25.099,27.028,0.000,28.253,26.256,26.253,28.182,0.000,29.407,27.411,27.407,29.335,0.000,30.558,28.566,28.561,30.487,0.000,31.685,29.719,29.712,31.593,0.000,32.788,30.872,30.837,32.063,0.000,33.914,32.023,31.963,33.171,0.000,35.041,33.174,33.089,34.284,0.000,36.168,34.323,34.215,35.401,0.000,37.295,35.473,35.342,36.521,0.000,38.386,36.619,36.468,37.642,0.000,38.496,37.690,37.555,38.692,0.000,5.305,3.334,4.370,5.331,0.000,6.414,4.413,4.480,6.347,0.000,7.565,5.565,5.567,7.493,0.000,8.719,6.719,6.719,8.647,0.000,9.872,7.873,7.872,9.801,0.000,11.026,9.027,9.026,10.955,0.000,12.180,10.181,10.180,12.109,0.000,13.334,11.336,11.334,13.263,0.000,14.488,12.491,12.488,14.417,0.000,15.642,13.646,13.642,15.571,0.000,16.796,14.801,14.796,16.725,0.000,17.951,15.956,15.950,17.879,0.000,19.105,17.112,17.104,19.033,0.000,20.259,18.268,18.258,20.187,0.000,21.414,19.424,19.413,21.341,0.000,22.568,20.580,20.567,22.495,0.000,23.723,21.737,21.721,23.649,0.000,24.877,22.893,22.876,24.803,0.000,26.032,24.050,24.031,25.957,0.000,27.187,25.207,25.185,27.111,0.000,28.341,26.365,26.340,28.265,0.000,29.496,27.522,27.495,29.419,0.000,30.650,28.680,28.649,30.571,0.000,31.802,29.838,29.803,31.699,0.000,32.954,30.996,30.956,32.828,0.000,34.105,32.153,32.108,33.956,0.000,35.255,33.311,33.260,35.086,0.000,36.403,34.469,34.411,36.215,0.000,37.514,35.624,35.559,37.343,0.000,37.626,36.703,36.667,38.396,0.000,4.228,2.224,3.261,4.223,0.000,5.341,3.339,3.374,5.271,0.000,6.493,4.493,4.493,6.422,0.000,7.647,5.650,5.647,7.576,0.000,8.802,6.807,6.801,8.730,0.000,9.956,7.966,7.955,9.884,0.000,11.111,9.125,9.110,11.038,0.000,12.266,10.285,10.265,12.192,0.000,13.421,11.446,11.419,13.346,0.000,14.577,12.607,12.574,14.501,0.000,15.732,13.769,13.730,15.655,0.000,16.888,14.932,14.885,16.810,0.000,18.044,16.095,16.041,17.964,0.000,19.201,17.258,17.197,19.119,0.000,20.357,18.422,18.353,20.274,0.000,21.514,19.586,19.510,21.428,0.000,22.671,20.750,20.666,22.583,0.000,23.829,21.914,21.823,23.738,0.000,24.986,23.079,22.980,24.893,0.000,26.144,24.244,24.138,26.048,0.000,27.302,25.409,25.295,27.204,0.000,28.460,26.575,26.453,28.359,0.000,29.618,27.740,27.611,29.514,0.000,30.776,28.906,28.769,30.669,0.000,31.935,30.071,29.927,31.823,0.000,33.093,31.237,31.085,32.976,0.000,34.251,32.403,32.244,34.128,0.000,35.408,33.569,33.402,35.280,0.000,36.528,34.732,34.559,36.428,0.000,36.641,35.818,35.674,37.501,0.000,3.151,1.113,2.151,3.114,0.000,4.268,2.266,2.267,4.196,0.000,5.426,3.457,3.422,5.352,0.000,6.584,4.647,4.578,6.507,0.000,7.744,5.836,5.736,7.663,0.000,8.904,7.024,6.895,8.818,0.000,10.065,8.210,8.055,9.974,0.000,11.227,9.396,9.215,11.130,0.000,12.390,10.581,10.376,12.287,0.000,13.553,11.765,11.538,13.443,0.000,14.716,12.948,12.701,14.600,0.000,15.880,14.131,13.864,15.757,0.000,17.044,15.313,15.027,16.914,0.000,18.209,16.494,16.191,18.071,0.000,19.373,17.675,17.355,19.229,0.000,20.538,18.855,18.520,20.387,0.000,21.704,20.034,19.684,21.545,0.000,22.869,21.214,20.850,22.703,0.000,24.035,22.392,22.015,23.862,0.000,25.201,23.570,23.180,25.020,0.000,26.367,24.748,24.346,26.179,0.000,27.533,25.925,25.512,27.338,0.000,28.699,27.102,26.678,28.497,0.000,29.865,28.278,27.844,29.656,0.000,31.032,29.454,29.010,30.816,0.000,32.198,30.630,30.177,31.975,0.000,33.364,31.805,31.343,33.134,0.000,34.529,32.980,32.509,34.294,0.000,35.657,34.152,33.674,35.450,0.000,35.771,35.247,34.797,36.531,0.000,0.000,0.000,0.000,0.000,0.000,3.265,2.195,1.195,3.159,0.000,4.456,3.388,2.389,4.318,0.000,5.646,4.581,3.581,5.479,0.000,6.835,5.772,4.772,6.640,0.000,8.023,6.961,5.961,7.802,0.000,9.209,8.150,7.150,8.964,0.000,10.395,9.337,8.337,10.127,0.000,11.580,10.524,9.524,11.291,0.000,12.764,11.710,10.710,12.455,0.000,13.948,12.895,11.895,13.620,0.000,15.130,14.079,13.079,14.785,0.000,16.312,15.262,14.262,15.950,0.000,17.493,16.444,15.444,17.116,0.000,18.674,17.626,16.626,18.282,0.000,19.854,18.807,17.807,19.448,0.000,21.034,19.988,18.988,20.615,0.000,22.213,21.168,20.168,21.781,0.000,23.392,22.348,21.348,22.948,0.000,24.570,23.527,22.527,24.115,0.000,25.747,24.705,23.705,25.282,0.000,26.925,25.883,24.883,26.449,0.000,28.101,27.061,26.061,27.616,0.000,29.278,28.238,27.238,28.783,0.000,30.454,29.414,28.415,29.951,0.000,31.630,30.591,29.591,31.118,0.000,32.805,31.767,30.767,32.285,0.000,33.978,32.942,31.942,33.452,0.000,35.114,34.115,33.116,34.617,0.000,35.228,35.210,34.248,35.705,0.000,
