States
32
Policy
[south, east, east, east, south, south, west, west, south, south, obstacle, obstacle, south, south, west, west, south, south, obstacle, obstacle, south, south, south, south, east, east, null, null, west, west, west, west]
Alpha value
0.2
Max number of actions
4
19.055,17.005,18.004,17.955,16.392,23.405,17.392,21.568,15.641,18.153,0.000,0.000,15.238,17.330,0.000,0.000,16.186,14.086,18.881,17.086,16.186,14.086,16.186,17.086,16.238,15.238,15.238,18.238,16.238,15.238,15.238,18.238,31.002,15.149,16.149,18.422,31.005,18.918,19.917,21.689,30.000,0.000,0.000,0.000,30.000,0.000,0.000,0.000,12.554,10.534,31.000,16.985,12.554,10.534,31.000,16.985,12.662,11.662,11.662,18.124,12.662,11.662,11.662,18.124,31.000,8.735,9.735,15.309,31.000,11.603,12.603,22.721,30.000,0.000,0.000,0.000,30.000,0.000,0.000,0.000,8.353,6.222,31.000,13.293,8.353,6.222,31.000,13.293,8.423,7.423,7.423,14.467,8.423,7.423,7.423,14.467,1.556,2.556,2.556,8.589,1.556,6.556,2.556,15.130,0.000,0.000,0.000,0.000,0.000,0.000,0.000,0.000,4.006,4.556,1.556,9.000,4.006,4.556,1.556,9.000,4.111,6.111,3.111,10.281,4.111,6.111,3.111,10.281,
