States
25
Policy
[east, south, obstacle, east, south, east, east, east, north, south, obstacle, east, north, obstacle, south, east, north, east, east, south, obstacle, north, obstacle, east, null]
Alpha value
0.3
Max number of actions
4
20.106,20.106,21.106,21.106,31.000,19.106,20.259,0.000,30.000,0.000,0.000,0.000,6.950,9.429,15.855,0.000,6.305,5.335,6.533,0.000,19.106,31.000,20.259,21.013,11.600,13.969,20.106,0.000,10.142,12.458,31.000,0.000,13.854,31.000,8.586,0.000,5.011,4.111,6.950,0.000,30.000,0.000,0.000,0.000,13.152,15.971,19.106,0.000,31.033,21.700,11.600,0.000,30.000,0.000,0.000,0.000,3.670,2.741,13.854,0.000,21.721,31.010,27.091,31.046,16.674,22.515,15.244,0.000,12.667,31.000,13.152,0.000,2.370,2.370,31.033,0.000,2.333,1.370,3.704,0.000,30.000,0.000,0.000,0.000,31.046,27.091,21.721,0.000,30.000,0.000,0.000,0.000,1.370,2.333,12.667,0.000,0.000,0.000,0.000,0.000,
