States
900
Policy
[south, east, east, east, east, east, east, obstacle, south, east, east, east, east, south, south, south, south, south, north, north, north, south, south, south, north, south, east, east, east, south, south, south, east, east, east, east, east, north, south, east, east, east, east, east, obstacle, east, south, south, north, north, south, south, south, south, south, south, south, east, south, south, south, south, east, east, east, east, south, north, south, north, north, north, east, east, north, east, east, obstacle, north, south, south, south, south, south, south, south, south, south, south, south, south, south, east, east, east, east, south, south, south, north, north, east, east, east, north, north, north, north, north, south, south, south, south, south, south, south, south, south, south, south, south, south, south, east, east, east, east, obstacle, south, north, north, east, east, east, north, north, north, north, north, east, south, south, south, south, south, south, south, south, south, south, south, south, south, south, north, north, north, north, obstacle, north, south, south, south, south, north, north, north, north, east, east, east, south, south, south, south, south, south, south, south, south, east, obstacle, south, south, north, north, north, north, north, north, east, south, south, south, south, north, north, north, east, east, east, east, south, south, south, south, south, south, south, south, east, obstacle, south, south, north, east, north, north, north, east, east, east, south, south, south, north, north, north, east, east, east, east, east, obstacle, south, south, south, east, south, south, east, south, east, obstacle, south, south, north, north, north, east, east, east, east, south, south, north, north, north, east, east, east, east, east, obstacle, south, south, south, east, east, south, east, obstacle, north, north, south, south, north, north, north, east, east, east, east, east, obstacle, north, north, north, north, north, north, north, north, north, east, south, south, east, east, obstacle, north, north, north, north, south, south, north, north, north, north, north, east, east, east, north, south, north, north, north, north, north, north, north, north, east, south, south, north, north, north, south, north, north, east, south, south, north, north, north, north, east, east, east, east, north, south, north, north, north, north, north, north, east, east, east, east, obstacle, north, north, north, south, north, east, east, east, obstacle, north, north, north, east, east, east, east, east, north, south, north, north, north, north, north, north, east, east, east, east, north, north, north, north, obstacle, north, south, south, north, north, north, north, north, east, east, east, east, south, south, south, north, north, north, north, north, north, north, east, east, east, north, north, north, north, south, east, south, south, north, north, north, east, east, east, east, east, east, east, south, south, north, north, north, north, north, north, north, north, east, east, north, north, north, north, south, east, east, obstacle, north, north, north, south, east, east, east, east, east, east, east, obstacle, north, north, north, north, north, north, north, north, east, east, north, north, north, north, south, north, north, north, north, north, north, south, east, east, east, east, east, east, east, north, north, north, north, north, north, north, north, east, east, east, north, north, north, north, south, south, north, north, north, north, south, south, south, south, south, south, south, north, north, north, north, north, north, north, north, north, south, south, south, south, south, north, north, north, south, north, north, north, north, north, south, south, east, south, south, south, south, north, east, north, north, north, north, north, north, east, south, south, south, south, south, north, north, north, south, south, north, north, north, south, south, south, east, east, south, south, south, south, south, north, north, north, north, north, east, east, south, south, south, south, south, north, south, south, south, south, north, north, south, south, south, south, east, east, east, south, south, south, south, south, north, north, north, east, east, east, east, south, south, south, south, south, south, south, south, south, north, south, east, south, south, south, east, east, east, east, obstacle, south, south, south, north, north, east, east, east, east, east, east, south, south, south, south, south, south, south, south, south, south, east, east, south, south, south, north, north, north, north, east, south, south, north, east, east, east, east, east, east, east, east, east, obstacle, north, north, north, south, south, south, south, east, east, east, obstacle, south, south, north, north, north, east, east, obstacle, north, east, east, east, east, east, east, east, east, obstacle, north, north, north, north, south, south, south, south, south, east, east, north, south, south, north, north, north, north, north, north, north, east, east, south, south, south, south, north, north, north, north, north, north, north, south, south, south, south, south, east, east, east, obstacle, south, north, north, north, north, north, north, north, east, east, east, south, south, south, north, north, north, north, north, north, north, south, south, south, east, obstacle, east, east, obstacle, north, obstacle, north, north, north, north, north, north, east, east, east, east, east, south, south, north, north, north, north, north, north, north, south, south, south, obstacle, north, north, north, north, north, north, north, north, north, north, north, north, east, east, east, east, east, east, obstacle, north, north, north, north, north, north, north, south, south, south, north, north, north, north, north, north, north, north, north, north, north, north, north, east, east, east, east, east, south, north, north, north, north, north, north, north, north, null, north, north, north, north, north, north, north, north, north, north, north, north, east, east, east, east, east, east, east, east, obstacle, north, north, north, north, north, north, north, north]
Alpha value
1.0
Max number of actions
5
47.915,47.445,48.340,48.340,0.000,47.132,47.432,48.010,0.000,0.000,46.123,47.768,47.182,0.000,0.000,44.931,46.699,46.035,0.000,0.000,43.712,45.552,44.831,0.000,0.000,42.483,44.388,43.605,0.000,0.000,41.245,43.201,42.368,0.000,0.000,40.000,0.000,0.000,0.000,0.000,47.294,46.493,46.513,0.000,0.000,46.444,47.003,47.368,0.000,0.000,45.385,45.873,46.476,0.000,0.000,44.332,44.688,45.429,0.000,0.000,43.289,43.471,44.391,0.000,0.000,42.410,42.267,43.368,0.000,0.000,44.859,41.429,42.511,0.000,0.000,44.343,44.300,45.002,0.000,0.000,44.058,43.369,44.443,0.000,0.000,47.947,43.264,44.165,0.000,0.000,49.629,48.529,48.093,0.000,0.000,49.954,49.775,49.643,0.000,0.000,49.996,49.977,49.955,0.000,0.000,49.224,49.139,49.996,0.000,0.000,48.975,48.426,49.311,0.000,0.000,49.794,48.532,49.063,0.000,0.000,49.989,49.904,49.861,0.000,0.000,49.999,49.995,49.995,0.000,0.000,50.000,50.000,50.000,0.000,0.000,50.000,50.000,50.000,0.000,0.000,50.000,50.000,50.000,0.000,0.000,49.957,49.613,50.000,0.000,0.000,47.362,46.496,47.481,48.245,0.000,47.818,46.571,47.915,0.000,0.000,47.051,48.099,47.132,0.000,0.000,45.929,47.102,46.123,0.000,0.000,44.790,46.099,44.931,0.000,0.000,43.628,45.082,43.712,0.000,0.000,42.447,44.067,42.483,0.000,0.000,46.098,43.741,41.245,0.000,0.000,46.906,45.567,46.638,0.000,0.000,46.117,47.584,47.294,0.000,0.000,44.966,46.839,46.444,0.000,0.000,43.738,45.690,45.385,0.000,0.000,42.497,44.484,44.332,0.000,0.000,41.249,43.245,43.289,0.000,0.000,40.000,0.000,0.000,0.000,0.000,43.301,43.449,44.859,0.000,0.000,42.636,42.290,44.343,0.000,0.000,47.653,41.739,44.058,0.000,0.000,49.589,48.275,47.947,0.000,0.000,49.949,49.741,49.629,0.000,0.000,49.127,49.114,49.954,0.000,0.000,48.338,48.180,49.996,0.000,0.000,48.277,47.502,49.224,0.000,0.000,49.662,47.810,48.975,0.000,0.000,49.972,49.794,49.794,0.000,0.000,49.999,49.989,49.989,0.000,0.000,50.000,49.999,49.999,0.000,0.000,50.000,50.000,50.000,0.000,0.000,49.536,49.268,50.000,0.000,0.000,49.483,48.795,50.000,0.000,0.000,46.304,45.414,46.488,47.286,0.000,47.922,45.459,47.362,0.000,0.000,47.255,47.306,47.818,0.000,0.000,46.271,46.334,47.051,0.000,0.000,45.268,45.305,45.929,0.000,0.000,44.269,44.273,44.790,0.000,0.000,43.427,43.271,43.628,0.000,0.000,45.090,42.614,42.447,0.000,0.000,47.406,44.514,46.098,0.000,0.000,47.192,48.144,46.906,0.000,0.000,46.144,47.825,46.117,0.000,0.000,44.969,46.861,44.966,0.000,0.000,43.737,45.685,43.738,0.000,0.000,42.497,44.479,42.497,0.000,0.000,43.470,43.491,41.249,0.000,0.000,42.469,44.246,44.090,0.000,0.000,41.247,43.221,43.301,0.000,0.000,40.000,0.000,0.000,0.000,0.000,49.543,48.167,47.653,0.000,0.000,49.112,49.111,49.589,0.000,0.000,48.158,48.137,49.949,0.000,0.000,47.382,47.199,49.127,0.000,0.000,47.460,46.511,48.338,0.000,0.000,49.457,46.934,48.277,0.000,0.000,49.952,49.662,49.662,0.000,0.000,49.996,49.972,49.972,0.000,0.000,49.957,49.613,49.999,0.000,0.000,49.224,49.139,50.000,0.000,0.000,48.663,48.297,50.000,0.000,0.000,48.603,47.762,49.536,0.000,0.000,45.057,44.310,45.411,46.279,0.000,46.963,44.168,46.304,0.000,0.000,46.345,46.369,47.922,0.000,0.000,45.351,45.683,47.255,0.000,0.000,44.317,44.667,46.271,0.000,0.000,43.276,43.468,45.268,0.000,0.000,42.299,42.254,44.269,0.000,0.000,43.837,41.315,43.427,0.000,0.000,47.707,43.255,45.090,0.000,0.000,48.069,48.342,47.406,0.000,0.000,47.275,48.699,47.192,0.000,0.000,46.138,47.815,46.144,0.000,0.000,44.953,46.762,44.969,0.000,0.000,43.732,45.636,43.737,0.000,0.000,44.494,44.701,42.497,0.000,0.000,43.669,45.284,43.470,0.000,0.000,42.489,44.425,42.469,0.000,0.000,47.544,43.938,41.247,0.000,0.000,49.003,48.135,47.524,0.000,0.000,48.134,48.133,49.543,0.000,0.000,47.173,47.156,49.112,0.000,0.000,46.371,46.197,48.158,0.000,0.000,46.490,45.463,47.382,0.000,0.000,49.214,45.915,47.460,0.000,0.000,49.912,49.457,49.457,0.000,0.000,49.536,49.268,49.952,0.000,0.000,49.079,48.682,49.996,0.000,0.000,48.241,48.155,49.957,0.000,0.000,47.612,47.261,49.224,0.000,0.000,47.546,46.665,48.663,0.000,0.000,43.752,43.219,44.325,45.194,0.000,45.979,42.828,45.057,0.000,0.000,45.689,45.400,46.963,0.000,0.000,44.750,45.067,46.345,0.000,0.000,43.716,45.501,45.351,0.000,0.000,42.495,44.464,44.317,0.000,0.000,41.249,43.243,43.276,0.000,0.000,40.000,0.000,0.000,0.000,0.000,47.638,41.738,43.837,0.000,0.000,48.818,48.346,47.707,0.000,0.000,48.133,49.002,48.069,0.000,0.000,47.112,48.099,47.275,0.000,0.000,46.013,47.125,46.138,0.000,0.000,44.897,46.252,44.953,0.000,0.000,45.525,45.835,43.732,0.000,0.000,44.852,46.330,44.494,0.000,0.000,43.722,45.603,43.669,0.000,0.000,47.696,45.050,42.489,0.000,0.000,48.134,48.143,47.544,0.000,0.000,47.154,47.158,49.003,0.000,0.000,46.175,46.166,48.134,0.000,0.000,45.319,45.190,47.173,0.000,0.000,45.377,44.380,46.371,0.000,0.000,48.880,44.718,46.490,0.000,0.000,49.210,49.014,49.214,0.000,0.000,48.600,48.339,49.912,0.000,0.000,48.095,47.701,49.536,0.000,0.000,47.210,47.148,49.079,0.000,0.000,46.517,46.220,48.241,0.000,0.000,46.443,45.555,47.612,0.000,0.000,42.402,42.153,43.258,44.110,0.000,44.928,41.436,43.752,0.000,0.000,45.027,44.391,45.979,0.000,0.000,45.548,44.137,45.689,0.000,0.000,44.892,46.341,44.750,0.000,0.000,43.730,45.630,43.716,0.000,0.000,42.497,44.478,42.495,0.000,0.000,41.249,43.244,41.249,0.000,0.000,40.000,0.000,0.000,0.000,0.000,49.008,48.188,47.638,0.000,0.000,48.222,48.222,48.818,0.000,0.000,47.263,47.252,48.133,0.000,0.000,46.408,46.300,47.112,0.000,0.000,45.828,45.461,46.013,0.000,0.000,46.401,45.487,44.897,0.000,0.000,45.989,47.193,45.525,0.000,0.000,44.944,46.746,44.852,0.000,0.000,47.922,46.145,43.722,0.000,0.000,47.167,47.239,47.696,0.000,0.000,46.170,46.211,48.134,0.000,0.000,45.176,45.190,47.154,0.000,0.000,44.247,44.184,46.175,0.000,0.000,44.095,43.277,45.319,0.000,0.000,48.361,43.326,45.377,0.000,0.000,48.298,48.231,48.880,0.000,0.000,47.620,47.357,49.210,0.000,0.000,47.087,46.667,48.600,0.000,0.000,46.178,46.142,48.095,0.000,0.000,45.415,45.183,47.210,0.000,0.000,45.333,44.444,46.517,0.000,0.000,41.121,42.092,42.224,43.049,0.000,40.000,0.000,0.000,0.000,0.000,43.889,43.317,44.928,0.000,0.000,46.130,42.990,45.027,0.000,0.000,45.987,46.936,45.548,0.000,0.000,44.945,46.700,44.892,0.000,0.000,43.736,45.674,43.730,0.000,0.000,42.497,44.483,42.497,0.000,0.000,47.626,43.953,41.249,0.000,0.000,48.207,48.090,47.683,0.000,0.000,47.252,47.258,49.008,0.000,0.000,46.286,46.281,48.222,0.000,0.000,45.403,45.303,47.263,0.000,0.000,45.270,44.456,46.408,0.000,0.000,47.023,44.460,45.828,0.000,0.000,47.070,47.864,46.401,0.000,0.000,46.128,47.769,45.989,0.000,0.000,47.233,47.114,44.944,0.000,0.000,46.262,46.627,47.922,0.000,0.000,45.227,45.516,47.167,0.000,0.000,44.199,44.382,46.170,0.000,0.000,43.184,43.253,45.176,0.000,0.000,42.639,42.182,44.247,0.000,0.000,47.500,41.722,44.095,0.000,0.000,47.317,47.258,48.361,0.000,0.000,46.584,46.343,48.298,0.000,0.000,46.081,45.629,47.620,0.000,0.000,45.152,45.138,47.087,0.000,0.000,44.313,44.154,46.178,0.000,0.000,44.222,43.333,45.415,0.000,0.000,41.213,42.919,42.204,42.130,0.000,40.000,0.000,0.000,0.000,0.000,42.559,42.248,43.980,0.000,0.000,46.449,41.605,43.889,0.000,0.000,46.873,46.498,46.130,0.000,0.000,45.963,46.330,45.987,0.000,0.000,44.950,46.701,44.945,0.000,0.000,43.737,45.677,43.736,0.000,0.000,47.741,45.065,42.497,0.000,0.000,47.273,47.383,47.626,0.000,0.000,46.290,46.365,48.207,0.000,0.000,45.294,45.325,47.252,0.000,0.000,44.349,44.304,46.286,0.000,0.000,44.054,43.371,45.403,0.000,0.000,47.437,43.230,45.270,0.000,0.000,48.001,48.213,47.023,0.000,0.000,47.279,48.715,47.070,0.000,0.000,46.816,47.961,46.128,0.000,0.000,45.707,46.951,47.233,0.000,0.000,44.558,45.783,46.262,0.000,0.000,43.408,44.585,45.227,0.000,0.000,42.262,43.357,44.199,0.000,0.000,41.125,42.124,43.184,0.000,0.000,40.000,0.000,0.000,0.000,0.000,46.308,46.270,47.500,0.000,0.000,45.544,45.321,47.317,0.000,0.000,45.074,44.575,46.584,0.000,0.000,44.136,44.155,46.081,0.000,0.000,43.212,43.134,45.152,0.000,0.000,43.111,42.222,44.313,0.000,0.000,42.132,42.222,43.040,42.305,0.000,42.088,41.121,41.213,0.000,0.000,41.209,42.879,43.133,0.000,0.000,40.000,0.000,0.000,0.000,0.000,46.280,45.506,46.449,0.000,0.000,46.767,45.548,46.873,0.000,0.000,46.092,47.473,45.963,0.000,0.000,44.963,46.821,44.950,0.000,0.000,47.250,46.079,43.737,0.000,0.000,46.446,47.023,47.741,0.000,0.000,45.389,45.875,47.273,0.000,0.000,44.342,44.689,46.290,0.000,0.000,43.307,43.473,45.294,0.000,0.000,42.659,42.295,44.349,0.000,0.000,47.516,41.724,44.054,0.000,0.000,48.839,48.394,47.437,0.000,0.000,48.227,49.214,48.001,0.000,0.000,47.298,48.828,47.279,0.000,0.000,46.155,47.899,46.816,0.000,0.000,44.970,46.869,45.707,0.000,0.000,43.739,45.692,44.558,0.000,0.000,42.497,44.484,43.408,0.000,0.000,41.249,43.245,42.262,0.000,0.000,40.000,0.000,0.000,0.000,0.000,45.291,45.272,46.626,0.000,0.000,44.489,44.298,46.308,0.000,0.000,44.086,43.516,45.544,0.000,0.000,43.157,43.421,45.074,0.000,0.000,42.125,42.232,44.136,0.000,0.000,42.000,41.111,43.212,0.000,0.000,41.234,43.108,42.324,43.042,0.000,40.000,0.000,0.000,0.000,0.000,42.388,43.823,42.088,0.000,0.000,45.207,43.590,41.209,0.000,0.000,45.290,44.449,46.027,0.000,0.000,47.296,44.499,46.280,0.000,0.000,47.165,48.062,46.767,0.000,0.000,46.141,47.813,46.092,0.000,0.000,47.095,47.099,44.963,0.000,0.000,46.138,47.755,47.250,0.000,0.000,44.969,46.859,46.446,0.000,0.000,43.738,45.692,45.389,0.000,0.000,42.497,44.481,44.342,0.000,0.000,41.249,43.244,43.307,0.000,0.000,40.000,0.000,0.000,0.000,0.000,49.159,47.734,47.516,0.000,0.000,49.085,49.605,48.839,0.000,0.000,48.259,49.391,48.227,0.000,0.000,47.300,48.847,47.298,0.000,0.000,46.155,47.900,46.155,0.000,0.000,44.970,46.869,44.970,0.000,0.000,43.739,45.692,43.739,0.000,0.000,42.497,44.484,42.497,0.000,0.000,45.092,43.672,41.249,0.000,0.000,44.274,44.278,45.864,0.000,0.000,43.426,43.275,45.291,0.000,0.000,43.342,42.445,44.489,0.000,0.000,42.455,44.131,44.086,0.000,0.000,41.245,43.208,43.157,0.000,0.000,40.000,0.000,0.000,0.000,0.000,42.352,43.301,43.232,42.345,0.000,43.937,43.413,41.234,0.000,0.000,43.543,44.780,43.002,0.000,0.000,44.337,44.282,42.388,0.000,0.000,44.062,43.362,45.207,0.000,0.000,47.627,43.251,45.290,0.000,0.000,48.053,48.303,47.296,0.000,0.000,47.279,48.714,47.165,0.000,0.000,47.972,48.089,46.141,0.000,0.000,47.268,48.656,47.095,0.000,0.000,46.153,47.886,46.138,0.000,0.000,44.962,46.827,44.969,0.000,0.000,43.734,45.662,43.738,0.000,0.000,42.496,44.468,42.497,0.000,0.000,47.150,43.899,41.249,0.000,0.000,49.364,46.913,47.729,0.000,0.000,49.532,49.527,49.159,0.000,0.000,49.131,49.855,49.085,0.000,0.000,48.263,49.420,48.259,0.000,0.000,47.300,48.849,47.300,0.000,0.000,46.155,47.900,46.155,0.000,0.000,44.970,46.869,44.970,0.000,0.000,43.739,45.692,43.739,0.000,0.000,44.324,44.687,42.497,0.000,0.000,43.280,43.471,45.092,0.000,0.000,42.325,42.258,44.274,0.000,0.000,44.006,41.334,43.426,0.000,0.000,43.608,44.846,43.342,0.000,0.000,42.481,44.371,42.455,0.000,0.000,42.369,43.357,41.245,0.000,0.000,43.244,42.424,43.412,43.350,0.000,44.865,44.305,42.352,0.000,0.000,44.291,44.424,43.937,0.000,0.000,43.282,43.346,43.543,0.000,0.000,42.657,42.282,44.337,0.000,0.000,47.601,41.733,44.062,0.000,0.000,48.838,48.392,47.627,0.000,0.000,48.227,49.213,48.053,0.000,0.000,48.849,49.001,47.279,0.000,0.000,48.235,49.292,47.972,0.000,0.000,47.228,48.571,47.268,0.000,0.000,46.090,47.593,46.153,0.000,0.000,44.922,46.582,44.962,0.000,0.000,43.720,45.531,43.734,0.000,0.000,46.417,44.904,42.496,0.000,0.000,49.123,45.894,47.150,0.000,0.000,49.883,49.385,49.364,0.000,0.000,49.599,49.882,49.532,0.000,0.000,49.138,49.898,49.131,0.000,0.000,48.264,49.424,48.263,0.000,0.000,47.300,48.850,47.300,0.000,0.000,46.155,47.900,46.155,0.000,0.000,44.970,46.869,44.970,0.000,0.000,43.739,45.692,43.739,0.000,0.000,42.497,44.484,44.324,0.000,0.000,41.249,43.245,43.280,0.000,0.000,40.000,0.000,0.000,0.000,0.000,44.718,45.609,44.006,0.000,0.000,43.703,45.485,43.608,0.000,0.000,43.602,44.578,42.481,0.000,0.000,43.912,41.324,42.431,43.310,0.000,44.472,44.720,43.244,0.000,0.000,43.442,44.150,44.865,0.000,0.000,42.355,43.308,44.291,0.000,0.000,41.235,43.119,43.282,0.000,0.000,40.000,0.000,0.000,0.000,0.000,49.213,48.223,47.601,0.000,0.000,49.088,49.631,48.838,0.000,0.000,49.435,49.521,48.227,0.000,0.000,48.778,49.089,48.849,0.000,0.000,47.827,48.194,48.235,0.000,0.000,46.836,47.212,47.228,0.000,0.000,45.809,46.228,46.090,0.000,0.000,44.773,45.233,44.922,0.000,0.000,45.377,44.467,43.720,0.000,0.000,48.810,44.707,46.417,0.000,0.000,49.831,49.142,49.123,0.000,0.000,49.982,49.897,49.883,0.000,0.000,49.611,49.947,49.599,0.000,0.000,49.139,49.904,49.138,0.000,0.000,48.264,49.424,48.264,0.000,0.000,47.300,48.850,47.300,0.000,0.000,46.155,47.900,46.155,0.000,0.000,44.970,46.869,44.970,0.000,0.000,43.739,45.692,43.739,0.000,0.000,42.497,44.484,42.497,0.000,0.000,45.498,43.717,41.249,0.000,0.000,45.785,46.398,44.726,0.000,0.000,44.908,46.565,44.718,0.000,0.000,44.819,45.771,43.703,0.000,0.000,40.000,0.000,0.000,0.000,0.000,44.232,44.185,43.912,0.000,0.000,43.407,43.245,44.472,0.000,0.000,43.251,42.428,43.442,0.000,0.000,42.437,44.049,42.355,0.000,0.000,47.633,43.903,41.235,0.000,0.000,49.536,48.231,47.726,0.000,0.000,49.543,49.630,49.213,0.000,0.000,49.139,49.224,49.088,0.000,0.000,48.257,48.389,49.435,0.000,0.000,47.273,47.383,48.778,0.000,0.000,46.290,46.363,47.827,0.000,0.000,45.294,45.324,46.836,0.000,0.000,44.348,44.304,45.809,0.000,0.000,44.103,43.377,44.773,0.000,0.000,48.420,43.336,45.377,0.000,0.000,49.771,48.846,48.810,0.000,0.000,49.974,49.850,49.831,0.000,0.000,49.998,49.987,49.982,0.000,0.000,49.612,49.956,49.611,0.000,0.000,49.139,49.904,49.139,0.000,0.000,48.264,49.424,48.264,0.000,0.000,47.300,48.850,47.300,0.000,0.000,46.155,47.900,46.155,0.000,0.000,44.970,46.869,44.970,0.000,0.000,43.739,45.692,43.739,0.000,0.000,46.300,44.907,42.497,0.000,0.000,46.823,47.225,45.498,0.000,0.000,46.077,47.568,45.785,0.000,0.000,46.007,46.937,44.908,0.000,0.000,43.362,36.825,37.732,40.637,0.000,43.229,43.262,44.013,0.000,0.000,42.314,42.231,44.232,0.000,0.000,43.925,41.325,43.407,0.000,0.000,43.585,44.774,43.251,0.000,0.000,47.720,44.932,42.437,0.000,0.000,49.494,48.317,47.633,0.000,0.000,49.263,49.493,49.536,0.000,0.000,48.469,48.978,49.543,0.000,0.000,47.469,48.047,49.139,0.000,0.000,46.441,46.997,48.257,0.000,0.000,45.386,45.852,47.273,0.000,0.000,44.341,44.679,46.290,0.000,0.000,43.307,43.473,45.294,0.000,0.000,42.656,42.294,44.348,0.000,0.000,47.957,41.773,44.103,0.000,0.000,49.682,48.459,48.420,0.000,0.000,49.964,49.789,49.771,0.000,0.000,49.997,49.979,49.974,0.000,0.000,50.000,49.998,49.998,0.000,0.000,49.613,49.957,49.612,0.000,0.000,49.139,49.904,49.139,0.000,0.000,48.264,49.424,48.264,0.000,0.000,47.300,48.850,47.300,0.000,0.000,46.155,47.900,46.155,0.000,0.000,44.969,46.861,44.970,0.000,0.000,47.141,46.070,43.739,0.000,0.000,47.783,48.005,46.300,0.000,0.000,47.218,48.539,46.823,0.000,0.000,47.155,47.971,46.077,0.000,0.000,42.394,35.414,36.144,37.233,0.000,42.325,43.162,43.362,0.000,0.000,41.227,43.040,43.229,0.000,0.000,40.000,0.000,0.000,0.000,0.000,44.690,45.541,43.925,0.000,0.000,47.921,45.932,43.585,0.000,0.000,49.412,48.535,47.720,0.000,0.000,49.041,49.041,49.494,0.000,0.000,48.259,49.381,49.263,0.000,0.000,47.236,48.589,48.469,0.000,0.000,46.101,47.628,47.469,0.000,0.000,44.936,46.646,46.441,0.000,0.000,43.728,45.604,45.386,0.000,0.000,42.496,44.474,44.341,0.000,0.000,41.249,43.244,43.307,0.000,0.000,40.000,0.000,0.000,0.000,0.000,49.601,48.268,47.957,0.000,0.000,49.949,49.727,49.682,0.000,0.000,49.994,49.966,49.964,0.000,0.000,50.000,49.997,49.997,0.000,0.000,50.000,50.000,50.000,0.000,0.000,49.613,49.957,49.613,0.000,0.000,49.139,49.904,49.139,0.000,0.000,48.264,49.424,48.264,0.000,0.000,47.275,48.690,47.300,0.000,0.000,46.142,47.784,46.155,0.000,0.000,47.939,47.191,44.969,0.000,0.000,48.715,48.799,47.141,0.000,0.000,48.198,49.197,47.783,0.000,0.000,48.167,48.917,47.218,0.000,0.000,42.233,33.963,34.688,35.861,0.000,43.212,42.775,42.394,0.000,0.000,42.408,43.910,42.325,0.000,0.000,45.422,43.616,41.227,0.000,0.000,45.756,46.333,44.652,0.000,0.000,48.257,46.913,44.690,0.000,0.000,48.977,48.468,47.921,0.000,0.000,49.407,48.488,49.412,0.000,0.000,48.793,49.076,49.041,0.000,0.000,47.860,48.182,48.259,0.000,0.000,46.900,47.225,47.236,0.000,0.000,45.898,46.377,46.101,0.000,0.000,44.871,46.068,44.936,0.000,0.000,43.728,45.604,43.728,0.000,0.000,42.496,44.474,42.496,0.000,0.000,47.641,43.954,41.249,0.000,0.000,49.537,48.238,47.700,0.000,0.000,49.931,49.674,49.601,0.000,0.000,49.992,49.958,49.949,0.000,0.000,49.999,49.995,49.994,0.000,0.000,50.000,50.000,50.000,0.000,0.000,50.000,50.000,50.000,0.000,0.000,49.613,49.957,49.613,0.000,0.000,48.882,49.000,49.139,0.000,0.000,47.997,48.056,48.264,0.000,0.000,47.121,47.310,47.275,0.000,0.000,48.683,47.673,46.142,0.000,0.000,49.308,49.196,47.939,0.000,0.000,49.094,49.761,48.715,0.000,0.000,49.066,49.513,48.198,0.000,0.000,41.567,32.336,33.090,34.380,0.000,43.891,42.233,42.233,0.000,0.000,43.524,44.595,43.212,0.000,0.000,46.213,44.679,42.408,0.000,0.000,46.789,47.143,45.422,0.000,0.000,48.338,47.806,45.756,0.000,0.000,48.283,47.554,48.257,0.000,0.000,48.930,47.480,48.977,0.000,0.000,48.222,48.222,49.407,0.000,0.000,47.264,47.253,48.793,0.000,0.000,46.422,46.301,47.860,0.000,0.000,46.137,45.491,46.900,0.000,0.000,45.778,45.290,45.898,0.000,0.000,44.923,46.536,44.871,0.000,0.000,43.732,45.636,43.728,0.000,0.000,47.740,45.061,42.496,0.000,0.000,49.497,48.334,47.641,0.000,0.000,49.922,49.668,49.537,0.000,0.000,49.990,49.951,49.931,0.000,0.000,49.999,49.995,49.992,0.000,0.000,50.000,50.000,49.999,0.000,0.000,50.000,50.000,50.000,0.000,0.000,49.015,49.013,50.000,0.000,0.000,48.060,48.030,49.613,0.000,0.000,47.307,47.088,48.882,0.000,0.000,47.424,46.436,47.997,0.000,0.000,48.926,46.875,47.121,0.000,0.000,49.794,49.390,48.683,0.000,0.000,49.609,49.929,49.308,0.000,0.000,49.612,49.955,49.094,0.000,0.000,40.752,30.557,31.357,32.754,0.000,44.378,41.567,41.567,0.000,0.000,44.555,45.090,43.891,0.000,0.000,47.018,45.664,43.524,0.000,0.000,47.758,47.909,46.213,0.000,0.000,47.443,47.285,46.789,0.000,0.000,47.210,46.501,48.338,0.000,0.000,48.016,46.369,48.283,0.000,0.000,47.252,47.257,48.930,0.000,0.000,46.285,46.281,48.222,0.000,0.000,45.398,45.302,47.264,0.000,0.000,45.140,44.431,46.422,0.000,0.000,46.463,44.267,46.137,0.000,0.000,46.013,47.125,45.778,0.000,0.000,44.896,46.252,44.923,0.000,0.000,47.957,46.105,43.732,0.000,0.000,49.518,48.576,47.740,0.000,0.000,49.918,49.689,49.497,0.000,0.000,49.991,49.958,49.922,0.000,0.000,49.999,49.996,49.990,0.000,0.000,50.000,50.000,49.999,0.000,0.000,49.012,49.012,50.000,0.000,0.000,48.026,48.025,50.000,0.000,0.000,47.057,47.031,49.015,0.000,0.000,46.286,46.076,48.060,0.000,0.000,46.481,45.382,47.307,0.000,0.000,48.955,45.886,47.424,0.000,0.000,49.912,49.457,48.926,0.000,0.000,49.993,49.952,49.794,0.000,0.000,49.998,49.996,49.609,0.000,0.000,39.818,28.636,29.473,30.992,0.000,44.668,40.752,40.752,0.000,0.000,45.485,45.408,44.378,0.000,0.000,47.773,46.536,44.555,0.000,0.000,47.263,47.249,47.018,0.000,0.000,46.398,46.282,47.758,0.000,0.000,46.081,45.431,47.443,0.000,0.000,47.026,45.179,47.210,0.000,0.000,46.287,46.343,48.016,0.000,0.000,45.294,45.323,47.252,0.000,0.000,44.337,44.300,46.285,0.000,0.000,43.921,43.347,45.398,0.000,0.000,46.790,42.999,45.140,0.000,0.000,46.408,46.299,46.463,0.000,0.000,45.828,45.465,46.013,0.000,0.000,48.158,45.755,44.896,0.000,0.000,49.558,48.738,47.957,0.000,0.000,49.932,49.756,49.518,0.000,0.000,49.992,49.968,49.918,0.000,0.000,50.000,50.000,49.991,0.000,0.000,49.013,49.015,49.999,0.000,0.000,48.025,48.026,50.000,0.000,0.000,47.028,47.028,49.012,0.000,0.000,46.048,46.032,48.026,0.000,0.000,45.224,45.058,47.057,0.000,0.000,45.367,44.289,46.286,0.000,0.000,48.880,44.718,46.481,0.000,0.000,49.865,49.214,48.955,0.000,0.000,49.986,49.912,49.912,0.000,0.000,49.995,49.992,49.993,0.000,0.000,38.739,26.558,27.443,29.079,0.000,44.777,39.810,39.818,0.000,0.000,46.286,45.525,44.668,0.000,0.000,47.233,47.114,45.485,0.000,0.000,46.267,46.262,47.773,0.000,0.000,45.342,45.273,47.263,0.000,0.000,44.883,44.354,46.398,0.000,0.000,46.085,43.964,46.081,0.000,0.000,45.363,45.657,47.026,0.000,0.000,44.336,44.667,46.287,0.000,0.000,43.297,43.471,45.294,0.000,0.000,42.498,42.277,44.337,0.000,0.000,45.757,41.529,43.921,0.000,0.000,45.406,45.303,46.790,0.000,0.000,45.345,44.464,46.408,0.000,0.000,48.190,44.622,45.828,0.000,0.000,49.631,48.810,48.158,0.000,0.000,49.947,49.804,49.558,0.000,0.000,49.999,49.993,49.932,0.000,0.000,49.018,49.041,49.992,0.000,0.000,48.029,48.053,50.000,0.000,0.000,47.030,47.045,49.013,0.000,0.000,46.031,46.038,48.025,0.000,0.000,45.036,45.031,47.028,0.000,0.000,44.142,44.040,46.048,0.000,0.000,44.084,43.176,45.224,0.000,0.000,48.489,43.347,45.367,0.000,0.000,49.789,48.880,48.880,0.000,0.000,49.978,49.865,49.865,0.000,0.000,49.991,49.985,49.986,0.000,0.000,37.537,24.323,25.255,27.018,0.000,44.685,38.722,38.739,0.000,0.000,46.866,45.002,44.777,0.000,0.000,46.249,46.144,46.286,0.000,0.000,45.266,45.280,47.233,0.000,0.000,44.286,44.266,46.267,0.000,0.000,43.653,43.290,45.342,0.000,0.000,45.362,42.704,44.883,0.000,0.000,44.712,44.746,46.085,0.000,0.000,43.713,45.474,45.363,0.000,0.000,42.495,44.462,44.336,0.000,0.000,41.249,43.243,43.297,0.000,0.000,40.000,0.000,0.000,0.000,0.000,44.348,44.302,45.757,0.000,0.000,44.087,43.374,45.406,0.000,0.000,48.107,43.305,45.345,0.000,0.000,49.665,48.696,48.190,0.000,0.000,49.979,49.865,49.631,0.000,0.000,49.058,49.172,49.947,0.000,0.000,48.074,48.214,49.999,0.000,0.000,47.063,47.190,49.018,0.000,0.000,46.052,46.158,48.029,0.000,0.000,45.040,45.113,47.030,0.000,0.000,44.032,44.066,46.031,0.000,0.000,43.059,43.029,45.036,0.000,0.000,42.634,42.070,44.142,0.000,0.000,47.989,41.777,44.084,0.000,0.000,49.700,48.489,48.489,0.000,0.000,49.963,49.789,49.789,0.000,0.000,49.984,49.977,49.978,0.000,0.000,36.193,21.923,22.908,24.798,0.000,43.950,37.405,37.537,0.000,0.000,45.908,44.122,44.685,0.000,0.000,45.265,45.132,46.866,0.000,0.000,44.283,44.434,46.249,0.000,0.000,43.265,43.426,45.266,0.000,0.000,42.357,42.245,44.286,0.000,0.000,44.375,41.375,43.653,0.000,0.000,45.480,43.769,45.362,0.000,0.000,44.748,45.067,44.712,0.000,0.000,43.715,45.501,43.713,0.000,0.000,42.495,44.464,42.495,0.000,0.000,44.216,43.573,41.249,0.000,0.000,43.305,43.462,44.986,0.000,0.000,42.659,42.294,44.348,0.000,0.000,47.817,41.757,44.087,0.000,0.000,49.700,48.489,48.107,0.000,0.000,49.223,49.510,49.665,0.000,0.000,48.278,48.645,49.979,0.000,0.000,47.255,47.647,49.058,0.000,0.000,46.223,46.642,48.074,0.000,0.000,45.176,45.609,47.063,0.000,0.000,44.125,44.561,46.052,0.000,0.000,43.070,43.437,45.040,0.000,0.000,42.025,42.223,44.032,0.000,0.000,41.000,41.000,43.059,0.000,0.000,40.000,0.000,0.000,0.000,0.000,49.599,48.246,47.989,0.000,0.000,49.948,49.725,49.700,0.000,0.000,49.974,49.964,49.963,0.000,0.000,34.670,19.338,20.392,22.418,0.000,43.022,36.007,36.193,0.000,0.000,44.909,43.251,43.950,0.000,0.000,44.415,44.116,45.908,0.000,0.000,43.453,43.507,45.265,0.000,0.000,42.446,44.170,44.283,0.000,0.000,41.231,43.079,43.265,0.000,0.000,40.000,0.000,0.000,0.000,0.000,44.826,42.574,44.375,0.000,0.000,45.547,44.137,45.480,0.000,0.000,44.892,46.341,44.748,0.000,0.000,43.730,45.630,43.715,0.000,0.000,43.606,44.601,42.495,0.000,0.000,42.483,44.367,44.216,0.000,0.000,41.248,43.234,43.305,0.000,0.000,40.000,0.000,0.000,0.000,0.000,49.401,48.246,47.817,0.000,0.000,48.733,49.070,49.700,0.000,0.000,47.740,48.088,49.223,0.000,0.000,46.739,47.098,48.278,0.000,0.000,45.713,46.110,47.255,0.000,0.000,44.681,45.205,46.223,0.000,0.000,43.621,44.728,45.176,0.000,0.000,42.485,44.379,44.125,0.000,0.000,41.248,43.234,43.070,0.000,0.000,40.000,0.000,0.000,0.000,0.000,47.571,43.530,41.000,0.000,0.000,49.528,48.175,47.704,0.000,0.000,49.929,49.666,49.599,0.000,0.000,49.961,49.954,49.948,0.000,0.000,33.070,16.590,17.693,19.867,0.000,42.098,34.534,34.670,0.000,0.000,43.895,42.420,43.022,0.000,0.000,43.466,43.079,44.909,0.000,0.000,44.178,42.514,44.415,0.000,0.000,43.386,43.991,43.453,0.000,0.000,42.310,42.945,42.446,0.000,0.000,42.264,42.029,41.231,0.000,0.000,43.664,41.296,43.423,0.000,0.000,46.130,42.990,44.826,0.000,0.000,45.987,46.936,45.547,0.000,0.000,44.948,46.734,44.892,0.000,0.000,44.734,45.790,43.730,0.000,0.000,43.706,45.499,43.606,0.000,0.000,42.493,44.456,42.483,0.000,0.000,47.640,43.952,41.248,0.000,0.000,49.008,48.179,47.729,0.000,0.000,48.133,48.140,49.401,0.000,0.000,47.143,47.145,48.733,0.000,0.000,46.159,46.152,47.740,0.000,0.000,45.260,45.170,46.739,0.000,0.000,44.801,44.278,45.713,0.000,0.000,44.535,43.888,44.681,0.000,0.000,43.686,45.314,43.621,0.000,0.000,42.491,44.438,42.485,0.000,0.000,43.071,43.443,41.248,0.000,0.000,47.613,44.464,42.025,0.000,0.000,49.476,48.221,47.571,0.000,0.000,49.919,49.650,49.528,0.000,0.000,49.952,49.945,49.929,0.000,0.000,31.374,13.666,14.820,17.133,0.000,41.207,32.981,33.070,0.000,0.000,42.873,41.615,42.098,0.000,0.000,42.276,42.031,43.895,0.000,0.000,43.760,41.307,43.466,0.000,0.000,43.067,43.407,44.178,0.000,0.000,42.024,42.220,43.386,0.000,0.000,41.000,41.000,42.310,0.000,0.000,40.000,0.000,0.000,0.000,0.000,46.449,41.605,43.664,0.000,0.000,47.000,47.339,46.130,0.000,0.000,46.118,47.690,45.987,0.000,0.000,45.860,46.947,44.948,0.000,0.000,44.913,46.611,44.734,0.000,0.000,43.732,45.657,43.706,0.000,0.000,47.740,45.061,42.493,0.000,0.000,48.146,48.184,47.640,0.000,0.000,47.151,47.200,49.008,0.000,0.000,46.154,46.180,48.133,0.000,0.000,45.159,45.167,47.143,0.000,0.000,44.207,44.161,46.159,0.000,0.000,43.742,43.217,45.260,0.000,0.000,45.217,42.815,44.801,0.000,0.000,44.833,46.047,44.535,0.000,0.000,43.722,45.583,43.686,0.000,0.000,44.136,44.653,42.491,0.000,0.000,47.771,45.426,43.071,0.000,0.000,49.482,48.411,47.613,0.000,0.000,49.912,49.660,49.476,0.000,0.000,49.944,49.948,49.919,0.000,0.000,29.575,10.556,11.760,14.223,0.000,40.332,31.325,31.374,0.000,0.000,41.874,40.864,41.207,0.000,0.000,41.000,41.000,42.873,0.000,0.000,40.000,0.000,0.000,0.000,0.000,42.451,44.097,43.760,0.000,0.000,41.245,43.205,43.067,0.000,0.000,40.000,0.000,0.000,0.000,0.000,41.202,42.822,41.000,0.000,0.000,40.000,0.000,0.000,0.000,0.000,47.864,47.688,46.449,0.000,0.000,47.249,48.576,47.000,0.000,0.000,46.949,47.955,46.118,0.000,0.000,46.096,47.683,45.860,0.000,0.000,44.959,46.821,44.913,0.000,0.000,47.964,46.162,43.732,0.000,0.000,47.239,47.505,47.740,0.000,0.000,46.212,46.437,48.146,0.000,0.000,45.190,45.364,47.151,0.000,0.000,44.170,44.288,46.154,0.000,0.000,43.157,43.205,45.159,0.000,0.000,42.474,42.151,44.207,0.000,0.000,45.679,41.520,43.742,0.000,0.000,45.898,46.551,45.217,0.000,0.000,44.933,46.659,44.833,0.000,0.000,45.211,45.835,43.722,0.000,0.000,48.070,46.413,44.136,0.000,0.000,49.524,48.687,47.771,0.000,0.000,49.925,49.730,49.482,0.000,0.000,49.950,49.961,49.912,0.000,0.000,27.649,7.247,8.506,11.125,0.000,39.495,29.557,29.575,0.000,0.000,40.905,40.149,40.332,0.000,0.000,40.000,0.000,0.000,0.000,0.000,44.171,43.113,41.000,0.000,0.000,43.621,44.994,43.305,0.000,0.000,42.482,44.381,42.451,0.000,0.000,43.070,43.435,41.245,0.000,0.000,42.389,43.883,42.024,0.000,0.000,47.239,43.817,41.202,0.000,0.000,48.674,48.129,46.863,0.000,0.000,48.194,49.097,47.864,0.000,0.000,47.993,48.885,47.249,0.000,0.000,47.228,48.625,46.949,0.000,0.000,46.155,47.900,46.096,0.000,0.000,47.495,47.150,44.959,0.000,0.000,46.539,47.136,47.964,0.000,0.000,45.465,46.095,47.239,0.000,0.000,44.386,45.059,46.212,0.000,0.000,43.302,44.031,45.190,0.000,0.000,42.211,43.011,44.170,0.000,0.000,41.111,42.000,43.157,0.000,0.000,40.000,0.000,0.000,0.000,0.000,46.900,47.105,45.679,0.000,0.000,46.103,47.626,45.898,0.000,0.000,46.292,46.983,44.933,0.000,0.000,48.450,47.392,45.211,0.000,0.000,49.636,49.078,48.070,0.000,0.000,49.948,49.833,49.524,0.000,0.000,49.966,49.996,49.925,0.000,0.000,25.583,3.731,5.045,7.830,0.000,38.676,27.649,27.649,0.000,0.000,41.597,39.495,39.495,0.000,0.000,42.933,42.551,40.905,0.000,0.000,45.041,44.043,41.986,0.000,0.000,44.760,45.891,44.171,0.000,0.000,43.708,45.523,43.621,0.000,0.000,44.133,44.641,42.482,0.000,0.000,43.563,44.957,43.070,0.000,0.000,47.711,44.912,42.389,0.000,0.000,49.105,48.267,47.239,0.000,0.000,49.061,49.569,48.674,0.000,0.000,48.871,49.444,48.194,0.000,0.000,48.263,49.420,47.993,0.000,0.000,47.267,48.548,47.228,0.000,0.000,47.255,47.612,46.155,0.000,0.000,46.211,46.516,47.495,0.000,0.000,45.173,45.414,46.539,0.000,0.000,44.143,44.312,45.465,0.000,0.000,43.122,43.211,44.386,0.000,0.000,42.111,42.111,43.302,0.000,0.000,42.000,41.111,42.211,0.000,0.000,46.718,43.413,41.111,0.000,0.000,47.793,47.607,46.180,0.000,0.000,47.230,48.517,46.900,0.000,0.000,47.341,47.990,46.103,0.000,0.000,48.936,48.366,46.292,0.000,0.000,49.783,49.503,48.450,0.000,0.000,50.000,50.000,49.636,0.000,0.000,50.000,50.000,49.948,0.000,0.000,0.000,0.000,0.000,0.000,0.000,37.936,27.567,25.583,0.000,0.000,42.176,39.559,38.676,0.000,0.000,43.777,42.645,41.597,0.000,0.000,45.821,44.130,42.933,0.000,0.000,45.779,46.004,45.041,0.000,0.000,44.809,45.646,44.760,0.000,0.000,45.088,44.747,43.708,0.000,0.000,44.620,45.074,44.133,0.000,0.000,47.802,44.923,43.563,0.000,0.000,49.486,48.309,47.711,0.000,0.000,49.527,49.621,49.105,0.000,0.000,49.560,49.521,49.061,0.000,0.000,48.794,49.479,48.871,0.000,0.000,47.762,48.603,48.263,0.000,0.000,46.665,47.546,47.267,0.000,0.000,45.555,46.443,47.255,0.000,0.000,44.444,45.333,46.211,0.000,0.000,43.333,44.222,45.173,0.000,0.000,42.222,43.111,44.143,0.000,0.000,41.111,42.000,43.122,0.000,0.000,40.000,0.000,0.000,0.000,0.000,47.125,43.458,42.000,0.000,0.000,48.569,47.693,46.718,0.000,0.000,48.132,48.618,47.793,0.000,0.000,48.272,48.094,47.230,0.000,0.000,49.351,48.412,47.341,0.000,0.000,49.947,49.521,48.936,0.000,0.000,50.000,50.000,49.783,0.000,0.000,50.000,50.000,50.000,0.000,0.000,
