States
898
Policy
[south, south, west, west, south, south, south, south, south, west, south, south, south, south, south, south, south, south, south, south, south, south, south, south, south, west, west, west, west, south, south, south, south, south, south, south, south, south, south, south, south, south, south, south, south, south, south, south, south, south, south, south, south, south, south, south, west, west, south, south, south, south, south, south, south, south, south, south, south, south, south, south, south, south, south, south, south, south, south, south, south, south, south, south, south, south, south, south, south, south, south, south, south, south, south, south, south, south, south, south, south, south, south, south, south, south, south, south, south, south, south, south, south, south, south, south, south, south, south, south, south, south, west, west, south, south, south, south, south, south, south, south, south, south, south, south, south, south, south, south, south, south, south, south, south, south, south, south, south, south, south, south, west, west, south, south, south, south, south, west, south, south, south, south, south, south, south, south, south, south, south, south, south, south, south, south, south, south, south, south, south, south, obstacle, obstacle, obstacle, obstacle, west, south, west, west, west, south, south, south, south, south, south, south, south, south, south, south, south, south, south, south, south, south, south, south, south, west, west, west, west, west, east, obstacle, west, west, west, south, south, south, south, south, south, south, south, south, south, south, south, south, south, south, west, south, south, south, south, south, obstacle, south, south, west, west, north, south, west, west, south, south, south, south, south, east, east, south, south, south, south, south, south, south, west, west, west, west, south, south, west, west, west, west, west, west, obstacle, south, west, south, south, south, west, west, south, east, east, east, obstacle, west, west, south, south, west, west, west, west, west, south, south, west, obstacle, south, west, obstacle, obstacle, obstacle, obstacle, west, west, east, obstacle, west, west, south, east, east, east, obstacle, west, east, south, west, west, west, west, west, west, west, south, south, obstacle, south, west, west, west, south, south, west, west, north, north, west, south, south, south, south, north, north, north, east, obstacle, west, west, west, west, west, west, west, south, south, south, west, obstacle, obstacle, south, south, south, south, south, south, north, south, south, south, south, south, west, north, north, north, north, north, west, west, south, south, west, south, south, south, west, west, obstacle, obstacle, south, south, south, south, south, south, south, south, east, obstacle, west, south, west, west, west, north, north, north, north, south, south, south, south, south, south, south, west, west, obstacle, obstacle, south, south, south, west, west, obstacle, west, south, west, north, east, obstacle, west, west, west, north, north, north, east, south, south, south, south, south, south, south, west, obstacle, south, west, south, south, south, west, west, west, south, obstacle, west, west, east, obstacle, west, west, west, west, north, east, east, south, south, south, west, west, south, west, west, west, west, obstacle, south, south, west, west, west, west, south, south, south, south, north, north, west, west, west, west, east, east, east, east, obstacle, west, west, west, south, west, obstacle, north, north, obstacle, south, south, south, obstacle, north, east, south, south, south, south, south, south, west, west, west, east, east, east, south, south, north, west, west, west, south, west, west, obstacle, obstacle, east, south, south, west, west, obstacle, obstacle, south, west, south, south, south, obstacle, west, west, west, east, east, east, south, obstacle, west, west, west, west, south, west, obstacle, obstacle, east, south, south, west, obstacle, east, south, south, obstacle, south, south, south, obstacle, west, west, west, east, east, east, obstacle, west, west, west, west, west, south, west, west, obstacle, south, obstacle, south, south, west, west, obstacle, south, south, south, south, west, west, south, south, west, west, west, east, north, north, north, north, west, west, north, south, west, obstacle, south, south, obstacle, south, west, west, obstacle, east, east, south, south, south, west, west, south, south, south, west, west, west, north, north, north, north, west, west, north, south, south, obstacle, south, west, south, west, west, west, obstacle, east, east, south, south, west, west, south, south, south, south, west, west, west, west, north, north, west, west, west, north, south, south, south, west, obstacle, south, south, obstacle, obstacle, obstacle, obstacle, south, south, south, obstacle, south, south, south, south, west, west, west, west, west, west, west, west, west, west, south, south, south, obstacle, south, south, south, obstacle, south, obstacle, south, obstacle, south, south, south, south, south, south, west, west, west, west, west, west, west, west, west, west, west, south, south, south, south, south, south, south, south, south, south, south, south, south, south, south, west, west, west, west, west, west, west, west, west, west, west, west, west, west, west, south, south, south, south, west, west, west, west, west, west, west, west, west, west, west, west, west, west, west, west, west, west, west, west, west, west, west, west, west, west, west, south, south, west, west, west, west, west, west, west, west, west, west, west, west, west, west, west, west, west, west, west, west, west, west, west, west, west, west, west, west, south, south, west, west, west, west, west, west, west, west, west, west, west, west, west, west, west, west, west, west, west, west, west, west, west, west, west, west, west, west, null, west, west, west, west, west, west, west, west, west, west, west, west, west, west, west, west, west, west, west, west, west, west, west, west, west, west, west, west, west]
Alpha value
1.0
Max number of actions
5
34.178,32.329,33.325,33.325,0.000,35.246,33.313,33.429,34.282,0.000,36.346,34.449,34.426,35.391,0.000,37.155,35.546,35.528,36.482,0.000,37.501,36.304,36.580,37.252,0.000,38.286,36.590,37.323,37.572,0.000,38.633,37.414,37.648,38.362,0.000,39.571,37.727,38.442,38.713,0.000,40.649,38.717,38.827,39.685,0.000,41.734,39.844,39.829,40.793,0.000,42.426,40.915,40.924,41.865,0.000,42.253,41.562,41.935,42.496,0.000,42.908,41.281,42.521,42.278,0.000,43.823,42.008,42.350,42.980,0.000,44.429,42.980,43.089,43.932,0.000,44.011,43.554,43.985,44.482,0.000,43.069,43.011,44.430,43.959,0.000,42.018,41.984,43.836,42.947,0.000,41.277,40.912,42.817,41.889,0.000,41.791,40.207,41.827,41.215,0.000,42.593,40.871,41.266,41.842,0.000,43.043,41.738,41.936,42.688,0.000,43.926,42.149,42.773,43.129,0.000,45.001,43.067,43.242,44.038,0.000,46.108,44.179,44.180,45.143,0.000,47.224,45.326,45.292,46.258,0.000,48.340,46.474,46.408,47.374,0.000,49.449,47.619,47.523,48.490,0.000,50.409,48.726,48.632,49.591,0.000,50.506,49.576,49.689,50.506,0.000,33.136,31.222,32.256,33.215,0.000,34.231,32.237,32.362,34.174,0.000,35.338,33.379,33.388,35.285,0.000,36.136,34.488,34.515,36.377,0.000,36.449,35.250,35.572,37.146,0.000,37.266,35.500,36.303,37.465,0.000,37.576,36.361,36.595,38.254,0.000,38.531,36.631,37.421,38.605,0.000,39.628,37.641,37.770,39.578,0.000,40.712,38.775,38.790,40.686,0.000,41.421,39.859,39.906,41.760,0.000,41.186,40.524,40.914,42.390,0.000,41.864,40.173,41.514,42.170,0.000,42.798,40.928,41.282,42.872,0.000,43.429,41.923,42.047,43.826,0.000,42.993,42.522,42.964,44.378,0.000,42.037,41.956,43.431,43.854,0.000,40.971,40.914,42.816,42.840,0.000,40.197,39.828,41.781,41.779,0.000,40.746,39.087,40.777,41.106,0.000,41.570,39.792,40.187,41.733,0.000,41.992,40.683,40.894,42.580,0.000,42.884,41.059,41.751,43.022,0.000,43.964,41.989,42.189,43.930,0.000,45.104,43.107,43.139,45.037,0.000,46.253,44.257,44.259,46.153,0.000,47.400,45.409,45.407,47.271,0.000,48.514,46.558,46.556,48.389,0.000,49.411,47.668,47.692,49.489,0.000,49.509,48.541,48.754,50.405,0.000,32.057,30.115,31.150,32.110,0.000,33.160,31.161,31.258,33.097,0.000,34.278,32.309,32.313,34.236,0.000,35.082,33.429,33.447,35.335,0.000,35.360,34.196,34.512,36.091,0.000,36.213,34.407,35.247,36.377,0.000,36.481,35.310,35.505,37.198,0.000,37.455,35.533,36.367,37.512,0.000,38.557,36.565,36.675,38.501,0.000,39.655,37.705,37.716,39.631,0.000,40.383,38.802,38.838,40.704,0.000,40.082,39.489,39.857,41.349,0.000,40.783,39.063,40.472,41.066,0.000,41.738,39.848,40.175,41.792,0.000,42.396,40.866,40.970,42.769,0.000,41.940,41.493,41.909,43.344,0.000,40.970,40.902,42.398,42.800,0.000,39.889,39.844,41.760,41.770,0.000,39.078,38.744,40.708,40.694,0.000,39.665,37.964,39.691,39.988,0.000,40.513,38.714,39.069,40.654,0.000,40.904,39.630,39.817,41.523,0.000,41.805,39.968,40.695,41.934,0.000,42.891,40.911,41.100,42.851,0.000,44.033,42.034,42.062,43.965,0.000,45.185,43.185,43.188,45.114,0.000,46.335,44.338,44.339,46.265,0.000,47.455,45.488,45.490,47.412,0.000,48.374,46.606,46.630,48.518,0.000,48.471,47.502,47.695,49.370,0.000,30.978,29.006,30.042,31.003,0.000,32.088,30.086,30.152,32.020,0.000,33.218,31.239,31.239,33.166,0.000,34.030,32.370,32.378,34.275,0.000,34.268,33.145,33.453,35.036,0.000,35.162,33.310,34.193,35.287,0.000,35.384,34.263,34.412,36.145,0.000,36.379,34.433,35.315,36.416,0.000,37.486,35.490,35.577,37.425,0.000,38.596,36.636,36.642,38.562,0.000,39.349,37.746,37.770,39.648,0.000,38.975,38.457,38.800,40.310,0.000,39.703,37.948,39.433,39.958,0.000,40.677,38.768,39.065,40.711,0.000,41.364,39.808,39.894,41.712,0.000,40.887,40.465,40.853,42.313,0.000,39.902,39.847,41.367,41.746,0.000,38.808,38.774,40.703,40.700,0.000,37.957,37.661,39.635,39.610,0.000,38.584,36.837,38.606,38.867,0.000,39.458,37.637,37.949,39.575,0.000,39.814,38.579,38.741,40.468,0.000,40.727,38.875,39.640,40.844,0.000,41.817,39.833,40.008,41.773,0.000,42.961,40.962,40.984,42.892,0.000,44.113,42.114,42.116,44.042,0.000,45.264,43.267,43.267,45.195,0.000,46.392,44.418,44.420,46.344,0.000,47.333,45.543,45.561,47.457,0.000,47.432,46.463,46.634,48.332,0.000,29.901,27.896,28.933,29.895,0.000,31.015,29.012,29.046,30.944,0.000,32.160,30.229,30.168,32.098,0.000,32.981,31.378,31.311,33.219,0.000,33.173,32.095,32.393,33.983,0.000,34.115,32.211,33.140,34.194,0.000,34.285,33.220,33.316,35.094,0.000,35.303,33.330,34.267,35.318,0.000,36.414,34.415,34.477,36.349,0.000,37.538,35.565,35.568,37.492,0.000,38.318,36.688,36.702,38.592,0.000,37.864,37.429,37.743,39.275,0.000,38.623,36.829,38.398,38.847,0.000,39.616,37.689,37.950,39.631,0.000,40.334,38.750,38.818,40.655,0.000,39.834,39.439,39.798,41.283,0.000,38.834,38.792,40.338,40.692,0.000,37.728,37.704,39.646,39.630,0.000,36.833,36.580,38.563,38.526,0.000,37.504,35.708,37.521,37.744,0.000,38.405,36.560,36.826,38.497,0.000,38.722,37.531,37.666,39.415,0.000,39.650,37.780,38.588,39.753,0.000,40.744,38.756,38.915,40.695,0.000,41.889,39.890,39.907,41.820,0.000,43.042,41.042,41.044,42.971,0.000,44.194,42.196,42.196,44.124,0.000,45.327,43.348,43.349,45.275,0.000,46.292,44.479,44.492,46.394,0.000,46.393,45.424,45.573,47.292,0.000,28.824,26.785,27.823,28.786,0.000,30.001,27.939,27.941,29.871,0.000,31.229,30.942,29.162,31.093,0.000,31.959,31.007,30.324,32.187,0.000,32.077,31.048,31.399,32.933,0.000,33.071,31.108,32.089,33.097,0.000,33.184,32.180,32.216,34.047,0.000,34.228,32.224,33.222,34.218,0.000,35.342,33.342,33.374,35.273,0.000,36.479,34.497,34.495,36.422,0.000,37.290,35.631,35.634,37.535,0.000,36.750,36.406,36.685,38.244,0.000,37.543,35.705,37.365,37.732,0.000,38.554,36.610,36.832,38.551,0.000,39.307,37.692,37.742,39.597,0.000,38.780,38.415,38.742,40.255,0.000,37.767,37.736,39.310,39.637,0.000,36.649,36.634,38.588,38.560,0.000,35.705,35.499,37.490,37.443,0.000,36.424,34.575,36.437,36.618,0.000,37.355,35.485,35.699,37.420,0.000,37.629,36.485,36.591,38.365,0.000,38.572,36.682,37.538,38.660,0.000,39.671,37.679,37.820,39.617,0.000,40.817,38.818,38.831,40.747,0.000,41.971,39.971,39.972,41.899,0.000,43.123,41.124,41.124,43.053,0.000,44.262,42.277,42.278,44.204,0.000,45.251,43.414,43.423,45.331,0.000,45.354,44.387,44.511,46.253,0.000,27.746,25.672,26.712,27.676,0.000,30.645,26.866,26.894,28.859,0.000,30.000,0.000,0.000,0.000,0.000,30.000,0.000,0.000,0.000,0.000,30.000,0.000,0.000,0.000,0.000,30.000,0.000,0.000,0.000,0.000,32.111,32.043,31.146,33.035,0.000,33.154,31.114,32.181,33.115,0.000,34.273,32.298,32.269,34.200,0.000,35.422,33.514,33.426,35.355,0.000,36.271,34.695,34.572,36.483,0.000,35.631,35.387,35.627,37.216,0.000,36.464,34.577,36.337,36.614,0.000,37.492,35.532,35.709,37.471,0.000,38.281,36.634,36.668,38.540,0.000,37.726,37.393,37.686,39.230,0.000,36.699,36.680,38.285,38.582,0.000,35.572,35.564,37.530,37.490,0.000,34.575,34.420,36.417,36.361,0.000,35.345,33.438,35.354,35.488,0.000,36.307,34.410,34.570,36.343,0.000,36.534,35.442,35.518,37.316,0.000,37.495,35.582,36.490,37.565,0.000,38.598,36.602,36.722,38.539,0.000,39.746,37.746,37.755,39.675,0.000,40.899,38.899,38.900,40.828,0.000,42.052,40.053,40.053,41.982,0.000,43.196,41.206,41.206,43.134,0.000,44.212,42.348,42.354,44.267,0.000,44.317,43.350,43.448,45.215,0.000,26.608,24.558,25.597,26.562,0.000,27.924,25.794,25.725,27.725,0.000,29.309,30.800,27.095,30.800,0.000,30.290,28.450,28.279,30.797,0.000,31.337,29.494,29.415,30.907,0.000,31.936,30.624,30.496,31.002,0.000,31.078,31.657,31.507,32.071,0.000,30.000,0.000,0.000,0.000,0.000,33.352,33.085,31.229,33.195,0.000,34.543,34.177,32.449,34.353,0.000,35.312,35.194,33.644,35.484,0.000,34.511,34.373,34.686,36.196,0.000,35.385,33.442,35.314,35.490,0.000,36.429,34.456,34.581,36.392,0.000,37.257,35.575,35.594,37.482,0.000,36.672,36.375,36.630,38.206,0.000,35.631,35.623,37.262,37.527,0.000,34.496,34.493,36.472,36.420,0.000,33.440,33.343,35.343,35.280,0.000,34.267,32.297,34.273,34.355,0.000,35.262,33.336,33.436,35.268,0.000,35.436,34.403,34.446,36.271,0.000,36.419,34.479,35.445,36.467,0.000,37.524,35.526,35.622,37.462,0.000,38.674,36.674,36.679,38.603,0.000,39.828,37.828,37.828,39.756,0.000,40.981,38.982,38.982,40.910,0.000,42.129,40.135,40.135,42.063,0.000,43.173,41.282,41.284,43.202,0.000,43.280,42.314,42.385,44.178,0.000,25.593,23.445,24.487,25.452,0.000,30.423,24.721,24.741,26.717,0.000,30.000,0.000,0.000,0.000,0.000,29.403,27.393,30.763,29.272,0.000,30.427,28.430,28.532,30.285,0.000,31.535,29.662,29.580,31.370,0.000,31.999,30.799,30.686,31.984,0.000,32.955,31.094,31.689,31.094,0.000,34.020,32.147,32.169,32.286,0.000,35.052,33.289,33.229,33.492,0.000,34.364,34.295,34.250,34.609,0.000,33.435,33.361,35.124,35.231,0.000,34.308,32.301,34.291,34.361,0.000,35.365,33.381,33.447,35.314,0.000,36.236,34.514,34.522,36.423,0.000,35.616,35.359,35.573,37.185,0.000,34.565,34.617,36.243,36.472,0.000,33.423,33.456,35.414,35.351,0.000,32.301,32.268,34.270,34.201,0.000,33.190,31.151,33.193,33.218,0.000,34.219,32.264,32.299,34.193,0.000,34.336,33.367,33.375,35.228,0.000,35.343,33.373,34.403,35.367,0.000,36.451,34.451,34.520,36.385,0.000,37.603,35.602,35.605,37.531,0.000,38.756,36.756,36.756,38.685,0.000,39.910,37.911,37.910,39.839,0.000,41.061,39.065,39.064,40.992,0.000,42.135,40.215,40.214,42.137,0.000,42.244,41.280,41.321,43.141,0.000,24.389,22.328,23.367,24.335,0.000,25.847,23.661,23.506,25.580,0.000,27.356,30.657,25.029,30.657,0.000,28.208,26.284,26.191,28.240,0.000,29.440,27.516,27.355,29.295,0.000,30.682,30.904,28.598,30.526,0.000,30.976,30.953,29.761,31.571,0.000,30.000,0.000,0.000,0.000,0.000,33.073,31.074,31.146,33.006,0.000,34.149,32.257,32.224,34.092,0.000,33.359,33.295,33.296,35.052,0.000,32.301,32.296,34.157,34.214,0.000,33.230,31.153,33.220,33.225,0.000,34.300,32.309,32.307,34.237,0.000,35.220,33.508,33.453,35.366,0.000,34.611,34.346,34.517,36.168,0.000,33.562,34.473,35.259,35.449,0.000,32.388,33.381,34.439,34.318,0.000,31.195,32.197,33.265,33.161,0.000,30.000,0.000,0.000,0.000,0.000,33.216,32.187,31.193,33.155,0.000,33.262,33.162,32.334,34.218,0.000,34.268,32.264,33.364,34.265,0.000,35.378,33.377,33.413,35.309,0.000,36.531,34.533,34.531,36.460,0.000,37.686,35.691,35.685,37.614,0.000,38.840,36.851,36.839,38.768,0.000,39.993,38.010,37.994,39.922,0.000,41.099,39.166,39.146,41.071,0.000,41.210,40.246,40.256,42.105,0.000,23.451,21.214,22.260,23.225,0.000,30.203,22.648,22.589,24.575,0.000,30.000,0.000,0.000,0.000,0.000,27.479,25.220,30.553,27.252,0.000,30.596,26.465,26.453,28.304,0.000,30.000,0.000,0.000,0.000,0.000,30.000,0.000,0.000,0.000,0.000,30.000,0.000,0.000,0.000,0.000,30.000,0.000,0.000,0.000,0.000,33.182,32.191,31.191,33.118,0.000,32.332,33.200,32.298,34.122,0.000,31.230,33.218,33.221,33.219,0.000,30.000,0.000,0.000,0.000,0.000,33.360,33.290,31.237,33.237,0.000,34.267,34.217,32.449,34.370,0.000,34.435,33.334,33.542,35.185,0.000,33.481,34.198,34.306,34.504,0.000,32.382,34.196,34.361,33.414,0.000,31.197,33.259,33.261,32.233,0.000,30.000,0.000,0.000,0.000,0.000,33.089,33.185,31.188,32.222,0.000,32.193,32.224,32.227,33.220,0.000,33.222,31.150,33.126,33.187,0.000,34.307,32.310,32.304,34.234,0.000,35.469,33.538,33.461,35.391,0.000,36.630,34.756,34.620,36.548,0.000,37.790,35.931,35.780,37.703,0.000,38.949,37.100,36.940,38.858,0.000,40.069,38.263,38.098,40.010,0.000,40.182,39.347,39.214,41.076,0.000,22.238,20.094,21.136,22.107,0.000,30.090,21.365,21.505,23.667,0.000,30.000,0.000,0.000,0.000,0.000,26.375,23.933,30.438,26.295,0.000,27.721,30.688,25.312,27.496,0.000,28.992,30.775,26.712,30.775,0.000,29.965,28.990,27.943,30.792,0.000,30.938,29.046,29.084,30.867,0.000,32.010,30.082,30.148,30.975,0.000,33.091,31.221,31.194,32.155,0.000,33.224,32.309,32.270,33.227,0.000,32.298,33.103,33.196,32.294,0.000,33.285,33.357,33.222,31.234,0.000,34.143,34.098,32.367,32.370,0.000,33.297,33.284,33.364,33.436,0.000,34.159,32.289,34.212,34.256,0.000,34.197,33.222,33.358,34.390,0.000,33.362,33.257,34.131,33.403,0.000,32.367,34.167,34.120,32.335,0.000,33.196,33.432,33.258,31.235,0.000,32.297,34.202,32.303,32.263,0.000,31.228,33.292,33.189,33.129,0.000,30.000,0.000,0.000,0.000,0.000,33.381,33.316,31.239,33.236,0.000,34.600,34.471,32.472,34.398,0.000,35.774,35.547,33.695,35.557,0.000,36.903,35.571,34.871,36.678,0.000,38.063,36.566,36.040,37.833,0.000,39.186,37.697,37.205,38.989,0.000,39.296,38.684,38.325,40.067,0.000,20.925,18.977,20.012,20.980,0.000,22.056,20.030,20.130,22.199,0.000,23.675,21.200,21.451,30.092,0.000,30.223,22.827,22.596,24.965,0.000,30.000,0.000,0.000,0.000,0.000,30.000,0.000,0.000,0.000,0.000,29.006,27.998,30.759,28.976,0.000,29.904,27.977,29.029,29.937,0.000,31.004,29.008,29.118,30.942,0.000,32.126,30.153,30.159,32.054,0.000,33.003,31.278,31.291,33.127,0.000,33.278,32.128,32.341,33.222,0.000,34.026,33.181,33.133,32.358,0.000,33.281,33.158,33.349,33.356,0.000,32.289,32.280,34.030,34.139,0.000,33.117,31.149,33.201,33.209,0.000,33.182,32.183,32.254,34.051,0.000,34.128,32.220,33.218,34.149,0.000,33.425,33.266,33.232,33.332,0.000,34.268,34.338,34.173,32.442,0.000,33.439,35.225,33.497,33.342,0.000,32.387,34.436,34.208,32.375,0.000,33.315,33.470,33.300,31.241,0.000,34.389,34.466,32.395,32.393,0.000,35.464,35.527,33.543,33.611,0.000,35.482,35.361,34.609,34.741,0.000,36.410,34.549,35.610,35.836,0.000,37.497,35.533,35.666,36.958,0.000,38.521,36.665,36.662,38.112,0.000,38.631,37.678,37.751,39.192,0.000,19.846,17.868,18.904,19.865,0.000,20.967,18.955,19.015,20.889,0.000,22.376,20.150,20.120,22.066,0.000,30.120,22.161,21.557,23.703,0.000,30.000,0.000,0.000,0.000,0.000,30.000,0.000,0.000,0.000,0.000,27.970,26.855,30.685,28.949,0.000,28.825,26.868,27.892,28.864,0.000,29.932,27.932,28.012,29.867,0.000,31.064,29.082,29.085,31.010,0.000,31.955,30.216,30.224,32.127,0.000,33.012,31.079,31.337,32.994,0.000,33.083,32.148,32.158,33.267,0.000,32.310,32.146,33.116,33.991,0.000,31.218,33.046,33.078,33.194,0.000,30.000,0.000,0.000,0.000,0.000,32.112,32.080,31.147,33.039,0.000,33.147,31.114,32.182,33.112,0.000,34.192,32.264,32.261,34.098,0.000,35.155,33.447,33.341,33.498,0.000,34.507,34.554,34.354,34.356,0.000,33.605,35.488,35.233,33.517,0.000,34.470,34.683,34.448,32.476,0.000,35.456,35.538,33.615,33.543,0.000,35.329,35.394,34.600,34.600,0.000,34.515,34.383,35.520,35.528,0.000,35.385,33.441,35.322,35.466,0.000,36.450,34.456,34.580,36.393,0.000,37.500,35.598,35.605,37.517,0.000,37.608,36.643,36.702,38.505,0.000,18.768,16.758,17.795,18.757,0.000,19.914,17.880,17.910,19.814,0.000,21.672,19.411,19.070,21.012,0.000,30.354,30.636,20.882,23.037,0.000,30.000,0.000,0.000,0.000,0.000,30.000,0.000,0.000,0.000,0.000,26.893,25.671,30.569,27.843,0.000,27.745,25.759,26.717,27.754,0.000,28.859,26.858,26.907,28.791,0.000,30.002,28.016,28.011,29.939,0.000,30.878,29.166,29.154,31.065,0.000,30.000,0.000,0.000,0.000,0.000,32.075,31.221,31.115,32.977,0.000,33.013,31.108,32.146,33.039,0.000,32.178,32.156,32.115,32.211,0.000,32.148,33.129,33.013,31.180,0.000,31.117,32.143,32.140,32.111,0.000,30.000,0.000,0.000,0.000,0.000,33.262,32.196,31.195,33.154,0.000,34.438,33.388,32.385,34.245,0.000,35.452,34.570,33.563,35.270,0.000,34.717,35.644,34.604,34.565,0.000,35.543,35.775,35.504,33.694,0.000,35.374,35.475,34.740,34.609,0.000,34.425,34.452,35.527,35.519,0.000,33.439,33.338,35.280,35.244,0.000,34.306,32.299,34.270,34.359,0.000,35.379,33.380,33.446,35.315,0.000,36.462,34.530,34.531,36.453,0.000,36.573,35.609,35.638,37.469,0.000,17.690,15.646,16.685,17.648,0.000,19.149,16.807,16.813,18.749,0.000,29.776,18.796,18.341,20.304,0.000,30.000,0.000,0.000,0.000,0.000,24.960,22.025,30.475,30.475,0.000,25.732,30.549,23.637,30.549,0.000,25.609,24.442,24.730,26.494,0.000,26.664,24.651,25.501,26.642,0.000,27.791,25.784,25.803,27.716,0.000,28.957,27.108,26.945,28.875,0.000,30.106,28.335,28.107,30.021,0.000,31.064,29.517,29.252,30.893,0.000,30.984,30.198,30.336,31.951,0.000,30.000,0.000,0.000,0.000,0.000,33.035,31.481,31.157,32.991,0.000,32.188,32.358,32.166,32.186,0.000,31.183,33.120,33.060,32.151,0.000,30.000,0.000,0.000,0.000,0.000,33.266,33.223,31.196,32.231,0.000,34.452,34.341,32.389,33.419,0.000,35.594,35.457,33.577,34.594,0.000,35.766,36.472,34.716,35.572,0.000,35.491,35.685,35.674,34.788,0.000,34.505,34.591,35.695,35.540,0.000,33.415,33.444,35.357,35.287,0.000,32.302,32.264,34.263,34.196,0.000,33.228,31.152,33.192,33.222,0.000,34.307,32.306,32.306,34.237,0.000,35.428,33.526,33.461,35.388,0.000,35.542,34.663,34.576,36.437,0.000,16.603,14.533,15.573,16.537,0.000,18.202,16.113,15.722,17.692,0.000,20.271,30.159,17.396,19.666,0.000,21.825,21.752,19.039,29.963,0.000,30.110,23.397,20.611,23.198,0.000,30.000,0.000,0.000,0.000,0.000,24.743,23.392,30.336,25.519,0.000,25.590,23.547,24.446,25.537,0.000,26.880,24.838,24.712,26.651,0.000,28.274,30.733,26.048,27.983,0.000,29.381,29.440,27.280,29.064,0.000,30.107,30.111,28.472,30.180,0.000,31.100,29.167,29.575,31.071,0.000,31.339,30.231,30.238,30.960,0.000,32.258,30.438,31.271,32.073,0.000,33.072,31.371,31.549,33.047,0.000,32.198,32.332,32.358,32.194,0.000,33.177,32.194,33.089,31.187,0.000,34.222,33.239,32.296,32.304,0.000,35.337,34.357,33.409,33.489,0.000,36.390,35.470,34.522,34.667,0.000,35.711,36.385,35.564,35.733,0.000,34.691,35.407,36.432,35.760,0.000,33.554,34.291,35.560,35.399,0.000,32.376,33.164,34.424,34.303,0.000,31.192,32.115,33.251,33.154,0.000,30.000,0.000,0.000,0.000,0.000,33.367,33.202,31.235,33.233,0.000,34.544,34.331,32.461,34.390,0.000,34.658,35.387,33.638,35.471,0.000,15.889,13.419,14.473,15.439,0.000,29.422,15.076,15.053,17.048,0.000,30.000,0.000,0.000,0.000,0.000,23.656,30.742,30.376,20.877,0.000,30.383,30.696,22.476,22.246,0.000,30.000,0.000,0.000,0.000,0.000,23.665,22.079,30.218,24.491,0.000,24.624,22.439,23.159,24.431,0.000,30.322,23.769,23.770,25.740,0.000,30.000,0.000,0.000,0.000,0.000,30.166,30.972,30.882,28.525,0.000,29.174,30.887,29.557,29.512,0.000,30.114,28.082,30.100,30.094,0.000,30.288,29.191,29.198,31.061,0.000,31.202,29.340,30.238,31.318,0.000,32.201,30.304,30.471,32.231,0.000,32.101,31.336,31.394,33.032,0.000,33.096,31.119,32.317,32.187,0.000,34.172,32.261,32.235,33.255,0.000,35.289,33.443,33.354,34.371,0.000,36.277,34.606,34.469,35.481,0.000,35.440,35.464,35.503,36.452,0.000,34.396,34.449,36.274,35.625,0.000,33.273,33.300,35.221,34.492,0.000,32.223,32.149,34.098,33.321,0.000,32.149,31.110,33.012,32.183,0.000,33.121,32.228,32.115,31.153,0.000,34.214,33.378,32.271,32.342,0.000,35.311,34.558,33.395,33.559,0.000,35.426,35.660,34.483,34.694,0.000,14.407,12.290,13.332,14.311,0.000,16.901,13.974,13.531,15.926,0.000,30.451,30.451,16.178,30.451,0.000,30.000,0.000,0.000,0.000,0.000,30.000,0.000,0.000,0.000,0.000,22.352,22.616,30.402,30.402,0.000,22.333,20.712,23.216,22.979,0.000,23.383,21.333,21.814,23.311,0.000,25.068,22.723,22.523,24.634,0.000,30.751,30.751,24.270,30.751,0.000,30.000,0.000,0.000,0.000,0.000,30.000,0.000,0.000,0.000,0.000,29.131,26.932,30.731,29.070,0.000,29.286,30.839,28.154,30.111,0.000,30.128,28.240,29.195,30.223,0.000,31.168,29.230,29.375,31.164,0.000,30.995,30.309,30.328,32.153,0.000,30.000,0.000,0.000,0.000,0.000,33.252,32.134,31.191,33.129,0.000,34.422,33.269,32.378,34.252,0.000,35.360,34.369,33.550,35.362,0.000,34.466,34.594,34.609,36.247,0.000,33.384,33.521,35.322,35.262,0.000,32.230,32.302,34.232,34.136,0.000,31.146,31.074,33.079,33.008,0.000,30.000,0.000,0.000,0.000,0.000,33.263,33.235,31.195,32.194,0.000,34.445,34.394,32.386,33.318,0.000,35.588,35.550,33.571,34.446,0.000,35.700,36.630,34.712,35.502,0.000,13.713,11.174,12.230,13.197,0.000,29.200,12.916,12.884,14.927,0.000,30.000,0.000,0.000,0.000,0.000,30.000,0.000,0.000,0.000,0.000,21.349,30.652,30.397,23.769,0.000,21.232,19.560,22.192,21.640,0.000,22.483,20.241,20.675,22.211,0.000,30.104,21.665,21.646,23.623,0.000,30.000,0.000,0.000,0.000,0.000,28.080,30.892,30.892,30.892,0.000,26.929,26.755,28.984,30.649,0.000,30.604,25.708,27.792,27.946,0.000,30.000,0.000,0.000,0.000,0.000,29.145,27.136,30.744,29.218,0.000,30.140,28.155,28.276,30.090,0.000,30.890,29.288,29.291,31.158,0.000,30.000,0.000,0.000,0.000,0.000,33.091,31.503,31.130,32.163,0.000,34.199,32.640,32.262,33.343,0.000,34.527,33.745,33.365,34.482,0.000,33.603,34.731,34.386,35.340,0.000,32.461,34.414,34.513,34.323,0.000,31.236,33.309,33.369,33.169,0.000,30.000,0.000,0.000,0.000,0.000,33.156,33.234,31.154,31.154,0.000,34.313,34.386,32.309,32.345,0.000,35.470,35.540,33.466,33.532,0.000,36.589,36.690,34.622,34.713,0.000,36.702,37.737,35.736,35.814,0.000,12.171,10.041,11.084,12.065,0.000,14.872,11.816,11.296,13.760,0.000,30.377,30.377,14.167,30.377,0.000,30.000,0.000,0.000,0.000,0.000,30.562,18.749,30.562,30.562,0.000,30.000,0.000,0.000,0.000,0.000,20.445,18.400,29.853,20.805,0.000,21.202,19.144,19.515,21.111,0.000,23.093,20.639,20.347,22.515,0.000,30.678,30.678,22.312,30.678,0.000,30.000,0.000,0.000,0.000,0.000,25.709,25.674,30.523,27.711,0.000,25.820,24.446,26.568,26.597,0.000,26.938,24.811,25.656,30.469,0.000,27.932,25.926,25.965,27.980,0.000,29.078,27.085,27.080,29.012,0.000,30.172,28.238,28.231,30.144,0.000,31.295,29.320,29.365,30.898,0.000,32.431,30.458,30.458,32.027,0.000,33.567,31.609,31.596,33.160,0.000,34.632,32.758,32.732,34.265,0.000,34.443,33.855,33.789,34.544,0.000,33.485,34.830,34.701,33.551,0.000,32.389,34.416,34.336,32.386,0.000,33.242,33.460,33.307,31.239,0.000,34.312,34.395,32.385,32.311,0.000,35.463,35.539,33.465,33.463,0.000,36.615,36.691,34.617,34.619,0.000,37.702,37.837,35.768,35.772,0.000,37.813,38.851,36.876,36.849,0.000,11.543,8.925,9.984,10.952,0.000,28.989,11.103,10.724,12.779,0.000,30.000,0.000,0.000,0.000,0.000,18.645,15.375,30.020,30.020,0.000,29.650,16.874,16.976,19.900,0.000,30.000,0.000,0.000,0.000,0.000,19.374,16.888,29.725,19.672,0.000,20.373,18.091,18.056,20.012,0.000,29.912,20.299,19.561,21.546,0.000,30.000,0.000,0.000,0.000,0.000,25.880,26.266,30.654,30.654,0.000,24.492,24.690,26.712,26.534,0.000,24.712,23.317,25.387,25.348,0.000,25.726,23.713,24.395,25.689,0.000,26.860,24.853,24.865,26.783,0.000,28.021,26.201,26.014,27.944,0.000,29.104,27.271,27.169,29.090,0.000,30.236,28.247,28.315,30.179,0.000,31.386,29.386,29.399,31.315,0.000,32.537,30.539,30.539,32.455,0.000,33.683,31.692,31.691,33.592,0.000,34.737,32.842,32.837,34.655,0.000,34.450,33.937,33.883,34.445,0.000,33.563,34.914,34.789,33.492,0.000,34.402,34.633,34.421,32.468,0.000,35.468,35.538,33.606,33.470,0.000,36.614,36.666,34.622,34.616,0.000,37.761,37.798,35.768,35.769,0.000,38.816,38.925,36.916,36.916,0.000,38.926,39.945,38.019,37.961,0.000,10.270,7.789,8.844,9.829,0.000,28.873,9.435,9.624,12.167,0.000,30.000,0.000,0.000,0.000,0.000,16.762,13.728,29.426,16.751,0.000,15.715,29.928,15.388,18.115,0.000,16.720,14.105,16.791,29.455,0.000,17.823,15.522,15.306,17.718,0.000,20.177,30.142,17.010,19.393,0.000,30.219,30.567,18.961,21.172,0.000,30.000,0.000,0.000,0.000,0.000,25.125,30.787,30.650,27.079,0.000,23.625,30.577,26.169,25.620,0.000,23.620,22.190,24.495,24.229,0.000,24.650,22.614,23.271,24.591,0.000,25.973,23.905,23.781,25.721,0.000,27.249,30.666,25.144,27.079,0.000,28.038,26.210,26.279,28.034,0.000,29.168,27.173,27.344,29.109,0.000,30.314,28.314,28.326,30.244,0.000,31.468,29.468,29.468,31.396,0.000,32.621,30.621,30.621,32.549,0.000,33.767,31.775,31.775,33.695,0.000,34.820,32.925,32.921,34.748,0.000,34.594,34.024,33.967,34.461,0.000,35.499,35.115,34.943,33.644,0.000,36.577,36.163,34.760,34.609,0.000,37.702,37.258,35.741,35.747,0.000,38.830,38.360,36.872,36.896,0.000,39.890,39.461,38.000,38.038,0.000,39.998,40.491,39.086,39.052,0.000,8.586,6.659,7.694,8.674,0.000,10.314,7.688,7.844,10.250,0.000,13.351,9.509,9.600,28.937,0.000,29.775,30.317,12.016,15.672,0.000,30.000,0.000,0.000,0.000,0.000,15.847,12.945,29.325,15.550,0.000,29.371,14.448,14.590,16.636,0.000,30.000,0.000,0.000,0.000,0.000,30.000,0.000,0.000,0.000,0.000,30.000,0.000,0.000,0.000,0.000,30.000,0.000,0.000,0.000,0.000,22.759,21.052,30.112,23.343,0.000,23.688,21.517,22.142,23.496,0.000,30.228,22.836,22.876,24.838,0.000,30.000,0.000,0.000,0.000,0.000,27.155,25.142,30.539,27.254,0.000,28.096,26.095,26.276,28.036,0.000,29.243,27.242,27.248,29.172,0.000,30.396,28.396,28.396,30.325,0.000,31.550,29.550,29.550,31.478,0.000,32.703,30.704,30.704,32.632,0.000,33.852,31.857,31.857,33.778,0.000,34.951,33.009,33.005,34.833,0.000,36.002,34.159,34.102,34.656,0.000,37.097,35.305,35.197,35.636,0.000,38.200,36.449,36.295,36.766,0.000,39.304,37.593,37.395,37.896,0.000,40.373,38.731,38.497,39.021,0.000,40.480,39.774,39.560,40.041,0.000,7.484,5.551,6.586,7.546,0.000,9.196,6.588,6.716,8.567,0.000,28.758,8.413,8.467,10.999,0.000,30.000,0.000,0.000,0.000,0.000,13.388,10.721,29.672,29.672,0.000,13.713,11.211,11.846,13.774,0.000,29.230,12.875,12.947,15.752,0.000,30.000,0.000,0.000,0.000,0.000,30.452,15.655,30.452,30.452,0.000,30.000,0.000,0.000,0.000,0.000,30.529,17.810,30.529,30.529,0.000,30.000,0.000,0.000,0.000,0.000,21.681,19.645,29.988,22.233,0.000,22.416,20.415,20.760,22.383,0.000,23.563,21.556,21.574,23.673,0.000,24.917,22.709,22.917,30.235,0.000,25.870,23.863,23.870,25.978,0.000,27.017,25.017,25.017,26.952,0.000,28.171,26.171,26.171,28.100,0.000,29.325,27.325,27.325,29.253,0.000,30.479,28.479,28.479,30.407,0.000,31.632,29.633,29.632,31.561,0.000,32.786,30.787,30.786,32.714,0.000,33.938,31.941,31.940,33.863,0.000,35.086,33.095,33.091,34.966,0.000,36.232,34.248,34.241,36.066,0.000,37.377,35.402,35.389,37.169,0.000,38.519,36.554,36.535,38.274,0.000,39.603,37.703,37.678,39.378,0.000,39.712,38.756,38.778,40.409,0.000,6.384,4.443,5.478,6.438,0.000,7.487,5.488,5.586,7.446,0.000,8.660,6.636,6.665,9.200,0.000,10.495,7.790,8.495,28.743,0.000,10.967,8.944,8.967,11.508,0.000,12.099,10.098,10.099,12.064,0.000,13.270,11.252,11.270,13.677,0.000,14.956,12.405,12.956,29.205,0.000,15.594,13.559,13.593,16.410,0.000,17.187,14.713,15.187,29.436,0.000,17.897,15.867,15.896,18.580,0.000,19.419,17.022,17.418,29.666,0.000,20.189,18.176,18.189,20.462,0.000,21.330,19.330,19.330,21.270,0.000,22.484,20.484,20.484,22.413,0.000,23.638,21.639,21.638,23.566,0.000,24.792,22.793,22.792,24.720,0.000,25.946,23.947,23.946,25.874,0.000,27.100,25.102,25.099,27.028,0.000,28.254,26.256,26.253,28.182,0.000,29.408,27.411,27.407,29.336,0.000,30.562,28.566,28.561,30.490,0.000,31.716,29.721,29.715,31.644,0.000,32.870,30.876,30.870,32.797,0.000,34.024,32.031,32.024,33.949,0.000,35.177,33.186,33.177,35.099,0.000,36.331,34.341,34.331,36.248,0.000,37.482,35.496,35.485,37.395,0.000,38.576,36.647,36.635,38.536,0.000,38.687,37.723,37.744,39.582,0.000,5.305,3.334,4.370,5.331,0.000,6.414,4.413,4.480,6.347,0.000,7.565,5.565,5.567,7.493,0.000,8.719,6.719,6.719,8.647,0.000,9.872,7.873,7.872,9.801,0.000,11.026,9.027,9.026,10.955,0.000,12.180,10.181,10.180,12.109,0.000,13.334,11.336,11.334,13.263,0.000,14.488,12.491,12.488,14.417,0.000,15.642,13.646,13.642,15.571,0.000,16.796,14.801,14.796,16.725,0.000,17.951,15.956,15.950,17.879,0.000,19.105,17.112,17.104,19.033,0.000,20.259,18.268,18.259,20.187,0.000,21.414,19.424,19.413,21.341,0.000,22.568,20.580,20.567,22.495,0.000,23.723,21.737,21.722,23.649,0.000,24.877,22.893,22.876,24.803,0.000,26.032,24.050,24.031,25.958,0.000,27.187,25.207,25.185,27.112,0.000,28.342,26.365,26.340,28.266,0.000,29.497,27.522,27.495,29.420,0.000,30.652,28.680,28.650,30.574,0.000,31.807,29.838,29.805,31.729,0.000,32.962,30.996,30.960,32.883,0.000,34.117,32.154,32.115,34.037,0.000,35.272,33.313,33.270,35.191,0.000,36.426,34.471,34.425,36.344,0.000,37.542,35.627,35.579,37.494,0.000,37.654,36.707,36.691,38.549,0.000,4.228,2.224,3.261,4.223,0.000,5.341,3.339,3.374,5.271,0.000,6.493,4.493,4.493,6.422,0.000,7.647,5.650,5.647,7.576,0.000,8.802,6.807,6.801,8.730,0.000,9.956,7.966,7.955,9.884,0.000,11.111,9.125,9.110,11.038,0.000,12.266,10.285,10.265,12.192,0.000,13.421,11.446,11.419,13.346,0.000,14.577,12.607,12.574,14.501,0.000,15.732,13.769,13.730,15.655,0.000,16.888,14.932,14.885,16.810,0.000,18.044,16.095,16.041,17.964,0.000,19.201,17.258,17.197,19.119,0.000,20.357,18.422,18.353,20.274,0.000,21.514,19.586,19.510,21.428,0.000,22.671,20.750,20.666,22.583,0.000,23.829,21.914,21.823,23.738,0.000,24.986,23.079,22.980,24.893,0.000,26.144,24.244,24.138,26.049,0.000,27.302,25.409,25.295,27.204,0.000,28.460,26.575,26.453,28.359,0.000,29.618,27.740,27.611,29.515,0.000,30.777,28.906,28.769,30.670,0.000,31.935,30.071,29.927,31.826,0.000,33.094,31.237,31.086,32.982,0.000,34.253,32.403,32.244,34.137,0.000,35.410,33.569,33.403,35.293,0.000,36.531,34.732,34.560,36.446,0.000,36.644,35.819,35.677,37.523,0.000,3.151,1.113,2.151,3.114,0.000,4.268,2.266,2.267,4.196,0.000,5.426,3.457,3.422,5.352,0.000,6.584,4.647,4.578,6.507,0.000,7.744,5.836,5.736,7.663,0.000,8.904,7.024,6.895,8.818,0.000,10.065,8.210,8.055,9.974,0.000,11.227,9.396,9.215,11.130,0.000,12.390,10.581,10.376,12.287,0.000,13.553,11.765,11.538,13.443,0.000,14.716,12.948,12.701,14.600,0.000,15.880,14.131,13.864,15.757,0.000,17.044,15.313,15.027,16.914,0.000,18.209,16.494,16.191,18.071,0.000,19.373,17.675,17.355,19.229,0.000,20.538,18.855,18.520,20.387,0.000,21.704,20.034,19.684,21.545,0.000,22.869,21.214,20.850,22.703,0.000,24.035,22.392,22.015,23.862,0.000,25.201,23.570,23.180,25.020,0.000,26.367,24.748,24.346,26.179,0.000,27.533,25.925,25.512,27.338,0.000,28.699,27.102,26.678,28.497,0.000,29.865,28.278,27.844,29.656,0.000,31.032,29.454,29.010,30.816,0.000,32.198,30.630,30.177,31.975,0.000,33.365,31.805,31.343,33.135,0.000,34.530,32.980,32.509,34.295,0.000,35.657,34.152,33.674,35.452,0.000,35.771,35.247,34.797,36.533,0.000,0.000,0.000,0.000,0.000,0.000,3.265,2.195,1.195,3.159,0.000,4.456,3.388,2.389,4.318,0.000,5.646,4.581,3.581,5.479,0.000,6.835,5.772,4.772,6.640,0.000,8.023,6.961,5.961,7.802,0.000,9.209,8.150,7.150,8.964,0.000,10.395,9.337,8.337,10.127,0.000,11.580,10.524,9.524,11.291,0.000,12.764,11.710,10.710,12.455,0.000,13.948,12.895,11.895,13.620,0.000,15.130,14.079,13.079,14.785,0.000,16.312,15.262,14.262,15.950,0.000,17.493,16.444,15.444,17.116,0.000,18.674,17.626,16.626,18.282,0.000,19.854,18.807,17.807,19.448,0.000,21.034,19.988,18.988,20.615,0.000,22.213,21.168,20.168,21.781,0.000,23.392,22.348,21.348,22.948,0.000,24.570,23.527,22.527,24.115,0.000,25.747,24.705,23.705,25.282,0.000,26.925,25.883,24.883,26.449,0.000,28.101,27.061,26.061,27.616,0.000,29.278,28.238,27.238,28.783,0.000,30.454,29.414,28.415,29.951,0.000,31.630,30.591,29.591,31.118,0.000,32.805,31.767,30.767,32.285,0.000,33.978,32.942,31.942,33.453,0.000,35.114,34.115,33.116,34.617,0.000,35.228,35.210,34.248,35.705,0.000,
